C51 COMPILER V9.60.7.0   A4_TECH                                                           06/23/2026 16:04:47 PAGE 1   


C51 COMPILER V9.60.7.0, COMPILATION OF MODULE A4_TECH
OBJECT MODULE PLACED IN .\a4_tech.obj
COMPILER INVOKED BY: C:\Users\Administrator\AppData\Local\Keil_v5\C51\BIN\C51.EXE ..\Src\handler\A4_Tech\a4_tech.c LARGE
                    - OMF2 ROM(D16M) OPTIMIZE(9,SIZE) BROWSE NOAREGS INCDIR(..\src\main\;..\src\cpu\;..\src\flash\;..\src\uart\;..\src\swdma\
                    -;..\src\mstimer\;..\src\i2c\;..\src\spi\;..\src\task_man\;..\src\project\;..\Src\ps2_host;..\Src\console_edid;..\Src\sto
                    -rage;..\Src\data_stream;..\Src\kvm_control\kvm_hotkey;..\Src\kvm_control\kvm_console;..\Src\kvm_control\kvm_button;..\Sr
                    -c\kvm_control\kvm_edid;..\Src\kvm_control\kvm_buzzer;..\src\gpio\;..\Src\hardware_ps2;..\Src\usbdc;..\Src\usbdc\usbdc_vi
                    -rtual;..\Src\usb_std;..\Src\usbhc;..\Src\kvm_control\power_saving;..\Src\usbhc\MSC;..\Src\usbhc\AUDIO;..\Src\usbhc\HUB;.
                    -.\Src\usbhc\HID;..\Src\usbhc\HID_PARSER;..\Src\usbhc\ROOT_HUB;..\Src\usbdc\usbdc_hub;..\Src\usbdc\usbdc_hid;..\Src\kvm_c
                    -ontrol\kvm_storage\spi_flash;..\Src\usbdc\usbdc_msc\usb_scsi;..\Src\usbdc\usbdc_msc;..\Src\handler\logitech;..\Src\handl
                    -er\A4_Tech;..\Src\usbdc\usbdc_vendor;..\Src\hsur;..\Src\extender\core;..\Src\extender\receiver;..\Src\uart_console;..\Sr
                    -c\kvm_control\km_sync;..\Src\hsur;..\Src\kvm_control\km_log;..\Src\kvm_control\km_api;..\Src\kvm_control\kvm_ir;..\Src\k
                    -vm_control\kvm_rtc;..\Src\i2c;..\Src\kvm_control\kvm_multiview) STRING(FAR) DEFINE(RuntimeCodeAt0KH,MCU_TYPE_AX68004,KVM
                    -,HC_TIMEOUT=10000,VHID,HID_PARSER_CORE_KB,HID_PARSER_CORE_MS,API,NO_AUDIO,NO_MSC,NO_EDID,HUART_BAUD=HUART_115K,SYNC,CROS
                    -S_JUMP_MAP0,VPID_CHANGER,SYNC_KB_HOTKEY,SYNC_MS_HOTKEY,REPEAT_MODE=1,HSUART,MULTIVIEW) VARBANKING DEBUG PRINT(.\a4_tech.
                    -lst) TABS(2) OBJECT(.\a4_tech.obj)

line level    source

   1          /*
   2           *********************************************************************************
   3           *     Copyright (c) 2014   ASIX Electronic Corporation      All rights reserved.
   4           *
   5           *     This is unpublished proprietary source code of ASIX Electronic Corporation
   6           *
   7           *     The copyright notice above does not evidence any actual or intended
   8           *     publication of such source code.
   9           *********************************************************************************
  10           */
  11          /*================================================================================
  12           * Module Name : a4_tech.c
  13           * Purpose     : The special handler for Logitech unifying wireless HID device
  14           *               Test Item:G800V
  15           * Author      : Jack Wang
  16           * Date        :
  17           * Notes       :
  18           *               The unifying has wireless mouse, touch pad, touch pad mouse has used
  19           *               logitech unifying protocol, basically are device into HID and DJ mode
  20           *               this program are the collection of handler program of unifying.
  21           *
  22           *================================================================================
  23           */
  24          
  25          /* INCLUDE FILE DECLARATIONS */
  26          #include  <string.h>
  27          #include  <stdio.h>
  28          #include  <stdlib.h>
  29          #include  "project_include.h"
  30          
  31          /* STATIC VARIABLE DECLARATIONS */
  32          
  33          /* LOCAL SUBPROGRAM DECLARATIONS */
  34          U16_T A4TECH_IVENDOR=0x09DA;
  35          U16_T A4TECH_IPORDUCT_GV800V=0x90C0;
  36          
  37          /* LOCAL SUBPROGRAM BODIES */
  38          /*************************************************************************************
  39           * U8_T A4_TECH_Check_Protocol(U8_T devinx,U8_T port,U8_T intf_bit)
  40           * Description : Check the special handler, for A4 Tech G800V keyboard, can not change
  41           *               into report mode from boot mode, so need to reset it on the HC.
  42           *
C51 COMPILER V9.60.7.0   A4_TECH                                                           06/23/2026 16:04:47 PAGE 2   

  43           * 
  44           *************************************************************************************/
  45          /*
  46          U8_T A4_TECH_Check_Protocol(U8_T devinx,U8_T port,U8_T intf_bit)
  47          {
  48            if ((USB_PDevice[devinx].idVendor == A4TECH_IVENDOR) && (USB_PDevice[devinx].idProduct == A4TECH_IPORDUCT
             -_GV800V))
  49            {
  50              if (USB_PDevice[devinx].Current_Protocol & intf_bit)  //current boot protocl on Physical HC devcie
  51              {
  52                if (USBDC_Device[devinx].Current_Protocol[port] & intf_bit)  //current report_protocl on Virtual DC dev
             -cie
  53                {
  54                  //=>Need to reset the device
  55                  return 1;
  56                }
  57              }
  58            }
  59            return 0;
  60          }
  61          */
  62          
  63          /* End of a4_tech.c */
  64          
  65          


MODULE INFORMATION:   STATIC OVERLAYABLE
   CODE SIZE        =   ----    ----
   CONSTANT SIZE    =   ----    ----
   XDATA SIZE       =      4    ----
   PDATA SIZE       =   ----    ----
   DATA SIZE        =   ----    ----
   IDATA SIZE       =   ----    ----
   BIT SIZE         =   ----    ----
   EDATA SIZE       =   ----    ----
   HDATA SIZE       =   ----    ----
   XDATA CONST SIZE =   ----    ----
   FAR CONST SIZE   =   ----    ----
END OF MODULE INFORMATION.


C51 COMPILATION COMPLETE.  0 WARNING(S),  0 ERROR(S)
