C51 COMPILER V9.60.7.0   BTN_POLLING                                                       06/23/2026 16:04:44 PAGE 1   


C51 COMPILER V9.60.7.0, COMPILATION OF MODULE BTN_POLLING
OBJECT MODULE PLACED IN .\btn_polling.obj
COMPILER INVOKED BY: C:\Users\Administrator\AppData\Local\Keil_v5\C51\BIN\C51.EXE ..\Src\kvm_control\kvm_button\btn_poll
                    -ing.c LARGE OMF2 ROM(D16M) OPTIMIZE(9,SIZE) BROWSE NOAREGS INCDIR(..\src\main\;..\src\cpu\;..\src\flash\;..\src\uart\;..
                    -\src\swdma\;..\src\mstimer\;..\src\i2c\;..\src\spi\;..\src\task_man\;..\src\project\;..\Src\ps2_host;..\Src\console_edid
                    -;..\Src\storage;..\Src\data_stream;..\Src\kvm_control\kvm_hotkey;..\Src\kvm_control\kvm_console;..\Src\kvm_control\kvm_b
                    -utton;..\Src\kvm_control\kvm_edid;..\Src\kvm_control\kvm_buzzer;..\src\gpio\;..\Src\hardware_ps2;..\Src\usbdc;..\Src\usb
                    -dc\usbdc_virtual;..\Src\usb_std;..\Src\usbhc;..\Src\kvm_control\power_saving;..\Src\usbhc\MSC;..\Src\usbhc\AUDIO;..\Src\
                    -usbhc\HUB;..\Src\usbhc\HID;..\Src\usbhc\HID_PARSER;..\Src\usbhc\ROOT_HUB;..\Src\usbdc\usbdc_hub;..\Src\usbdc\usbdc_hid;.
                    -.\Src\kvm_control\kvm_storage\spi_flash;..\Src\usbdc\usbdc_msc\usb_scsi;..\Src\usbdc\usbdc_msc;..\Src\handler\logitech;.
                    -.\Src\handler\A4_Tech;..\Src\usbdc\usbdc_vendor;..\Src\hsur;..\Src\extender\core;..\Src\extender\receiver;..\Src\uart_co
                    -nsole;..\Src\kvm_control\km_sync;..\Src\hsur;..\Src\kvm_control\km_log;..\Src\kvm_control\km_api;..\Src\kvm_control\kvm_
                    -ir;..\Src\kvm_control\kvm_rtc;..\Src\i2c;..\Src\kvm_control\kvm_multiview) STRING(FAR) DEFINE(RuntimeCodeAt0KH,MCU_TYPE_
                    -AX68004,KVM,HC_TIMEOUT=10000,VHID,HID_PARSER_CORE_KB,HID_PARSER_CORE_MS,API,NO_AUDIO,NO_MSC,NO_EDID,HUART_BAUD=HUART_115
                    -K,SYNC,CROSS_JUMP_MAP0,VPID_CHANGER,SYNC_KB_HOTKEY,SYNC_MS_HOTKEY,REPEAT_MODE=1,HSUART,MULTIVIEW) VARBANKING DEBUG PRINT
                    -(.\btn_polling.lst) TABS(2) OBJECT(.\btn_polling.obj)

line level    source

   1          /*
   2           ******************************************************************************
   3           *     Copyright (c) 2014 ASIX Electronic Corporation      All rights reserved.
   4           *
   5           *     This is an proprietary source code of ASIX Electronic Corporation
   6           *
   7           *     The copyright notice above does not evidence any actual or intended
   8           *     publication of such source code.
   9           ******************************************************************************
  10           */
  11           /*============================================================================
  12           * Module Name: btn_polling.c
  13           * Purpose:
  14           * Author:
  15           * Date:
  16           *=============================================================================
  17           */
  18          /* 
  19          */
  20          
  21          
  22          /* INCLUDE FILE SECTION */
  23          #include <stdio.h>
  24          #include <string.h>
  25          #include "project_include.h"
  26          
  27          #if (KVM_BUTTON_SUPPORT) && !(KVM_BUTTON_HARDWARE)
              /* NAMING CONSTANT DECLARATIONS */
              #define  BTN_POLLING_TIMER    35
              #define  BTN_RESET_TINMER   150
              #define  BTN_MAX_PORT     2
              
              
              #if (KVM_MULITY_BUTTON_TYPE)    
                #define  BTN_AUTOSCAN_MASK    0x03
                
                //#ifdef MCU_TYPE_AX68004 
                const GPIO_TypeDef    *BTN_POLLING_PORT[] = {PORT1,PORT1};
                const GPIO_PinTypeDef BTN_POLLING_PIN[] = {GPIO_Pin_4,GPIO_Pin_5};  
                //#endif /* #ifdef MCU_TYPE_AX68004 */    
              #else 
                const GPIO_TypeDef    *BTN_POLLING_PORT[] = {PORT1};
C51 COMPILER V9.60.7.0   BTN_POLLING                                                       06/23/2026 16:04:44 PAGE 2   

                  const GPIO_PinTypeDef BTN_POLLING_PIN[] = {GPIO_Pin_6};
              #endif //#if (KVM_MULITY_BUTTON_TYPE)
              
              /* GLOBAL VARIABLES DECLARATIONS */
              bit   BTN_Processing_Flag;
              bit   BTN_Autscan_Flag;
              U8_T  BTN_Status[2];
              U8_T  TASK_BTN_Polling_ID,TASK_BTN_Polling_Active_ID;
              //U8_T  TASK_BTN_Event_ID,TASK_BTN_Event_Active_ID;
              
              #ifdef BTN_RESET
              U8_T Btn_Reset_Cnt=0;
              U8_T Btn_Reset_idx;
              //U8_T TASK_BTN_Reset_ActiveID;
              void TASK_BTN_Reset(void);
              #endif
              /* LOCAL VARIABLES DECLARATIONS */
              /* LOCAL SUBPROGRAM DECLARATIONS */
              /* EXTERNAL GLOBAL VARIABLES DECLARATIONS */
              extern U8_T TASK_USBHC_Resume_Command_ID;
              /* EXTERNAL SUBPROGRAM DECLARATIONS */
              
              /*
               * ----------------------------------------------------------------------------
               * Function Name: KVM_BTN_Init(void)
               * Purpose:
               * Params:
               * Returns:
               * Note:
               * -----------------------------------------------------------------------------
               */
              void KVM_BTN_Init(void)
              {
                U8_T p[2]={0,0}; // 0 for Port0, 1 for port 2
                //U8_T index;
              
                BTN_Autscan_Flag    = 0;
                BTN_Processing_Flag = 0;  
              #if (KVM_MULITY_BUTTON_TYPE)
                #if (BTN_MAX_PORT == 4)
                  BTN_Status[0] = 0x0f; //default button up   
                #else
                  #if (BTN_MAX_PORT == 3)
                    BTN_Status[0] = 0x07;
                  #else
                    BTN_Status[0] = 0x03;
                  #endif
                #endif
              #else 
                BTN_Status[0] = 0x01;
              #endif
                BTN_Status[1] = BTN_Status[0];
              
              #if (SYSTEM_POWER_SAVING_MODE_SUPPORT)
              #if (KVM_BUTTON_WAKEUP)// Allow Button to wakeup Sleep Vinson
                _MISC_CIR_SFR(MISC_GPWER);
                _MISC_DR_READ_SFR(p[0]);
                _MISC_DR_READ_SFR(p[1]);
              #if (KVM_MULITY_BUTTON_TYPE)  
                for (index=0; index < BUTTON_MAX_PORT; index++)
              #else
                index =0;
C51 COMPILER V9.60.7.0   BTN_POLLING                                                       06/23/2026 16:04:44 PAGE 3   

              #endif  
                {
                  if (BTN_POLLING_PORT[index] == PORT0)
                  {
                    p[0] |= BTN_POLLING_PIN[index];
                  }
                  if (BTN_POLLING_PORT[index] == PORT2)
                  {
                    p[1] |= BTN_POLLING_PIN[index];
                  }
                }   
                EXTINT6_DISABLE;
                _MISC_DR_SFR(p[0]); //allow pin 0 to wakeup
                _MISC_DR_SFR(p[1]); //allow pin 1 to wakeup 
                _MISC_CIR_SFR(MISC_GPWER);
                EXTINT6_ENABLE;
              #endif //#if (KVM_BUTTON_WAKEUP)
              #endif /* #if (SYSTEM_POWER_SAVING_MODE_SUPPORT) */
                  
                TASK_BTN_Polling_ID = TASK_Create(TASK_BTN_Polling);
              //#ifdef BTN_RESET
              //  TASK_BTN_Reset_ID = TASK_Create(TASK_BTN_Reset);
              //  TASK_BTN_Reset_ActiveID = 0;
              //#endif  
                TASK_BTN_Polling_Active_ID = TASK_Active(TASK_TYPE_INTERVAL_MS,TASK_BTN_Polling_ID,0,0,BTN_POLLING_TIMER,
             -BTN_POLLING_TIMER);
                
              #if (SYSTEM_TASK_DUMP_SUPPORT)
                printf("TASK_BTN_Polling_ID=%bu\n\r",TASK_BTN_Polling_ID);
              #endif  
              }
              
              /*
               * ----------------------------------------------------------------------------
               * Function Name: BTN_Event_Handle(void)
               * Purpose:
               * Params:
               * Returns:
               * Note:
               * ----------------------------------------------------------------------------
               */
              
               //CG2026613
              void BTN_Event_Handle(U8_T index)
              {
                //U8_T newport,current_host;
                
                if (BTN_Processing_Flag) // no any button down
                  return;
                
              #if (KVM_MULITY_BUTTON_TYPE)
                /*
                if (BTN_Autscan_Flag &  (index <= 1))
                {
                  if ((BTN_Status[0] & BTN_AUTOSCAN_MASK) == BTN_AUTOSCAN_MASK)
                  {
                    BTN_Autscan_Flag = 0;     
                  }     
                  return;
                }
                */  
              #endif
C51 COMPILER V9.60.7.0   BTN_POLLING                                                       06/23/2026 16:04:44 PAGE 4   

                /*
                if (KVM_Control_Status & KVM_AUTOSCAN_MASK)
                {
                  KVM_AutoscanStop_Jump(1,index);
                  KVM_Control_Status &= ~KVM_AUTOSCAN_MASK; // clear the autoscan flag
                  Task_Active_Table[TASK_KVM_AUTOSCAN_ACTIVE_ID].Task_Interval.w = 1; //wait for 1 ms   
                }
                else
                */
                { 
              #if (KVM_BUTTON_WAKEUP)         
                  if (KVM_CurrentHost == index) // if the port is not active now
                  {
                    if (PowerSavingStartFlag)
                    {
                      USBHC_CORE_Resmue();
                      TASK_Active(TASK_TYPE_EVENT,TASK_USBHC_Resume_Command_ID,0x00,USBDC_VIRTUAL_DEVINX,0,0); //Generate th
             -e task, for next Event check
                      PowerSavingStartFlag = 0;
                    }
                    USBDC_WakeupUpstreamHost(index);
                  }
                  else
              #endif            
                  {
                    if (index == 0)  // port switch
                    {
                      KM_SYNC_ModeSwitch_Control(API_SWITCH_ENABLE);
                      KM_SYNC_Port_Jump_Power(KVM_CurrentHost,ROAMING_RIGHT,0);
                    }       
                    else if (index == 1) //Sync Mode Control
                    {
                      if (KM_SYNC_SyncMode_State())
                        API_Set_Sync_Mode(API_SYNC_DISABLE);
                      else
                        API_Set_Sync_Mode(API_SYNC_ENABLE);
                    }
                  }
                }
              } 
              /*
               * ----------------------------------------------------------------------------
               * Function Name: TASK_BTN_Polling(void)
               * Purpose: Detect the Button Pin low and become high(complete cycle)
               * Params:
               * Returns:
               * Note:
               * ----------------------------------------------------------------------------
               */
              void TASK_BTN_Polling(void)
              {
                U8_T  index=0;
                U8_T    press_cnt=0;
                  
                //----------------------------------------------
                //1.Get Button status from  
                //----------------------------------------------
                //if (BTN_Processing_Flag == 0) // no any button down  
              #if (KVM_MULITY_BUTTON_TYPE)
                for (index = 0; index < BTN_MAX_PORT; index++)
              #endif
                {
C51 COMPILER V9.60.7.0   BTN_POLLING                                                       06/23/2026 16:04:44 PAGE 5   

                  //printf("[%bu]",(U8_T)P1_6);
                  if (GPIO_GetPinValue(BTN_POLLING_PORT[index],BTN_POLLING_PIN[index]) == 0)  //if button down      
                  {
                    press_cnt++;
              #if (SYSTEM_POWER_SAVING_MODE_SUPPORT)
                    PowerSavingInhibitFlag = 1;
              #endif //#if (SYSTEM_POWER_SAVING_MODE_SUPPORT)               
                    BTN_Status[0] &= ~BIT_MASK[index];
              #if (KVM_CONSOLE_DEBUG_MODE)
                    printf("+BTN:%bx Pressed:%02bx\n\r", index,BTN_Status[0]);
              #endif
                    //1.handle the reset operation                
                    #ifdef BTN_RESET      
                    if (press_cnt==1)
                    {
                      if (Btn_Reset_Cnt == 0)
                      {         
                        Btn_Reset_idx = index;
                      } 
                      else
                      {
                        if (Btn_Reset_Cnt >= BTN_RESET_TINMER)
                        {
                          if (Btn_Reset_idx == index)
                          { 
                            TASK_BTN_Reset();
                          } 
                        }   
                      }           
                      Btn_Reset_Cnt++;
                    }
                    else
                    {
                      Btn_Reset_Cnt=0;          
                    }         
                    #endif
                  } 
                  else
                  {
                    BTN_Status[0] |= BIT_MASK[index];
              //#if (KVM_CONSOLE_DEBUG_MODE)
                    //printf("BTN:%bx Release\n\r", index);
              //#endif        
                  }           
                } 
               
                //----------------------------------------------
                //2.Process the Button operation
                //----------------------------------------------
                //printf("b1%02b.%02bx",BTN_Status[0],BTN_Status[1]);
                if (BTN_Status[0] != BTN_Status[1]) //if the button is different from old one
                { 
              #if (KVM_MULITY_BUTTON_TYPE)
                  for (index = 0; index < BTN_MAX_PORT; index++)
              #else
                  index = 0;  
              #endif  
                  {
                    //printf("b2");
                    if ((BTN_Status[1] & BIT_MASK[index]) == 0) //if old status is button down
                    {
                      //printf("b3");
C51 COMPILER V9.60.7.0   BTN_POLLING                                                       06/23/2026 16:04:44 PAGE 6   

                      //Any process need to take care?        
                      //1.handle the autoscan mode
                      #if (KVM_MULITY_BUTTON_TYPE)
                      /*
                      if ((BTN_Status[0] & BTN_AUTOSCAN_MASK) == 0x00)
                      {
                        Task_Active_Table[TASK_BTN_Polling_Active_ID].Task_Interval.w = 1000;
                        KVM_Autoscan_Mode_Contorl(1);
                        BTN_Autscan_Flag = 1;
                      }
                      */        
                      #endif
                      
                      if ((BTN_Status[0] & BIT_MASK[index]) == 0) //if new status is still button down
                      { 
              #if (KVM_MULITY_BUTTON_TYPE)          
                        continue;
              #endif          
                      }   
                      else
                      { //new state is button up
              #if (KVM_CONSOLE_DEBUG_MODE)
                        printf("-BTN:%bx Release\n\r", index);
              #endif
                        #ifdef BTN_RESET
                        Btn_Reset_Cnt = 0;
                        #endif
                                  
                        BTN_Event_Handle(index);      
                      }         
                    }
              
                    if (BTN_Status[1] & BIT_MASK[index]) //if old status is button up
                    {
                      if (BTN_Status[0] & BIT_MASK[index]) //if new status is still button up
                      {
              #if (KVM_MULITY_BUTTON_TYPE)          
                        continue;
              #endif          
                      }         
                    }               
                  }
                  BTN_Status[1] = BTN_Status[0]; //store the button status
                }
                
              }
              
              #ifdef BTN_RESET
              /*
               * ----------------------------------------------------------------------------
               * Function Name: void TASK_BTN_Reset(void)
               * Purpose: Detect the Button Pin low and become high(complete cycle)
               * Params:
               * Returns:
               * Note:
               * ----------------------------------------------------------------------------
               */
              void TASK_BTN_Reset(void)
              {
                U8_T i,j;
                U16_T delay_cnt;
                
C51 COMPILER V9.60.7.0   BTN_POLLING                                                       06/23/2026 16:04:44 PAGE 7   

              #if (KVM_BUZZER_SUPPORT)  
                BUZZER_Script_Active(PortSwitch_Sound); 
              #endif //#if (KVM_BUZZER_SUPPORT) 
                TASK_Destory_Current();   
                for (i=0; i < KVM_MAX_PORT; i++)
                {
                  KVM_Select_Led_Control(i,LED_OFF);    
                }
                
                for (delay_cnt=0; delay_cnt < 35000; delay_cnt++)
                {
                  for (i=0; i < 5 ; i++)
                  {
                    j = j + 1;
                  } 
                }
                
                KVM_Flash.cSystemFlag2 |= (SYSTEM_ALL_SYNC_MASK | SYSTEM_KB_SYNC_MASK | SYSTEM_MS_SYNC_MASK);
                KM_SYNC_KM_SyncModeLed(LED_ON);
                KM_SYNC_Sync_KB_Repeat = 0;
                  memset(KM_SYNC_Sync_KB_RepeatActive,0,sizeof(KM_SYNC_Sync_KB_RepeatActive));
                  memset(KM_SYNC_Sync_KB_RepeatTable,0x00,sizeof(KM_SYNC_Sync_KB_RepeatTable));
                //CPU_SoftReboot();
              }
              #endif
              
              #endif //#if (KVM_BUTTON_HARDWARE)
 378          
 379          /* End of btn_interrupt.c */


MODULE INFORMATION:   STATIC OVERLAYABLE
   CODE SIZE        =   ----    ----
   CONSTANT SIZE    =   ----    ----
   XDATA SIZE       =   ----    ----
   PDATA SIZE       =   ----    ----
   DATA SIZE        =   ----    ----
   IDATA SIZE       =   ----    ----
   BIT SIZE         =   ----    ----
   EDATA SIZE       =   ----    ----
   HDATA SIZE       =   ----    ----
   XDATA CONST SIZE =   ----    ----
   FAR CONST SIZE   =   ----    ----
END OF MODULE INFORMATION.


C51 COMPILATION COMPLETE.  0 WARNING(S),  0 ERROR(S)
