C51 COMPILER V9.60.7.0   BUZZER_HARDWARE                                                   06/23/2026 16:04:44 PAGE 1   


C51 COMPILER V9.60.7.0, COMPILATION OF MODULE BUZZER_HARDWARE
OBJECT MODULE PLACED IN .\buzzer_hardware.obj
COMPILER INVOKED BY: C:\Users\Administrator\AppData\Local\Keil_v5\C51\BIN\C51.EXE ..\Src\kvm_control\kvm_buzzer\buzzer_h
                    -ardware.c LARGE OMF2 ROM(D16M) OPTIMIZE(9,SIZE) BROWSE NOAREGS INCDIR(..\src\main\;..\src\cpu\;..\src\flash\;..\src\uart
                    -\;..\src\swdma\;..\src\mstimer\;..\src\i2c\;..\src\spi\;..\src\task_man\;..\src\project\;..\Src\ps2_host;..\Src\console_
                    -edid;..\Src\storage;..\Src\data_stream;..\Src\kvm_control\kvm_hotkey;..\Src\kvm_control\kvm_console;..\Src\kvm_control\k
                    -vm_button;..\Src\kvm_control\kvm_edid;..\Src\kvm_control\kvm_buzzer;..\src\gpio\;..\Src\hardware_ps2;..\Src\usbdc;..\Src
                    -\usbdc\usbdc_virtual;..\Src\usb_std;..\Src\usbhc;..\Src\kvm_control\power_saving;..\Src\usbhc\MSC;..\Src\usbhc\AUDIO;..\
                    -Src\usbhc\HUB;..\Src\usbhc\HID;..\Src\usbhc\HID_PARSER;..\Src\usbhc\ROOT_HUB;..\Src\usbdc\usbdc_hub;..\Src\usbdc\usbdc_h
                    -id;..\Src\kvm_control\kvm_storage\spi_flash;..\Src\usbdc\usbdc_msc\usb_scsi;..\Src\usbdc\usbdc_msc;..\Src\handler\logite
                    -ch;..\Src\handler\A4_Tech;..\Src\usbdc\usbdc_vendor;..\Src\hsur;..\Src\extender\core;..\Src\extender\receiver;..\Src\uar
                    -t_console;..\Src\kvm_control\km_sync;..\Src\hsur;..\Src\kvm_control\km_log;..\Src\kvm_control\km_api;..\Src\kvm_control\
                    -kvm_ir;..\Src\kvm_control\kvm_rtc;..\Src\i2c;..\Src\kvm_control\kvm_multiview) STRING(FAR) DEFINE(RuntimeCodeAt0KH,MCU_T
                    -YPE_AX68004,KVM,HC_TIMEOUT=10000,VHID,HID_PARSER_CORE_KB,HID_PARSER_CORE_MS,API,NO_AUDIO,NO_MSC,NO_EDID,HUART_BAUD=HUART
                    -_115K,SYNC,CROSS_JUMP_MAP0,VPID_CHANGER,SYNC_KB_HOTKEY,SYNC_MS_HOTKEY,REPEAT_MODE=1,HSUART,MULTIVIEW) VARBANKING DEBUG P
                    -RINT(.\buzzer_hardware.lst) TABS(2) OBJECT(.\buzzer_hardware.obj)

line level    source

   1          /*
   2           ******************************************************************************
   3           *     Copyright (c) 2014 ASIX Electronic Corporation      All rights reserved.
   4           *
   5           *     This is an proprietary source code of ASIX Electronic Corporation
   6           *
   7           *     The copyright notice above does not evidence any actual or intended
   8           *     publication of such source code.
   9           ******************************************************************************
  10           */
  11           /*============================================================================
  12           * Module Name: buzzer_hardware.c
  13           * Purpose: User hardeare to control the buzzer
  14           * Author:
  15           * Date:
  16           * Modify :
  17           *          1.2013-04-17  Add Buffer Stop Register design
  18           *=============================================================================
  19           */
  20          
  21          /* INCLUDE FILE SECTION */
  22          #include <stdio.h>
  23          #include <string.h>
  24          #include "project_include.h"
  25          
  26          #if (KVM_BUZZER_HARDWARE)
  27          /* NAMING CONSTANT DECLARATIONS */
  28          code Buzzer_ControlTypeDef  Btn_Active_Sound[] =
  29          {
  30            BUZZER_250_hz,BUZZER_125_ms,130,
  31            BUZZER_Terminate,0,0
  32          };
  33          
  34          code Buzzer_ControlTypeDef  Hotkey_Active_Sound[] =
  35          {
  36            BUZZER_250_hz,BUZZER_125_ms,130,
  37            BUZZER_Terminate,0,0
  38          };
  39          
  40          code Buzzer_ControlTypeDef  Hotkey_Stop_Sound[] =
  41          {
  42            BUZZER_250_hz,BUZZER_125_ms,130,
C51 COMPILER V9.60.7.0   BUZZER_HARDWARE                                                   06/23/2026 16:04:44 PAGE 2   

  43            BUZZER_Terminate,0,0
  44          };
  45          
  46          code Buzzer_ControlTypeDef  Error_Sound[] =
  47          {
  48            BUZZER_250_hz,BUZZER_125_ms,130,
  49            BUZZER_Silence,BUZZER_125_ms,50,
  50            BUZZER_250_hz,BUZZER_125_ms,130,
  51            BUZZER_Terminate,0,0
  52          };
  53          
  54          code Buzzer_ControlTypeDef  AutoScan_Sound_Start[] =
  55          {
  56            BUZZER_2_Khz,BUZZER_125_ms,130,
  57            BUZZER_Silence,BUZZER_125_ms,100,
  58            BUZZER_250_hz,BUZZER_125_ms,130,
  59            BUZZER_Terminate,0,0
  60          };
  61          
  62          code Buzzer_ControlTypeDef  AutoScan_Sound_Stop[] =
  63          {
  64            BUZZER_250_hz,BUZZER_125_ms,130,
  65            BUZZER_Silence,BUZZER_125_ms,100,
  66            BUZZER_2_Khz,BUZZER_125_ms,130,
  67            BUZZER_Terminate,0,0
  68          };
  69          
  70          code Buzzer_ControlTypeDef  PortSwitch_Sound[] =
  71          {
  72            BUZZER_2_Khz,BUZZER_125_ms,130,
  73            BUZZER_Terminate,0,0
  74          };
  75          
  76          code Buzzer_ControlTypeDef  DeviceErrorSound[] =
  77          {
  78            BUZZER_2_Khz,BUZZER_125_ms,1000,
  79            BUZZER_Terminate,0,0
  80          };
  81          
  82          code Buzzer_ControlTypeDef MSC_Switch_Sound[] =
  83          {
  84            BUZZER_2_Khz,BUZZER_125_ms,200,
  85            BUZZER_Terminate,0,0
  86          };
  87          
  88          code Buzzer_ControlTypeDef MSC_Switch_Error[] =
  89          {
  90            BUZZER_250_hz,BUZZER_125_ms,130,
  91            BUZZER_Silence,BUZZER_125_ms,100,
  92            BUZZER_250_hz,BUZZER_125_ms,130,
  93            BUZZER_Silence,BUZZER_125_ms,100,
  94            BUZZER_250_hz,BUZZER_125_ms,130,
  95            BUZZER_Silence,BUZZER_125_ms,100,
  96            BUZZER_Terminate,0,0
  97          };
  98          
  99          code Buzzer_ControlTypeDef  DeviceOverCurrentSound[] =
 100          {
 101            BUZZER_2_Khz,BUZZER_1_Secs,1000,
 102            BUZZER_Silence,BUZZER_125_ms,500,
 103            BUZZER_Terminate,0,0
 104          };
C51 COMPILER V9.60.7.0   BUZZER_HARDWARE                                                   06/23/2026 16:04:44 PAGE 3   

 105          
 106          #if (SYSTEM_EXTENDER_RECEIVER)
              code Buzzer_ControlTypeDef  Extender_Plug_In[] =
              {
                BUZZER_2_Khz,BUZZER_250_ms,100,
                BUZZER_Silence,BUZZER_125_ms,150, 
                BUZZER_500_hz,BUZZER_250_ms,100,
                BUZZER_Terminate,0,0
              };
              
              code Buzzer_ControlTypeDef  Extender_Plug_Out[] =
              {
                BUZZER_500_hz,BUZZER_250_ms,100,  
                BUZZER_Silence,BUZZER_125_ms,150,
                BUZZER_2_Khz,BUZZER_250_ms,100,   
                BUZZER_Terminate,0,0
              };
              #endif /* #if (SYSTEM_EXTENDER_RECEIVER) */
 123          
 124          /* GLOBAL VARIABLES DECLARATIONS */
 125          bit     Buzzer_Script_Start;
 126          bit     BUZZER_OnFlag;  //Buzzer active flag
 127          bit     BUZZER_Type;  //Buzzer control type,1-Sound,0-Silent
 128          bit     bBUZZER_ForceFlag;
 129          Buzzer_ControlTypeDef *Buzzer_Current_Script;
 130          U8_T    Buzzer_Index;
 131          U8_T    BCR_BK,BIR_BK;
 132          U8_T    BUZZER_Cnt;   //Buzzer Counter
 133          U8_T    TASK_BUZZER_SCRIPT_ID;
 134          U16_T   BUZZER_Period,BUZZER_Timer;
 135          
 136          
 137          /* LOCAL VARIABLES DECLARATIONS */
 138          /* LOCAL SUBPROGRAM DECLARATIONS */
 139          void TASK_BUZZER_Script(void);
 140          static void BUZZER_Set_Freqency_Time(U8_T frequency,U8_T time);
 141          static void BUZZER_Control(U8_T);
 142          static void Buzzer_Script_Parser(Buzzer_ControlTypeDef *script,U8_T btn_index);
 143          /* EXTERNAL GLOBAL VARIABLES DECLARATIONS */
 144          /* EXTERNAL SUBPROGRAM DECLARATIONS */
 145           
 146          /*
 147           * ----------------------------------------------------------------------------
 148           * Function Name: KVM_BUZZER_Init(void)
 149           * Purpose:
 150           * Params:
 151           * Returns:
 152           * Note:
 153           * ----------------------------------------------------------------------------
 154           */
 155          void KVM_BUZZER_Init(void)
 156          {
 157   1        U8_T  interrupt4;
 158   1      
 159   1      #if (INTR_ISR_INCLUDE_BUZZER)
                BCR_BK = BUZZER_500_hz | BUZZER_125_ms;
                BIR_BK = BUZZER_IE_SET;
              #else
 163   1        BCR_BK = BUZZER_500_hz | BUZZER_125_ms;
 164   1        BIR_BK = 0;
 165   1      #endif
 166   1      
C51 COMPILER V9.60.7.0   BUZZER_HARDWARE                                                   06/23/2026 16:04:44 PAGE 4   

 167   1        EXTINT5_DISABLE;
 168   1        interrupt4 = EINT4; // keep the orginal value
 169   1        EXTINT4_DISABLE;
 170   1      
 171   1        _MISC_DR_SFR(BCR_BK);
 172   1        _MISC_CIR_SFR(MISC_BCR);
 173   1      
 174   1        _MISC_DR_SFR(BIR_BK);
 175   1        _MISC_CIR_SFR(MISC_BISR);
 176   1      
 177   1        EXTINT5_ENABLE;
 178   1        EINT4 = interrupt4;
 179   1      
 180   1        BUZZER_OnFlag = 0; 
 181   1        bBUZZER_ForceFlag = 0;
 182   1      
 183   1        BUZZER_Control(BUZZER_ON);
 184   1        Buzzer_Script_Start = 0;
 185   1      
 186   1        TASK_BUZZER_SCRIPT_ID = TASK_Create(TASK_BUZZER_Script);
 187   1        
 188   1      #if (SYSTEM_TASK_DUMP_SUPPORT)
                printf("TASK_BUZZER_SCRIPT_ID=%bu\n\r",TASK_BUZZER_SCRIPT_ID);
              #endif  
 191   1      }
 192          
 193          /*
 194           * ----------------------------------------------------------------------------
 195           * Function Name: BUZZER_Set_Freqency_Time(U8_T frequency,U8_T time)
 196           * Purpose:
 197           * Params:
 198           * Returns:
 199           * Note:
 200           * ----------------------------------------------------------------------------
 201           */
 202          static void BUZZER_Set_Freqency_Time(U8_T frequency,U8_T time)
 203          {
 204   1        U8_T  interrupt4;
 205   1      
 206   1        EXTINT5_DISABLE;
 207   1        interrupt4 = EINT4; // keep the orginal value
 208   1        EXTINT4_DISABLE;
 209   1      
 210   1        BCR_BK &= ~(BUZZER_KHZ_MASK|BUZZER_PERIOD_MASK);
 211   1      
 212   1        BCR_BK |= (frequency| time);
 213   1      
 214   1        _MISC_DR_SFR(BCR_BK);
 215   1        _MISC_CIR_SFR(MISC_BCR);
 216   1      
 217   1        EXTINT5_ENABLE;
 218   1        EINT4 = interrupt4;
 219   1      }
 220          /*
 221           * ----------------------------------------------------------------------------
 222           * Function Name: BUZZER_Control(U8_T)
 223           * Purpose:
 224           * Params:
 225           * Returns:
 226           * Note:
 227           * ----------------------------------------------------------------------------
 228           */
C51 COMPILER V9.60.7.0   BUZZER_HARDWARE                                                   06/23/2026 16:04:44 PAGE 5   

 229          static void BUZZER_Control(U8_T state)
 230          {
 231   1        U8_T interrupt4;
 232   1      
 233   1        EXTINT5_DISABLE;
 234   1        interrupt4 = EINT4; // keep the orginal value
 235   1        EXTINT4_DISABLE; 
 236   1      
 237   1        if (state == BUZZER_ON)
 238   1        {
 239   2          BCR_BK |= BUZZER_SE_MASK;
 240   2          BCR_BK &= ~BUZZER_TSE_SET;
 241   2        }
 242   1        else
 243   1        {
 244   2          BCR_BK |= BUZZER_TSE_SET;
 245   2          BCR_BK &= ~BUZZER_SE_MASK;
 246   2        }
 247   1        _MISC_DR_SFR(BCR_BK);
 248   1        _MISC_CIR_SFR(MISC_BCR);
 249   1      
 250   1        EXTINT5_ENABLE;
 251   1        EINT4 = interrupt4;
 252   1      }
 253          
 254          /*
 255           * ----------------------------------------------------------------------------
 256           * Function Name: Buzzer_Script_Parser(U8_T)
 257           * Purpose:
 258           * Params:
 259           * Returns:
 260           * Note:
 261           * ----------------------------------------------------------------------------
 262           */
 263          static void Buzzer_Script_Parser(Buzzer_ControlTypeDef *script,U8_T btn_index)
 264          {
 265   1        if ((script+btn_index)->Frequency == BUZZER_Terminate)
 266   1        {
 267   2          Buzzer_Script_Start = 0;
 268   2          return;
 269   2        }
 270   1        if ((script+btn_index)->Frequency != BUZZER_Silence)
 271   1        {
 272   2          #if (KVM_BUZZER_TYPE_Frequency) 
                    BUZZER_Set_Freqency_Time((script+btn_index)->Frequency,(script+btn_index)->Period); //zbb
                  #else   
 275   2            BUZZER_Set_Freqency_Time(0x00,(script+btn_index)->Period);
 276   2          #endif  
 277   2        
 278   2          BUZZER_Control(BUZZER_ON);
 279   2        }
 280   1        else
 281   1        {
 282   2          BUZZER_Control(BUZZER_OFF);
 283   2        }
 284   1        TASK_Active(TASK_TYPE_INTERVAL_MS,TASK_BUZZER_SCRIPT_ID,0,0,(script+btn_index)->Keeptime,(script+btn_inde
             -x)->Keeptime); // now aticev the process for time out event
 285   1      }
 286          
 287          /*
 288           * ----------------------------------------------------------------------------
 289           * Function Name: BUZZER_Script_Active(U8_T)
C51 COMPILER V9.60.7.0   BUZZER_HARDWARE                                                   06/23/2026 16:04:44 PAGE 6   

 290           * Purpose:
 291           * Params:
 292           * Returns:
 293           * Note:
 294           * ----------------------------------------------------------------------------
 295           */
 296          void BUZZER_Script_Active(Buzzer_ControlTypeDef *script)
 297          {
 298   1        //1.Check Buzzer active condition
 299   1        if (bBUZZER_ForceFlag == 0)
 300   1        {
 301   2          if ((KVM_Flash.cSystemFlag0 & SYSTEM_BEEPER_MASK) == 0)
 302   2          {
 303   3            return;
 304   3          }
 305   2        }
 306   1      
 307   1        if (Buzzer_Script_Start)
 308   1        {
 309   2          return;
 310   2        }
 311   1      
 312   1        Buzzer_Index = 0;
 313   1        Buzzer_Current_Script = script;
 314   1      
 315   1        Buzzer_Script_Start = 1;
 316   1        Buzzer_Script_Parser(Buzzer_Current_Script,Buzzer_Index);
 317   1      }
 318          
 319          /*
 320           * ----------------------------------------------------------------------------
 321           * Function Name: TASK_BUZZER_Script(void)
 322           * Purpose:
 323           * Params:
 324           * Returns:
 325           * Note:
 326           * ----------------------------------------------------------------------------
 327           */
 328          void TASK_BUZZER_Script(void)
 329          {
 330   1        BUZZER_Control(BUZZER_OFF);
 331   1        Buzzer_Index++;
 332   1        Buzzer_Script_Parser(Buzzer_Current_Script,Buzzer_Index);
 333   1        TASK_Destory_Current();
 334   1      }
 335          
 336          #endif
 337          
 338          /* End of buzzer_hardware.c */


MODULE INFORMATION:   STATIC OVERLAYABLE
   CODE SIZE        =    393    ----
   CONSTANT SIZE    =    170    ----
   XDATA SIZE       =     12       4
   PDATA SIZE       =   ----    ----
   DATA SIZE        =   ----    ----
   IDATA SIZE       =   ----    ----
   BIT SIZE         =      4    ----
   EDATA SIZE       =   ----    ----
   HDATA SIZE       =   ----    ----
   XDATA CONST SIZE =   ----    ----
C51 COMPILER V9.60.7.0   BUZZER_HARDWARE                                                   06/23/2026 16:04:44 PAGE 7   

   FAR CONST SIZE   =   ----    ----
END OF MODULE INFORMATION.


C51 COMPILATION COMPLETE.  0 WARNING(S),  0 ERROR(S)
