C51 COMPILER V9.60.7.0   CPU                                                               06/23/2026 16:04:42 PAGE 1   


C51 COMPILER V9.60.7.0, COMPILATION OF MODULE CPU
OBJECT MODULE PLACED IN .\cpu.obj
COMPILER INVOKED BY: C:\Users\Administrator\AppData\Local\Keil_v5\C51\BIN\C51.EXE ..\Src\cpu\cpu.c LARGE OMF2 ROM(D16M) 
                    -OPTIMIZE(9,SIZE) BROWSE NOAREGS INCDIR(..\src\main\;..\src\cpu\;..\src\flash\;..\src\uart\;..\src\swdma\;..\src\mstimer\
                    -;..\src\i2c\;..\src\spi\;..\src\task_man\;..\src\project\;..\Src\ps2_host;..\Src\console_edid;..\Src\storage;..\Src\data
                    -_stream;..\Src\kvm_control\kvm_hotkey;..\Src\kvm_control\kvm_console;..\Src\kvm_control\kvm_button;..\Src\kvm_control\kv
                    -m_edid;..\Src\kvm_control\kvm_buzzer;..\src\gpio\;..\Src\hardware_ps2;..\Src\usbdc;..\Src\usbdc\usbdc_virtual;..\Src\usb
                    -_std;..\Src\usbhc;..\Src\kvm_control\power_saving;..\Src\usbhc\MSC;..\Src\usbhc\AUDIO;..\Src\usbhc\HUB;..\Src\usbhc\HID;
                    -..\Src\usbhc\HID_PARSER;..\Src\usbhc\ROOT_HUB;..\Src\usbdc\usbdc_hub;..\Src\usbdc\usbdc_hid;..\Src\kvm_control\kvm_stora
                    -ge\spi_flash;..\Src\usbdc\usbdc_msc\usb_scsi;..\Src\usbdc\usbdc_msc;..\Src\handler\logitech;..\Src\handler\A4_Tech;..\Sr
                    -c\usbdc\usbdc_vendor;..\Src\hsur;..\Src\extender\core;..\Src\extender\receiver;..\Src\uart_console;..\Src\kvm_control\km
                    -_sync;..\Src\hsur;..\Src\kvm_control\km_log;..\Src\kvm_control\km_api;..\Src\kvm_control\kvm_ir;..\Src\kvm_control\kvm_r
                    -tc;..\Src\i2c;..\Src\kvm_control\kvm_multiview) STRING(FAR) DEFINE(RuntimeCodeAt0KH,MCU_TYPE_AX68004,KVM,HC_TIMEOUT=1000
                    -0,VHID,HID_PARSER_CORE_KB,HID_PARSER_CORE_MS,API,NO_AUDIO,NO_MSC,NO_EDID,HUART_BAUD=HUART_115K,SYNC,CROSS_JUMP_MAP0,VPID
                    -_CHANGER,SYNC_KB_HOTKEY,SYNC_MS_HOTKEY,REPEAT_MODE=1,HSUART,MULTIVIEW) VARBANKING DEBUG PRINT(.\cpu.lst) TABS(2) OBJECT(
                    -.\cpu.obj)

line level    source

   1          /*
   2           *********************************************************************************
   3           *     Copyright (c) 2014   ASIX Electronic Corporation      All rights reserved.
   4           *
   5           *     This is unpublished proprietary source code of ASIX Electronic Corporation
   6           *
   7           *     The copyright notice above does not evidence any actual or intended
   8           *     publication of such source code.
   9           *********************************************************************************
  10           */
  11          /*================================================================================
  12           * Module Name : cpu.c
  13           * Purpose     : AX12000 initialization and globe values setting.
  14           * Author      : 
  15           * Date        : 
  16           * Notes       : In the initial function, all external interrupt are disable in
  17           *               default. User must enable a specific interrupt in its module.
  18           *               Several system values are initial in beginning
  19           *================================================================================
  20           */
  21          
  22          /* INCLUDE FILE DECLARATIONS */
  23          #include  "project_include.h"
  24          #include  <absacc.h>
  25          #include  <stdio.h>
  26          
  27          
  28          /* GLOBAL VARIABLES DECLARATIONS */
  29          U8_T  CPU_WakeUpEventTable = 0;
  30          U8_T  CPU_PowerSavingMode = 0;
  31          U8_T  CPU_SysClk = 0;
  32          U8_T  CPU_ProgWtst = 0;
  33          U8_T  CPU_GlobeInt = 0;
  34          U8_T  CPU_ReInitPhyFlag = 0;
  35          
  36          U8_T IDATA FirmwareUpgradeFlag[3] _at_ 0x31;
  37          /* STATIC VARIABLE DECLARATIONS */
  38          static U8_T DATA  cpu_ReservedForStackPoint[2] _at_ 0x0D;
  39          static U8_T IDATA cpu_ExecuteRuntimeFlag _at_ 0x30;
  40          static U16_T    cpu_GpioWakeupStatus;
  41          static U8_T     PS2_WakeupStatus;
  42          U8_T  cpu_Gpio0IntrStatus;
C51 COMPILER V9.60.7.0   CPU                                                               06/23/2026 16:04:42 PAGE 2   

  43          U8_T  cpu_Gpio2IntrStatus;
  44          
  45          static bit cpu_isr;
  46          /* LOCAL SUBPROGRAM DECLARATIONS */
  47          /* LOCAL SUBPROGRAM BODIES */
  48          /* EXPORTED SUBPROGRAM BODIES */
  49          /*
  50           *--------------------------------------------------------------------------------
  51           * void CPU_Init(void)
  52           * Purpose : This function initializes CPU Core for the whole system operation.
  53           *           AX120xx supports 2 clock rates of 25MHz and 100MHz.
  54           *           The Program Wait State and Data Stretch Cycle are configured via
  55           *           different clock rates and the Memory Shadow Mode as below table,
  56           *           the range of both the Program Wait State and the Data Stretch Cycle are 0 ~7.
  57           *           All external interrupts are disabled during system initialization.
  58           * Params  : None
  59           * Returns : None
  60           * Note    : None
  61           *--------------------------------------------------------------------------------
  62           */
  63          void CPU_Init(void)
  64          {
  65   1        EA_GLOBE_DISABLE; // Turn off globe interrupt
  66   1        
  67   1        /*What is the function for RuntimeCode? */
  68   1      #ifdef RuntimeCodeAt12KH
                cpu_ExecuteRuntimeFlag = 1;
              #else
  71   1        cpu_ExecuteRuntimeFlag = 0;
  72   1      #endif //#if (RuntimeCodeAt12KH)
  73   1      
  74   1        PCKEN = 0x00; // Turn off peripheral interface clock.
  75   1      
  76   1        P0 = 0xFF;
  77   1        P1 = 0xFF;
  78   1        P2 = 0xFF;
  79   1        P3 = 0xFF;
  80   1      
  81   1      #if (MCU_REAL_CHIP)
  82   1        switch (CSREPR & SCS_96M)
  83   1        {
  84   2          case SCS_48M :
  85   2            CPU_SysClk = SCS_48M;
  86   2            WTST = 0x02;
  87   2            CKCON = 0x00;
  88   2            FDR = 0x00;
  89   2            FCIR = FLH_FWATR;
  90   2            MDR = 0x00;
  91   2            MDR = 0x5D;
  92   2            MDR = 0x00;
  93   2            MCIR = MISC_C12MSTBR;
  94   2            break;
  95   2          case SCS_96M :
  96   2          default :
  97   2            CPU_SysClk = SCS_96M;
  98   2            WTST = 0x03;
  99   2            CKCON = 0x00;
 100   2            FDR = 0x00;
 101   2            FCIR = FLH_FWATR;
 102   2            MDR = 0x00;
 103   2            MDR = 0xBB;
 104   2            MDR = 0x00;
C51 COMPILER V9.60.7.0   CPU                                                               06/23/2026 16:04:42 PAGE 3   

 105   2            MCIR = MISC_C12MSTBR;
 106   2            break;
 107   2        }
 108   1      #else // FPGA
                switch (CSREPR & SCS_96M)
                {
                  case SCS_96M:
                    CPU_SysClk = SCS_96M;
                    WTST = 0x06;
                    CKCON = 0x00;
                    FDR = 0x03;
                    FCIR = FLH_FWATR;
                    MDR = 0x00;
                    MDR = 0xBB;
                    MDR = 0x00;
                    MCIR = MISC_C12MSTBR;
                    break;
                  case SCS_48M:
                  default :
                    CPU_SysClk = SCS_48M;
                    WTST = 0x06;
                    CKCON = 0x00;
                    FDR = 0x03;
                    FCIR = FLH_FWATR;
                    MDR = 0x03;
                    MDR = 0x00;
                    MDR = 0x00;
                    MCIR = MISC_C12MSTBR;
                    break;
                }
              #endif
 136   1      
 137   1        CPU_ProgWtst = WTST;
 138   1      
 139   1        /* Clear the INT5F & INT6F of Interrupt5 & interrupt6 (write 1 to clear) */
 140   1        EIF = INT5F;  // Clear the flag of interrupt 5.
 141   1        EIF = INT6F;  // Clear the flag of interrupt 6.
 142   1      
 143   1        /* Clear Watch Dog Time Out Reset Flag */
 144   1        if (WTRF)
 145   1        {
 146   2          TA = 0xAA;
 147   2          TA = 0x55;
 148   2          WTRF = 0; // Clear Watch Dog Time Out Reset Flag.
 149   2          CSREPR |= SW_RBT;
 150   2        }
 151   1      
 152   1        EXTINT6_ENABLE; // EINT6 interrupt for wake-up of power management mode and stop mode.
 153   1        
 154   1        /* Turn on the peripheral interface module clock */
 155   1      #ifdef MCU_TYPE_AX68002
                PCKEN = 0xFC;
              #else
 158   1        PCKEN = 0xFF;
 159   1      #endif
 160   1      
 161   1        cpu_Gpio0IntrStatus = 0;
 162   1      
 163   1        EA_GLOBE_ENABLE;// Enable the globe interrupt.
 164   1      }
 165          
 166          #if (SYSTEM_POWER_SAVING_MODE_SUPPORT)
C51 COMPILER V9.60.7.0   CPU                                                               06/23/2026 16:04:42 PAGE 4   

              /*
               *--------------------------------------------------------------------------------
               * Function Name: CPU_SetPowerSaveMode()
               * Purpose : Setup the system power saving mode.
               * Params  : mode - 0:Disable,  2:STOP mode,  3:STOP with TOFF_12M
               * Returns : None.
               * Note    : None.
               *--------------------------------------------------------------------------------
               */
              void CPU_SetPowerSaveMode(U8_T mode)
              {
                cpu_isr = EA;
                EA = 0;
                PCON &= ~(PMM_ | STOP_ | SWB_ | PMMS_);
                if (mode == 2)
                {
                  CPU_PowerSavingMode = STOP_;
                }
                else if (mode == 3)
                {
                  CSREPR |= TOFF_12M;
                  CPU_PowerSavingMode = STOP_;
                }
                else
                {
                  CPU_PowerSavingMode = 0;
                  EA = cpu_isr;
                  return;
                }
                
                EA = cpu_isr;
                PCON |= CPU_PowerSavingMode;
                
              } /* End of CPU_SetPowerSaveMode() */
              #endif /* end of SYSTEM_POWER_SAVING_MODE_SUPPORT */
 202          
 203          /*
 204           *--------------------------------------------------------------------------------
 205           * void CPU_MscRegRead(U8_T regIndex, U8_T *pRegData, U8_T regLen)
 206           * Purpose: Read data bytes from a register with interrupt locked.
 207           * Params : regIndex:An index address to register.
 208           *          pRegData:A pointer to indicate the register data.
 209           *          regLen:A number of bytes to indicate how many bytes will be read.
 210           * Returns: TRUE (1) is success ; FALSE (0) is failure.
 211           * Note   : None.
 212           *--------------------------------------------------------------------------------
 213           */  
 214          void CPU_MscRegRead(U8_T regIndex, U8_T *pRegData, U8_T regLen)
 215          {
 216   1        cpu_isr = EA;
 217   1        EA = 0;
 218   1        MCIR = regIndex;
 219   1        while (regLen --)
 220   1        {
 221   2          *(pRegData + regLen) = MDR;
 222   2        }
 223   1        EA = cpu_isr;
 224   1      }
 225          
 226          #if (SYSTEM_POWER_SAVING_MODE_SUPPORT)
              /*
               *--------------------------------------------------------------------------------
C51 COMPILER V9.60.7.0   CPU                                                               06/23/2026 16:04:42 PAGE 5   

               * void CPU_GpioWkupEntryFunc(void)
               * Purpose :
               * Params  :
               * Returns : 
               * Note    : 
               *--------------------------------------------------------------------------------
               */
              void CPU_GpioWkupEntryFunc(void)
              {
                CPU_MscRegRead(MISC_GPWSR, (U8_T *)&cpu_GpioWakeupStatus, 2);
              }
              
              
              /*
               *--------------------------------------------------------------------------------
               * void PS2H_WkupEntryFunc(void)
               * Purpose : Initialize the PS2A and PS2B both. Enable interrupt mode and wakeup
               *           function. Use the default value for other time relative registers.
               * Params  : 
               * Returns : 
               * Note    :
               *--------------------------------------------------------------------------------
               */
              void PS2H_WkupEntryFunc(void)
              {
              #if (SYSTEM_PS2_HOST_ENABLE)
                PS2H_Read_Regs(PS2_WSR, &PS2_WakeupStatus, 1);
              #endif /* #if (SYSTEM_PS2_HOST_ENABLE) */
              }
              
              #endif /* end of SYSTEM_POWER_SAVING_MODE_SUPPORT */
 260          
 261          /* End of cpu.c */


MODULE INFORMATION:   STATIC OVERLAYABLE
   CODE SIZE        =    176    ----
   CONSTANT SIZE    =   ----    ----
   XDATA SIZE       =     11       5
   PDATA SIZE       =   ----    ----
   DATA SIZE        =   ----    ----
   IDATA SIZE       =   ----    ----
   BIT SIZE         =      1    ----
   EDATA SIZE       =   ----    ----
   HDATA SIZE       =   ----    ----
   XDATA CONST SIZE =   ----    ----
   FAR CONST SIZE   =   ----    ----
END OF MODULE INFORMATION.


C51 COMPILATION COMPLETE.  0 WARNING(S),  0 ERROR(S)
