C51 COMPILER V9.60.7.0   DATA_STREAM_GENERIC                                               06/23/2026 16:04:43 PAGE 1   


C51 COMPILER V9.60.7.0, COMPILATION OF MODULE DATA_STREAM_GENERIC
OBJECT MODULE PLACED IN .\data_stream_generic.obj
COMPILER INVOKED BY: C:\Users\Administrator\AppData\Local\Keil_v5\C51\BIN\C51.EXE ..\Src\data_stream\data_stream_generic
                    -.c LARGE OMF2 ROM(D16M) OPTIMIZE(9,SIZE) BROWSE NOAREGS INCDIR(..\src\main\;..\src\cpu\;..\src\flash\;..\src\uart\;..\sr
                    -c\swdma\;..\src\mstimer\;..\src\i2c\;..\src\spi\;..\src\task_man\;..\src\project\;..\Src\ps2_host;..\Src\console_edid;..
                    -\Src\storage;..\Src\data_stream;..\Src\kvm_control\kvm_hotkey;..\Src\kvm_control\kvm_console;..\Src\kvm_control\kvm_butt
                    -on;..\Src\kvm_control\kvm_edid;..\Src\kvm_control\kvm_buzzer;..\src\gpio\;..\Src\hardware_ps2;..\Src\usbdc;..\Src\usbdc\
                    -usbdc_virtual;..\Src\usb_std;..\Src\usbhc;..\Src\kvm_control\power_saving;..\Src\usbhc\MSC;..\Src\usbhc\AUDIO;..\Src\usb
                    -hc\HUB;..\Src\usbhc\HID;..\Src\usbhc\HID_PARSER;..\Src\usbhc\ROOT_HUB;..\Src\usbdc\usbdc_hub;..\Src\usbdc\usbdc_hid;..\S
                    -rc\kvm_control\kvm_storage\spi_flash;..\Src\usbdc\usbdc_msc\usb_scsi;..\Src\usbdc\usbdc_msc;..\Src\handler\logitech;..\S
                    -rc\handler\A4_Tech;..\Src\usbdc\usbdc_vendor;..\Src\hsur;..\Src\extender\core;..\Src\extender\receiver;..\Src\uart_conso
                    -le;..\Src\kvm_control\km_sync;..\Src\hsur;..\Src\kvm_control\km_log;..\Src\kvm_control\km_api;..\Src\kvm_control\kvm_ir;
                    -..\Src\kvm_control\kvm_rtc;..\Src\i2c;..\Src\kvm_control\kvm_multiview) STRING(FAR) DEFINE(RuntimeCodeAt0KH,MCU_TYPE_AX6
                    -8004,KVM,HC_TIMEOUT=10000,VHID,HID_PARSER_CORE_KB,HID_PARSER_CORE_MS,API,NO_AUDIO,NO_MSC,NO_EDID,HUART_BAUD=HUART_115K,S
                    -YNC,CROSS_JUMP_MAP0,VPID_CHANGER,SYNC_KB_HOTKEY,SYNC_MS_HOTKEY,REPEAT_MODE=1,HSUART,MULTIVIEW) VARBANKING DEBUG PRINT(.\
                    -data_stream_generic.lst) TABS(2) OBJECT(.\data_stream_generic.obj)

line level    source

   1          /*
   2           ******************************************************************************
   3           *     Copyright (c) 2014 ASIX Electronic Corporation      All rights reserved.
   4           *
   5           *     This is unpublished proprietary source code of ASIX Electronic Corporation
   6           *
   7           *     The copyright notice above does not evidence any actual or intended
   8           *     publication of such source code.
   9           ******************************************************************************
  10           */
  11           
  12          /*================================================================================
  13           * Module Name : data_stream_generic.c
  14           * Purpose     : handle keyboard & mouse data streaming
  15           * Author      : Jack Wang
  16           * Date        :
  17           * Notes       : None
  18           * no message
  19           *
  20           *================================================================================
  21           */
  22          
  23          /* INCLUDE FILE DECLARATIONS */
  24          #include <stdio.h>
  25          #include <string.h>
  26          
  27          #include "project_include.h"
  28          
  29          #if (PROJECT_USB_GENERIC_HID_ENABLE)
  30          /*$GLOBAL DEFINATION DECLARATIONS */
  31          /*$GLOBAL CONTANT DECLARATIONS    */   
  32          
  33            /*****************************************************************************/
  34            /*    PS2 Translate table for TYPE F0 key code                               */
  35            /*****************************************************************************/
  36            CONST U8_T Table_PS2_F0[] =
  37            {
  38              // 00,  01 , 02 , 03 , 04 , 05 , 06 , 07 , 08 , 09 , 0a , 0b , 0c , 0d ,0e , 0f
  39               0x00,0x42,0x00,0x3e,0x3c,0x3a,0x3b,0x45,0x68,0x43,0x41,0x3f,0x3d,0x2b,0x35,0x67,
  40              // 10 , 11 , 12 , 13 , 14 , 15 , 16 , 17 , 18 , 19 , 1a , 1b , 1c , 1d ,1e , 1f
  41               0x69,0xe2,0xe1,0x88,0xe0,0x14,0x1e,0x00,0x6a,0x00,0x1d,0x16,0x04,0x1a,0x1f,0x00,
  42              // 20 , 21 , 22 , 23 , 24 , 25 , 26 , 27 , 28 , 29 , 2a , 2b , 2c , 2d ,2e , 2f
C51 COMPILER V9.60.7.0   DATA_STREAM_GENERIC                                               06/23/2026 16:04:43 PAGE 2   

  43               0x6b,0x06,0x1b,0x07,0x08,0x21,0x20,0x8c,0x6c,0x2c,0x19,0x09,0x17,0x15,0x22,0x68,
  44              // 30 , 31 , 32 , 33 , 34 , 35 , 36 , 37 , 38 , 39 , 3a , 3b , 3c , 3d ,3e , 3f
  45               0x6d,0x11,0x05,0x0b,0x0a,0x1c,0x23,0x69,0x6e,0x00,0x10,0x0d,0x18,0x24,0x25,0x6a,
  46              // 40 , 41 , 42 , 43 , 44 , 45 , 46 , 47 , 48 , 49 , 4a , 4b , 4c , 4d ,4e , 4f
  47               0x6f,0x36,0x0e,0x0c,0x12,0x27,0x26,0x00,0x70,0x37,0x38,0x0f,0x33,0x13,0x2d,0x00,
  48              // 50 , 51 , 52 , 53 , 54 , 55 , 56 , 57 , 58 , 59 , 5a , 5b , 5c , 5d ,5e , 5f
  49               0x71,0x87,0x34,0x03,0x2f,0x2e,0x00,0x72,0x39,0xe5,0x28,0x30,0x00,0x31,0x00,0x94,
  50              // 60 , 61 , 62 , 63 , 64 , 65 , 66 , 67 , 68 , 69 , 6a , 6b , 6c , 6d ,6e , 6f
  51               0x00,0x64,0x93,0x92,0x8a,0x00,0x2a,0x8b,0x00,0x59,0x89,0x5c,0x5f,0x85,0x00,0x00,
  52              // 70 , 71 , 72 , 73 , 74 , 75 , 76 , 77 , 78 , 79 , 7a , 7b , 7c , 7d ,7e , 7f
  53               0x62,0x63,0x5a,0x5d,0x5e,0x60,0x29,0x53,0x44,0x57,0x5b,0x56,0x55,0x61,0x47,0x00,
  54              // 80 , 81 , 82 , 83 , 84 , 85 , 86 , 87 , 88 , 89 , 8a , 8b , 8c , 8d ,8e , 8f
  55               0x00,0x00,0x00,0x40,0x46,0x00,0x00,0x00,0x00,0x00,0x00,0x00,0x00,0x00,0x00,0x00  
  56            };
  57            
  58            /*****************************************************************************/
  59            /*    PS2 Translate table for TYPE E0 key code                               */
  60            /*****************************************************************************/
  61            CONST U8_T Table_PS2_E0[] = 
  62            {
  63              // 00 , 01 , 02 , 03 , 04 , 05 , 06 , 07 , 08 , 09 , 0a , 0b , 0c , 0d ,0e , 0f
  64               0x00,0x00,0x00,0x00,0x00,0x00,0x00,0x00,0x00,0x00,0x00,0x00,0x00,0x00,0x00,0x00,
  65              // 10 , 11 , 12 , 13 , 14 , 15 , 16 , 17 , 18 , 19 , 1a , 1b , 1c , 1d ,1e , 1f
  66               0xBe,0xe6,0x00,0x00,0xe4,0xb4,0x00,0x00,0xC4,0x00,0x00,0x00,0x00,0x00,0x00,0xe3,
  67              // 20 , 21 , 22 , 23 , 24 , 25 , 26 , 27 , 28 , 29 , 2a , 2b , 2c , 2d ,2e , 2f
  68               0xC3,0xB9,0x00,0xB7,0x00,0x00,0x00,0xe7,0xC2,0x00,0x00,0xBc,0x00,0x92,0x00,0x65,
  69              // 30 , 31 , 32 , 33 , 34 , 35 , 36 , 37 , 38 , 39 , 3a , 3b , 3c , 3d ,3e , 3f
  70               0xC1,0x00,0xB8,0x00,0xB6,0x00,0x00,0xb0,0xC0,0x00,0xBf,0xb5,0x00,0x00,0x00,0xb1,
  71              // 40 , 41 , 42 , 43 , 44 , 45 , 46 , 47 , 48 , 49 , 4a , 4b , 4c , 4d ,4e , 4f
  72               0xBd,0x00,0x00,0x00,0x00,0x00,0x00,0x00,0xBb,0x00,0x54,0x00,0x00,0xb3,0x00,0x00,
  73              // 50 , 51 , 52 , 53 , 54 , 55 , 56 , 57 , 58 , 59 , 5a , 5b , 5c , 5d ,5e , 5f
  74               0xBa,0x00,0x00,0x00,0x00,0x00,0x00,0x00,0x00,0x00,0x58,0x00,0x00,0x00,0xb2,0x00,
  75              // 60 , 61 , 62 , 63 , 64 , 65 , 66 , 67 , 68 , 69 , 6a , 6b , 6c , 6d ,6e , 6f
  76               0x00,0x00,0x00,0x00,0x00,0x00,0x66,0x00,0x00,0x4d,0x00,0x50,0x4a,0x00,0x00,0x00,
  77              // 70 , 71 , 72 , 73 , 74 , 75 , 76 , 77 , 78 , 79 , 7a , 7b , 7c , 7d ,7e , 7f
  78               0x49,0x4c,0x51,0x00,0x4f,0x52,0x00,0x48,0x00,0x00,0x4e,0x00,0x46,0x4b,0x48,0x00,
  79              // 80 , 81 , 82 , 83 , 84 , 85 , 86 , 87 , 88 , 89 , 8a , 8b , 8c , 8d ,8e , 8f
  80               0x04,0x01,0x02,0x44,0x45,0x3a,0x3b,0x3c,0x3d,0x3e,0x3f,0x40,0x41,0x1e,0x1f,0x20,
  81              // 90 , 91 , 92 , 93 , 94 , 95 , 96 , 97 , 98 , 99 , 9a , 9b , 9c , 9d ,9e , 9f
  82               0x00,0x00,0x00,0x00,0x00,0x78,0x76,0x65,0x75,0x66,0x77,0x74,0x7e,0x79,0x7a,0x7c,
  83              // a0 , a1 , a2 , a3 , a4 , 
  84               0x7d,0x7b,0x7f,0x81,0x80 
  85            };
  86            
  87            /*****************************************************************************/
  88            /* USB Translate table for TYPE MulityMedia key code                         */
  89            /*****************************************************************************/
  90            CONST PS2_2_USB_MultiMediaTypeDef  PS2_USB_MultiMediaTab[21] = 
  91            {
  92               0x02,0x81,0x00,  // 01.System Power
  93               0x02,0x82,0x00,  // 02.System Sleep
  94               0x02,0x83,0x00,  // 03.System Wake
  95               0x03,0xb5,0x00,  // 04.Scan Next Track
  96               0x03,0xb6,0x00,  // 05.Scan Previous Track
  97               0x03,0xb7,0x00,  // 06.Stop
  98               0x03,0xcd,0x00,  // 07.Play/Pause
  99               0x03,0xe2,0x00,  // 08.Mute
 100               0x03,0xe9,0x00,  // 09.Volume Up
 101               0x03,0xea,0x00,  // 10.Volume Down
 102               0x03,0x83,0x01,  // 11.Media Select
 103               0x03,0x8a,0x01,  // 12.Mail
 104               0x03,0x92,0x01,  // 13.Caculator
C51 COMPILER V9.60.7.0   DATA_STREAM_GENERIC                                               06/23/2026 16:04:43 PAGE 3   

 105               0x03,0x94,0x01,  // 14.My Computer
 106               0x03,0x21,0x02,  // 15.WWW Search
 107               0x03,0x23,0x02,  // 16.WWW Home
 108               0x03,0x24,0x02,  // 17.WWW Back
 109               0x03,0x25,0x02,  // 18.WWW Forward
 110               0x03,0x26,0x02,  // 19.WWW Stop
 111               0x03,0x27,0x02,  // 20.WWW Refresh
 112               0x03,0x2a,0x02   // 21.WWW Favorite
 113            };
 114                  
 115          /* $GLOBAL VARIABLES DECLARATIONS   */ 
 116          //---------------------------------------------------------------------------------------
 117          // GENERIC USB QUEUE
 118          bit  DATAST_Generic_KB_Change_Flag;
 119          U8_T TASK_DATAST_PS2_Generic_KB_ActiveFlag; 
 120          U8_T TASK_DATAST_PS2_Generic_MS_ActiveFlag;     
 121            
 122          #ifdef SYNC 
 123          U8_T DATAST_Generic_USB_KB_Queue[USBDC_PORT_MAX][8];  /* Byte1-Modifiers,Byte2-Reverse,Byte3~8=>Data */
 124          #else
              U8_T DATAST_Generic_USB_KB_Queue[8];  /* Byte1-Modifiers,Byte2-Reverse,Byte3~8=>Data */
              #endif
 127            
 128          U8_T DATAST_Generic_USB_MS_Queue[8];  /* Byte0-Package Length,Byte1-Page ID,Byte2~BYte5 Data */
 129          U8_T DATAST_Generic_USB_MS_Report[6]; /* The first byte indicate the buffer is valid */ 
 130            
 131          #ifdef SYNC 
 132          U8_T DATAST_Generic_KB_IN_Queue[KVM_MAX_PORT][DATAST_GENERIC_KB_IN_MAX];    /* Byte1-Modifiers,Byte2-Revers
             -e,Byte3~8=>Data */  
 133          #else   
              U8_T DATAST_Generic_KB_IN_Queue[DATAST_GENERIC_KB_IN_MAX];    /* Byte1-Modifiers,Byte2-Reverse,Byte3~8=>Data
             - */
              #endif
 136            
 137          #ifdef SYNC
 138            #if (DATAST_GENERIC_MS_IN_QUEUE)
 139            U8_T DATAST_Generic_MS_IN_Queue[DATAST_GENERIC_MS_IN_MAX][8];
 140            U8_T DATAST_Generic_MS_Port_Mask[DATAST_GENERIC_MS_IN_MAX];
 141            #else
                U8_T DATAST_Generic_MS_IN_Queue[KVM_MAX_PORT][8];
                #endif
 144            U8_T DATAST_Generic_KB_IN_WP[KVM_MAX_PORT],DATAST_Generic_KB_IN_RP[KVM_MAX_PORT]; 
 145            U8_T DATAST_Generic_MS_Port_Mask[DATAST_GENERIC_MS_IN_MAX];
 146          #else 
                U8_T DATAST_Generic_MS_IN_Queue[DATAST_GENERIC_MS_IN_MAX][8];
                U8_T DATAST_Generic_KB_IN_WP,DATAST_Generic_KB_IN_RP;  
                U8_T DATAST_Generic_MS_Port_Mask[DATAST_GENERIC_MS_IN_MAX];
              #endif  
 151          
 152          #ifdef SYNC
 153          #if (DATAST_GENERIC_MS_IN_QUEUE)
 154          U8_T DATAST_Generic_MS_IN_WP,DATAST_Generic_MS_IN_RP[8];  /* Byte1-Modifiers,Byte2-Reverse,Byte3~8=>Data *
             -/
 155          #else
              U8_T DATAST_Generic_MS_IN_WP[KVM_MAX_PORT],DATAST_Generic_MS_IN_RP[KVM_MAX_PORT];  /* Byte1-Modifiers,Byte
             -2-Reverse,Byte3~8=>Data */
              #endif /* #if (DATAST_GENERIC_MS_IN_QUEUE) */
 158          //U8_T DATAST_Generic_MS_IN_WP[KVM_MAX_PORT],DATAST_Generic_MS_IN_RP[KVM_MAX_PORT]; 
 159          #else
              U8_T DATAST_Generic_MS_IN_WP,DATAST_Generic_MS_IN_RP; 
              #endif
 162          
C51 COMPILER V9.60.7.0   DATA_STREAM_GENERIC                                               06/23/2026 16:04:43 PAGE 4   

 163          U8_T TASK_DATAST_PS2_Generic_KB_ID;
 164          U8_T TASK_DATAST_PS2_Generic_MS_ID;
 165          U8_T TASK_DATAST_PS2_Generic_MS_ID2;
 166          
 167          static U8_T ps2RepeatCode;
 168          static U8_T DATAST_PS2_RepeatKeyCheck(U8_T keyType, U8_T keyCode);
 169          //---------------------------------------------------------------------------------------
 170          /*$STATIC VARIABLE DECLARATIONS   */
 171          /*$LOCAL SUBPROGRAM DECLARATIONS  */
 172          void DATAST_PS2_MS_Convert2_USB(U8_T *ps2_msdata);
 173          void TASK_DATAST_PS2_Generic_MS_Output_Handle(void);
 174          void DATAST_Append_Generic_MS_IN_Q(U8_T datatype,U8_T *datacode);
 175          
 176          /*$LOCAL SUBPROGRAM START   */
 177          /*
 178           * -------------------------------------------------------------------------------
 179           * void    DATAST_Generic_Queue_Init(void)
 180           * Purpose : Initializes the Data stream control 
 181           *       
 182           * Params  : none
 183           * Returns : none
 184           * Note    : 
 185           * -------------------------------------------------------------------------------
 186           */
 187          void DATAST_Generic_Queue_Init(void)
 188          {
 189   1        memset(DATAST_Generic_USB_KB_Queue,0x00,sizeof(DATAST_Generic_USB_KB_Queue));
 190   1        memset(DATAST_Generic_USB_MS_Queue,0x00,sizeof(DATAST_Generic_USB_MS_Queue));
 191   1      #ifdef SYNC 
 192   1        memset(DATAST_Generic_KB_IN_WP,0x00,sizeof(DATAST_Generic_KB_IN_WP));
 193   1        memset(DATAST_Generic_KB_IN_RP,0x00,sizeof(DATAST_Generic_KB_IN_RP)); 
 194   1      #if (DATAST_GENERIC_MS_IN_QUEUE)
 195   1        DATAST_Generic_MS_IN_WP = 0;
 196   1      #else
                memset(DATAST_Generic_MS_IN_WP,0x00,sizeof(DATAST_Generic_MS_IN_WP));
              #endif    
 199   1        memset(DATAST_Generic_MS_IN_RP,0x00,sizeof(DATAST_Generic_MS_IN_RP));   
 200   1      #else 
                DATAST_Generic_KB_IN_WP = 0;
                DATAST_Generic_KB_IN_RP = 0;
                DATAST_Generic_MS_IN_WP = 0;
                DATAST_Generic_MS_IN_RP = 0;
              #endif    
 206   1        DATAST_Generic_KB_Change_Flag = 0;   /* Indicate the Generic USB KB Queue Changed */
 207   1        ps2RepeatCode = 0;  
 208   1      }
 209          
 210          /*
 211           * -------------------------------------------------------------------------------
 212           * void    DATAST_Reset_GenericQueue(void)
 213           * Purpose : Initializes the Data stream control 
 214           *       
 215           * Params  : none
 216           * Returns : none
 217           * Note    : 
 218           * -------------------------------------------------------------------------------
 219           */
 220          void DATAST_Reset_GenericQueue(void)
 221          {
 222   1        USBDC_HID_ENPx_Data_Wait_Flag[USBDC_VHID_KB_ENDP_NUM] |= USBDC_UPORT[KVM_CurrentHost];
 223   1        USBDC_HID_ENPx_Data_Wait_Flag[USBDC_VHID_MS_ENDP_NUM] |= USBDC_UPORT[KVM_CurrentHost];
 224   1        DATAST_Generic_Queue_Init();
C51 COMPILER V9.60.7.0   DATA_STREAM_GENERIC                                               06/23/2026 16:04:43 PAGE 5   

 225   1      } /* End of DATAST_Init */ 
 226          
 227          /*
 228           * -------------------------------------------------------------------------------
 229           * void DATAST_Keyboard_Send(U8_T usb_keytype,U8_T usb_keycode)
 230           * Purpose :  
 231           *       
 232           * Params  : none
 233           * Returns : none
 234           * Note    : 
 235           * -------------------------------------------------------------------------------
 236           */
 237          #ifdef SYNC
 238          void DATAST_Keyboard_Send(U8_T port,U8_T usb_keytype,U8_T usb_keycode)
 239          { 
 240   1        //printf("S1");
 241   1        if (KVM_Check_KB_Skip_Condition()==0)
 242   1        {   
 243   2          //printf("S2:%02bx",TASK_DATAST_PS2_Generic_KB_ActiveFlag);
 244   2          DATAST_Append_Generic_KB_In_Queue(port,usb_keytype,usb_keycode);
 245   2          if ((TASK_DATAST_PS2_Generic_KB_ActiveFlag & BIT_MASK[port]) == 0)
 246   2          {
 247   3            //printf("S3");
 248   3            if (DATAST_Generic_KB_IN_WP[port] != DATAST_Generic_KB_IN_RP[port]) // check if there is data needed pr
             -ocessed
 249   3            {
 250   4              //printf("p:%bu,task\n\r",port);
 251   4              TASK_DATAST_PS2_Generic_KB_ActiveFlag |= BIT_MASK[port];
 252   4              TASK_Active(TASK_TYPE_EVENT,TASK_DATAST_PS2_Generic_KB_ID,0,port,0,0); // now aticev the Generic KB Ou
             -tput Handle
 253   4            }
 254   3          }
 255   2        }   
 256   1      }
 257          #else
              void DATAST_Keyboard_Send(U8_T port,U8_T usb_keytype,U8_T usb_keycode)
              {
                port = 0;
                if (KVM_Check_KB_Skip_Condition()==0)
                {   
                  DATAST_Append_Generic_KB_In_Queue(usb_keytype,usb_keycode);
                  if (TASK_DATAST_PS2_Generic_KB_ActiveFlag  == 0)
                  {
                    if (DATAST_Generic_KB_IN_WP != DATAST_Generic_KB_IN_RP) // check if there is data needed processed
                    {
                      TASK_DATAST_PS2_Generic_KB_ActiveFlag =1;
                      TASK_Active(TASK_TYPE_EVENT,TASK_DATAST_PS2_Generic_KB_ID,0,0,0,0); // now aticev the Generic KB Outpu
             -t Handle
                    }
                  }
                }   
              } 
              #endif
 275          /**-------------------------------------------------------------------------------------------------------
             ----
 276           * void    DATAST_PS2_Convert_To_USB(U8_T codetype,U8_T buflen,U8_T *buf,U8_T *usb_keytype,U8_T *usb_keyco
             -de)
 277           * Purpose : Initializes the Data stream control      
 278           * Params  : $codetype
 279           *           $buflen
 280           *           $buf:
 281           *           $usb_keytype
C51 COMPILER V9.60.7.0   DATA_STREAM_GENERIC                                               06/23/2026 16:04:43 PAGE 6   

 282           *           $usb_keycode
 283           * Returns : none
 284           * Note    : 
 285           *--------------------------------------------------------------------------------------------------------
             ----*/
 286          #if (SYSTEM_PS2_HOST_ENABLE)
              void DATAST_PS2_Convert_To_USB(U8_T codetype,U8_T buflen,U8_T *buf,U8_T *usb_keytype,U8_T *usb_keycode)
              {
                U8_T ps2_code;
              
                /*1.Process the Key type first */
                /*2.Convert the keycode */
                ps2_code = buf[buflen-1];
                if (codetype <= KB_TYPE_BREAK_F0 )
                {
                  *usb_keycode = DATAST_TranslateF0(ps2_code);  // get usb cancode
                }
                else
                {
                  *usb_keycode = DATAST_TranslateE0(ps2_code);   // get usb cancode
                }
              
                /* Check Multi Media Key */
                if ((*usb_keycode >= 0xb0) && (*usb_keycode <= 0xc4)) // system key & multi media key group
                {
                  if ((codetype & 0x01) == 0x00) 
                    *usb_keytype = HID_USAGE_PAGE_0C_MAKE;
                  else 
                    *usb_keytype = HID_USAGE_PAGE_0C_BREAK;
                }
                else
                {
                  if ((codetype & 0x01) == 0x00) 
                    *usb_keytype = HID_USAGE_PAGE_07_MAKE;
                  else 
                    *usb_keytype = HID_USAGE_PAGE_07_BREAK;
                }
              }
              
              /******************************************************************************/
              /*
              **  Function Name: TranslateF0
              **  Parameter    : code, ps/2 input scancode with F0 type
              **  Description  : Translate the PS/2 input scan code into USB scan code
              **
              **
              */
              U8_T DATAST_TranslateF0(U8_T usbcode)
              {
                switch ( usbcode )
                {
                  case 0xf1:
                    return 0x91;
                  case 0xf2:
                    return 0x90;
                }
              
                return Table_PS2_F0[usbcode];
              }
              
              /******************************************************************************/
              /*
C51 COMPILER V9.60.7.0   DATA_STREAM_GENERIC                                               06/23/2026 16:04:43 PAGE 7   

              **  Function Name: TranslateE0
              **  Parameter    : code, ps/2 input scancode with E0 type
              **  Description  : Translate the PS/2 input scan code into USB scan code
              **
              **
              */
              U8_T DATAST_TranslateE0(U8_T ps2Code)
              {
                if ( ps2Code <= 0x7F )
                  return  Table_PS2_E0[ps2Code];
                return (0);
              }
              #endif
 356          
 357          /******************************************************************************/
 358          /*
 359          **  Function Name: DATAST_PS2_KB_Handle(U8_T codetype,U8_T buflen,U8_T *buf)
 360          **  Parameter    : 
 361          **  Description  : Translate the PS/2 input scan code into USB scan code
 362          **
 363          **
 364          */
 365          #if (SYSTEM_PS2_HOST_ENABLE)
              void DATAST_PS2_KB_Handle(U8_T codetype,U8_T buflen,U8_T *buf)
              {
                U8_T usb_keytype,usb_keycode=0;
              
              #if (SYSTEM_EXTENDER_RECEIVER)
                if (KVM_CurrentHost == REMOTE_HOST_PORT)
                {
                  goto PS2_KB_HANDLE_NEXT_01;
                } 
              #endif    
              
                /*1.Convert keytype & keycode into KVM_USB_Keytype,KVM_USB_Keycode */
                DATAST_PS2_Convert_To_USB(codetype,buflen,buf,&usb_keytype,&usb_keycode);
              
                if (usb_keycode == 0)
                  return;
              
                /*2.Check the hotkey setting */
                if (DATAST_PS2_RepeatKeyCheck(usb_keytype, usb_keycode) == 0)
                {
              #if (SYSTEM_EXTENDER_RECEIVER)    
              PS2_KB_HANDLE_NEXT_01:    
              #endif  
              
              #if (KVM_HOTKEY_SUPPORT)
                  Kb_devinx = USBDC_VHID_DEVINX;
                  HOTKEY_Handle(usb_keytype,usb_keycode); // check necessary operation, hotkey or autoscan break .....
              #endif
                  
              #if (SYSTEM_EXTENDER_RECEIVER)
                  if (KVM_CurrentHost == REMOTE_HOST_PORT)
                  {     
              #ifndef ONEHID      
                    ExtenderR_PS2_DataTransfer(EXTENDER_PS2_KEYBOARD,buf,buflen);
              #endif      
                    return;
                  }
              #endif        
              #ifdef SYNC
C51 COMPILER V9.60.7.0   DATA_STREAM_GENERIC                                               06/23/2026 16:04:43 PAGE 8   

                  DATAST_Keyboard_Send(KVM_CurrentHost,usb_keytype,usb_keycode);
              #else   
                  DATAST_Keyboard_Send(usb_keytype,usb_keycode);
              #endif    
                  /*
                  if (KVM_Check_KB_Skip_Condition()==0)
                  {
                    DATAST_Append_Generic_KB_In_Queue(usb_keytype,usb_keycode);
                    if (TASK_DATAST_PS2_Generic_KB_ActiveFlag  == 0)
                    {
                      if (DATAST_Generic_KB_IN_WP != DATAST_Generic_KB_IN_RP) // check if there is data needed processed
                      {
                        TASK_DATAST_PS2_Generic_KB_ActiveFlag =1;
                        TASK_Active(TASK_TYPE_EVENT,TASK_DATAST_PS2_Generic_KB_ID,0,0,0,0); // now aticev the Generic KB Outp
             -ut Handle
                      }
                    }
                  }   
                  */  
                }
                
                /*3.Check the Autoscan Sotp conditon */
                /*4.Put into Generic KB Queue */
              }
              
              /*----------------------------------------------------------------------------
               * voi DATAST_PS2_RepeatKeyCheck(U8_T keyType,U8_T keyCode)
               * Purpose : Check the key received is repeat
               * Params  : none
               * Returns : none
               * Note    : none
               * ----------------------------------------------------------------------------
               */
              static U8_T DATAST_PS2_RepeatKeyCheck(U8_T keyType, U8_T keyCode)
              {
                if ((keyType & 0x01) == 0)  // this is make key
                {
                  // For PS/2 will generate repeat key, so this procedure
                  // will handle the repeat status
                  if (ps2RepeatCode == 0x00) // the first key
                  {
                    ps2RepeatCode = keyCode;
                  }
                  else
                  {
                    if (ps2RepeatCode == keyCode) // repeat key, skip it !!!!!!
                    {
                      return 1;
                    }
                  }
                }
                else  // Break Key, reset repeat key
                {
                  // keyboard break key, reset the repeat condition
                  ps2RepeatCode = 0x00;
                }
              
                return 0;
              }
              #endif
 464          
 465          /******************************************************************************/
C51 COMPILER V9.60.7.0   DATA_STREAM_GENERIC                                               06/23/2026 16:04:43 PAGE 9   

 466          /*
 467          **  Function Name: DATAST_PS2_MS_Handle(void)
 468          **  Parameter    : 
 469          **  Description  : Translate the PS/2 input scan code into USB scan code
 470          **
 471          **
 472          */
 473          #ifdef SYNC
 474          void DATAST_PS2_MS_Handle(U8_T usb_type)
 475          {
 476   1        U8_T pid,rp;  
 477   1        #if (DATAST_GENERIC_MS_IN_QUEUE==0) 
                U8_T maxport;
                #endif
 480   1        /*1.Convert keytype & keycode into KVM_USB_Keytype,KVM_USB_Keycode */ 
 481   1        //if (KVM_Check_MS_Skip_Condition()==0) 
 482   1      #if (DATAST_GENERIC_MS_IN_QUEUE)  
 483   1        for (pid=0; pid < KVM_MAX_PORT ; pid++)
 484   1        {
 485   2          if (KM_SYNC_Port_Setting(pid) == 0)
 486   2          { 
 487   3            rp = DATAST_Generic_MS_IN_RP[pid];
 488   3            if (DATAST_Generic_MS_Port_Mask[rp] & BIT_MASK[pid])
 489   3            { 
 490   4              //printf("{%02bx}",DATAST_Generic_MS_Port_Mask[rp]);
 491   4              if ((TASK_DATAST_PS2_Generic_MS_ActiveFlag & BIT_MASK[pid]) == 0)
 492   4              {     
 493   5                if (DATAST_Generic_MS_IN_WP != DATAST_Generic_MS_IN_RP[pid]) // check if there is data needed process
             -ed#endif      
 494   5                {   
 495   6                  TASK_DATAST_PS2_Generic_MS_ActiveFlag |= BIT_MASK[pid];   
 496   6                  if (TASK_DATAST_PS2_Generic_MS_ID2==0)
 497   6                    TASK_DATAST_PS2_Generic_MS_ID2 = TASK_DATAST_PS2_Generic_MS_ID;         
 498   6                  //printf("[T0:%bu.%bu]",TASK_DATAST_PS2_Generic_MS_ID2,TASK_DATAST_PS2_Generic_MS_ID);
 499   6                  TASK_Active(TASK_TYPE_INTERVAL_MS,TASK_DATAST_PS2_Generic_MS_ID2,usb_type,pid,1,1); // now aticev th
             -e Generic KB Output Handle
 500   6                  continue;
 501   6                }
 502   5              }
 503   4            }
 504   3          }     
 505   2          DATAST_Generic_MS_IN_RP[pid] = DATAST_Generic_MS_IN_WP;         
 506   2        }
 507   1      #else 
                if (KVM_Flash.cSystemFlag2 & (SYSTEM_ALL_SYNC_MASK | SYSTEM_MS_SYNC_MASK))    
                {
                  pid=0;
                  maxport = KVM_MAX_PORT;
                }
                else
                {
                  pid = KVM_CurrentHost;
                  maxport = KVM_CurrentHost+1;
                }   
                
                for (; pid < maxport ; pid++)
                {
                  if (KM_SYNC_Port_Setting(pid) == 0)
                  { 
                    if ((TASK_DATAST_PS2_Generic_MS_ActiveFlag & BIT_MASK[pid]) == 0)
                    {     
                      if (DATAST_Generic_MS_IN_WP[pid] != DATAST_Generic_MS_IN_RP[pid]) // check if there is data needed pro
C51 COMPILER V9.60.7.0   DATA_STREAM_GENERIC                                               06/23/2026 16:04:43 PAGE 10  

             -cessed#endif      
                      {   
                        TASK_DATAST_PS2_Generic_MS_ActiveFlag |= BIT_MASK[pid];   
                        if (TASK_DATAST_PS2_Generic_MS_ID2==0)
                          TASK_DATAST_PS2_Generic_MS_ID2 = TASK_DATAST_PS2_Generic_MS_ID;         
                        //printf("[T0:%bu.%bu]",TASK_DATAST_PS2_Generic_MS_ID2,TASK_DATAST_PS2_Generic_MS_ID);
                        TASK_Active(TASK_TYPE_INTERVAL_MS,TASK_DATAST_PS2_Generic_MS_ID2,usbtype,pid,1,1); // now aticev the 
             -Generic KB Output Handle
                      }
                    }
                  } 
                }
              #endif /* #ifdef DATAST_GENERIC_MS_IN_QUEUE */
 537   1      }
 538          #else //None Sync condition
              void DATAST_PS2_MS_Handle(U8_T usbtype)
              {
                /*1.Convert keytype & keycode into KVM_USB_Keytype,KVM_USB_Keycode */ 
                if (KVM_Check_MS_Skip_Condition()==0)
                {
                  if (TASK_DATAST_PS2_Generic_MS_ActiveFlag  == 0)
                  {
                    if (DATAST_Generic_MS_IN_WP != DATAST_Generic_MS_IN_RP) // check if there is data needed processed
                    {
                      TASK_DATAST_PS2_Generic_MS_ActiveFlag =1;           
                      TASK_Active(TASK_TYPE_INTERVAL_MS,TASK_DATAST_PS2_Generic_MS_ID2,usbtype,0,1,1); // now aticev the Gen
             -eric KB Output Handle
                    }
                  }
                }
              }
              #endif
 555          /******************************************************************************/
 556          /*
 557          **  Function Name: DATAST_Search_Generic_USBKB_Q(U8_T keycode)
 558          **  Parameter    : 
 559          **  Description  : 
 560          **
 561          **
 562          */
 563          #ifdef  SYNC
 564          U8_T DATAST_Search_Generic_USBKB_Q(U8_T port,U8_T keycode)
 565          {
 566   1        U8_T i;
 567   1      
 568   1        i = 2;
 569   1      SEARCH_USB_BUF_START:
 570   1        if (DATAST_Generic_USB_KB_Queue[port][i] == keycode )
 571   1          return i;
 572   1        i++;
 573   1        if ( i < 8 )
 574   1          goto  SEARCH_USB_BUF_START;
 575   1        return GENERIC_KB_NOT_FOUND;
 576   1      }
 577          #else
              U8_T DATAST_Search_Generic_USBKB_Q(U8_T keycode)
              {
                U8_T i;
              
                i = 2;
              SEARCH_USB_BUF_START:
                if (DATAST_Generic_USB_KB_Queue[i] == keycode )
C51 COMPILER V9.60.7.0   DATA_STREAM_GENERIC                                               06/23/2026 16:04:43 PAGE 11  

                  return i;
                i++;
                if ( i < 8 )
                  goto  SEARCH_USB_BUF_START;
                return GENERIC_KB_NOT_FOUND;
              }
              #endif
 592          //****************************************************************************************************
 593          //* Program Name : DATAST_Adjust_Generic_USBKB_Q
 594          //* Parameter    : index, the current index 
 595          //* Description  : addjust the byte after the index, this is no effect in windows system, but will fit for
 596          //                 Sun micro System
 597          //****************************************************************************************************
 598          #ifdef  SYNC
 599          void DATAST_Adjust_Generic_USBKB_Q(U8_T port,U8_T index)
 600          {
 601   1        U8_T i;
 602   1      
 603   1        for (i=index ; i < 7 ; i++ )
 604   1        {
 605   2          DATAST_Generic_USB_KB_Queue[port][i] = DATAST_Generic_USB_KB_Queue[port][i+1];
 606   2        }
 607   1        DATAST_Generic_USB_KB_Queue[port][7] = 0; // the last byte
 608   1      }
 609          #else
              void DATAST_Adjust_Generic_USBKB_Q(U8_T index)
              {
                U8_T i;
              
                for (i=index ; i < 7 ; i++ )
                {
                  DATAST_Generic_USB_KB_Queue[i] = DATAST_Generic_USB_KB_Queue[i+1];
                }
                DATAST_Generic_USB_KB_Queue[7] = 0; // the last byte
              }
              #endif 
 621          //****************************************************************************************************
 622          //* Program Name : DATAST_Remove_Generic_USBKB_Q
 623          //* Parameter    : code=> the code need to move from the usb output queue
 624          //* Description  : Remove the usb code into the USB output queue
 625          //****************************************************************************************************
 626          #ifdef SYNC
 627          void DATAST_Remove_Generic_USBKB_Q(U8_T port,U8_T keycode)
 628          {
 629   1        U8_T i;
 630   1        
 631   1        if (keycode == CHAR_REPEAT)
 632   1        { 
 633   2          memcpy(DATAST_Generic_USB_KB_Queue[port],KM_SYNC_Sync_KB_HID_RepeatTableBreak,8);
 634   2          DATAST_Generic_KB_Change_Flag = 1;
 635   2          return;
 636   2        }
 637   1        
 638   1        i=DATAST_Search_Generic_USBKB_Q(port,keycode);  // is the code in buffer already?
 639   1        if (i != GENERIC_KB_NOT_FOUND)        // if find the code
 640   1        {
 641   2          DATAST_Adjust_Generic_USBKB_Q(port,i);    // in the queue, remove it
 642   2          DATAST_Generic_KB_Change_Flag = 1;
 643   2      #if (SYSTEM_HARDWARE_PS2_ENABLE)
                  //cPS2_KB_PressCnt--;
              #endif    
 646   2        }
C51 COMPILER V9.60.7.0   DATA_STREAM_GENERIC                                               06/23/2026 16:04:43 PAGE 12  

 647   1      }
 648          #else
              void DATAST_Remove_Generic_USBKB_Q(U8_T keycode)
              {
                U8_T i;
              
                i=DATAST_Search_Generic_USBKB_Q(keycode); // is the code in buffer already?
                if (i != GENERIC_KB_NOT_FOUND)        // if find the code
                {
                  DATAST_Adjust_Generic_USBKB_Q(i);   // in the queue, remove it
                  DATAST_Generic_KB_Change_Flag = 1;
              #if (SYSTEM_HARDWARE_PS2_ENABLE)
                  cPS2_KB_PressCnt--;
              #endif    
                }
              }
              #endif
 664          //****************************************************************************************************
 665          //* Program Name : DATAST_Append_Generic_USBKB_Q
 666          //* Parameter    : code=> the code need to add into the usb output queue
 667          //* Description  : Add the usb code into the USB output queue
 668          //****************************************************************************************************
 669          #ifdef SYNC
 670          void DATAST_Append_Generic_USBKB_Q(U8_T port,U8_T keycode)
 671          {
 672   1        U8_T i;
 673   1      
 674   1        if (keycode == CHAR_REPEAT)
 675   1        { 
 676   2          memcpy(DATAST_Generic_USB_KB_Queue[port],KM_SYNC_Sync_KB_HID_RepeatTableMake[port],8);
 677   2          goto DATAST_Append_Generic_USBKB_Q_Valid;
 678   2        }
 679   1          
 680   1        i = DATAST_Search_Generic_USBKB_Q(port,keycode);
 681   1      
 682   1        if (i != GENERIC_KB_NOT_FOUND) // is the code in buffer already?
 683   1        {
 684   2          return;
 685   2        }
 686   1        
 687   1        i = DATAST_Search_Generic_USBKB_Q(port,0x00); // find out the first byte for 0x00
 688   1      
 689   1        if (i == GENERIC_KB_NOT_FOUND)      // where is the first 0 byte position
 690   1        {
 691   2          DATAST_Adjust_Generic_USBKB_Q(port,2);
 692   2          i = 7; // the last byte
 693   2        }
 694   1        DATAST_Generic_USB_KB_Queue[port][i] = keycode; 
 695   1      DATAST_Append_Generic_USBKB_Q_Valid:
 696   1        DATAST_Generic_KB_Change_Flag = 1;
 697   1      #if (SYSTEM_PS2_HOST_ENABLE)
                //cPS2_KB_PressCnt++;
              #endif  
 700   1      }
 701          #else
              void DATAST_Append_Generic_USBKB_Q(U8_T keycode)
              {
                U8_T i;
              
                i = DATAST_Search_Generic_USBKB_Q(keycode);
              
                if (i != GENERIC_KB_NOT_FOUND) // is the code in buffer already?
C51 COMPILER V9.60.7.0   DATA_STREAM_GENERIC                                               06/23/2026 16:04:43 PAGE 13  

                {
                  return;
                }
                
                i = DATAST_Search_Generic_USBKB_Q(0x00); // find out the first byte for 0x00
              
                if (i == GENERIC_KB_NOT_FOUND)      // where is the first 0 byte position
                {
                  DATAST_Adjust_Generic_USBKB_Q(2);
                  i = 7; // the last byte
                }
                DATAST_Generic_USB_KB_Queue[i] = keycode; 
                DATAST_Generic_KB_Change_Flag = 1;
              #if (SYSTEM_PS2_HOST_ENABLE)
                cPS2_KB_PressCnt++;
              #endif  
              }
              #endif
 727          /******************************************************************************/
 728          /*
 729          **  Function Name: DATAST_Append_Generic_KB_In_Byte(U8_T byte)
 730          **  Parameter    : 
 731          **  Description  : 
 732          **
 733          **
 734          */
 735          #ifdef SYNC
 736          void DATAST_Append_Generic_KB_In_Byte(U8_T port,U8_T byte)
 737          {
 738   1        DATAST_Generic_KB_IN_Queue[port][DATAST_Generic_KB_IN_WP[port]] = byte;
 739   1        DATAST_Generic_KB_IN_WP[port]++;
 740   1        if (DATAST_Generic_KB_IN_WP[port] >= DATAST_GENERIC_KB_IN_MAX)
 741   1        {
 742   2          DATAST_Generic_KB_IN_WP[port] = 0;
 743   2        }
 744   1      }
 745          #else
              void DATAST_Append_Generic_KB_In_Byte(U8_T byte)
              {
                DATAST_Generic_KB_IN_Queue[DATAST_Generic_KB_IN_WP] = byte;
                DATAST_Generic_KB_IN_WP++;
                if (DATAST_Generic_KB_IN_WP >= DATAST_GENERIC_KB_IN_MAX)
                {
                  DATAST_Generic_KB_IN_WP = 0;
                }
              }
              #endif
 756          /******************************************************************************/
 757          /*
 758          **  Function Name: DATAST_Append_Generic_KB_In_Queue(U8_T codetype,U8_T buflen,U8_T *buf)
 759          **  Parameter    : 
 760          **  Description  : 
 761          **
 762          **
 763          */
 764          #ifdef SYNC
 765          void DATAST_Append_Generic_KB_In_Queue(U8_T port,U8_T usb_keytype,U8_T usb_keycode) 
 766          {
 767   1        U8_T byte;
 768   1      
 769   1        byte = DATAST_PACKAGE_DATA_USB | (usb_keytype << 4) | 0x01;
 770   1      
C51 COMPILER V9.60.7.0   DATA_STREAM_GENERIC                                               06/23/2026 16:04:43 PAGE 14  

 771   1        DATAST_Append_Generic_KB_In_Byte(port,byte);
 772   1        DATAST_Append_Generic_KB_In_Byte(port,usb_keycode);
 773   1      
 774   1      }
 775          #else
              void DATAST_Append_Generic_KB_In_Queue(U8_T usb_keytype,U8_T usb_keycode) 
              {
                U8_T byte;
              
                byte = DATAST_PACKAGE_DATA_USB | (usb_keytype << 4) | 0x01;
              
                DATAST_Append_Generic_KB_In_Byte(byte);
                DATAST_Append_Generic_KB_In_Byte(usb_keycode);
              
              }
              #endif
 787          /**************************************************************************************/
 788          /*
 789          **  Function Name: DATAST_Append_Generic_MS_IN_Q(U8_T codetype,U8_T buflen,U8_T *buf)
 790          **  Parameter    : 
 791          **  Description  : 
 792          **
 793          **
 794          */
 795          void DATAST_Append_Generic_MS_IN_Q(U8_T datatype,U8_T *datacode)
 796          {
 797   1        #if (DATAST_GENERIC_MS_IN_QUEUE==0)
                U8_T pid;
                #endif  
 800   1        U8_T port_mask;
 801   1        U8_T data_len;
 802   1      
 803   1      
 804   1      #ifdef SYNC 
 805   1        //Handle the sync condition
 806   1        if (KVM_Flash.cSystemFlag2 & SYSTEM_ALL_SYNC_MASK) //if in sync mode
 807   1        {
 808   2          port_mask = 0xff;
 809   2        }   
 810   1        else
 811   1        {
 812   2          port_mask = BIT_MASK[KVM_CurrentHost];    
 813   2        }   
 814   1      #endif /* #ifdef SYNC */
 815   1        
 816   1      #if (DATAST_GENERIC_MS_IN_QUEUE)  
 817   1        DATAST_Generic_MS_IN_Queue[DATAST_Generic_MS_IN_WP][0] = datacode[0];
 818   1        data_len = 3;
 819   1        if (datatype == GENERIC_USAGE_0C_MAKE)
 820   1        {       
 821   2          DATAST_Generic_MS_IN_Queue[DATAST_Generic_MS_IN_WP][1] = datacode[1];
 822   2          DATAST_Generic_MS_IN_Queue[DATAST_Generic_MS_IN_WP][2] = datacode[2];
 823   2        }
 824   1        else if (datatype == GENERIC_USAGE_0C_BREAK)
 825   1        {
 826   2          DATAST_Generic_MS_IN_Queue[DATAST_Generic_MS_IN_WP][1] = 0x00;
 827   2          DATAST_Generic_MS_IN_Queue[DATAST_Generic_MS_IN_WP][2] = 0x00;
 828   2        }
 829   1        else if (datatype == GENERIC_USAGE_07_MAKE) //relative mouse data
 830   1        {
 831   2          data_len = 4;
 832   2          DATAST_Generic_MS_IN_Queue[DATAST_Generic_MS_IN_WP][0] = 0x01; //normal mouse data page id 1
C51 COMPILER V9.60.7.0   DATA_STREAM_GENERIC                                               06/23/2026 16:04:43 PAGE 15  

 833   2          memcpy(&DATAST_Generic_MS_IN_Queue[DATAST_Generic_MS_IN_WP][1],datacode,4);
 834   2        }
 835   1        else
 836   1        {
 837   2          data_len = 6;
 838   2          datatype = GENERIC_USAGE_ABS_MAKE;
 839   2          DATAST_Generic_MS_IN_Queue[DATAST_Generic_MS_IN_WP][0] = 0x04; //normal mouse data page id 4
 840   2          memcpy(&DATAST_Generic_MS_IN_Queue[DATAST_Generic_MS_IN_WP][1],datacode,6);
 841   2        }   
 842   1        DATAST_Generic_MS_Port_Mask[DATAST_Generic_MS_IN_WP] = port_mask;
 843   1        DATAST_Generic_MS_IN_Queue[DATAST_Generic_MS_IN_WP][7] = data_len;
 844   1        DATAST_Generic_MS_IN_WP++;
 845   1        if (DATAST_Generic_MS_IN_WP >= DATAST_GENERIC_MS_IN_MAX)
 846   1        {
 847   2          DATAST_Generic_MS_IN_WP = 0;
 848   2        }
 849   1      #else //NO Queue Design
              #ifdef SYNC
                for (pid=0; pid < KVM_MAX_PORT ; pid++)
                {
                  DATAST_Generic_MS_IN_Queue[pid][0] = datacode[0];
                  if (datatype == GENERIC_USAGE_0C_MAKE)
                  {
                    DATAST_Generic_MS_IN_Queue[pid][1] = datacode[1];
                    DATAST_Generic_MS_IN_Queue[pid][2] = datacode[2];
                  } 
                  else if (datatype == GENERIC_USAGE_0C_BREAK)
                  {
                    DATAST_Generic_MS_IN_Queue[pid][1] = 0x00;
                    DATAST_Generic_MS_IN_Queue[pid][2] = 0x00;
                  }
                  else if (datatype == GENERIC_USAGE_07_MAKE) //relative mouse data
                  {
                    DATAST_Generic_MS_IN_Queue[pid][0] = 0x01; //normal mouse data page id 1
                    memcpy(&DATAST_Generic_MS_IN_Queue[pid][1],datacode,4);
                #if (SYSTEM_EXTENDER_RECEIVER)
                    if (pid == REMOTE_HOST_PORT)
                    {
                #ifndef ONEHID        
                      ExtenderR_PS2_DataTransfer(EXTENDER_PS2_MOUSE,&DATAST_Generic_MS_IN_Queue[pid][1],4);
                #endif  /* #ifndef ONEHID */      
                      return;
                    } 
                #endif  /* #if (SYSTEM_EXTENDER_RECEIVER) */  
                  }
                  else
                  {
                    DATAST_Generic_MS_IN_Queue[pid][0] = 0x04; //normal mouse data page id 4
                    memcpy(&DATAST_Generic_MS_IN_Queue[pid][1],datacode,6);
                #if (SYSTEM_EXTENDER_RECEIVER)
                    if (pid == REMOTE_HOST_PORT)
                    {
                      ExtenderR_PS2_DataTransfer(EXTENDER_PS2_MOUSE,&DATAST_Generic_MS_IN_Queue[pid][1],6);
                      return;
                    } 
                #endif /* #if (SYSTEM_EXTENDER_RECEIVER) */
                  }   
                  DATAST_Generic_MS_IN_WP[pid] = 1; 
                } 
              #else 
                  DATAST_Generic_MS_IN_Queue[0][0] = datacode[0];
                  if (datatype == GENERIC_USAGE_0C_MAKE)
C51 COMPILER V9.60.7.0   DATA_STREAM_GENERIC                                               06/23/2026 16:04:43 PAGE 16  

                  {
                    DATAST_Generic_MS_IN_Queue[0][1] = datacode[1];
                    DATAST_Generic_MS_IN_Queue[0][2] = datacode[2];
                  } 
                  else if (datatype == GENERIC_USAGE_0C_BREAK)
                  {
                    DATAST_Generic_MS_IN_Queue[0][1] = 0x00;
                    DATAST_Generic_MS_IN_Queue[0][2] = 0x00;
                  }
                  else if (datatype == GENERIC_USAGE_07_MAKE) //relative mouse data
                  {
                    DATAST_Generic_MS_IN_Queue[0][0] = 0x01; //normal mouse data page id 1
                    memcpy(&DATAST_Generic_MS_IN_Queue[0][1],datacode,4);
                #if (SYSTEM_EXTENDER_RECEIVER)
                    if (KVM_CurrentHost == REMOTE_HOST_PORT)
                    {
                #ifndef ONEHID        
                      ExtenderR_PS2_DataTransfer(EXTENDER_PS2_MOUSE,&DATAST_Generic_MS_IN_Queue[0][1],4);
                #endif  /* #ifndef ONEHID */      
                      return;
                    } 
                #endif  /* #if (SYSTEM_EXTENDER_RECEIVER) */  
                  }
                  else
                  {
                    DATAST_Generic_MS_IN_Queue[0][0] = 0x04; //normal mouse data page id 4
                    memcpy(&DATAST_Generic_MS_IN_Queue[0][1],datacode,6);
                #if (SYSTEM_EXTENDER_RECEIVER)
                    if (KVM_CurrentHost == REMOTE_HOST_PORT)
                    {
                      ExtenderR_PS2_DataTransfer(EXTENDER_PS2_MOUSE,&DATAST_Generic_MS_IN_Queue[0][1],6);
                      return;
                    } 
                #endif      
                  }   
                  DATAST_Generic_MS_IN_WP = 1;  
              #endif /* #ifdef SYNC */      
              #endif /* #if (DATAST_GENERIC_MS_IN_QUEUE) */     
 933   1      }
 934          
 935          /***************************************************************************************************/
 936          /*
 937          **  Function Name: TASK_DATAST_PS2_Generic_KB_Output_Handle(void)
 938          **  Parameter    : 
 939          **  Description  : 
 940          **
 941          **
 942          */
 943          #ifdef SYNC
 944          void TASK_DATAST_PS2_Generic_KB_Output_Handle(void)
 945          {
 946   1        U8_T length,datatype,datacode,modifier;
 947   1        U8_T port;
 948   1      
 949   1        /* 1.Check Task Ternimate Condition */  
 950   1        port = TASK_Register0;
 951   1        if (DATAST_Generic_KB_IN_WP[port] == DATAST_Generic_KB_IN_RP[port]) // check if there is data needed proc
             -essed
 952   1        {
 953   2          goto TASK_DATAST_PS2_Generic_KB_Output_Handle_Exit2;
 954   2        }
 955   1        
C51 COMPILER V9.60.7.0   DATA_STREAM_GENERIC                                               06/23/2026 16:04:43 PAGE 17  

 956   1      #if (SYSTEM_EXTENDER_RECEIVER)
                if (port == REMOTE_HOST_PORT)
                {
                  goto GENERIC_KB_CHECK_SKIP;
                }
              #endif      
 962   1        
 963   1        /*@@Check Port Suspend & Wakeup condition */
 964   1        if (USBDC_VHid_Resume_Check(port,USBDC_VHID_DEVINX) == SET) 
 965   1        {
 966   2          goto TASK_DATAST_PS2_Generic_KB_Output_Handle_Exit2;
 967   2        }
 968   1        
 969   1        if (USBDC_VHid_Valid_Check(port,USBDC_VHID_DEVINX) == USB_ERROR)
 970   1        {
 971   2          DATAST_Generic_KB_IN_WP[port] = DATAST_Generic_KB_IN_RP[port] = 0; // check if there is data needed proc
             -essed
 972   2          TASK_DATAST_PS2_Generic_KB_ActiveFlag &= ~BIT_MASK[port];
 973   2          return;
 974   2        }
 975   1        
 976   1      #if (SYSTEM_EXTENDER_RECEIVER)
                GENERIC_KB_CHECK_SKIP:
              #endif
 979   1        
 980   1        // if buffer has been filled and wait for send to host
 981   1        
 982   1        if ((USBDC_HID_ENPx_Data_Wait_Flag[USBDC_VHID_KB_ENDP_NUM] & USBDC_UPORT[port]) == 0) // if the buffer is
             - not ready, just skip
 983   1        {
 984   2          goto TASK_DATAST_PS2_Generic_KB_Output_Handle_Exit2;
 985   2        }
 986   1      
 987   1        /* 2.Process KB output */
 988   1        /* 2-1.Check Len & type first */
 989   1        DATAST_Generic_KB_Change_Flag = 0; // reset the key change status 
 990   1        length   = DATAST_Generic_KB_IN_Queue[port][DATAST_Generic_KB_IN_RP[port]] & DATAST_PACKAGE_LENGTH_MASK;
 991   1        datatype = DATAST_Generic_KB_IN_Queue[port][DATAST_Generic_KB_IN_RP[port]] & DATAST_PACKAGE_CODE_TYPE;  
 992   1        //if is make key, and the queue still have space to move in
 993   1        if ((datatype == GENERIC_USAGE_07_MAKE) || (datatype == GENERIC_USAGE_07_BREAK))
 994   1        {
 995   2          if (datatype == GENERIC_USAGE_07_MAKE)
 996   2          {
 997   3            
 998   3            if (DATAST_Generic_USB_KB_Queue[port][7] != 0) // still have space
 999   3            {
1000   4              if ((USBDC_HID_ENPx_Data_Wait_Flag[USBDC_VHID_KB_ENDP_NUM] & USBDC_UPORT[port]) == 0)
1001   4              {
1002   5                goto TASK_DATAST_PS2_Generic_KB_Output_Handle_Exit2;
1003   5              }
1004   4            }
1005   3          }
1006   2          else // break key
1007   2          {
1008   3            // if buffer has been filled and wait for send to host
1009   3            if ((USBDC_HID_ENPx_Data_Wait_Flag[USBDC_VHID_KB_ENDP_NUM] & USBDC_UPORT[port]) == 0)
1010   3            {
1011   4              goto TASK_DATAST_PS2_Generic_KB_Output_Handle_Exit2;
1012   4            } 
1013   3          }
1014   2        }
1015   1        DATAST_Generic_KB_IN_RP[port]++;
C51 COMPILER V9.60.7.0   DATA_STREAM_GENERIC                                               06/23/2026 16:04:43 PAGE 18  

1016   1        if (DATAST_Generic_KB_IN_RP[port] >= DATAST_GENERIC_KB_IN_MAX)
1017   1          DATAST_Generic_KB_IN_RP[port] = 0;
1018   1      
1019   1        datacode = DATAST_Generic_KB_IN_Queue[port][DATAST_Generic_KB_IN_RP[port]];
1020   1        DATAST_Generic_KB_IN_RP[port]++;
1021   1        if (DATAST_Generic_KB_IN_RP[port] >= DATAST_GENERIC_KB_IN_MAX)
1022   1          DATAST_Generic_KB_IN_RP[port] = 0;
1023   1        if (datacode != CHAR_REPEAT)
1024   1        { 
1025   2          if (datatype <= GENERIC_USAGE_07_BREAK)
1026   2          {
1027   3            if ((datacode >= 0xe0) && (datacode <= 0xe7))
1028   3            {
1029   4              modifier = 0x01 << (datacode-0xe0);
1030   4              if (datatype == GENERIC_USAGE_07_MAKE) // Modifiers Make
1031   4              {
1032   5                if ((DATAST_Generic_USB_KB_Queue[port][0] & modifier) == 0)
1033   5                {
1034   6                  DATAST_Generic_USB_KB_Queue[port][0] |= modifier;
1035   6      #if (SYSTEM_PS2_HOST_ENABLE)          
                          //cPS2_KB_PressCnt++;
              #endif          
1038   6                }
1039   5              }
1040   4              else
1041   4              {                                   // Modifiers Break
1042   5                if (DATAST_Generic_USB_KB_Queue[port][0] & modifier)
1043   5                {
1044   6                  DATAST_Generic_USB_KB_Queue[port][0] &= ~modifier;
1045   6      #if (SYSTEM_PS2_HOST_ENABLE)          
                          //cPS2_KB_PressCnt--;
              #endif          
1048   6                }
1049   5              }
1050   4      
1051   4              DATAST_Generic_KB_Change_Flag  = 1;
1052   4              goto TASK_DATAST_PS2_Generic_KB_Output_Handle_Exit;
1053   4            }
1054   3          }
1055   2        }
1056   1        switch (datatype)
1057   1        {
1058   2          case GENERIC_USAGE_07_MAKE: // this possible will make the key away.
1059   2            DATAST_Append_Generic_USBKB_Q(port,datacode);
1060   2            break;
1061   2          case GENERIC_USAGE_07_BREAK:
1062   2            DATAST_Remove_Generic_USBKB_Q(port,datacode);
1063   2            break;
1064   2          case GENERIC_USAGE_0C_MAKE: // this possible will make the key away.
1065   2          case GENERIC_USAGE_0C_BREAK:
1066   2            DATAST_Append_Generic_MS_IN_Q(datatype,(U8_T *)(&(PS2_USB_MultiMediaTab[datacode-0xb0])));
1067   2      #if (SYSTEM_PS2_HOST_ENABLE)
                    DATAST_PS2_MS_Handle(1);
              #endif
1070   2            goto TASK_DATAST_PS2_Generic_KB_Output_Handle_Exit2;
1071   2        }
1072   1      
1073   1        /* For Debug purpose */
1074   1      TASK_DATAST_PS2_Generic_KB_Output_Handle_Exit:
1075   1      #if (GENERIC_USB_KB_DEBUG)
                if (DATAST_Generic_KB_Change_Flag) // content has changed
                {
C51 COMPILER V9.60.7.0   DATA_STREAM_GENERIC                                               06/23/2026 16:04:43 PAGE 19  

                  printf("KBQ=[ ");
                  for (length=0; length < 8 ; length++)
                  {
                    printf("%02x ",(U16_T)DATAST_Generic_USB_KB_Queue[port][length]);
                  }
                  printf("]\n\r");
                }
              #endif
1086   1      
1087   1        if (DATAST_Generic_KB_Change_Flag)
1088   1        {
1089   2          if (USBDC_HID_ENPx_Data_Wait_Flag[USBDC_VHID_KB_ENDP_NUM] & USBDC_UPORT[port])
1090   2          {
1091   3            DATAST_Generic_KB_Change_Flag = 0;
1092   3            USBDC_HID_ENPx_Data_Wait_Flag[USBDC_VHID_KB_ENDP_NUM] &= ~USBDC_UPORT[port];      
1093   3      #if (SYSTEM_EXTENDER_RECEIVER) && (PROJECT_USB_GENERIC_HID_ENABLE)
                    if (port != REMOTE_HOST_PORT)     
              #endif        
1096   3            {
1097   4              USBDC_HAL_Endp_In_Buf_Move(DATAST_Generic_USB_KB_Queue[port],8,port,USBDC_VHID_DEVINX,USBDC_VHID_KB_EN
             -DP_NUM);
1098   4              USBDC_REGS_Endp_ControlSet(port,USBDC_VHID_DEVINX,USBDC_VHID_KB_ENDP_NUM,DA_CR_BVLD_SET);
1099   4            }
1100   3          }
1101   2        }
1102   1      
1103   1      TASK_DATAST_PS2_Generic_KB_Output_Handle_Exit2:
1104   1      
1105   1        if (DATAST_Generic_KB_IN_WP[port] != DATAST_Generic_KB_IN_RP[port]) //There is still needed to handle que
             -ue 
1106   1        {
1107   2          
1108   2          TASK_Wait_Current();
1109   2        }
1110   1        else
1111   1        {
1112   2          TASK_DATAST_PS2_Generic_KB_ActiveFlag &= ~BIT_MASK[port];
1113   2        }
1114   1      }
1115          
1116          #else
              
              void TASK_DATAST_PS2_Generic_KB_Output_Handle(void)
              {
                U8_T length,datatype,datacode,modifier;
              
                /* 1.Check Task Ternimate Condition */
                if (DATAST_Generic_KB_IN_WP == DATAST_Generic_KB_IN_RP) // check if there is data needed processed
                {
                  goto TASK_DATAST_PS2_Generic_KB_Output_Handle_Exit2;
                }
              #if (SYSTEM_EXTENDER_RECEIVER)
                if (KVM_CurrentHost == REMOTE_HOST_PORT)
                {
                  goto GENERIC_KB_CHECK_SKIP;
                }
              #endif      
                /*@@Check Port Suspend & Wakeup condition */
                if (USBDC_VHid_Resume_Check(KVM_CurrentHost,USBDC_VHID_DEVINX) == SET) 
                {
                  goto TASK_DATAST_PS2_Generic_KB_Output_Handle_Exit2;
                }
C51 COMPILER V9.60.7.0   DATA_STREAM_GENERIC                                               06/23/2026 16:04:43 PAGE 20  

                
                if (USBDC_VHid_Valid_Check(KVM_CurrentHost,USBDC_VHID_DEVINX) == USB_ERROR)
                {
                  DATAST_Generic_KB_IN_WP = DATAST_Generic_KB_IN_RP = 0; // check if there is data needed processed
                  TASK_DATAST_PS2_Generic_KB_ActiveFlag  = 0;
                  return;
                }
              #if (SYSTEM_EXTENDER_RECEIVER)
                GENERIC_KB_CHECK_SKIP:
              #endif
                
                // if buffer has been filled and wait for send to host
                if ((USBDC_HID_ENPx_Data_Wait_Flag[USBDC_VHID_KB_ENDP_NUM] & USBDC_UPORT[KVM_CurrentHost]) == 0) // if th
             -e buffer is not ready, just skip
                {
                  goto TASK_DATAST_PS2_Generic_KB_Output_Handle_Exit2;
                }
              
                /* 2.Process KB output */
                /* 2-1.Check Len & type first */
                DATAST_Generic_KB_Change_Flag = 0; // reset the key change status 
                length   = DATAST_Generic_KB_IN_Queue[DATAST_Generic_KB_IN_RP] & DATAST_PACKAGE_LENGTH_MASK;
                datatype = DATAST_Generic_KB_IN_Queue[DATAST_Generic_KB_IN_RP] & DATAST_PACKAGE_CODE_TYPE;
              
                //if is make key, and the queue still have space to move in
                if ((datatype == GENERIC_USAGE_07_MAKE) || (datatype == GENERIC_USAGE_07_BREAK))
                {
                  if (datatype == GENERIC_USAGE_07_MAKE)
                  {
                    if (DATAST_Generic_USB_KB_Queue[7] != 0) // still have space
                    {
                      if ((USBDC_HID_ENPx_Data_Wait_Flag[USBDC_VHID_KB_ENDP_NUM] & USBDC_UPORT[KVM_CurrentHost]) == 0)
                      {
                        goto TASK_DATAST_PS2_Generic_KB_Output_Handle_Exit2;
                      }
                    }
                  }
                  else // break key
                  {
                    // if buffer has been filled and wait for send to host
                    if ((USBDC_HID_ENPx_Data_Wait_Flag[USBDC_VHID_KB_ENDP_NUM] & USBDC_UPORT[KVM_CurrentHost]) == 0)
                    {
                      goto TASK_DATAST_PS2_Generic_KB_Output_Handle_Exit2;
                    } 
                  }
                }
              
                DATAST_Generic_KB_IN_RP++;
                if (DATAST_Generic_KB_IN_RP >= DATAST_GENERIC_KB_IN_MAX)
                  DATAST_Generic_KB_IN_RP = 0;
              
                datacode = DATAST_Generic_KB_IN_Queue[DATAST_Generic_KB_IN_RP];
                DATAST_Generic_KB_IN_RP++;
                if (DATAST_Generic_KB_IN_RP >= DATAST_GENERIC_KB_IN_MAX)
                  DATAST_Generic_KB_IN_RP = 0;
              
                if (datatype <= GENERIC_USAGE_07_BREAK)
                {
                  if ((datacode >= 0xe0) && (datacode <= 0xe7))
                  {
                    modifier = 0x01 << (datacode-0xe0);
                    if (datatype == GENERIC_USAGE_07_MAKE) // Modifiers Make
C51 COMPILER V9.60.7.0   DATA_STREAM_GENERIC                                               06/23/2026 16:04:43 PAGE 21  

                    {
                      if ((DATAST_Generic_USB_KB_Queue[0] & modifier) == 0)
                      {
                        DATAST_Generic_USB_KB_Queue[0] |= modifier;
              #if (SYSTEM_PS2_HOST_ENABLE)          
                        cPS2_KB_PressCnt++;
              #endif          
                      }
                    }
                    else
                    {                                   // Modifiers Break
                      if (DATAST_Generic_USB_KB_Queue[0] & modifier)
                      {
                        DATAST_Generic_USB_KB_Queue[0] &= ~modifier;
              #if (SYSTEM_PS2_HOST_ENABLE)          
                        cPS2_KB_PressCnt--;
              #endif          
                      }
                    }
              
                    DATAST_Generic_KB_Change_Flag  = 1;
                    goto TASK_DATAST_PS2_Generic_KB_Output_Handle_Exit;
                  }
                }
              
                switch (datatype)
                {
                  case GENERIC_USAGE_07_MAKE: // this possible will make the key away.
                    DATAST_Append_Generic_USBKB_Q(datacode);
                    break;
                  case GENERIC_USAGE_07_BREAK:
                    DATAST_Remove_Generic_USBKB_Q(datacode);
                    break;
                  case GENERIC_USAGE_0C_MAKE: // this possible will make the key away.
                  case GENERIC_USAGE_0C_BREAK:
                    DATAST_Append_Generic_MS_IN_Q(datatype,(U8_T *)(&(PS2_USB_MultiMediaTab[datacode-0xb0])));
              #if (SYSTEM_PS2_HOST_ENABLE)
                    DATAST_PS2_MS_Handle(1);
              #endif
                    goto TASK_DATAST_PS2_Generic_KB_Output_Handle_Exit2;
                }
              
                /* For Debug purpose */
              TASK_DATAST_PS2_Generic_KB_Output_Handle_Exit:
              #if (GENERIC_USB_KB_DEBUG)
                if (DATAST_Generic_KB_Change_Flag) // content has changed
                {
                  printf("KBQ=[ ");
                  for (length=0; length < 8 ; length++)
                  {
                    printf("%02x ",(U16_T)DATAST_Generic_USB_KB_Queue[length]);
                  }
                  printf("]\n\r");
                }
              #endif
              
                if (DATAST_Generic_KB_Change_Flag)
                {
                  if (USBDC_HID_ENPx_Data_Wait_Flag[USBDC_VHID_KB_ENDP_NUM] & USBDC_UPORT[KVM_CurrentHost])
                  {
                    DATAST_Generic_KB_Change_Flag = 0;
                    USBDC_HID_ENPx_Data_Wait_Flag[USBDC_VHID_KB_ENDP_NUM] &= ~USBDC_UPORT[KVM_CurrentHost];
C51 COMPILER V9.60.7.0   DATA_STREAM_GENERIC                                               06/23/2026 16:04:43 PAGE 22  

              #if (SYSTEM_EXTENDER_RECEIVER) && (PROJECT_USB_GENERIC_HID_ENABLE)
                    if (KVM_CurrentHost != REMOTE_HOST_PORT)      
              #endif        
                    {
                      USBDC_HAL_Endp_In_Buf_Move(DATAST_Generic_USB_KB_Queue,8,KVM_CurrentHost,USBDC_VHID_DEVINX,USBDC_VHID_
             -KB_ENDP_NUM);
                      USBDC_REGS_Endp_ControlSet(KVM_CurrentHost,USBDC_VHID_DEVINX,USBDC_VHID_KB_ENDP_NUM,DA_CR_BVLD_SET);
                    }
                  }
                }
              
              TASK_DATAST_PS2_Generic_KB_Output_Handle_Exit2:
              
                if (DATAST_Generic_KB_IN_WP != DATAST_Generic_KB_IN_RP) //There is still needed to handle queue 
                {
                  TASK_Wait_Current();
                }
                else
                {
                  TASK_DATAST_PS2_Generic_KB_ActiveFlag = 0;
                }
              }
              #endif
1283          
1284          
1285          /***************************************************************************************************/
1286          /*
1287          **  Function Name: TASK_DATAST_PS2_Generic_MS_Output_Handle(void)
1288          **  Parameter    : 
1289          **  Description  : 
1290          **
1291          **
1292          */
1293          #ifdef SYNC
1294          void TASK_DATAST_PS2_Generic_MS_Output_Handle(void)
1295          {
1296   1      #define   BOOT_MS_LEN   3 
1297   1        U8_T port;
1298   1        U8_T length=0,index;
1299   1        U8_T endpinx;
1300   1        
1301   1        port = TASK_Register0;
1302   1        //printf("p%bu",port);
1303   1        
1304   1        /* 1.Check Task Ternimate Condition */
1305   1      #if (DATAST_GENERIC_MS_IN_QUEUE)
1306   1      {
1307   2          if (DATAST_Generic_MS_IN_WP == DATAST_Generic_MS_IN_RP[port]) // check if there is data needed processed
1308   2          {
1309   3            //printf("e0");
1310   3            goto TASK_DATAST_PS2_Generic_MS_Output_Handle_Exit2;
1311   3          }
1312   2      }
1313   1      #else
              {
                if (DATAST_Generic_MS_IN_WP[port] == 0)
                {
                  goto TASK_DATAST_PS2_Generic_MS_Output_Handle_Exit2;
                }
                DATAST_Generic_MS_IN_RP[port] = 0;
              }
              #endif /* #if (DATAST_GENERIC_MS_IN_QUEUE) */
C51 COMPILER V9.60.7.0   DATA_STREAM_GENERIC                                               06/23/2026 16:04:43 PAGE 23  

1322   1        /*@@Check Port Suspend & Wakeup condition */
1323   1        if (USBDC_VHid_Resume_Check(port,USBDC_VHID_DEVINX) == SET) 
1324   1        {
1325   2          //printf("e1");
1326   2          goto TASK_DATAST_PS2_Generic_MS_Output_Handle_Exit2;
1327   2        }
1328   1        
1329   1        if (USBDC_VHid_Valid_Check(port,USBDC_VHID_DEVINX) == USB_ERROR)
1330   1        {
1331   2          #if (DATAST_GENERIC_MS_IN_QUEUE)
1332   2          DATAST_Generic_MS_IN_RP[port] = DATAST_Generic_MS_IN_WP;
1333   2          #else
                  DATAST_Generic_MS_IN_WP[port] = DATAST_Generic_MS_IN_RP[port] = 0; // check if there is data needed proc
             -essed
                  #endif
1336   2          TASK_DATAST_PS2_Generic_MS_ActiveFlag &= ~BIT_MASK[port];   
1337   2          goto TASK_DATAST_PS2_Generic_MS_Output_Handle_Exit2;
1338   2          //return;
1339   2        }
1340   1      
1341   1        /* 2.Process MS output */
1342   1        /* 2-1.Check Len & type first */
1343   1        endpinx = USBDC_VHID_MS_ENDP_NUM;
1344   1        switch(DATAST_Generic_MS_IN_Queue[DATAST_Generic_MS_IN_RP[port]][0])
1345   1        {
1346   2          case 1: //normal mouse data
1347   2            length = 5;
1348   2      #ifdef ONEHID   
              #else   
1350   2            //Convert PS/2 Mouse format to USB
1351   2            if ((TASK_Event & 0x0f)== 0)
1352   2              DATAST_PS2_MS_Convert2_USB(&DATAST_Generic_MS_IN_Queue[DATAST_Generic_MS_IN_RP[port]][1]);
1353   2      #endif  /* #ifdef ONEHID */ 
1354   2            break;
1355   2          case 2: //system keyboard keycode
1356   2            length = 2;
1357   2            break;
1358   2          case 3: //consumer keyboard keycode
1359   2            length = 3;
1360   2            break;
1361   2          case 4: //absolute mouse data
1362   2            length = 7;
1363   2            endpinx = USBDC_VHID_MS2_ENDP_NUM;
1364   2            break;
1365   2        }
1366   1        
1367   1        //Check Boot Protocol issue
1368   1        index = 0x01 << (USBDC_VHID_MS_ENDP_NUM-1);
1369   1        if (USBDC_Device[USBDC_VHID_DEVINX].Current_Protocol[port] & index)
1370   1        {
1371   2          if (DATAST_Generic_MS_IN_Queue[DATAST_Generic_MS_IN_RP[port]][0] == 1)
1372   2          {
1373   3            for (index=0; index < BOOT_MS_LEN ; index++)
1374   3            {
1375   4              DATAST_Generic_USB_MS_Queue[index] = DATAST_Generic_MS_IN_Queue[DATAST_Generic_MS_IN_RP[port]][index+1
             -];
1376   4              DATAST_Generic_USB_MS_Report[index+1] = DATAST_Generic_MS_IN_Queue[DATAST_Generic_MS_IN_RP[port]][inde
             -x+1];
1377   4            }
1378   3            DATAST_Generic_USB_MS_Report[0] = BOOT_MS_LEN; // three byte in
1379   3            length = BOOT_MS_LEN; // out put 3 bytes
1380   3            DATAST_Generic_USB_MS_Queue[0] &= 0x07; // keep only 2 buttons
C51 COMPILER V9.60.7.0   DATA_STREAM_GENERIC                                               06/23/2026 16:04:43 PAGE 24  

1381   3          }
1382   2          else
1383   2            goto TASK_DATAST_PS2_Generic_MS_Output_Handle_Exit2; //skip multi media keyboard scancode
1384   2        }
1385   1        else
1386   1        {
1387   2          for (index=0; index < length ; index++)
1388   2          {
1389   3            DATAST_Generic_USB_MS_Queue[index] = DATAST_Generic_MS_IN_Queue[DATAST_Generic_MS_IN_RP[port]][index];
1390   3          }
1391   2        }
1392   1      
1393   1      #if (DATAST_GENERIC_MS_IN_QUEUE)
1394   1        #ifdef SYNC
1395   1        DATAST_Generic_MS_IN_RP[port]++;
1396   1        if (DATAST_Generic_MS_IN_RP[port] >= DATAST_GENERIC_MS_IN_MAX)
1397   1          DATAST_Generic_MS_IN_RP[port] = 0;
1398   1        #else
                DATAST_Generic_MS_IN_RP++;
                if (DATAST_Generic_MS_IN_RP >= DATAST_GENERIC_MS_IN_MAX)
                  DATAST_Generic_MS_IN_RP = 0;
                #endif
1403   1      #else 
                DATAST_Generic_MS_IN_WP[port] = 0;
              #endif /* #if (DATAST_GENERIC_MS_IN_QUEUE) */
1406   1        /* For Debug purpose */
1407   1      #if (GENERIC_USB_MS_DEBUG)
                printf("MSQ=[");
                for (index=0; index < length ; index++)
                {
                  if (index < (length-1))
                    printf("%02x ",(U16_T)DATAST_Generic_USB_MS_Queue[index]);
                  else
                    printf("%02x",(U16_T)DATAST_Generic_USB_MS_Queue[index]);
                }
                printf("]\n\r");
              #endif /* #if (GENERIC_USB_MS_DEBUG) */
1418   1        
1419   1      //#if (DATAST_GENERIC_MS_IN_QUEUE)
1420   1      //  if (USBDC_HID_ENPx_Data_Wait_Flag[USBDC_VHID_MS_ENDP_NUM] & USBDC_UPORT[port])
1421   1      //#endif /* #if (DATAST_GENERIC_MS_IN_QUEUE) */
1422   1        {   
1423   2          //printf("G");
1424   2          USBDC_HID_ENPx_Data_Wait_Flag[USBDC_VHID_MS_ENDP_NUM] &= ~USBDC_UPORT[port];
1425   2          USBDC_HAL_Endp_In_Buf_Move(DATAST_Generic_USB_MS_Queue,length,port,USBDC_VHID_DEVINX,endpinx);
1426   2          USBDC_REGS_Endp_ControlSet(port,USBDC_VHID_DEVINX,endpinx,DA_CR_BVLD_SET);
1427   2        }
1428   1      
1429   1      TASK_DATAST_PS2_Generic_MS_Output_Handle_Exit2:
1430   1        #if (DATAST_GENERIC_MS_IN_QUEUE)
1431   1        if (DATAST_Generic_MS_IN_WP != DATAST_Generic_MS_IN_RP[port]) //There is still needed to handle queue 
1432   1        #else
                if (DATAST_Generic_MS_IN_WP[port] != DATAST_Generic_MS_IN_RP[port]) //There is still needed to handle que
             -ue 
                #endif
1435   1        {
1436   2          //printf("E0");
1437   2          if (TASK_Type != TASK_TYPE_INTERVAL_MS)
1438   2          {
1439   3            TASK_Wait_Current(); //wait for next chance
1440   3          }
1441   2          //TASK_Wait_Current(); //wait for next chance
C51 COMPILER V9.60.7.0   DATA_STREAM_GENERIC                                               06/23/2026 16:04:43 PAGE 25  

1442   2        }
1443   1        else
1444   1        {
1445   2          //printf("E1");
1446   2          TASK_DATAST_PS2_Generic_MS_ActiveFlag &= ~BIT_MASK[port];
1447   2          if (TASK_Type == TASK_TYPE_INTERVAL_MS)
1448   2          {
1449   3            TASK_Destory_Current();
1450   3          }
1451   2        }
1452   1      }
1453          #else
              //For NONE SYNC Project
              void TASK_DATAST_PS2_Generic_MS_Output_Handle(void)
              {
                U8_T port;
                U8_T length=0,index;
                U8_T endpinx=USBDC_VHID_MS_ENDP_NUM;
                
                #define   BOOT_MS_LEN   3
              
                port = TASK_Register0;
                /* 1.Check Task Ternimate Condition */
              #if (DATAST_GENERIC_MS_IN_QUEUE)
              {
                  if (DATAST_Generic_MS_IN_WP == DATAST_Generic_MS_IN_RP) // check if there is data needed processed
                  {
                    goto TASK_DATAST_PS2_Generic_MS_Output_Handle_Exit2;
                  }
              }
              #else
              { // For NONE SYNC project
                if (DATAST_Generic_MS_IN_WP == 0)
                {
                  goto TASK_DATAST_PS2_Generic_MS_Output_Handle_Exit2;
                }
                DATAST_Generic_MS_IN_RP = 0;
              }
              #endif /* #if (DATAST_GENERIC_MS_IN_QUEUE) */
                /*@@Check Port Suspend & Wakeup condition */
                if (USBDC_VHid_Resume_Check(KVM_CurrentHost,USBDC_VHID_DEVINX) == SET) 
                {
                  goto TASK_DATAST_PS2_Generic_MS_Output_Handle_Exit2;
                }
                
                if (USBDC_VHid_Valid_Check(KVM_CurrentHost,USBDC_VHID_DEVINX) == USB_ERROR)
                {
                  DATAST_Generic_MS_IN_WP = DATAST_Generic_MS_IN_RP = 0; // check if there is data needed processed
                  TASK_DATAST_PS2_Generic_MS_ActiveFlag  = 0;
                  return;
                }
                
                /* 2.Process MS output */
                /* 2-1.Check Len & type first */
                endpinx = USBDC_VHID_MS_ENDP_NUM;
                switch(DATAST_Generic_MS_IN_Queue[DATAST_Generic_MS_IN_RP][0])
                {
                  case 1:
                    length = 5;
              #ifdef ONEHID   
              #else   
                    //Convert PS/2 Mouse format to USB
C51 COMPILER V9.60.7.0   DATA_STREAM_GENERIC                                               06/23/2026 16:04:43 PAGE 26  

                    if (TASK_Register0 == 0)
                      DATAST_PS2_MS_Convert2_USB(&DATAST_Generic_MS_IN_Queue[DATAST_Generic_MS_IN_RP][1]);
              #endif    
                    break;
                  case 2:
                    length = 2;
                    break;
                  case 3:
                    length = 3;
                    break;
                  case 4:
                    length = 7;
                    break;
                }
                
                //Check Boot Protocol issue
                index = 0x01 << (USBDC_VHID_MS_ENDP_NUM-1);
                if (USBDC_Device[USBDC_VHID_DEVINX].Current_Protocol[KVM_CurrentHost]  & index)
                {
                  if (DATAST_Generic_MS_IN_Queue[DATAST_Generic_MS_IN_RP][0] == 1)
                  {
                    for (index=0; index < BOOT_MS_LEN ; index++)
                    {
                      DATAST_Generic_USB_MS_Queue[index] = DATAST_Generic_MS_IN_Queue[DATAST_Generic_MS_IN_RP][index+1];
                      DATAST_Generic_USB_MS_Report[index+1] = DATAST_Generic_MS_IN_Queue[DATAST_Generic_MS_IN_RP][index+1];
                    }
                    DATAST_Generic_USB_MS_Report[0] = BOOT_MS_LEN; // three byte in
                    length = BOOT_MS_LEN; // out put 3 bytes
                    DATAST_Generic_USB_MS_Queue[0] &= 0x07; // keep only 2 buttons
                  }
                  else
                    goto TASK_DATAST_PS2_Generic_MS_Output_Handle_Exit2; //skip multi media keyboard scancode
                }
                else
                {
                  for (index=0; index < length ; index++)
                  {
                    DATAST_Generic_USB_MS_Queue[index] = DATAST_Generic_MS_IN_Queue[DATAST_Generic_MS_IN_RP][index];
                  }
                }
              
              #if (DATAST_GENERIC_MS_IN_QUEUE)
                DATAST_Generic_MS_IN_RP++;
                if (DATAST_Generic_MS_IN_RP >= DATAST_GENERIC_MS_IN_MAX)
                  DATAST_Generic_MS_IN_RP = 0;
              #else
                DATAST_Generic_MS_IN_WP = 0;
              #endif /* #if (DATAST_GENERIC_MS_IN_QUEUE) */
                /* For Debug purpose */
              #if (GENERIC_USB_MS_DEBUG)
                printf("MSQ=[");
                for (index=0; index < length ; index++)
                {
                  if (index < (length-1))
                    printf("%02x ",(U16_T)DATAST_Generic_USB_MS_Queue[index]);
                  else
                    printf("%02x",(U16_T)DATAST_Generic_USB_MS_Queue[index]);
                }
                printf("]\n\r");
              #endif /* #if (GENERIC_USB_MS_DEBUG) */
              
              #if (DATAST_GENERIC_MS_IN_QUEUE)
C51 COMPILER V9.60.7.0   DATA_STREAM_GENERIC                                               06/23/2026 16:04:43 PAGE 27  

                if (USBDC_HID_ENPx_Data_Wait_Flag[USBDC_VHID_MS_ENDP_NUM] & USBDC_UPORT[KVM_CurrentHost])
              #endif /* #if (DATAST_GENERIC_MS_IN_QUEUE) */
                {
                  //printf("[D%bu]",KVM_CurrentHost); 
                  USBDC_HID_ENPx_Data_Wait_Flag[USBDC_VHID_MS_ENDP_NUM] &= ~USBDC_UPORT[KVM_CurrentHost];
                  USBDC_HAL_Endp_In_Buf_Move(DATAST_Generic_USB_MS_Queue,length,KVM_CurrentHost,USBDC_VHID_DEVINX,endpinx)
             -;
                  USBDC_REGS_Endp_ControlSet(KVM_CurrentHost,USBDC_VHID_DEVINX,endpinx,DA_CR_BVLD_SET);
                }
              
              TASK_DATAST_PS2_Generic_MS_Output_Handle_Exit2:
                if (DATAST_Generic_MS_IN_WP != DATAST_Generic_MS_IN_RP) //There is still needed to handle queue 
                {
                  TASK_Wait_Current(); //wait for next chance
                }
                else
                {
                  TASK_DATAST_PS2_Generic_MS_ActiveFlag  = 0;
                }
              }
              #endif
1586          /***************************************************************************************************/
1587          /*
1588          **  Function Name: DATAST_PS2_MS_Convert2_USB(UINT8 *cHost_MS_Buf)
1589          **  Parameter    : 
1590          **  Description  : 
1591          **
1592          **
1593          */     
1594          void DATAST_PS2_MS_Convert2_USB(U8_T *ps2_msdata) 
1595          {
1596   1        U8_T temp1;
1597   1        
1598   1        temp1 =  (ps2_msdata[3] & 0xf0 ) >> 1;
1599   1        ps2_msdata[0] = (ps2_msdata[0] & 0x07) | temp1;    // prepare the 4,5 buttons
1600   1        ps2_msdata[2] = ~ps2_msdata[2]+1 ;                  // 3rd Mouse Data
1601   1        ps2_msdata[3] = ~( ps2_msdata[3] & 0x0f)+1;        // 4th Mouse Data
1602   1        if ( ps2_msdata[3] <= 0xf7 )
1603   1        {
1604   2          ps2_msdata[3] &= 0x0f;
1605   2        }
1606   1      }
1607          
1608          /*-------------------------------------------------------------------------------------
1609           * U8_T DATA_Generic_Check_MSB(U8_T rptsize,U16_T value)
1610           * Purpose : Print out the UART message when memory alloc fault
1611           * Params  : $msgindex: the process id 
1612           * Returns : none
1613           * Note    : none
1614           *--------------------------------------------------------------------------------------*/
1615          U8_T DATA_Generic_Check_MSB(U8_T rptsize,U16_T value)
1616          { 
1617   1        if ((rptsize == 12) && (value & 0x0800))
1618   1        { 
1619   2          if ((value & 0x0080) == 0)
1620   2          { 
1621   3            //printf("[0-%04x]\n\r",value);
1622   3            return 1;
1623   3          } 
1624   2        } 
1625   1        if ((rptsize == 16) && (value & 0x8000))
1626   1        {   
C51 COMPILER V9.60.7.0   DATA_STREAM_GENERIC                                               06/23/2026 16:04:43 PAGE 28  

1627   2          if ((value & 0x0080) == 0)
1628   2          { 
1629   3            //printf("[1-%04x]\n\r",value);   
1630   3            return 1;
1631   3          } 
1632   2        } 
1633   1        return 0;
1634   1      }
1635          
1636          /*-------------------------------------------------------------------------------------
1637           * void DATAST_Generic_Relative_Mouse_Data(U8_T devinx,U8_T inttid,U8_T *buf,U8_T len)
1638           * Purpose : Print out the UART message when memory alloc fault
1639           * Params  : $msgindex: the process id 
1640           * Returns : none
1641           * Note    : none
1642           *--------------------------------------------------------------------------------------
1643           */
1644          U8_T DATAST_Generic_Mouse_Data(USB_MS_Data_TypeDef *ms_data,U8_T *buf_type,U8_T mouse_mode)
1645          {
1646   1        U8_T    *mbuf;
1647   1        //U8_T  buf_type = GENERIC_USAGE_07_MAKE;
1648   1        U8_T    coordinate_data_flag=1;
1649   1          
1650   1        mbuf = DATAST_Generic_USB_MS_Report;
1651   1        *buf_type = GENERIC_USAGE_07_MAKE;  
1652   1        //1.Check System keycode
1653   1        if (Hid_Key_Parser_Flag & HID_KEY_SYSTEM_MASK)
1654   1        {     
1655   2          mbuf[0] = 0x02;       
1656   2          if (ms_data->b.wSystem.w)   // System key
1657   2          { // Make key     
1658   3            mbuf[1] = ms_data->b.wSystem.bbw.lsb;     
1659   3            mbuf[2] = 0x00;
1660   3            *buf_type = GENERIC_USAGE_0C_MAKE;
1661   3          }
1662   2          else
1663   2          { // Break key      
1664   3            mbuf[1] = 0x00;
1665   3            mbuf[2] = 0x00;
1666   3            *buf_type = GENERIC_USAGE_0C_BREAK;
1667   3          }   
1668   2          Hid_Key_Parser_Flag &= ~HID_KEY_SYSTEM_MASK;    
1669   2          coordinate_data_flag=0;
1670   2          goto DATAST_Generic_Mouse_Data_Out;
1671   2        } 
1672   1        //2.Check Consumer keycode
1673   1        if (Hid_Key_Parser_Flag & HID_KEY_CONSUMER_MASK)
1674   1        { 
1675   2          //printf("C++:%04x",ms_data->b.wConsumer.w);
1676   2          mbuf[0] = 0x03;
1677   2          if (ms_data->b.wConsumer.w)   // Consumer key
1678   2          { // Make key           
1679   3            mbuf[1] = ms_data->b.wConsumer.bbw.lsb;     
1680   3            mbuf[2] = ms_data->b.wConsumer.bbw.msb;
1681   3            *buf_type = GENERIC_USAGE_0C_MAKE;      
1682   3          } 
1683   2          else
1684   2          { // Break key      
1685   3            mbuf[1] = 0x00;
1686   3            mbuf[2] = 0x00;
1687   3            *buf_type = GENERIC_USAGE_0C_BREAK;       
1688   3          }     
C51 COMPILER V9.60.7.0   DATA_STREAM_GENERIC                                               06/23/2026 16:04:43 PAGE 29  

1689   2          Hid_Key_Parser_Flag &= ~HID_KEY_CONSUMER_MASK;    
1690   2          coordinate_data_flag=0;
1691   2          goto DATAST_Generic_Mouse_Data_Out;
1692   2        } 
1693   1        //3.Check Mouse coordination data 
1694   1        mbuf[0] = ms_data->b.wBtn.bbw.lsb;  // buttons
1695   1        //printf("[%02bx]",mbuf[0]);
1696   1        if (DATA_Generic_Check_MSB(ms_data->Xsize,ms_data->b.wX.w))  
1697   1          mbuf[1] = 0x80;   // X-lsb    
1698   1        else
1699   1          mbuf[1] = ms_data->b.wX.bbw.lsb;    // X-lsb    
1700   1        
1701   1        //if (ms_data->b.wY.bbw.msb & 0x08)
1702   1        if (DATA_Generic_Check_MSB(ms_data->Ysize,ms_data->b.wY.w))     
1703   1          mbuf[2] = 0x80;   // X-msb
1704   1        else
1705   1          mbuf[2] = ms_data->b.wY.bbw.lsb;  // X-msb
1706   1        
1707   1        mbuf[3] = ms_data->b.wZ.bbw.lsb;    // z    
1708   1        
1709   1        //if (mouse_mode == ABSOLUTE_MODE)  
1710   1        //if not in NC mode
1711   1        if ((KVM_Flash.cSystemFlag2 & SYSTEM_MS_DN_MASK) == 0x00)
1712   1        { 
1713   2          *buf_type = GENERIC_USAGE_ABS_MAKE; 
1714   2        } 
1715   1      
1716   1      #ifdef KMLOG
                KMLog_Send_Mouse_Relative(mbuf);
              #else 
1719   1        memcpy(Last_Relative_Coordinate,mbuf,4);
1720   1        if (API_User_Call_Back_Control & CALL_BACK_RELATIVE_MOUSE_MASK)
1721   1        {   
1722   2          API_Relative_Mouse_Data_Call_Back(Last_Relative_Coordinate,4);
1723   2        }       
1724   1      #endif  
1725   1        
1726   1      #ifdef SYNC     
1727   1        #ifdef SYNC_MS_HOTKEY
1728   1        KM_SYNC_MS_Hotkey_Check(mbuf[0]);
1729   1        #endif
1730   1        
1731   1        if (mouse_mode)
1732   1        { 
1733   2          KM_SYNC_Abs_Mouse_Coordinate_Convert(mbuf);
1734   2        } 
1735   1      #endif
1736   1        
1737   1      DATAST_Generic_Mouse_Data_Out:  
1738   1        mouse_mode = 0;
1739   1        //if (mouse_mode == 0)
1740   1        //  return 0;
1741   1          
1742   1        //DATAST_Append_Generic_MS_IN_Q(buf_type,mbuf); // normal mouse package 
1743   1      //#if (SYSTEM_EXTENDER_RECEIVER)
1744   1      //#else 
1745   1      //  DATAST_PS2_MS_Handle();
1746   1      //#endif  /* #if  (SYSTEM_EXTENDER_RECEIVER) */ 
1747   1      
1748   1        return 1;
1749   1      }  
1750                
C51 COMPILER V9.60.7.0   DATA_STREAM_GENERIC                                               06/23/2026 16:04:43 PAGE 30  

1751          #endif /* End of PROJECT_USB_GENERIC_HID_ENABLE */
1752          
1753          /* End of data_stream_generic.c */


MODULE INFORMATION:   STATIC OVERLAYABLE
   CODE SIZE        =   3347    ----
   CONSTANT SIZE    =   ----    ----
   XDATA SIZE       =    733      35
   PDATA SIZE       =   ----    ----
   DATA SIZE        =   ----    ----
   IDATA SIZE       =   ----    ----
   BIT SIZE         =      1    ----
   EDATA SIZE       =   ----    ----
   HDATA SIZE       =   ----    ----
   XDATA CONST SIZE =   ----    ----
   FAR CONST SIZE   =   ----    ----
END OF MODULE INFORMATION.


C51 COMPILATION COMPLETE.  0 WARNING(S),  0 ERROR(S)
