C51 COMPILER V9.60.7.0   DMA                                                               06/18/2026 10:50:21 PAGE 1   


C51 COMPILER V9.60.7.0, COMPILATION OF MODULE DMA
OBJECT MODULE PLACED IN .\dma.obj
COMPILER INVOKED BY: C:\Users\Administrator\AppData\Local\Keil_v5\C51\BIN\C51.EXE ..\Src\swdma\dma.c LARGE OMF2 ROM(D16M
                    -) OPTIMIZE(9,SIZE) BROWSE NOAREGS INCDIR(..\src\main\;..\src\cpu\;..\src\flash\;..\src\uart\;..\src\swdma\;..\src\mstime
                    -r\;..\src\i2c\;..\src\spi\;..\src\task_man\;..\src\project\;..\Src\ps2_host;..\Src\console_edid;..\Src\storage;..\Src\da
                    -ta_stream;..\Src\kvm_control\kvm_hotkey;..\Src\kvm_control\kvm_console;..\Src\kvm_control\kvm_button;..\Src\kvm_control\
                    -kvm_edid;..\Src\kvm_control\kvm_buzzer;..\src\gpio\;..\Src\hardware_ps2;..\Src\usbdc;..\Src\usbdc\usbdc_virtual;..\Src\u
                    -sb_std;..\Src\usbhc;..\Src\kvm_control\power_saving;..\Src\usbhc\MSC;..\Src\usbhc\AUDIO;..\Src\usbhc\HUB;..\Src\usbhc\HI
                    -D;..\Src\usbhc\HID_PARSER;..\Src\usbhc\ROOT_HUB;..\Src\usbdc\usbdc_hub;..\Src\usbdc\usbdc_hid;..\Src\kvm_control\kvm_sto
                    -rage\spi_flash;..\Src\usbdc\usbdc_msc\usb_scsi;..\Src\usbdc\usbdc_msc;..\Src\handler\logitech;..\Src\handler\A4_Tech;..\
                    -Src\usbdc\usbdc_vendor;..\Src\hsur;..\Src\extender\core;..\Src\extender\receiver;..\Src\uart_console;..\Src\kvm_control\
                    -km_sync;..\Src\hsur;..\Src\kvm_control\km_log;..\Src\kvm_control\km_api;..\Src\kvm_control\kvm_ir;..\Src\kvm_control\kvm
                    -_rtc;..\Src\i2c;..\Src\kvm_control\kvm_multiview) STRING(FAR) DEFINE(RuntimeCodeAt0KH,MCU_TYPE_AX68004,KVM,HC_TIMEOUT=10
                    -000,VHID,HID_PARSER_CORE_KB,HID_PARSER_CORE_MS,API,NO_AUDIO,NO_MSC,NO_EDID,HUART_BAUD=HUART_115K,SYNC,CROSS_JUMP_MAP0,VP
                    -ID_CHANGER,SYNC_KB_HOTKEY,SYNC_MS_HOTKEY,REPEAT_MODE=1,HSUART,MULTIVIEW) VARBANKING DEBUG PRINT(.\dma.lst) TABS(2) OBJEC
                    -T(.\dma.obj)

line level    source

   1          /*
   2           *********************************************************************************
   3           *     Copyright (c) 2014   ASIX Electronic Corporation      All rights reserved.
   4           *
   5           *     This is unpublished proprietary source code of ASIX Electronic Corporation
   6           *
   7           *     The copyright notice above does not evidence any actual or intended
   8           *     publication of such source code.
   9           *********************************************************************************
  10           */
  11          /*================================================================================
  12           * Module Name : dma.c
  13           * Purpose     : Provides a DMA that is used by software.
  14           *               This module handles all DMA functions 
  15           * Author      : 
  16           * Date        :
  17           * Notes       : 
  18           *================================================================================
  19           */
  20          
  21          /* INCLUDE FILE DECLARATIONS */
  22          #include "ax6800x.h"
  23          #include "types.h"
  24          #include "dma.h"
  25          
  26          /* GLOBAL VARIABLE DECLARATIONS */
  27          /* STATIC VARIABLE DECLARATIONS */
  28          static bit dma_isr;
  29          
  30          /* LOCAL SUBPROGRAM BODIES */
  31          
  32          /*
  33           * ----------------------------------------------------------------------------
  34           * void DMA_RegRead(U8_T regaddr, U8_T XDATA* pbuf, U8_T length)
  35           * Purpose: Read SW DMA register.
  36           * Params : regaddr: A register index address.
  37           *          pbuf: A pointer to indicate the register data.
  38           *          length: How many bytes will be read. 
  39           * Returns: None.
  40           * Note   : None.
  41           * ----------------------------------------------------------------------------
  42           */
C51 COMPILER V9.60.7.0   DMA                                                               06/18/2026 10:50:21 PAGE 2   

  43          void DMA_RegRead(U8_T regaddr, U8_T XDATA* pbuf, U8_T length)
  44          {
  45   1        dma_isr = EA;
  46   1        EA = 0;
  47   1        DCIR = regaddr;
  48   1        while (length--)
  49   1          pbuf[length] = DDR;
  50   1        EA = dma_isr;
  51   1      
  52   1      } /* End of DMA_ReadReg */
  53          
  54          /*
  55           * ----------------------------------------------------------------------------
  56           * void DMA_RegWrite(U8_T regaddr, U8_T XDATA* pbuf, U8_T length)
  57           * Purpose: Write SW DMA register.
  58           * Params : regaddr: A register index address.
  59           *          pbuf: A pointer to indicate the register data.
  60           *          length: How many bytes will be written. 
  61           * Returns: None.
  62           * Note   : None.
  63           * ----------------------------------------------------------------------------
  64           */
  65          void DMA_RegWrite(U8_T regaddr, U8_T XDATA* pbuf, U8_T length)
  66          {
  67   1        dma_isr = EA;
  68   1        EA = 0;
  69   1        while (length--)
  70   1          DDR = pbuf[length];
  71   1        DCIR = regaddr;
  72   1        EA = dma_isr;
  73   1      
  74   1      } /* End of DMA_RegWrite */
  75          
  76          /*
  77           * ----------------------------------------------------------------------------
  78           * void DMA_Start(void)
  79           * Purpose: Start software-dma module by enabling the interrupt 5.
  80           * Params :
  81           * Returns:
  82           * Note   :
  83           * ----------------------------------------------------------------------------
  84           */
  85          //void DMA_Start(void)
  86          //{
  87          //  EINT5 = 1;
  88          //} /* End of DMA_Start */
  89          
  90          /*
  91           * ----------------------------------------------------------------------------
  92           * BOOL DMA_CheckStatus(void)
  93           * Purpose: Wait software-dma to complete, and check if dma error happened or not?
  94           * Params : None.
  95           * Returns: 0 : dma error had happened.
  96           *      1 : dma had completed.
  97           * Note   : None.
  98           * ----------------------------------------------------------------------------
  99           */
 100          BOOL DMA_CheckStatus(void)
 101          {
 102   1        U8_T XDATA  temp;
 103   1      
 104   1        while (1)
C51 COMPILER V9.60.7.0   DMA                                                               06/18/2026 10:50:21 PAGE 3   

 105   1        {
 106   2          DMA_RegRead(SW_DMA_STATUS_REG, &temp, 1);
 107   2          if (temp & DMA_ERROR_STU)
 108   2          {
 109   3            return FALSE;
 110   3          }
 111   2          else if (temp & DMA_COMPLETE_STU)
 112   2            break;
 113   2        }
 114   1        return TRUE;
 115   1      
 116   1      } /* End of DMA_CheckStatus */
 117          
 118          /*
 119           * ----------------------------------------------------------------------------
 120           * BOOL DMA_DataToProgram(U32_T addrDest, U32_T addrSour, U16_T length)
 121           * Purpose: This function is responsible to copy data from external data memory
 122           *          to program memory. It will check DMA status automatically
 123           *          after DMA begin copying.
 124           * Params : addrDest¡GThe destination address in program memory.
 125           *          addrSour¡GThe source address in external data memory.
 126           *          length¡GThe total length that S/W DMA has need to copy.
 127           * Returns: 0 : DMA error had happened
 128           *      1 : DMA had completed.
 129           * Note   :
 130           * ----------------------------------------------------------------------------
 131           */
 132          BOOL DMA_DataToProgram(U32_T addrDest, U32_T addrSour, U16_T length)
 133          {
 134   1        U32_T cmd32b = 0;
 135   1        U8_T  cmd8b = 0;
 136   1      
 137   1          if (length == 0)
 138   1              return FALSE;
 139   1      
 140   1        cmd32b = (U32_T)addrSour << 8;
 141   1        DMA_RegWrite(SW_DMA_SOURCE_ADDR_REG, (U8_T *)&cmd32b, 3);
 142   1      
 143   1        cmd32b = (U32_T)addrDest << 8;
 144   1        DMA_RegWrite(SW_DMA_TARGET_ADDR_REG, (U8_T *)&cmd32b, 3);
 145   1      
 146   1        DMA_RegWrite(SW_DMA_BYTE_COUNT_REG, (U8_T *)&length, 2);
 147   1      
 148   1        cmd8b = (DMA_CMD_GO | DMA_TA_IN_PROG_MEM);
 149   1        DMA_RegWrite(SW_DMA_CMD_REG, (U8_T *)&cmd8b, 1);
 150   1      
 151   1        return (DMA_CheckStatus());
 152   1      }
 153          
 154          //#if (SYSTEM_EXTENDER_SUPPORT)
 155          /*
 156           * ----------------------------------------------------------------------------
 157           * Function Name: DMA_GrantXdata
 158           * Purpose: Use sw-dma doing memory copy. The scope of source and destination
 159           *        target must be smaller than 64k sram memory.
 160           *      If the scope of either source or destination target is large than
 161           *        64k memory, the programmers can call DMA_Grant() instead of
 162           *        this function.
 163           *      DMA_GrantXdata() can run faster than DMA_Grant() function.
 164           * Params: 
 165           * Returns: A address of XDATA memory that point to the next address of
 166           *      the end address of the scope of destination target.
C51 COMPILER V9.60.7.0   DMA                                                               06/18/2026 10:50:21 PAGE 4   

 167           * Note:
 168           * ----------------------------------------------------------------------------
 169           */
 170          BOOL DMA_GrantXdata(U8_T XDATA* pdest, U8_T XDATA* psour, U16_T length)
 171          {
 172   1        volatile U8_T XDATA temp[3];
 173   1        U16_T XDATA*    ptempshort = (U16_T XDATA*)&temp[1];
 174   1      //  U8_T        dmatype = 0;
 175   1        U8_T        bitEa, result;
 176   1      
 177   1        if (!length || pdest == psour)
 178   1        {
 179   2          return FALSE;
 180   2        }
 181   1      
 182   1        bitEa = EA;
 183   1        EA = OFF;
 184   1      
 185   1        /* set source address indirect register */
 186   1        *ptempshort = psour;
 187   1        DDR = temp[2];
 188   1        DDR = temp[1];
 189   1        DDR = 0; /* temp[0] is always 0 */
 190   1        DCIR = SW_DMA_SOURCE_ADDR_REG;
 191   1      
 192   1        /* set target address indirect register */
 193   1        *ptempshort = pdest;
 194   1        DDR = temp[2];
 195   1        DDR = temp[1];
 196   1        DDR = 0; /* temp[0] is always 0 */
 197   1        DCIR = SW_DMA_TARGET_ADDR_REG;
 198   1      
 199   1        /* set length */
 200   1        *ptempshort = length;
 201   1        DDR = temp[2];
 202   1        DDR = temp[1];
 203   1        DCIR = SW_DMA_BYTE_COUNT_REG;
 204   1      
 205   1        DDR = DMA_CMD_GO;
 206   1        DCIR = SW_DMA_CMD_REG;
 207   1      
 208   1        /* check software dma completed. */
 209   1        result = DMA_CheckStatus();
 210   1        EA = bitEa;
 211   1        
 212   1        return (result);
 213   1        
 214   1      } /* DMA_GrantXdata */
 215          //#endif /* #if (SYSTEM_EXTENDER_SUPPORT) */
 216          /* End of dma.c */
 217          


MODULE INFORMATION:   STATIC OVERLAYABLE
   CODE SIZE        =    398    ----
   CONSTANT SIZE    =   ----    ----
   XDATA SIZE       =   ----      25
   PDATA SIZE       =   ----    ----
   DATA SIZE        =   ----    ----
   IDATA SIZE       =   ----    ----
   BIT SIZE         =      1    ----
   EDATA SIZE       =   ----    ----
C51 COMPILER V9.60.7.0   DMA                                                               06/18/2026 10:50:21 PAGE 5   

   HDATA SIZE       =   ----    ----
   XDATA CONST SIZE =   ----    ----
   FAR CONST SIZE   =   ----    ----
END OF MODULE INFORMATION.


C51 COMPILATION COMPLETE.  0 WARNING(S),  0 ERROR(S)
