C51 COMPILER V9.60.7.0   EDID_HARDWARE                                                     06/23/2026 16:04:44 PAGE 1   


C51 COMPILER V9.60.7.0, COMPILATION OF MODULE EDID_HARDWARE
OBJECT MODULE PLACED IN .\edid_hardware.obj
COMPILER INVOKED BY: C:\Users\Administrator\AppData\Local\Keil_v5\C51\BIN\C51.EXE ..\Src\kvm_control\kvm_edid\edid_hardw
                    -are.c LARGE OMF2 ROM(D16M) OPTIMIZE(9,SIZE) BROWSE NOAREGS INCDIR(..\src\main\;..\src\cpu\;..\src\flash\;..\src\uart\;..
                    -\src\swdma\;..\src\mstimer\;..\src\i2c\;..\src\spi\;..\src\task_man\;..\src\project\;..\Src\ps2_host;..\Src\console_edid
                    -;..\Src\storage;..\Src\data_stream;..\Src\kvm_control\kvm_hotkey;..\Src\kvm_control\kvm_console;..\Src\kvm_control\kvm_b
                    -utton;..\Src\kvm_control\kvm_edid;..\Src\kvm_control\kvm_buzzer;..\src\gpio\;..\Src\hardware_ps2;..\Src\usbdc;..\Src\usb
                    -dc\usbdc_virtual;..\Src\usb_std;..\Src\usbhc;..\Src\kvm_control\power_saving;..\Src\usbhc\MSC;..\Src\usbhc\AUDIO;..\Src\
                    -usbhc\HUB;..\Src\usbhc\HID;..\Src\usbhc\HID_PARSER;..\Src\usbhc\ROOT_HUB;..\Src\usbdc\usbdc_hub;..\Src\usbdc\usbdc_hid;.
                    -.\Src\kvm_control\kvm_storage\spi_flash;..\Src\usbdc\usbdc_msc\usb_scsi;..\Src\usbdc\usbdc_msc;..\Src\handler\logitech;.
                    -.\Src\handler\A4_Tech;..\Src\usbdc\usbdc_vendor;..\Src\hsur;..\Src\extender\core;..\Src\extender\receiver;..\Src\uart_co
                    -nsole;..\Src\kvm_control\km_sync;..\Src\hsur;..\Src\kvm_control\km_log;..\Src\kvm_control\km_api;..\Src\kvm_control\kvm_
                    -ir;..\Src\kvm_control\kvm_rtc;..\Src\i2c;..\Src\kvm_control\kvm_multiview) STRING(FAR) DEFINE(RuntimeCodeAt0KH,MCU_TYPE_
                    -AX68004,KVM,HC_TIMEOUT=10000,VHID,HID_PARSER_CORE_KB,HID_PARSER_CORE_MS,API,NO_AUDIO,NO_MSC,NO_EDID,HUART_BAUD=HUART_115
                    -K,SYNC,CROSS_JUMP_MAP0,VPID_CHANGER,SYNC_KB_HOTKEY,SYNC_MS_HOTKEY,REPEAT_MODE=1,HSUART,MULTIVIEW) VARBANKING DEBUG PRINT
                    -(.\edid_hardware.lst) TABS(2) OBJECT(.\edid_hardware.obj)

line level    source

   1          /*
   2           ******************************************************************************
   3           *     Copyright (c) 2014 ASIX Electronic Corporation      All rights reserved.
   4           *
   5           *     This is an proprietary source code of ASIX Electronic Corporation
   6           *
   7           *     The copyright notice above does not evidence any actual or intended
   8           *     publication of such source code.
   9           ******************************************************************************
  10           */
  11           /*============================================================================
  12           * Module Name: edid_hardware.c
  13           * Purpose: User hardware to implement the edid feature
  14           * Author:
  15           * Date:
  16           *=============================================================================
  17           */
  18           
  19          /* INCLUDE FILE SECTION */
  20          #include <stdio.h>
  21          #include <string.h>
  22          
  23          /* System Relate Header File Seciton */
  24          #include "project_include.h"
  25          
  26          #if (SYSTEM_HWEDID_CONTROL_ENABLE)
              /* NAMING CONSTANT DECLARATIONS */
              /* GLOBAL VARIABLES DECLARATIONS */
              
              /* LOCAL VARIABLES DECLARATIONS */
              /* LOCAL SUBPROGRAM DECLARATIONS */
              /* EXTERNAL GLOBAL VARIABLES DECLARATIONS */
              /* EXTERNAL SUBPROGRAM DECLARATIONS */ 
              
              /*
               * ----------------------------------------------------------------------------
               * Function Name: HW_EDID_Init(void)
               * Purpose: Initial the hardware EDID 
               * Params:
               * Returns:
               * Note:
               * ----------------------------------------------------------------------------
C51 COMPILER V9.60.7.0   EDID_HARDWARE                                                     06/23/2026 16:04:44 PAGE 2   

               */
              void HW_EDID_Init(void)
              {
                U8_T int_reg[2];
              
                /* Pre-scale Clock */
                /* get system clock */
                switch (CPU_GetSysClk())
                {
                  case SCS_48M :
                    int_reg[0]= 0x00;
                    int_reg[1]= I2C_STD_48M;
                    break;
                  case SCS_96M :
                  default:
                    int_reg[0]= 0x00;
                    int_reg[1]= I2C_STD_96M;
                    break;
                }
                
                I2C_RegWrite(I2CCPR,int_reg,2);
                int_reg[0] = 0x20;
                I2C_RegWrite(I2CSTOI,int_reg,1);
              
                /* Enable Master & AUto Detection Plug Mode */
                HW_EDID_PlugAutoDetectMode(0,ENABLE);
                
                /* Enable Slave EDID feature */
                HW_EDID_EnableSlave();
              }
              
              /*
               * ----------------------------------------------------------------------------
               * Function Name: HW_EDID_PlugAutoDetectMode(void)
               * Purpose: Enable/Disable the Plug Auto Detect hardware feature
               * Params:
               * Returns:
               * Note:
               * ----------------------------------------------------------------------------
               */
              void HW_EDID_PlugAutoDetectMode(U8_T dtime,FunctionalState control)
              {
                U8_T int_reg;
              
                if (control == DISABLE)
                {
                  int_reg = 0;
                  I2C_RegWrite(I2CMCR,&int_reg, 1);
                }
                else
                {
                  /* Setup Plug Auto Detected Time */
                  int_reg = dtime; // default is 0->8ms
                  I2C_RegWrite(I2CADPTI, &int_reg, 1);
              
                  /* Setup I2C Master mode */
                  /* Enable Master & AUto Detection Plug Mode */
                  int_reg= I2CMCR_ADP_ENB;
                  I2C_RegWrite(I2CMCR,&int_reg, 1);
              
                  /* Setup I2C Master interrupt register */
                  // Read back the interrupt setting value
C51 COMPILER V9.60.7.0   EDID_HARDWARE                                                     06/23/2026 16:04:44 PAGE 3   

                  EXTINT4_DISABLE;
                  _I2C_CIR_SFR(I2CMIER);
                  _I2C_DR_READ_SFR(int_reg);
                  EXTINT4_ENABLE;
                  
                  int_reg &= ~I2CMIER_RLEDIE; // stop ALE IE
                  int_reg |= I2CMIER_PSCIE;   // Enable Autodect plug IE
                  
                  I2C_RegWrite(I2CMIER,&int_reg, 1);
                }
              }
              
              /*
               * ----------------------------------------------------------------------------
               * Function Name: HW_EDID_ReloadAutoMode(void)
               * Purpose: Initial the hardware EDID 
               * Params:
               * Returns:
               * Note:
               * ----------------------------------------------------------------------------
               */
              void HW_EDID_ReloadAutoMode(void)
              {
                U8_T int_reg;
              
                /* Setup I2C Master mode */
                /* Enable Master & AUto Detection Plug Mode */
                int_reg= I2CMCR_RLE_EDID;
                I2C_RegWrite(I2CMCR,&int_reg, 1);
              
                /* Setup I2C Master interrupt register */
                // Read back the interrupt setting value
                EXTINT4_DISABLE;
                _I2C_CIR_SFR(I2CMIER);
                _I2C_DR_READ_SFR(int_reg);
                EXTINT4_ENABLE;
              
                int_reg &= ~I2CMIER_PSCIE;  // stop auto plug 
                int_reg |= I2CMIER_RLEDIE;  // Enable ReloadIE
              
                I2C_RegWrite(I2CMIER,&int_reg, 1);
              }
              
               /*
               * ----------------------------------------------------------------------------
               * Function Name: HW_EDID_EnableSlave(void)
               * Purpose: Initial the hardware EDID 
               * Params:
               * Returns:
               * Note:
               * ----------------------------------------------------------------------------
               */
              void HW_EDID_EnableSlave(void)
              {
                U8_T int_reg;
              
                /* Setup I2C Master mode */
                /* Enable Master & Auto Detection Plug Mode */
              #ifdef MCU_TYPE_AX68002 
                int_reg = 0x03;
              #endif
              
C51 COMPILER V9.60.7.0   EDID_HARDWARE                                                     06/23/2026 16:04:44 PAGE 4   

              #ifdef MCU_TYPE_AX68004 
                int_reg = 0x0F;
              #endif  
              
                int_reg |= I2CSCR_SLV_GLITCH_FLT;
              
                I2C_RegWrite(I2CSCR,&int_reg, 1);
              } 
              
              /*
               *--------------------------------------------------------------------------------
               * void I2C_RegWrite(U8_T regAddr, U8_T *pRegData, regLen)
               * Purpose : Write the I2C interface indirectly through I2C's SFR.
               * Params  : regAddr - I2C register address.
               *           *pRegData - a pointer store the data.
               *           regLen - register length in byte count.
               * Returns : none
               * Note    : none
               *--------------------------------------------------------------------------------
               */
              void I2C_RegWrite(U8_T regAddr, U8_T *pRegData, U8_T regLen)
              {
                BIT oldEintBit = EINT4;
              
                EXTINT4_DISABLE;
                while (regLen --)
                  I2CDR = *(pRegData + regLen);
                I2CCIR = regAddr;
                EINT4 = oldEintBit;
              }
              
              #endif // (SYSTEM_HWEDID_CONTROL_ENABLE)
 199          
 200          /* End of edid_hardware.c */


MODULE INFORMATION:   STATIC OVERLAYABLE
   CODE SIZE        =   ----    ----
   CONSTANT SIZE    =   ----    ----
   XDATA SIZE       =   ----    ----
   PDATA SIZE       =   ----    ----
   DATA SIZE        =   ----    ----
   IDATA SIZE       =   ----    ----
   BIT SIZE         =   ----    ----
   EDATA SIZE       =   ----    ----
   HDATA SIZE       =   ----    ----
   XDATA CONST SIZE =   ----    ----
   FAR CONST SIZE   =   ----    ----
END OF MODULE INFORMATION.


C51 COMPILATION COMPLETE.  0 WARNING(S),  0 ERROR(S)
