C51 COMPILER V9.60.7.0   GPIO                                                              06/18/2026 10:50:16 PAGE 1   


C51 COMPILER V9.60.7.0, COMPILATION OF MODULE GPIO
OBJECT MODULE PLACED IN .\gpio.obj
COMPILER INVOKED BY: C:\Users\Administrator\AppData\Local\Keil_v5\C51\BIN\C51.EXE ..\Src\gpio\gpio.c LARGE OMF2 ROM(D16M
                    -) OPTIMIZE(9,SIZE) BROWSE NOAREGS INCDIR(..\src\main\;..\src\cpu\;..\src\flash\;..\src\uart\;..\src\swdma\;..\src\mstime
                    -r\;..\src\i2c\;..\src\spi\;..\src\task_man\;..\src\project\;..\Src\ps2_host;..\Src\console_edid;..\Src\storage;..\Src\da
                    -ta_stream;..\Src\kvm_control\kvm_hotkey;..\Src\kvm_control\kvm_console;..\Src\kvm_control\kvm_button;..\Src\kvm_control\
                    -kvm_edid;..\Src\kvm_control\kvm_buzzer;..\src\gpio\;..\Src\hardware_ps2;..\Src\usbdc;..\Src\usbdc\usbdc_virtual;..\Src\u
                    -sb_std;..\Src\usbhc;..\Src\kvm_control\power_saving;..\Src\usbhc\MSC;..\Src\usbhc\AUDIO;..\Src\usbhc\HUB;..\Src\usbhc\HI
                    -D;..\Src\usbhc\HID_PARSER;..\Src\usbhc\ROOT_HUB;..\Src\usbdc\usbdc_hub;..\Src\usbdc\usbdc_hid;..\Src\kvm_control\kvm_sto
                    -rage\spi_flash;..\Src\usbdc\usbdc_msc\usb_scsi;..\Src\usbdc\usbdc_msc;..\Src\handler\logitech;..\Src\handler\A4_Tech;..\
                    -Src\usbdc\usbdc_vendor;..\Src\hsur;..\Src\extender\core;..\Src\extender\receiver;..\Src\uart_console;..\Src\kvm_control\
                    -km_sync;..\Src\hsur;..\Src\kvm_control\km_log;..\Src\kvm_control\km_api;..\Src\kvm_control\kvm_ir;..\Src\kvm_control\kvm
                    -_rtc;..\Src\i2c;..\Src\kvm_control\kvm_multiview) STRING(FAR) DEFINE(RuntimeCodeAt0KH,MCU_TYPE_AX68004,KVM,HC_TIMEOUT=10
                    -000,VHID,HID_PARSER_CORE_KB,HID_PARSER_CORE_MS,API,NO_AUDIO,NO_MSC,NO_EDID,HUART_BAUD=HUART_115K,SYNC,CROSS_JUMP_MAP0,VP
                    -ID_CHANGER,SYNC_KB_HOTKEY,SYNC_MS_HOTKEY,REPEAT_MODE=1,HSUART,MULTIVIEW) VARBANKING DEBUG PRINT(.\gpio.lst) TABS(2) OBJE
                    -CT(.\gpio.obj)

line level    source

   1          /*
   2          ******************************************************************************
   3           *     Copyright (c) 2014 ASIX Electronic Corporation      All rights reserved.
   4           *
   5           *     This is unpublished proprietary source code of ASIX Electronic Corporation
   6           *
   7           *     The copyright notice above does not evidence any actual or intended
   8           *     publication of such source code.
   9           *     
  10           *     CHIP : 8051
  11           ******************************************************************************
  12           */
  13          /*================================================================================
  14           * Module Name : gpio.c
  15           * Purpose     : The gpio HAL module driver. It manages the GPIO port control
  16           * Author      : Jack Wang
  17           * Date        :
  18           * Notes       : None.
  19           * no message
  20           *
  21           *================================================================================
  22           */
  23          
  24          /* INCLUDE FILE DECLARATIONS */
  25          #include  "ax6800x.h"
  26          #include  "types.h"
  27          #include  "gpio.h"
  28          #include  "absacc.h"
  29          
  30          /* GLOBAL VARIABLES DECLARATIONS */
  31          
  32          
  33          /* STATIC VARIABLE DECLARATIONS */
  34           
  35          
  36          /* LOCAL SUBPROGRAM DECLARATIONS */
  37           
  38          /* LOCAL SUBPROGRAM BODIES */
  39          
  40          /*
  41           * ----------------------------------------------------------------------------
  42           * void GPIO_SetOneBit 
C51 COMPILER V9.60.7.0   GPIO                                                              06/18/2026 10:50:16 PAGE 2   

  43           * Purpose : Sets one single bit of the selected data port.
  44           * Params  : GPIOx: where x can be (A..D) to select the GPIO peripheral.
  45           *           GPIO_Pin: specifies the port bits to be written.
  46           * Returns : none
  47           * Note    : 
  48           * ----------------------------------------------------------------------------
  49           */
  50          void GPIO_SetOneBit(GPIO_TypeDef* GPIOx, GPIO_PinTypeDef GPIO_Pin, U8_T value)
  51          {
  52   1        if ( GPIOx == GPIOA ) // P0
  53   1        {
  54   2          switch ( GPIO_Pin ) 
  55   2          {
  56   3            case GPIO_Pin_0 :
  57   3              P0_0 = value;
  58   3              break;
  59   3            case GPIO_Pin_1 :
  60   3              P0_1 = value;
  61   3              break;
  62   3            case GPIO_Pin_2 :
  63   3              P0_2 = value;
  64   3              break;
  65   3            case GPIO_Pin_3 :
  66   3              P0_3 = value;
  67   3              break;
  68   3            case GPIO_Pin_4 :
  69   3              P0_4 = value;
  70   3              break;
  71   3            case GPIO_Pin_5 :
  72   3              P0_5 = value;
  73   3              break;
  74   3            case GPIO_Pin_6 :
  75   3              P0_6 = value;
  76   3              break;
  77   3            case GPIO_Pin_7 :
  78   3              P0_7 = value;
  79   3              break;
  80   3          }
  81   2        }
  82   1        else if ( GPIOx == GPIOB ) // P1
  83   1        {
  84   2          switch ( GPIO_Pin ) 
  85   2          {
  86   3            case GPIO_Pin_0 :
  87   3              P1_0 = value;
  88   3              break;
  89   3            case GPIO_Pin_1 :
  90   3              P1_1 = value;
  91   3              break;
  92   3            case GPIO_Pin_2 :
  93   3              P1_2 = value;
  94   3              break;
  95   3            case GPIO_Pin_3 :
  96   3              P1_3 = value;
  97   3              break;
  98   3            case GPIO_Pin_4 :
  99   3              P1_4 = value;
 100   3              break;
 101   3            case GPIO_Pin_5 :
 102   3              P1_5 = value;
 103   3              break;
 104   3            case GPIO_Pin_6 :
C51 COMPILER V9.60.7.0   GPIO                                                              06/18/2026 10:50:16 PAGE 3   

 105   3              P1_6 = value;
 106   3              break;
 107   3            case GPIO_Pin_7 :
 108   3              P1_7 = value;
 109   3              break;
 110   3          }
 111   2        }
 112   1        else if ( GPIOx == GPIOC ) // P2
 113   1        {
 114   2          switch ( GPIO_Pin ) 
 115   2          {
 116   3            case GPIO_Pin_0 :
 117   3              P2_0 = value;
 118   3              break;
 119   3            case GPIO_Pin_1 :
 120   3              P2_1 = value;
 121   3              break;
 122   3            case GPIO_Pin_2 :
 123   3              P2_2 = value;
 124   3              break;
 125   3            case GPIO_Pin_3 :
 126   3              P2_3 = value;
 127   3              break;
 128   3            case GPIO_Pin_4 :
 129   3              P2_4 = value;
 130   3              break;
 131   3            case GPIO_Pin_5 :
 132   3              P2_5 = value;
 133   3              break;
 134   3            case GPIO_Pin_6 :
 135   3              P2_6 = value;
 136   3              break;
 137   3            case GPIO_Pin_7 :
 138   3              P2_7 = value;
 139   3              break;
 140   3          }
 141   2        }
 142   1        else if ( GPIOx == GPIOD ) // P3
 143   1        {
 144   2          switch ( GPIO_Pin ) 
 145   2          {
 146   3            case GPIO_Pin_0 :
 147   3              P3_0 = value;
 148   3              break;
 149   3            case GPIO_Pin_1 :
 150   3              P3_1 = value;
 151   3              break;
 152   3            case GPIO_Pin_2 :
 153   3              P3_2 = value;
 154   3              break;
 155   3            case GPIO_Pin_3 :
 156   3              P3_3 = value;
 157   3              break;
 158   3            case GPIO_Pin_4 :
 159   3              P3_4 = value;
 160   3              break;
 161   3            case GPIO_Pin_5 :
 162   3              P3_5 = value;
 163   3              break;
 164   3            case GPIO_Pin_6 :
 165   3              P3_6 = value;
 166   3              break;
C51 COMPILER V9.60.7.0   GPIO                                                              06/18/2026 10:50:16 PAGE 4   

 167   3            case GPIO_Pin_7 :
 168   3              P3_7 = value;
 169   3              break;
 170   3          }
 171   2        }
 172   1      } /* End of GPIO_SetOneBit */
 173          
 174          /*
 175           * ----------------------------------------------------------------------------
 176           * void GPIO_GetPinValue 
 177           * Purpose : Get one single or mutiple bit of the selected data port.
 178           * Params  : GPIOx: where x can be (A..D) to select the GPIO peripheral.
 179           *           GPIO_Pin: specifies the port bits to be written.
 180           * Returns : none
 181           * Note    : 
 182           * ----------------------------------------------------------------------------
 183           */
 184          U8_T GPIO_GetPinValue(GPIO_TypeDef* GPIOx, GPIO_PinTypeDef GPIO_Pin)
 185          {
 186   1        U8_T p; 
 187   1        
 188   1        if ( GPIOx == GPIOA ) // P0
 189   1        {
 190   2          p = P0;
 191   2        }
 192   1          else if ( GPIOx == GPIOB ) // P1
 193   1        {
 194   2          p = P1;
 195   2        }
 196   1        else if ( GPIOx == GPIOC ) // P2
 197   1        {
 198   2          p = P2;
 199   2        }
 200   1        else if ( GPIOx == GPIOD ) // P3
 201   1        {
 202   2          p = P3;
 203   2        }
 204   1        
 205   1        return (p & GPIO_Pin);
 206   1      } 
 207          
 208          /* End of gpio.c */


MODULE INFORMATION:   STATIC OVERLAYABLE
   CODE SIZE        =    451    ----
   CONSTANT SIZE    =   ----    ----
   XDATA SIZE       =   ----       3
   PDATA SIZE       =   ----    ----
   DATA SIZE        =   ----    ----
   IDATA SIZE       =   ----    ----
   BIT SIZE         =   ----    ----
   EDATA SIZE       =   ----    ----
   HDATA SIZE       =   ----    ----
   XDATA CONST SIZE =   ----    ----
   FAR CONST SIZE   =   ----    ----
END OF MODULE INFORMATION.


C51 COMPILATION COMPLETE.  0 WARNING(S),  0 ERROR(S)
