C51 COMPILER V9.60.7.0   HSUART_DRIVER                                                     06/18/2026 10:50:21 PAGE 1   


C51 COMPILER V9.60.7.0, COMPILATION OF MODULE HSUART_DRIVER
OBJECT MODULE PLACED IN .\hsuart_driver.obj
COMPILER INVOKED BY: C:\Users\Administrator\AppData\Local\Keil_v5\C51\BIN\C51.EXE ..\Src\uart_console\hsuart_driver.c LA
                    -RGE OMF2 ROM(D16M) OPTIMIZE(9,SIZE) BROWSE NOAREGS INCDIR(..\src\main\;..\src\cpu\;..\src\flash\;..\src\uart\;..\src\swd
                    -ma\;..\src\mstimer\;..\src\i2c\;..\src\spi\;..\src\task_man\;..\src\project\;..\Src\ps2_host;..\Src\console_edid;..\Src\
                    -storage;..\Src\data_stream;..\Src\kvm_control\kvm_hotkey;..\Src\kvm_control\kvm_console;..\Src\kvm_control\kvm_button;..
                    -\Src\kvm_control\kvm_edid;..\Src\kvm_control\kvm_buzzer;..\src\gpio\;..\Src\hardware_ps2;..\Src\usbdc;..\Src\usbdc\usbdc
                    -_virtual;..\Src\usb_std;..\Src\usbhc;..\Src\kvm_control\power_saving;..\Src\usbhc\MSC;..\Src\usbhc\AUDIO;..\Src\usbhc\HU
                    -B;..\Src\usbhc\HID;..\Src\usbhc\HID_PARSER;..\Src\usbhc\ROOT_HUB;..\Src\usbdc\usbdc_hub;..\Src\usbdc\usbdc_hid;..\Src\kv
                    -m_control\kvm_storage\spi_flash;..\Src\usbdc\usbdc_msc\usb_scsi;..\Src\usbdc\usbdc_msc;..\Src\handler\logitech;..\Src\ha
                    -ndler\A4_Tech;..\Src\usbdc\usbdc_vendor;..\Src\hsur;..\Src\extender\core;..\Src\extender\receiver;..\Src\uart_console;..
                    -\Src\kvm_control\km_sync;..\Src\hsur;..\Src\kvm_control\km_log;..\Src\kvm_control\km_api;..\Src\kvm_control\kvm_ir;..\Sr
                    -c\kvm_control\kvm_rtc;..\Src\i2c;..\Src\kvm_control\kvm_multiview) STRING(FAR) DEFINE(RuntimeCodeAt0KH,MCU_TYPE_AX68004,
                    -KVM,HC_TIMEOUT=10000,VHID,HID_PARSER_CORE_KB,HID_PARSER_CORE_MS,API,NO_AUDIO,NO_MSC,NO_EDID,HUART_BAUD=HUART_115K,SYNC,C
                    -ROSS_JUMP_MAP0,VPID_CHANGER,SYNC_KB_HOTKEY,SYNC_MS_HOTKEY,REPEAT_MODE=1,HSUART,MULTIVIEW) VARBANKING DEBUG PRINT(.\hsuar
                    -t_driver.lst) TABS(2) OBJECT(.\hsuart_driver.obj)

line level    source

   1          /*
   2           *********************************************************************************
   3           *     Copyright (c) 2014   ASIX Electronic Corporation      All rights reserved.
   4           *
   5           *     This is unpublished proprietary source code of ASIX Electronic Corporation
   6           *
   7           *     The copyright notice above does not evidence any actual or intended
   8           *     publication of such source code.
   9           *********************************************************************************
  10           */
  11          /*================================================================================
  12           * Module Name : uart_console.c
  13           * Purpose     : The UART module driver. It manages the character
  14           *               buffer and handles the ISR.
  15           * Author      : Robin Lee
  16           * Date        :
  17           * Notes       :
  18           * no message
  19           *
  20           *================================================================================
  21           */
  22          
  23          /* INCLUDE FILE DECLARATIONS */
  24          #include    <ctype.h>
  25          #include  <string.h>
  26          #include  <stdio.h>
  27          #include  <stdlib.h>
  28          #include  "project_include.h"
  29          
  30          /* STATIC VARIABLE DECLARATIONS */
  31          #ifdef HSUART
  32          
  33          //P A R T 1
  34          #define    HUART_12M      0
  35          #define    HUART_8M       1
  36          #define    HUART_6M       2
  37          #define    HUART_4M       3
  38          #define    HUART_3M       4
  39          #define    HUART_2M       5
  40          #define    HUART_1M       6
  41          #define    HUART_921K     7
  42          #define    HUART_115K     8
C51 COMPILER V9.60.7.0   HSUART_DRIVER                                                     06/18/2026 10:50:21 PAGE 2   

  43          #define    HUART_9600     9
  44          #define    HUART_19200      10
  45          #define    HUART_38400      11
  46          #define    HUART_57600      12
  47          
  48          #ifndef HUART_BAUD
              #define HUART_BAUD  HUART_115K
              #endif
  51          
  52          U16_T  HUART_BAUDRATE_96M[] = {
  53            0x0001,   /* 12M    */
  54            0x0001,   /*  8M    */
  55            0x0001,   /*  6M    */
  56            0x0001,   /*  4M    */
  57            0x0001,   /*  3M    */  
  58            0x0001,   /*  2M    */
  59            0x0001,   /*  1M    */
  60            0x0004,   /* 921600 */
  61            0x0020,   /* 115200 */
  62            0x0064,   /* 9600   */
  63            0x0032,   /* 19200   */
  64            0x0019,   /* 38400   */
  65            0x0011,   /* 57600   */
  66          };
  67                            
  68          U16_T  HUART_BAUDRATE_48M[] = {
  69            0x0001,   /* 12M    */
  70            0x0001,   /*  8M    */
  71            0x0001,   /*  6M    */
  72            0x0001,   /*  4M    */
  73            0x0001,   /*  3M    */
  74            0x0001,   /*  2M    */
  75            0x0001,   /*  1M    */
  76            0x0002,   /* 921600 */
  77            0x0010,   /* 115200 */
  78            0x0032,   /* 9600   */
  79            0x0019,   /* 19200   */
  80            0x000C,   /* 38400   */
  81            0x0008,   /* 57600   */
  82          };
  83          
  84          U8_T  HUART_DPR_96M[] = {
  85          //  0x06,   //16M(bps)
  86            0x08,   //12M(bps)
  87            0x0C,   //8M(bps)
  88            0x10,   //6M(bps)
  89            0x18,   //4M(bps)
  90            0x20,   //3M(bps)
  91            0x30,   //2M(bps)
  92            0x5E,   //1M(bps)
  93            0x1A,   //921600(bps)
  94            0x1A,   //115200(bps)
  95            0x64,   //9600(bps)
  96            0x64,   //19200
  97            0x64,   //38400
  98            0x64,   //57600
  99          };
 100          
 101          U8_T  HUART_DPR_48M[] = {
 102            0x04,   //12M(bps)
 103            0x06,   //8M(bps)
 104            0x08,   //6M(bps)
C51 COMPILER V9.60.7.0   HSUART_DRIVER                                                     06/18/2026 10:50:21 PAGE 3   

 105            0x0C,   //4M(bps)
 106            0x10,   //3M(bps)
 107            0x18,   //2M(bps)
 108            0x2F,   //1M(bps)
 109            0x1A,   //921600(bps)
 110            0x1A,   //115200(bps)
 111            0x64,   //9600(bps)
 112            0x64,   //19200
 113            0x64,   //38400
 114            0x64,   //57600
 115          };
 116          
 117          //P A R T 1 -----------------------------
 118          static U8_T   hsur2IntrEnbType;
 119          static U8_T   hsur2FifoCtrl;
 120          static U16_T  hsur2ErrCount;
 121          
 122          U8_T  hsuart_TxBuf[MAX_TX_HSUART_BUF_SIZE];
 123          U16_T hsuart_TxHead = 0;
 124          U16_T hsuart_TxTail = 0;
 125          U16_T hsuart_TxCount = 0;
 126          U8_T  hsuart_TxFlag = 0;
 127          U8_T  hsuart_RxBuf[MAX_RX_HSUART_BUF_SIZE];
 128          U16_T hsuart_RxHead = 0;
 129          U16_T hsuart_RxTail = 0;
 130          U16_T hsuart_RxCount = 0;
 131          
 132          static const U8_T Console_BaudText[15][6] = {"12M", "8M", "6M", "4M", "3M", "2M", "1M", "921K", "115K", "9
             -600", "19200", "38400", "57600"};
 133          
 134          /* LOCAL SUBPROGRAM DECLARATIONS */
 135          BOOL HSUART_PutStr(char *str);
 136          BOOL HSUR2_RegWrite(U8_T addr, U8_T *ptData, U8_T dataLen);
 137          BOOL HSUR2_RegRead(U8_T addr, U8_T *ptData, U8_T dataLen);
 138          /* LOCAL SUBPROGRAM BODIES */
 139          /*
 140           * ----------------------------------------------------------------------------
 141           * void HSUART_Init()
 142           * Purpose : HSUART initial function. It will call a real initial function
 143           *           corresponding to the used HSUART port.
 144           * Params  : none
 145           * Returns : none
 146           * Note    : none
 147           * ----------------------------------------------------------------------------
 148           */
 149          void HSUART_Init(void)
 150          {
 151   1        U16_T baud;
 152   1        U8_T  reg8b;
 153   1        
 154   1        //Do the software & memory init
 155   1        hsuart_TxHead = 0;
 156   1        hsuart_TxTail = 0;
 157   1        hsuart_TxCount = 0;
 158   1        hsuart_TxFlag = 0;
 159   1        hsuart_RxHead = 0;
 160   1        hsuart_RxTail = 0;
 161   1        hsuart_RxCount = 0;
 162   1        memset(hsuart_TxBuf,0x00,sizeof(hsuart_TxBuf));
 163   1        memset(hsuart_RxBuf,0x00,sizeof(hsuart_RxBuf));
 164   1          
 165   1        /* Baudrate = 12M for RS232 */
C51 COMPILER V9.60.7.0   HSUART_DRIVER                                                     06/18/2026 10:50:21 PAGE 4   

 166   1        if (CPU_SysClk == SCS_96M)
 167   1        {
 168   2          reg8b = HUART_DPR_96M[HUART_BAUD];
 169   2          baud = HUART_BAUDRATE_96M[HUART_BAUD];
 170   2        }
 171   1        else
 172   1        {
 173   2          reg8b = HUART_DPR_48M[HUART_BAUD];
 174   2          baud = HUART_BAUDRATE_48M[HUART_BAUD];
 175   2        }
 176   1      
 177   1        HSUR2_RegWrite(HSDPR, &reg8b, 1); //setup the clock rate
 178   1        //For Extender Setting
 179   1        //Data Bit 8, Stop bit 1,None parity
 180   1        //Interupt-Receive when receive buffer level changed
 181   1        //         Line status 
 182   1        //         Receive buffer full
 183   1        //         Transmitte complete
 184   1        //         DMA error 
 185   1        //         Flow character received complete
 186   1      
 187   1      
 188   1        printf("@RS-232 @ %s bps\n\r", &Console_BaudText[HUART_BAUD][0]);
 189   1        HSUR2_Setup(baud,
 190   1              (HSLCR_CHAR_8|HSLCR_STOP_10),
 191   1              (HSIER_RDI_ENB|HSIER_TFEI_ENB|HSIER_RLSI_ENB|HSIER_RBRFI_ENB),
 192   1              (HSFCR_HSUART_ENB|HSFCR_FIFOE|HSFCR_RFR|HSFCR_TFR|HSFCR_TRIG_01),
 193   1              0);
 194   1        /*
 195   1        printf("@RS-485 @ %s bps\n\r", &Console_BaudText[HUART_BAUD][0]);
 196   1        HSUR2_Setup(baud,
 197   1              (HSLCR_CHAR_8|HSLCR_STOP_10),
 198   1              (HSIER_RDI_ENB|HSIER_TFEI_ENB|HSIER_RLSI_ENB|HSIER_RBRFI_ENB),
 199   1              (HSFCR_HSUART_ENB|HSFCR_FIFOE|HSFCR_RFR|HSFCR_TFR|HSFCR_TRIG_01),
 200   1              (HSMCR_RTS|HSMCR_RS485_ENB|HSMCR_DEREC_STPHD));
 201   1        */      
 202   1      
 203   1        /* Enable HSUR interrupt */
 204   1        HSUR2_Start();
 205   1      }
 206          
 207          /*
 208           *--------------------------------------------------------------------------------
 209           * BOOL HSUR2_RegWrite(U8_T addr, U8_T *ptData, U8_T dataLen)
 210           * Purpose: Write data bytes into a register with interrupt locked.
 211           * Params : addr:An index address to UART2 register.
 212           *          ptData:A pointer to indicate the register data.
 213           *          dataLen:A number of bytes to indicate how many bytes will be written.
 214           * Returns: TRUE (1) is success ; FALSE (0) is failure.
 215           * Note   : None.
 216           *--------------------------------------------------------------------------------
 217           */
 218          BOOL HSUR2_RegWrite(U8_T addr, U8_T *ptData, U8_T dataLen)
 219          {
 220   1        U8_T  oldEintBit = EINT4;
 221   1      
 222   1        EINT4 = 0;
 223   1        while (dataLen--)
 224   1        {
 225   2          UR2DR = *(ptData + dataLen);
 226   2        }
 227   1        UR2CIR = addr;
C51 COMPILER V9.60.7.0   HSUART_DRIVER                                                     06/18/2026 10:50:21 PAGE 5   

 228   1        EINT4 = oldEintBit;
 229   1      
 230   1        return TRUE;
 231   1      }
 232          
 233          /*
 234           *--------------------------------------------------------------------------------
 235           * BOOL HSUR2_RegRead(U8_T addr, U8_T *ptData, U8_T dataLen)
 236           * Purpose: Read data bytes from a register with interrupt locked.
 237           * Params : addr:An index address to UART2 register.
 238           *          ptData:A pointer to indicate the register data.
 239           *          dataLen:A number of bytes to indicate how many bytes will be read.
 240           * Returns: TRUE (1) is success ; FALSE (0) is failure.
 241           * Note   : None.
 242           *--------------------------------------------------------------------------------
 243           */
 244          BOOL HSUR2_RegRead(U8_T addr, U8_T *ptData, U8_T dataLen)
 245          {
 246   1        U8_T  oldEintBit = EINT4;
 247   1      
 248   1        EINT4 = 0;
 249   1        UR2CIR = addr;
 250   1        while (dataLen--)
 251   1        {
 252   2          *(ptData + dataLen) = UR2DR;
 253   2        }
 254   1        EINT4 = oldEintBit;
 255   1      
 256   1        return TRUE;
 257   1      }
 258          /*
 259           *--------------------------------------------------------------------------------
 260           * static void hsur_ReadLsr(void)
 261           * Purpose: Read the Line Status Register to record the error events in a counter.
 262           *          And begin the error recovering if happening many errors.
 263           * Params : None.
 264           * Returns: None.
 265           * Note   : None.
 266           *--------------------------------------------------------------------------------
 267           */
 268          static void hsur2_ReadLsr(void)
 269          {
 270   1        U8_T  lineStatus;
 271   1        U8_T  fifoCtrl;
 272   1        U16_T reg16b;
 273   1        
 274   1        UR2CIR = HSLSR;
 275   1        lineStatus = UR2DR;
 276   1      
 277   1        if (lineStatus & HSLSR_OE_OVER)
 278   1        {
 279   2          hsur2ErrCount ++;
 280   2          // Overrun Error
 281   2        }
 282   1        else if (lineStatus & HSLSR_PE_ERROR)
 283   1        {
 284   2          hsur2ErrCount ++;
 285   2          // Parity Error
 286   2        }
 287   1        else if (lineStatus & HSLSR_FE_ERROR)
 288   1        {
 289   2          hsur2ErrCount ++;
C51 COMPILER V9.60.7.0   HSUART_DRIVER                                                     06/18/2026 10:50:21 PAGE 6   

 290   2          // Framing Error
 291   2        }
 292   1        else if (lineStatus & HSLSR_BI_INT)
 293   1        {
 294   2          hsur2ErrCount ++;
 295   2          // Break Interrupt Occured
 296   2        }
 297   1        else if (lineStatus & HSLSR_FERR_ERROR)
 298   1        {
 299   2          hsur2ErrCount ++;
 300   2          // Mixing Error
 301   2        }
 302   1        /* For Error handling before data synchrony */
 303   1        if (hsur2ErrCount)
 304   1        {
 305   2          /* Enable the Receiver FIFO STOP (RSTOP) bit to stop data characters transfer into RX FIFO.
 306   2             And Reset Rx FIFO and TX FIFO */
 307   2          fifoCtrl = (hsur2FifoCtrl | HSFCR_RSTOP | HSFCR_RFR | HSFCR_TFR);
 308   2          UR2DR = fifoCtrl;
 309   2          UR2CIR = HSFCR;
 310   2          /* Read the error data pointer */
 311   2          UR2CIR = HSRBDEP;
 312   2          reg16b = (U16_T)UR2DR;
 313   2          reg16b |= (U16_T)UR2DR << 8;
 314   2          /* Flush all characters in the RX buffer ring by HSRBRP = HSRBWP when UART2 is in DMA mode */
 315   2          /*
 316   2          UR2CIR = HSRBWP;
 317   2          reg16b = (U16_T)UR2DR;
 318   2          reg16b |= (U16_T)UR2DR << 8;
 319   2          UR2DR = (U8_T)reg16b;
 320   2          UR2DR = (U8_T)(reg16b >> 8);
 321   2          UR2CIR = HSRBRP;
 322   2          ptHsur2RxDmaRingSwRead = (U8_T XDATA*)reg16b;
 323   2          */
 324   2          /* Disable the Receiver FIFO STOP (RSTOP) bit to re-start RX FIFO */
 325   2          fifoCtrl = (hsur2FifoCtrl | HSFCR_RFR | HSFCR_TFR);
 326   2          fifoCtrl &= ~HSFCR_RSTOP;
 327   2          UR2DR = fifoCtrl;
 328   2          UR2CIR = HSFCR;
 329   2      
 330   2          if (hsur2ErrCount >= 100)
 331   2          {
 332   3      //      hsur2ErrBlocking = 1;
 333   3            /* Disable the UART2 interrupt */
 334   3            UR2DR = 0;
 335   3            UR2CIR = HSIER;
 336   3          }
 337   2        }
 338   1      }
 339          
 340          /*
 341           * ----------------------------------------------------------------------------
 342           * void HSUR2_IntrEntryFunc(void)
 343           * Purpose : HSUART interrupt service routine. For sending out, it puts data
 344           *           from software buffer into hardware serial buffer register (SBUF0).
 345           *           For receiving, it gets data from hardware serial buffer register
 346           *           (SBUF0) and stores into software buffer.
 347           * Params  : none
 348           * Returns : none
 349           * Note    : none
 350           * ----------------------------------------------------------------------------
 351           */
C51 COMPILER V9.60.7.0   HSUART_DRIVER                                                     06/18/2026 10:50:21 PAGE 7   

 352          void HSUR2_IntrEntryFunc(void)
 353          { 
 354   1        U8_T  intrStatus;
 355   1        U8_T  ur2DmaIntrStatus;
 356   1        U16_T temp16b = 0;
 357   1      //  U8_T  temp8b[2];
 358   1      
 359   1        UR2CIR = HSIIR;
 360   1        intrStatus = UR2DR; 
 361   1        intrStatus &= 0x1F; 
 362   1        
 363   1        if ((intrStatus & HSIIR_RLS_INTR) == HSIIR_RLS_INTR)
 364   1        {
 365   2          hsur2_ReadLsr();
 366   2          return;
 367   2        }
 368   1        //else if (intrStatus == HSIIR_DMAS_INTR)
 369   1        if (intrStatus == HSIIR_DMAS_INTR)
 370   1        { /* DMA interrupt flag */
 371   2          UR2CIR = HSDSR;
 372   2          ur2DmaIntrStatus = UR2DR;
 373   2          
 374   2          //Assing to ISR handle 
 375   2          ISR_FIFO[ISR_FIFO_Wp].ISR_Type = ISR_HUART;
 376   2          ISR_FIFO[ISR_FIFO_Wp].Data = ur2DmaIntrStatus;        
 377   2          
 378   2          ISR_FIFO_Wp++;
 379   2          if (ISR_FIFO_Wp >= ISR_FIFO_DEPTH)
 380   2            ISR_FIFO_Wp = 0;      
 381   2          return;
 382   2        } 
 383   1        //else if ((intrStatus == HSIIR_RD_TI_INTR) || (intrStatus == HSIIR_RD_TRIG_INTR))  
 384   1        if ((intrStatus & HSIIR_RD_TI_INTR) == HSIIR_RD_TRIG_INTR)  
 385   1        { /* Receiver Timeout */    
 386   2          // Assing to ISR handle     
 387   2          UR2CIR = HSRBR;               
 388   2          hsuart_RxBuf[hsuart_RxTail] = UR2DR;
 389   2          
 390   2          hsuart_RxTail++;
 391   2          hsuart_RxTail &= MAX_RX_HSUART_MASK;
 392   2          ISR_FIFO[ISR_FIFO_Wp].ISR_Type = ISR_UART1;
 393   2          //ISR_FIFO[ISR_FIFO_Wp].Data = intrStatus;
 394   2          if (++ISR_FIFO_Wp >= ISR_FIFO_DEPTH)
 395   2          {
 396   3            ISR_FIFO_Wp = 0;
 397   3          } 
 398   2        }
 399   1        
 400   1        if ((intrStatus & HSIIR_TFE_INTR) == HSIIR_TFE_INTR)
 401   1        { /* Transmitte complete */       
 402   2          if (hsuart_TxCount > 0)
 403   2          {
 404   3            hsuart_TxTail++;
 405   3            hsuart_TxTail &= MAX_TX_HSUART_MASK;    
 406   3            hsuart_TxCount--;
 407   3            if (hsuart_TxCount > 0)     
 408   3            { 
 409   4              UR2DR = hsuart_TxBuf[hsuart_TxTail];
 410   4              UR2CIR = HSTHR;           
 411   4            }
 412   3            else
 413   3            {
C51 COMPILER V9.60.7.0   HSUART_DRIVER                                                     06/18/2026 10:50:21 PAGE 8   

 414   4              hsuart_TxFlag = 0;
 415   4            }       
 416   3          }
 417   2          else
 418   2          { 
 419   3            hsuart_TxFlag = 0;
 420   3          } 
 421   2        }
 422   1      }
 423          
 424          /*
 425           *--------------------------------------------------------------------------------
 426           * void HSUR2_Start(void)
 427           * Purpose: Start function will enable the interrupt sources that be configured
 428           *          in the setup function. This function should be closely called before
 429           *          running application tasks.
 430           * Params : None.
 431           * Returns: None.
 432           * Note   : None.
 433           *--------------------------------------------------------------------------------
 434           */
 435          void HSUR2_Start(void)
 436          {
 437   1        /* Enable the UART2 interrupt */
 438   1        //HSUART_PutStr("IER=%02x\r",(U16_T)hsur2IntrEnbType);
 439   1        HSUR2_RegWrite(HSIER, &hsur2IntrEnbType, 1);
 440   1      }
 441          
 442          /*
 443           *--------------------------------------------------------------------------------
 444           * void HSUR_Setup(U16_T divisor, U8_T lCtrl, U8_T intEnb, U8_T fCtrl, U8_T mCtrl)
 445           * Purpose: Use this function can initialize the UART2 basic mode. It will configure
 446           *          the baudrate, data bus type, interrupt source, FIFO setup and modem status.
 447           * Params : divisor : A 16-bit Divisor Latch value to calaulate the baudrate.
 448           *          lCtrl : A value to Line Control Register.
 449           *          intEnb : The interrupt source type of Interrupt Enable Register.
 450           *          fCtrl : A value to FIFO Control Register.
 451           *          mCtrl : A value to Modem Control Register.
 452           * Returns: None.
 453           * Note   : None.
 454           *--------------------------------------------------------------------------------
 455           */
 456          void HSUR2_Setup(U16_T divisor, U8_T lCtrl, U8_T intEnb, U8_T fCtrl, U8_T mCtrl)
 457          {
 458   1        U8_T  lineCtrl, dll, dlh;
 459   1      
 460   1        hsur2IntrEnbType = intEnb;
 461   1        /* Set UART2 Baudrate */
 462   1        lineCtrl = HSLCR_DLAB_ENB;
 463   1        HSUR2_RegWrite(HSLCR, &lineCtrl, 1);
 464   1        dll = (U8_T)(divisor & 0x00FF);
 465   1        dlh = (U8_T)((divisor & 0xFF00) >> 8);
 466   1        HSUR2_RegWrite(HSDLLR, &dll, 1);
 467   1        HSUR2_RegWrite(HSDLHR, &dlh, 1);
 468   1        lineCtrl &= ~HSLCR_DLAB_ENB;
 469   1        HSUR2_RegWrite(HSLCR, &lineCtrl, 1);
 470   1        /* Set Line Control Register */
 471   1        lCtrl &= ~HSLCR_DLAB_ENB;
 472   1        HSUR2_RegWrite(HSLCR, &lCtrl, 1);
 473   1        /* Set FIFO Control Register */
 474   1        //hsur2FifoCtrl = fCtrl | HSFCR_RSTOP; // Enable the RSTOP bit to stop the data characters into RX FIFO.
 475   1        hsur2FifoCtrl = fCtrl; // Enable the RSTOP bit to stop the data characters into RX FIFO.
C51 COMPILER V9.60.7.0   HSUART_DRIVER                                                     06/18/2026 10:50:21 PAGE 9   

 476   1        hsur2FifoCtrl &= ~(HSFCR_RFR | HSFCR_TFR);
 477   1        HSUR2_RegWrite(HSFCR, &fCtrl, 1);
 478   1        /* Set Modem Control Register */
 479   1        HSUR2_RegWrite(HSMCR, &mCtrl, 1);
 480   1        /* Disable DMA Mode */
 481   1        dll = 0;
 482   1        HSUR2_RegWrite(HSDCR, &dll, 1);
 483   1        /* Initial Variables */
 484   1        hsur2ErrCount = 0;
 485   1      }
 486          
 487          /*
 488           * ----------------------------------------------------------------------------
 489           * S8_T HSUART_PutChar(S8_T c)
 490           * Purpose : HSUART output function. This function puts one byte data into the
 491           *           software character buffer.
 492           * Params  : c - one byte character.
 493           * Returns : c - one byte character.
 494           * Note    : none
 495           * ----------------------------------------------------------------------------
 496           */
 497          S8_T HSUART_PutChar(S8_T c)
 498          {
 499   1        U16_T count = 0;  
 500   1        
 501   1        do
 502   1        { 
 503   2          count = hsuart_TxCount;     
 504   2        } while (count == MAX_TX_HSUART_MASK);    
 505   1        hsuart_TxBuf[hsuart_TxHead] = c;  
 506   1        hsuart_TxCount++;   
 507   1        hsuart_TxHead++;
 508   1        hsuart_TxHead &= MAX_TX_HSUART_MASK;
 509   1      
 510   1        if (!hsuart_TxFlag)
 511   1        { 
 512   2          hsuart_TxFlag = 1;
 513   2          EINT4 = 0;  
 514   2          UR2DR = hsuart_TxBuf[hsuart_TxTail];; 
 515   2          UR2CIR = HSTHR; 
 516   2          EINT4 = 1;  
 517   2        } 
 518   1        return c;
 519   1      }
 520          
 521          /*
 522           * ----------------------------------------------------------------------------
 523           * S8_T *HSUART_PutStr(S8_T *format,...)  
 524           * Purpose : HSUART initial function. It will call a real initial function
 525           *           corresponding to the used HSUART port.
 526           * Params  : none
 527           * Returns : none
 528           * Note    : none
 529           * ----------------------------------------------------------------------------
 530           */
 531          BOOL HSUART_PutStr(char *str)
 532          {               
 533   1          while(*str != 0x00) 
 534   1          {          
 535   2              HSUART_PutChar(*str);
 536   2          str++;
 537   2          }      
C51 COMPILER V9.60.7.0   HSUART_DRIVER                                                     06/18/2026 10:50:21 PAGE 10  

 538   1        
 539   1        return 1;
 540   1      }    
 541          #endif  /* #ifdef HSUART */
 542          /* End of hsuart_driver.c */
 543          


MODULE INFORMATION:   STATIC OVERLAYABLE
   CODE SIZE        =   1109    ----
   CONSTANT SIZE    =     19    ----
   XDATA SIZE       =    697      27
   PDATA SIZE       =   ----    ----
   DATA SIZE        =   ----    ----
   IDATA SIZE       =   ----    ----
   BIT SIZE         =   ----    ----
   EDATA SIZE       =   ----    ----
   HDATA SIZE       =   ----    ----
   XDATA CONST SIZE =   ----    ----
   FAR CONST SIZE   =     19    ----
END OF MODULE INFORMATION.


C51 COMPILATION COMPLETE.  0 WARNING(S),  0 ERROR(S)
