C51 COMPILER V9.60.7.0   INTERRUPT                                                         06/18/2026 10:50:16 PAGE 1   


C51 COMPILER V9.60.7.0, COMPILATION OF MODULE INTERRUPT
OBJECT MODULE PLACED IN .\interrupt.obj
COMPILER INVOKED BY: C:\Users\Administrator\AppData\Local\Keil_v5\C51\BIN\C51.EXE ..\Src\cpu\interrupt.c LARGE OMF2 ROM(
                    -D16M) OPTIMIZE(9,SIZE) BROWSE NOAREGS INCDIR(..\src\main\;..\src\cpu\;..\src\flash\;..\src\uart\;..\src\swdma\;..\src\ms
                    -timer\;..\src\i2c\;..\src\spi\;..\src\task_man\;..\src\project\;..\Src\ps2_host;..\Src\console_edid;..\Src\storage;..\Sr
                    -c\data_stream;..\Src\kvm_control\kvm_hotkey;..\Src\kvm_control\kvm_console;..\Src\kvm_control\kvm_button;..\Src\kvm_cont
                    -rol\kvm_edid;..\Src\kvm_control\kvm_buzzer;..\src\gpio\;..\Src\hardware_ps2;..\Src\usbdc;..\Src\usbdc\usbdc_virtual;..\S
                    -rc\usb_std;..\Src\usbhc;..\Src\kvm_control\power_saving;..\Src\usbhc\MSC;..\Src\usbhc\AUDIO;..\Src\usbhc\HUB;..\Src\usbh
                    -c\HID;..\Src\usbhc\HID_PARSER;..\Src\usbhc\ROOT_HUB;..\Src\usbdc\usbdc_hub;..\Src\usbdc\usbdc_hid;..\Src\kvm_control\kvm
                    -_storage\spi_flash;..\Src\usbdc\usbdc_msc\usb_scsi;..\Src\usbdc\usbdc_msc;..\Src\handler\logitech;..\Src\handler\A4_Tech
                    -;..\Src\usbdc\usbdc_vendor;..\Src\hsur;..\Src\extender\core;..\Src\extender\receiver;..\Src\uart_console;..\Src\kvm_cont
                    -rol\km_sync;..\Src\hsur;..\Src\kvm_control\km_log;..\Src\kvm_control\km_api;..\Src\kvm_control\kvm_ir;..\Src\kvm_control
                    -\kvm_rtc;..\Src\i2c;..\Src\kvm_control\kvm_multiview) STRING(FAR) DEFINE(RuntimeCodeAt0KH,MCU_TYPE_AX68004,KVM,HC_TIMEOU
                    -T=10000,VHID,HID_PARSER_CORE_KB,HID_PARSER_CORE_MS,API,NO_AUDIO,NO_MSC,NO_EDID,HUART_BAUD=HUART_115K,SYNC,CROSS_JUMP_MAP
                    -0,VPID_CHANGER,SYNC_KB_HOTKEY,SYNC_MS_HOTKEY,REPEAT_MODE=1,HSUART,MULTIVIEW) VARBANKING DEBUG PRINT(.\interrupt.lst) TAB
                    -S(2) OBJECT(.\interrupt.obj)

line level    source

   1          /*
   2           *********************************************************************************
   3           *     Copyright (c) 2014 ASIX Electronic Corporation      All rights reserved.
   4           *
   5           *     This is unpublished proprietary source code of ASIX Electronic Corporation
   6           *
   7           *     The copyright notice above does not evidence any actual or intended
   8           *     publication of such source code.
   9           *********************************************************************************
  10           */
  11          /*================================================================================
  12           * Module Name : interrupt.c
  13           * Purpose     : This file include peripheral interrupt service routine in EINT4, 
  14           *               peripheral interrupt service routine in EINT5, and power management
  15           *               wake-up interrupt service routine in EINT6. Also provide a watchdog
  16           *               interrupt for reference.
  17           * Author      : 
  18           * Date        :
  19           * Notes       :
  20           *================================================================================
  21           */
  22          
  23          /* INCLUDE FILE DECLARATIONS */
  24          #include  "project_include.h"
  25          #include  "spim.h"
  26          
  27          /* NAMING CONSTANT DECLARATIONS */
  28          /* GLOBAL VARIABLE DECLARATIONS */
  29          U8_T  spiStatus = 0;
  30          //U8_T    buzzer_flag=0; 
  31          extern SPI_MST_INST_T spi_Mst;
  32          
  33          /* STATIC VARIABLE DECLARATIONS */
  34          /* LOCAL SUBPROGRAM DECLARATIONS */
  35          static void intr_PeripheralIntr4ISR(void);
  36          static void intr_PeripheralIntr5ISR(void);
  37          static void intr_PmmWakeUpISR(void);
  38          
  39          #if (INTR_ISR_INCLUDE_WATCHDOG)
              static void intr_WatchDogISR(void);
              #endif
  42          
C51 COMPILER V9.60.7.0   INTERRUPT                                                         06/18/2026 10:50:16 PAGE 2   

  43          /* LOCAL SUBPROGRAM BODIES */
  44          static void intr_Timer0ISR(void) interrupt TF0_VECTOR //use timer0 interrupt 1 (0x0B)
  45          {
  46   1        P3_1 = 0;
  47   1        TR0 = 0; // disable timer0
  48   1        //TH0 = 0xFA; // timer start from 0x00
  49   1        //TL0 = 0x50;       
  50   1        /*
  51   1        if (state == BUZZER_ON)
  52   1        {
  53   1          BCR_BK |= BUZZER_SE_MASK;
  54   1          BCR_BK &= ~BUZZER_TSE_SET;
  55   1        }
  56   1        else
  57   1        {
  58   1          BCR_BK |= BUZZER_TSE_SET;
  59   1          BCR_BK &= ~BUZZER_SE_MASK;
  60   1        }
  61   1        */
  62   1        //_MISC_DR_SFR(BCR_BK);
  63   1        //_MISC_CIR_SFR(MISC_BCR);
  64   1        
  65   1        /*
  66   1        if (buzzer_flag)
  67   1        {//buffer on
  68   1          buzzer_flag = 0;
  69   1          P3_0 = 0;
  70   1          BCR_BK |= BUZZER_TSE_SET;
  71   1          BCR_BK &= ~BUZZER_SE_MASK;
  72   1          TH0 = BUZZER_Factor_TableH0[BUZZER_Current_Fector]; // timer start from 0x00
  73   1          TL0 = BUZZER_Factor_TableL0[BUZZER_Current_Fector];       
  74   1        } 
  75   1          else
  76   1        {//Buffer off
  77   1          buzzer_flag = 1;
  78   1          P3_0 = 1;   
  79   1          BCR_BK |= BUZZER_SE_MASK;
  80   1          BCR_BK &= ~BUZZER_TSE_SET;
  81   1          TH0 = BUZZER_Factor_TableH1[BUZZER_Current_Fector]; // timer start from 0x00
  82   1          TL0 = BUZZER_Factor_TableL1[BUZZER_Current_Fector];       
  83   1        }   
  84   1        _MISC_DR_SFR(BCR_BK);
  85   1        _MISC_CIR_SFR(MISC_BCR);
  86   1        */
  87   1        
  88   1        TR0 = 1;
  89   1        //ET0 = 1;  
  90   1      } 
  91          
  92          /*
  93           *--------------------------------------------------------------------------------
  94           * static void intr_PeripheralIntr4ISR(void)
  95           * Purpose : The peripheral interface interrupt service routine of
  96           *           PS2A_INT_STU   0x01
  97           *           PS2B_INT_STU   0x02
  98           *           GP0_INT_STU    0x04
  99           *           GP2_INT_STU    0x08
 100           *           SPI1_INT_STU   0x10
 101           *           SPI0_INT_STU   0x20
 102           *           I2C_INT_STU    0x40
 103           * Params  : None.
 104           * Returns : None.
C51 COMPILER V9.60.7.0   INTERRUPT                                                         06/18/2026 10:50:16 PAGE 3   

 105           * Note    : None.
 106           *--------------------------------------------------------------------------------
 107           */
 108          static void intr_PeripheralIntr4ISR(void) interrupt INT4_VECTOR //use external interrupt 4 (0x4B)
 109          {
 110   1        idata U8_T intrStt = 0;
 111   1        idata U8_T state;
 112   1      #if (KVM_BUTTON_SUPPORT) & (KVM_BUTTON_HARDWARE)  
 113   1      #ifdef BTN_RESET
                idata U8_T regvalue0,regvalue1;
              #endif
 116   1      #endif  
 117   1      #if (INTR_ISR_INCLUDE_I2C)
 118   1        idata U8_T state2;
 119   1      #endif
 120   1        /* Interrupt type check */
 121   1        intrStt = PISSR;
 122   1      
 123   1      #if (INTR_ISR_INCLUDE_PS2A)
                if (intrStt & PS2A_INT_STU)
                {
              #if (SYSTEM_POWER_SAVING_MODE_SUPPORT)
              #if (PS2_WAKEUP_SUPPORT)
                  PowerSavingInhibitFlag = 1;
              #endif //#if (PS2_WAKEUP_SUPPORT)
              #endif //#if (SYSTEM_POWER_SAVING_MODE_SUPPORT)
              
                  //1.read in status
                  _PS2_CIR_SFR(PS2A_SR);
                  _PS2_DR_READ_SFR(state);
                  HPS2_ISR_FIFO[HPS2_ISR_FIFO_WP].State = state;
                  HPS2_ISR_FIFO[HPS2_ISR_FIFO_WP].PID = HPS2A;
              
                  //2.innhibit clock
                  if (state & PS2SR_RX_INTR)
                  {
                    //1.Read in data
                    _PS2_CIR_SFR(PS2A_DR);
                    _PS2_DR_READ_SFR(HPS2_ISR_FIFO[HPS2_ISR_FIFO_WP].Data);
                    HPS2_CR_BK[HPS2A] |= PS2CR_INH_FORCE;
                    _PS2_DR_SFR(HPS2_CR_BK[HPS2A]);
                    _PS2_CIR_SFR(PS2A_CR);
                  }
                  HPS2_ISR_FIFO_WP++;
                  if (HPS2_ISR_FIFO_WP >= HPS2_ISR_FIFO_DEPTH_MAX)
                    HPS2_ISR_FIFO_WP = 0;
                }
              #endif //#if (INTR_ISR_INCLUDE_PS2A)
 153   1      
 154   1      #if (INTR_ISR_INCLUDE_PS2B)
                if (intrStt & PS2B_INT_STU)
                {
              #if (SYSTEM_POWER_SAVING_MODE_SUPPORT)
                  PowerSavingInhibitFlag = 1;
              #endif //#if (SYSTEM_POWER_SAVING_MODE_SUPPORT)
                  _PS2_CIR_SFR(PS2B_SR);
                  _PS2_DR_READ_SFR(state);
                  HPS2_ISR_FIFO[HPS2_ISR_FIFO_WP].State = state;
                  HPS2_ISR_FIFO[HPS2_ISR_FIFO_WP].PID = HPS2B;
                  if (state & PS2SR_RX_INTR)
                  {
                    _PS2_CIR_SFR(PS2B_DR);
C51 COMPILER V9.60.7.0   INTERRUPT                                                         06/18/2026 10:50:16 PAGE 4   

                    _PS2_DR_READ_SFR(HPS2_ISR_FIFO[HPS2_ISR_FIFO_WP].Data);
                    HPS2_CR_BK[HPS2B] |= PS2CR_INH_FORCE;
                    _PS2_DR_SFR(HPS2_CR_BK[HPS2B]);
                    _PS2_CIR_SFR(PS2B_CR);
                  }
                  HPS2_ISR_FIFO_WP++;
                  if (HPS2_ISR_FIFO_WP >= HPS2_ISR_FIFO_DEPTH_MAX)
                    HPS2_ISR_FIFO_WP = 0;
                }
              #endif //#if (INTR_ISR_INCLUDE_PS2B)
 177   1      
 178   1      #if (INTR_ISR_INCLUDE_I2C)
 179   1        if (intrStt & I2C_INT_STU)
 180   1        {
 181   2          _I2C_CIR_SFR(I2CMISR);
 182   2          _I2C_DR_READ_SFR(state);
 183   2          _I2C_CIR_SFR(I2CMSR);
 184   2          _I2C_DR_READ_SFR(state2);
 185   2          
 186   2      #ifdef I2C_BUS
                  if ((state & (I2CMISR_TC |I2CMISR_ARB_LOST)) == I2CMISR_TC) // transfer complete
                  {     
                    if (I2C_Control_State & I2C_CONTROL_TRANSMIT)
                    {
                      if (I2C_Transmit_End == I2C_Transmit_Index) // last byte
                      {
                        // Send out the Addres byte via I2c Master
                        if (I2C_Control_State & I2C_CONTROL_USE_RING)   
                        { 
                          _I2C_DR_SFR(I2C_RingBuffer[I2C_Tx_Start]);            
                          I2C_Tx_Start++;
                          if (I2C_Tx_Start >= I2C_BUF_MAX)
                            I2C_Tx_Start = 0; 
                        } 
                        else
                          _I2C_DR_SFR(I2C_Transmit_Buf[I2C_Transmit_Index]);  
                        _I2C_CIR_SFR(I2CMTR);
                        
                        // I2C Master GO with STOP bit
                        if ((I2C_Control_State & I2C_CONTROL_TRANSMIT_NOSTOP) == 0)
                        { 
                          _I2C_DR_SFR(I2CMCR_MASTER_GO | I2CMCR_CMD_WRITE | I2CMCR_STOP_COND);              
                        } 
                        else
                        {
                          _I2C_DR_SFR(I2CMCR_MASTER_GO | I2CMCR_CMD_WRITE);             
                        }
                        _I2C_CIR_SFR(I2CMCR);           
                      }         
                      else
                      { 
                        if (I2C_Transmit_Index == I2C_Transmit_Len) // last byte has been done
                        {
                          ISR_FIFO[ISR_FIFO_Wp].ISR_Type = ISR_I2C;           
                          ISR_FIFO[ISR_FIFO_Wp].State = state;            
                          ISR_FIFO[ISR_FIFO_Wp].Data = I2C_CONTROL_TRANSMIT;            
                          ISR_FIFO_Wp++;
                          if (ISR_FIFO_Wp >= ISR_FIFO_DEPTH)
                            ISR_FIFO_Wp = 0;
                        }
                        else
                        {
C51 COMPILER V9.60.7.0   INTERRUPT                                                         06/18/2026 10:50:16 PAGE 5   

                          // Send out the content
                          if (I2C_Control_State & I2C_CONTROL_USE_RING)   
                          { 
                            _I2C_DR_SFR(I2C_RingBuffer[I2C_Tx_Start]);            
                            I2C_Tx_Start++;
                            if (I2C_Tx_Start >= I2C_BUF_MAX)
                              I2C_Tx_Start = 0; 
                          } 
                          else
                            _I2C_DR_SFR(I2C_Transmit_Buf[I2C_Transmit_Index]);  
                          
                          _I2C_CIR_SFR(I2CMTR);
                          
                          // I2C Master GO with normal byte
                          _I2C_DR_SFR(I2CMCR_MASTER_GO | I2CMCR_CMD_WRITE); 
                          _I2C_CIR_SFR(I2CMCR);         
                        } 
                      }                         
                      I2C_Transmit_Index++;
                    } 
                    else
                    {
                      // Read in
                      _I2C_CIR_SFR(I2CRR);
                      if (I2C_Control_State & I2C_CONTROL_USE_RING)
                      { 
                        _I2C_DR_READ_SFR(I2C_RingBuffer[I2C_Tx_Start]);                 
                        I2C_Tx_Start++;
                        if (I2C_Tx_Start >= I2C_BUF_MAX)
                          I2C_Tx_Start = 0;
                      } 
                      else  
                        _I2C_DR_READ_SFR(I2C_Transmit_Buf[I2C_Transmit_Index-1]);                 
                      if (I2C_Transmit_End == I2C_Transmit_Index) // last byte
                      {         
                        // I2C Master go for last byte read(no ACK)
                        if ((I2C_Control_State & I2C_CONTROL_TRANSMIT_NOSTOP) == 0)
                        { 
                          _I2C_DR_SFR(I2CMCR_MASTER_GO | I2CMCR_CMD_READ | I2CMCR_STOP_COND); 
                        }
                        else  
                        { 
                          _I2C_DR_SFR(I2CMCR_MASTER_GO | I2CMCR_CMD_READ);  
                        } 
                        _I2C_CIR_SFR(I2CMCR);                 
                      }         
                      else
                      { 
                        if (I2C_Transmit_Index == I2C_Transmit_Len) // last byte has been done
                        {
                          ISR_FIFO[ISR_FIFO_Wp].ISR_Type = ISR_I2C;
                          ISR_FIFO[ISR_FIFO_Wp].State = state;    
                          ISR_FIFO[ISR_FIFO_Wp].Data  = I2C_CONTROL_RECEIVE;          
                          ISR_FIFO_Wp++;
                          if (ISR_FIFO_Wp >= ISR_FIFO_DEPTH)
                            ISR_FIFO_Wp = 0;
                        }
                        else
                        {                       
                          // I2C Master GO with normal byte read(with ACK)
                          _I2C_DR_SFR(I2CMCR_MASTER_GO | I2CMCR_CMD_READ);  
                          
C51 COMPILER V9.60.7.0   INTERRUPT                                                         06/18/2026 10:50:16 PAGE 6   

                          _I2C_CIR_SFR(I2CMCR);         
                        } 
                      }                     
                      I2C_Transmit_Index++;
                    }     
                  } 
                  else
                  {
                    /* Send out stop */       
              /*      
              #if (SYSETM_KEYPAD_CONTROL_ENABLE)      
                    if (I2C_Control_Target == I2C_CH455)
                    { 
                      if (state & I2CMISR_NO_ACK)
                      {
                        goto I2C_Interrupt_Fource_Complete;
                      } 
                    } 
              #endif
              */
                    ISR_FIFO[ISR_FIFO_Wp].ISR_Type = ISR_I2C;
                    ISR_FIFO[ISR_FIFO_Wp].State = state;  
                    ISR_FIFO[ISR_FIFO_Wp].Data  = 0; //             
                    ISR_FIFO_Wp++;
                    if (ISR_FIFO_Wp >= ISR_FIFO_DEPTH)
                      ISR_FIFO_Wp = 0;
                  } 
              #endif    
 319   2                  
 320   2          if (state & (I2CMISR_PSC | I2CMISR_EDID_DONE))
 321   2          {
 322   3            ISR_FIFO[ISR_FIFO_Wp].ISR_Type = ISR_EDID;
 323   3            ISR_FIFO[ISR_FIFO_Wp].State = state;
 324   3            ISR_FIFO[ISR_FIFO_Wp].Data = state2;
 325   3            
 326   3            if (++ISR_FIFO_Wp >= ISR_FIFO_DEPTH)
 327   3            {
 328   4              ISR_FIFO_Wp = 0;
 329   4            }
 330   3          }
 331   2        }
 332   1      #endif //#if (INTR_ISR_INCLUDE_I2C)
 333   1      
 334   1      #if (INTR_ISR_INCLUDE_SPI_MASTER)
                if (intrStt & SPI0_INT_STU)
                {
              #if (SYSTEM_POWER_SAVING_MODE_SUPPORT)
                  PowerSavingInhibitFlag = 1;
              #endif //#if (SYSTEM_POWER_SAVING_MODE_SUPPORT)
              
                  SPICIR = SPIMISR;
                  spiStatus = SPIDR;
                  spi_Mst.IntrStatus |= (spiStatus & 0x03);
                  
                  if (spiStatus & SPIMISR_DMAERRS) // when DMA error collision
                  {
                    /*Write error handling code here*/
                  }
                  
                  if (spiStatus & SPIMISR_SDTCS) // when master complete a DMA transfer   
                  {
                    spi_Mst.ActFlag &= ~(SPI_DMA_TXRX_CPL);
C51 COMPILER V9.60.7.0   INTERRUPT                                                         06/18/2026 10:50:16 PAGE 7   

                  }
                }
              #endif //#if (INTR_ISR_INCLUDE_SPI_MASTER)
 356   1      
 357   1      #if (INTR_ISR_INCLUDE_SPI_SLAVE)
                if (intrStt &SPI1_INT_STU)
                {
              #if (SYSTEM_POWER_SAVING_MODE_SUPPORT)
                  PowerSavingInhibitFlag = 1;
              #endif //#if (SYSTEM_POWER_SAVING_MODE_SUPPORT)
                  SPI_SlvIntrEntryFunc();
                }
              #endif //#if (INTR_ISR_INCLUDE_SPI_SLAVE)
 366   1      
 367   1      #if (INTR_ISR_INCLUDE_GPIO0)
 368   1        if (intrStt & GP0_INT_STU)
 369   1        {
 370   2          _MISC_CIR_SFR(MISC_GP0ISR);
 371   2          _MISC_DR_READ_SFR(cpu_Gpio0IntrStatus); 
 372   2      #if (MCU_REAL_CHIP)
 373   2          #if (SYSTEM_IR_DEVICE_SUPPORT)    
                  if (cpu_Gpio0IntrStatus & (IR_PIN_MASK | 0x0f)) // this is the btn mask
                  #else
 376   2          if (cpu_Gpio0IntrStatus & 0x0f) // this is the btn mask
 377   2          #endif  
 378   2      #else   
                  if (cpu_Gpio0IntrStatus & 0xf0) // this is the btn mask 
              #endif /* #if (MCU_REAL_CHIP) */      
 381   2          {
 382   3      #if (SYSTEM_POWER_SAVING_MODE_SUPPORT)
                    PowerSavingInhibitFlag = 1;
              #endif //#if (SYSTEM_POWER_SAVING_MODE_SUPPORT)
 385   3            if (KVM_System_Not_Ready_Flag == 0)
 386   3            { 
 387   4      #if (SYSTEM_IR_DEVICE_SUPPORT)
                      if (cpu_Gpio0IntrStatus & IR_PIN_MASK)
                      {                     
                        P3_0 = 0;
                        IR_GPIO_PIN = 1; // Pull up the IR input pin to prevent the output low by AX68002
                        if ((IR_Control_State & IR_START) == 0x00) //the data start bit not start
                        {           
                            IR_Control_State |= (IR_WAIT_HIGH | IR_START);
                            IR_Plus_Cnt = 0;
                            IR_Buffer_Cnt = 0;        
                            IR_Buffer[0] = 0;
                            IR_Edge_Setting[1] &= ~(BTN_TRIGGER_MASK << IR_TRIGGER_LEVEL_SHIFT);
                          IR_Edge_Setting[1] = IR_Edge_Setting[1] | (BTN_TRIGGER_RISING << IR_TRIGGER_LEVEL_SHIFT);   
                          _MISC_DR_SFR(IR_Edge_Setting[0]);
                          _MISC_DR_SFR(IR_Edge_Setting[1]);
                          _MISC_CIR_SFR(MISC_GP0TR);          
                        }
                        else
                        {           
                          if (IR_Control_State & IR_WAIT_HIGH)
                          {                
                            //2-0.next must wait level trigger by falling edge
                            {
                              IR_Edge_Setting[1] &= ~(BTN_TRIGGER_MASK << IR_TRIGGER_LEVEL_SHIFT);
                              IR_Edge_Setting[1] = IR_Edge_Setting[1] | (BTN_TRIGGER_FALLING << IR_TRIGGER_LEVEL_SHIFT);  
                              _MISC_DR_SFR(IR_Edge_Setting[0]);
                              _MISC_DR_SFR(IR_Edge_Setting[1]);
                              _MISC_CIR_SFR(MISC_GP0TR);              
C51 COMPILER V9.60.7.0   INTERRUPT                                                         06/18/2026 10:50:16 PAGE 8   

                            }                   
                            IR_Control_State &= ~IR_WAIT_HIGH;
                            
                            //2-1.Check start bit valid condition-first plus must 9 ms
                            if ((IR_MS_Cnt >= 8) && (IR_MS_Cnt <= 10))
                            {                                               
                            } 
                            else
                            { //Fail
                              IR_Control_State &= ~IR_START;                
                            }                 
                          } 
                          else
                          {             
                            //3-0.Check start bit valid condition-second plus must be 4 ms
                            if (IR_Plus_Cnt == 0)
                            { 
                              //ISR_FIFO[ISR_FIFO_Wp].Timer = SWTIMER_Counter;    
                              if ((IR_MS_Cnt >= 4) && (IR_MS_Cnt <= 5))
                              {               
                                IR_Plus_Cnt=1; //next bit 1                 
                                IR_Plus_Timer0 = (TH0 << 8);
                                IR_Plus_Timer0 += TL0;                                        
                              } 
                              else
                              { //Fail.. clear the ir condition state
                                IR_Control_State &= ~IR_START;                
                              }               
                            }
                            else
                            { 
                              if (IR_MS_Cnt <= 4)
                              {               
                                IR_Plus_Timer1 = TH0 << 8;
                                IR_Plus_Timer1 += TL0;                 
                                  if (IR_Plus_Timer1 >= IR_Plus_Timer0)
                                  {                     
                                    IR_Plus_Timer_Dif = (IR_Plus_Timer1 - IR_Plus_Timer0);
                                  }
                                  else
                                  {
                                    IR_Plus_Timer_Dif = (0xffff - IR_Plus_Timer0)+IR_Plus_Timer1;
                                  }   
                                  IR_Plus_Timer0 = IR_Plus_Timer1; // reset the timer0
                                  //timer0 clock duty->1/96 and divide 12, for 1T, do each clock is 1/8=0.125us
                                  //for 2ms = 16000,                  
                                  if (IR_Plus_Timer_Dif >= IR_2MS_Counter) //this is bit value 1
                                  {                   
                                    IR_Buffer[IR_Buffer_Cnt] |= (0x01 << (IR_Plus_Cnt-1));                    
                                  }
                                  else
                                  {
                                    if (IR_Plus_Timer_Dif > IR_1MS_Counter) //this is bit value 0
                                    {
                                      //ISR_FIFO[ISR_FIFO_Wp].Data = 0x14;  
                                    } 
                                    else
                                    { //error                                           
                                        IR_Control_State &= ~IR_START;                      
                                    } 
                                  }   
                                                    
C51 COMPILER V9.60.7.0   INTERRUPT                                                         06/18/2026 10:50:16 PAGE 9   

                                  IR_Plus_Cnt++;
                                  if (IR_Plus_Cnt > 8) // byte complete
                                  {
                                                  
                                    IR_Plus_Cnt = 1; //next is bit 1.
                                    ISR_FIFO[ISR_FIFO_Wp].ISR_Type = ISR_IR;                  
                                  ISR_FIFO[ISR_FIFO_Wp].Data = IR_Buffer[IR_Buffer_Cnt];
                                  IR_Buffer_Cnt++;      
                                    IR_Buffer[IR_Buffer_Cnt] = 0;
                                  ISR_FIFO_Wp++;
                                  if (ISR_FIFO_Wp >= ISR_FIFO_DEPTH)
                                    ISR_FIFO_Wp = 0;
                                  }
                                }               
                                else
                                {//Fail.. clear the ir condition state
                                IR_Control_State &= ~IR_START;    
                                IR_Plus_Cnt = 0; //next is bit 1.                 
                                }
                              
                            }                   
                          }                                
                        }
                        IR_MS_Cnt = 0;
                        P3_0 = 1;
                      } 
                      else            
              #endif
 505   4              {
 506   5      #if (KVM_BUTTON_SUPPORT) & (KVM_BUTTON_HARDWARE)
 507   5      #ifdef BTN_RESET                                  
                        _MISC_CIR_SFR(BTN_PORT_SFR[0]);
                        _MISC_DR_READ_SFR(regvalue0);
                        _MISC_DR_READ_SFR(regvalue1);             
                        if (regvalue0 & (BTN_TRIGGER_FALLING << BTN_POLLING_SHIFT[0]))
                        {                 
                          regvalue0 &= ~(BTN_TRIGGER_MASK << BTN_POLLING_SHIFT[0]);       
                          regvalue0  |= (BTN_TRIGGER_RISING << BTN_POLLING_SHIFT[0]);               
                          ISR_FIFO[ISR_FIFO_Wp].State = 0;
                        } 
                        else
                        { //Rising            
                          regvalue0 &= ~(BTN_TRIGGER_MASK << BTN_POLLING_SHIFT[0]);
                          regvalue0  |= (BTN_TRIGGER_FALLING << BTN_POLLING_SHIFT[0]);                              
                          ISR_FIFO[ISR_FIFO_Wp].State = 1;
                        }
                        _MISC_DR_SFR(regvalue0);
                        _MISC_DR_SFR(regvalue1);
                        _MISC_CIR_SFR(BTN_PORT_SFR[0]);
              #endif  // #ifdef BTN_RESET                                         
 527   5      #endif  // #if (KVM_BUTTON_SUPPORT) & (KVM_BUTTON_HARDWARE)         
 528   5                ISR_FIFO[ISR_FIFO_Wp].ISR_Type = ISR_BTN;
 529   5                ISR_FIFO[ISR_FIFO_Wp].Data = cpu_Gpio0IntrStatus;
 530   5                if (++ISR_FIFO_Wp >= ISR_FIFO_DEPTH)
 531   5                {
 532   6                  ISR_FIFO_Wp = 0;
 533   6                } 
 534   5              } 
 535   4            }
 536   3          }
 537   2        }
 538   1      #endif //#if (INTR_ISR_INCLUDE_GPIO0)
C51 COMPILER V9.60.7.0   INTERRUPT                                                         06/18/2026 10:50:16 PAGE 10  

 539   1      
 540   1      #if (INTR_ISR_INCLUDE_GPIO2)
                if (intrStt & GP2_INT_STU)
                {
                  CPU_Gpio2IntrEntryFunc();
                }
              #endif //#if (INTR_ISR_INCLUDE_GPIO2)
 546   1      
 547   1      #if (INTR_ISR_INCLUDE_HSUR2)
 548   1        if (intrStt & UR2_INT_STU)
 549   1        {
 550   2          HSUR2_IntrEntryFunc();
 551   2        }
 552   1      #endif  /* #if (INTR_ISR_INCLUDE_HSUR2) */
 553   1      }
 554          
 555          /*
 556           *--------------------------------------------------------------------------------
 557           * static void intr_PeripheralIntr5ISR(void)
 558           * Purpose : The interrupt service routine of MSTIMER and RTC.
 559           * Params  : None.
 560           * Returns : None.
 561           * Note    : None.
 562           *--------------------------------------------------------------------------------
 563           */
 564          static void intr_PeripheralIntr5ISR(void) interrupt INT5_VECTOR //use external interrupt pin 5 (0x53)
 565          {
 566   1        idata U8_T  intr5Stt = 0;
 567   1      #if (INTR_ISR_INCLUDE_SWDMA)
                idata U8_T  dmastate;
              #endif
 570   1      
 571   1        EIF = INT5F;
 572   1        intr5Stt = SDSTSR;
 573   1      
 574   1      #if (INTR_ISR_INCLUDE_SWDMA)
                if (intr5Stt & SDC)
                {
                  DCIR = SW_DMA_STATUS_REG;
                  dmastate = DDR;
                  if (dmastate & (DMA_COMPLETE_STU |DMA_ERROR_STU))
                  {
                    if ((dmastate & (DMA_COMPLETE_STU |DMA_ERROR_STU)) == DMA_COMPLETE_STU)
                    {
                      USBHC_SWDMA_Inused_Flag = 0; //release the SW DAM channel
                    }
                  }
                }
              #endif //#if (INTR_ISR_INCLUDE_SWDMA)
 588   1      
 589   1      #if (INTR_ISR_INCLUDE_MSTIMER)
 590   1        if (intr5Stt & STT)
 591   1        {
 592   2          if (++SWTIMER_Counter == 0)
 593   2          {
 594   3            SWTIMER_ScCheckTimer256ms++;
 595   3          }
 596   2          Task_MS_Period_Flag = 1;
 597   2      #if (SYSTEM_IR_DEVICE_SUPPORT)
                  IR_MS_Cnt++;
              #endif    
 600   2        }
C51 COMPILER V9.60.7.0   INTERRUPT                                                         06/18/2026 10:50:16 PAGE 11  

 601   1      #endif //#if (INTR_ISR_INCLUDE_MSTIMER)
 602   1      
 603   1      #if (INTR_ISR_INCLUDE_BUZZER)
                if (intr5Stt & BZRI)
                {
                  //read the buzzer interrupt status
                  _MISC_CIR_SFR(MISC_BISR);
                  _MISC_DR_READ_SFR(buzzer_instate);
                }
              #endif //#if (INTR_ISR_INCLUDE_BUZZER)
 611   1      }
 612          
 613          /*
 614           *--------------------------------------------------------------------------------
 615           * static void intr_PmmWakeUpISR(void)
 616           * Purpose : The interrupt service routine of the
 617           *           wake up event in power management mode.
 618           * Params  : None.
 619           * Returns : None.
 620           * Note    : None.
 621           *--------------------------------------------------------------------------------
 622           */
 623          static void intr_PmmWakeUp_Intr6ISR(void) interrupt INT6_VECTOR //use external interrupt 6 (0x5B)
 624          {
 625   1        U8_T  WakeStatus;
 626   1      
 627   1        EXTINT6_DISABLE;
 628   1      
 629   1        EIF = INT6F; // Clear the flag of interrupt 6.
 630   1        WakeStatus = PCON;
 631   1      
 632   1        if (!(WakeStatus & SWB_))
 633   1        {
 634   2          PCON &= ~ (PMM_ | STOP_);
 635   2        }
 636   1        WakeStatus = WKUPSR;
 637   1        
 638   1      #if (SYSTEM_POWER_SAVING_MODE_SUPPORT)
                PowerSavingExitSate = WakeStatus;
                PowerSavingExitFlag = 1;
              #endif //#if (SYSTEM_POWER_SAVING_MODE_SUPPORT)
 642   1      
 643   1        while (WakeStatus)
 644   1        {
 645   2      #if (SYSTEM_POWER_SAVING_MODE_SUPPORT)
                  if (WakeStatus & GPIO_WKUP)
                  {
                    if (CPU_WakeUpEventTable & GPIO_WKUP)
                      CPU_GpioWkupEntryFunc();
                  }
                  
                  if (WakeStatus & SPI_WKUP)
                  {
                    if (CPU_WakeUpEventTable & SPI_WKUP)
                    {
                    }
                  }
              
                  if (WakeStatus & PS2_WKUP)
                  {
                    if (CPU_WakeUpEventTable & PS2_WKUP)
                      PS2H_WkupEntryFunc();
C51 COMPILER V9.60.7.0   INTERRUPT                                                         06/18/2026 10:50:16 PAGE 12  

                  }
              #endif //#if (SYSTEM_POWER_SAVING_MODE_SUPPORT)
 665   2      
 666   2          /* check the EIF for INTF6 again */
 667   2          if (EIF & INT6F)
 668   2          {
 669   3            EIF = INT6F;  // Clear the flag of interrupt 6.
 670   3            WakeStatus = WKUPSR;
 671   3          }
 672   2          else
 673   2          {
 674   3            break;
 675   3          }
 676   2        }
 677   1      
 678   1        EXTINT6_ENABLE;
 679   1      }
 680          
 681          #if (INTR_ISR_INCLUDE_WATCHDOG)
              /*
               *--------------------------------------------------------------------------------
               * void intr_WatchDogISR(void)
               * Purpose : The interrupt service routine of the Watchdog timeout.
               * Params  : None
               * Returns : None
               * Note    : None
               *--------------------------------------------------------------------------------
               */
              void intr_WatchDogISR(void) interrupt WDIF_VECTOR
              {
                if (EWDI)
                {
                  if (EWT)
                  {
                    TA = 0xAA;
                    TA = 0x55;
                    WDIF = 0; // clear WatchDog Interrupt Flag.
                    TA = 0xAA;
                    TA = 0x55;
                    WTRF = 0; // clear the Watchdog Timer Reset Flag.
                  }
                  else
                  {
                    TA = 0xAA;
                    TA = 0x55;
                    WDIF = 0; // clear WatchDog Interrupt Flag.
                  }
                }
              }
              #endif
 713          /* EXPORTED SUBPROGRAM BODIES */
 714          
 715          /* End of interrupt.c */


MODULE INFORMATION:   STATIC OVERLAYABLE
   CODE SIZE        =    364    ----
   CONSTANT SIZE    =   ----    ----
   XDATA SIZE       =      1    ----
   PDATA SIZE       =   ----    ----
   DATA SIZE        =   ----    ----
   IDATA SIZE       =   ----       4
C51 COMPILER V9.60.7.0   INTERRUPT                                                         06/18/2026 10:50:16 PAGE 13  

   BIT SIZE         =   ----    ----
   EDATA SIZE       =   ----    ----
   HDATA SIZE       =   ----    ----
   XDATA CONST SIZE =   ----    ----
   FAR CONST SIZE   =   ----    ----
END OF MODULE INFORMATION.


C51 COMPILATION COMPLETE.  0 WARNING(S),  0 ERROR(S)
