C51 COMPILER V9.60.7.0   KVM_RTC                                                           06/23/2026 16:04:48 PAGE 1   


C51 COMPILER V9.60.7.0, COMPILATION OF MODULE KVM_RTC
OBJECT MODULE PLACED IN .\kvm_rtc.obj
COMPILER INVOKED BY: C:\Users\Administrator\AppData\Local\Keil_v5\C51\BIN\C51.EXE ..\Src\kvm_control\kvm_rtc\kvm_rtc.c L
                    -ARGE OMF2 ROM(D16M) OPTIMIZE(9,SIZE) BROWSE NOAREGS INCDIR(..\src\main\;..\src\cpu\;..\src\flash\;..\src\uart\;..\src\sw
                    -dma\;..\src\mstimer\;..\src\i2c\;..\src\spi\;..\src\task_man\;..\src\project\;..\Src\ps2_host;..\Src\console_edid;..\Src
                    -\storage;..\Src\data_stream;..\Src\kvm_control\kvm_hotkey;..\Src\kvm_control\kvm_console;..\Src\kvm_control\kvm_button;.
                    -.\Src\kvm_control\kvm_edid;..\Src\kvm_control\kvm_buzzer;..\src\gpio\;..\Src\hardware_ps2;..\Src\usbdc;..\Src\usbdc\usbd
                    -c_virtual;..\Src\usb_std;..\Src\usbhc;..\Src\kvm_control\power_saving;..\Src\usbhc\MSC;..\Src\usbhc\AUDIO;..\Src\usbhc\H
                    -UB;..\Src\usbhc\HID;..\Src\usbhc\HID_PARSER;..\Src\usbhc\ROOT_HUB;..\Src\usbdc\usbdc_hub;..\Src\usbdc\usbdc_hid;..\Src\k
                    -vm_control\kvm_storage\spi_flash;..\Src\usbdc\usbdc_msc\usb_scsi;..\Src\usbdc\usbdc_msc;..\Src\handler\logitech;..\Src\h
                    -andler\A4_Tech;..\Src\usbdc\usbdc_vendor;..\Src\hsur;..\Src\extender\core;..\Src\extender\receiver;..\Src\uart_console;.
                    -.\Src\kvm_control\km_sync;..\Src\hsur;..\Src\kvm_control\km_log;..\Src\kvm_control\km_api;..\Src\kvm_control\kvm_ir;..\S
                    -rc\kvm_control\kvm_rtc;..\Src\i2c;..\Src\kvm_control\kvm_multiview) STRING(FAR) DEFINE(RuntimeCodeAt0KH,MCU_TYPE_AX68004
                    -,KVM,HC_TIMEOUT=10000,VHID,HID_PARSER_CORE_KB,HID_PARSER_CORE_MS,API,NO_AUDIO,NO_MSC,NO_EDID,HUART_BAUD=HUART_115K,SYNC,
                    -CROSS_JUMP_MAP0,VPID_CHANGER,SYNC_KB_HOTKEY,SYNC_MS_HOTKEY,REPEAT_MODE=1,HSUART,MULTIVIEW) VARBANKING DEBUG PRINT(.\kvm_
                    -rtc.lst) TABS(2) OBJECT(.\kvm_rtc.obj)

line level    source

   1          /*
   2           ************************************************************************************
   3           *     Copyright (c) 2014 ASIX Electronic Corporation      All rights reserved.
   4           *
   5           *     This is unpublished proprietary source code of ASIX Electronic Corporation
   6           *
   7           *     The copyright notice above does not evidence any actual or intended
   8           *     publication of such source code.
   9           ************************************************************************************
  10           */
  11           
  12          /*================================================================================
  13           * Module Name : kvm_rtc.c
  14           * Purpose     : handle real time clock
  15           * Author      : Jack Wang
  16           * Date        :
  17           * Notes       : None
  18           * no message
  19           *
  20           *================================================================================
  21           */
  22          
  23          /* INCLUDE FILE DECLARATIONS */
  24          #include <stdio.h>
  25          #include <string.h>
  26          #include "project_include.h"
  27          
  28          #ifdef RTC  
              /*$GLOBAL DEFINATION DECLARATIONS*/
              #define RTC_DEBUG_DISPLAY     1
              /*$GLOBAL CONTANT DECLARATIONS*/
              /*$GLOBAL VARIABLES DECLARATIONS*/
              struct _KVM_RTCC KVM_Rtc;
              struct _KVM_RTC_Alarm  KVM_RTC_Alarm;
              //---------------------------------------------------------------------------------------
              // GENERIC USB QUEUE
              U8_T TASK_KVM_RTC_Handle_ID;
              U8_T TASK_KVM_RTC_Handle_ActiveID;
              //---------------------------------------------------------------------------------------
              /*$STATIC VARIABLE DECLARATIONS  */
              /*$LOCAL SUBPROGRAM DECLARATIONS */
              void KVM_RTC_Alarm_Handle(void);
C51 COMPILER V9.60.7.0   KVM_RTC                                                           06/23/2026 16:04:48 PAGE 2   

              void TASK_KVM_RTC_Handle(void);
              
              /*
               * -------------------------------------------------------------------------------
               * void KVM_RTC_Init(void)
               * Purpose : Initializes the rtc control 
               *       
               * Params  : none
               * Returns : none
               * Note    : 
               * -------------------------------------------------------------------------------
               */
              void KVM_RTC_Init(void)
              {
                memset(&KVM_Rtc,0x00,sizeof(KVM_Rtc));
                TASK_KVM_RTC_Handle_ActiveID = 0;
                //1.Genteric HID device init declartion
                TASK_KVM_RTC_Handle_ID  = TASK_Create(TASK_KVM_RTC_Handle);   
                 
                //After 4 hours need to reset extender transmitter
                KVM_RTC_Alarm.iCountdown = DEFAULT_RTC_TIMER; // 4 housrs, unit is minutes  
                KVM_RTC_Alarm.iReload = KVM_RTC_Alarm.iCountdown;
                KVM_RTC_Alarm.Task_FunctionP = KVM_RTC_Alarm_Handle;
                
              } /* End of KVM_RTC_Init */
              
              /***************************************************************************************************/
              /*
              **  Function Name: KVM_RTC_Control(void)
              **  Parameter    : 
              **  Description  : 
              **
              **
              */
              void KVM_RTC_Control(void)
              {
                if (KVM_Flash.cSystemFlag2 & SYSTEM_RTC_MASK)
                  KVM_RTC_Start();
                else
                  KVM_RTC_Stop();
              } 
              
              /***************************************************************************************************/
              /*
              **  Function Name: KVM_RTC_Start(void)
              **  Parameter    : 
              **  Description  : 
              **
              **
              */
              void KVM_RTC_Start(void)
              { 
                //printf("RTC Start\n\r");
                if (KVM_Flash.cSystemFlag2 & SYSTEM_RTC_MASK)
                {
                  KVM_RTC_Alarm.iCountdown = DEFAULT_RTC_TIMER;
                  if (TASK_KVM_RTC_Handle_ActiveID == 0)
                  { 
                    //printf("RTC GO\n\r");
                    TASK_KVM_RTC_Handle_ActiveID = TASK_Active(TASK_TYPE_INTERVAL_MS,TASK_KVM_RTC_Handle_ID,0,0,1,1000)+1; 
             -//for every sec active the real time clock          
                  } 
C51 COMPILER V9.60.7.0   KVM_RTC                                                           06/23/2026 16:04:48 PAGE 3   

                  else
                  {     
                    Task_Active_Table[TASK_KVM_RTC_Handle_ActiveID-1].Task_Interval.w = 1000;
                  }     
                }   
              }
              
              /***************************************************************************************************/
              /*
              **  Function Name: KVM_RTC_Start(void)
              **  Parameter    : 
              **  Description  : 
              **
              **
              */
              void KVM_RTC_Stop(void)
              { 
                //printf("RTC Stop\n\r");
                if ((KVM_Flash.cSystemFlag2 & SYSTEM_RTC_MASK) == 0)
                {
                  if (TASK_KVM_RTC_Handle_ActiveID)
                  {
                    Task_Active_Table[TASK_KVM_RTC_Handle_ActiveID-1].Task_Interval.w = 1;      
                  }   
                }   
              }
              
              /***************************************************************************************************/
              /*
              **  Function Name: TASK_KVM_RTC_Handle_ID(void)
              **  Parameter    : 
              **  Description  : 
              **
              **
              */
              void TASK_KVM_RTC_Handle(void)
              {
                if ((KVM_Flash.cSystemFlag2 & SYSTEM_RTC_MASK) == 0)
                {
                  TASK_Destory_Current();
                  TASK_KVM_RTC_Handle_ActiveID = 0;
                  return;
                }
                
                if (KVM_Rtc.cSecond < 59) //
                {
                  KVM_Rtc.cSecond++;
                }   
                else
                {
                  KVM_Rtc.cSecond = 0;
                  if (KVM_Rtc.cMinute < 59)
                  {
                    KVM_Rtc.cMinute++;
                  }     
                  else
                  {
                    KVM_Rtc.cMinute=0;
                    if (KVM_Rtc.cHour < 23)
                    {
                      KVM_Rtc.cHour++;
                    }       
C51 COMPILER V9.60.7.0   KVM_RTC                                                           06/23/2026 16:04:48 PAGE 4   

                    else
                    {
                      KVM_Rtc.cHour = 0;        
                    }       
                  }
                  
                  //Alarm minitue handle
                  if (KVM_RTC_Alarm.iCountdown)
                  { 
                    KVM_RTC_Alarm.iCountdown--;
                  }
                  
                  if (KVM_RTC_Alarm.iCountdown == 0)    
                  {
                    KVM_RTC_Alarm.iCountdown = KVM_RTC_Alarm.iReload;
                    if (KVM_RTC_Alarm.Task_FunctionP)
                      KVM_RTC_Alarm.Task_FunctionP();
                  } 
                  
              #if (RTC_DEBUG_DISPLAY)
                  printf("%02bu:%02bu:%02bu\n\r",KVM_Rtc.cHour,KVM_Rtc.cMinute,KVM_Rtc.cSecond);
              #endif    
                }   
              }
              
              /***************************************************************************************************/
              /*
              **  Function Name: KVM_RTC_Alarm_Handle(void)
              **  Parameter    : 
              **  Description  : 
              **
              **
              */
              void KVM_RTC_Alarm_Handle(void)
              {
                
              }
              #endif /* End of RTC */
 204          
 205          /* End of kvm_rtc.c */


MODULE INFORMATION:   STATIC OVERLAYABLE
   CODE SIZE        =   ----    ----
   CONSTANT SIZE    =   ----    ----
   XDATA SIZE       =   ----    ----
   PDATA SIZE       =   ----    ----
   DATA SIZE        =   ----    ----
   IDATA SIZE       =   ----    ----
   BIT SIZE         =   ----    ----
   EDATA SIZE       =   ----    ----
   HDATA SIZE       =   ----    ----
   XDATA CONST SIZE =   ----    ----
   FAR CONST SIZE   =   ----    ----
END OF MODULE INFORMATION.


C51 COMPILATION COMPLETE.  0 WARNING(S),  0 ERROR(S)
