C51 COMPILER V9.60.7.0   KVM_MULTIVIEW                                                     06/18/2026 10:50:21 PAGE 1   


C51 COMPILER V9.60.7.0, COMPILATION OF MODULE KVM_MULTIVIEW
OBJECT MODULE PLACED IN .\kvm_multiview.obj
COMPILER INVOKED BY: C:\Users\Administrator\AppData\Local\Keil_v5\C51\BIN\C51.EXE ..\Src\kvm_control\kvm_multiview\kvm_m
                    -ultiview.c LARGE OMF2 ROM(D16M) OPTIMIZE(9,SIZE) BROWSE NOAREGS INCDIR(..\src\main\;..\src\cpu\;..\src\flash\;..\src\uar
                    -t\;..\src\swdma\;..\src\mstimer\;..\src\i2c\;..\src\spi\;..\src\task_man\;..\src\project\;..\Src\ps2_host;..\Src\console
                    -_edid;..\Src\storage;..\Src\data_stream;..\Src\kvm_control\kvm_hotkey;..\Src\kvm_control\kvm_console;..\Src\kvm_control\
                    -kvm_button;..\Src\kvm_control\kvm_edid;..\Src\kvm_control\kvm_buzzer;..\src\gpio\;..\Src\hardware_ps2;..\Src\usbdc;..\Sr
                    -c\usbdc\usbdc_virtual;..\Src\usb_std;..\Src\usbhc;..\Src\kvm_control\power_saving;..\Src\usbhc\MSC;..\Src\usbhc\AUDIO;..
                    -\Src\usbhc\HUB;..\Src\usbhc\HID;..\Src\usbhc\HID_PARSER;..\Src\usbhc\ROOT_HUB;..\Src\usbdc\usbdc_hub;..\Src\usbdc\usbdc_
                    -hid;..\Src\kvm_control\kvm_storage\spi_flash;..\Src\usbdc\usbdc_msc\usb_scsi;..\Src\usbdc\usbdc_msc;..\Src\handler\logit
                    -ech;..\Src\handler\A4_Tech;..\Src\usbdc\usbdc_vendor;..\Src\hsur;..\Src\extender\core;..\Src\extender\receiver;..\Src\ua
                    -rt_console;..\Src\kvm_control\km_sync;..\Src\hsur;..\Src\kvm_control\km_log;..\Src\kvm_control\km_api;..\Src\kvm_control
                    -\kvm_ir;..\Src\kvm_control\kvm_rtc;..\Src\i2c;..\Src\kvm_control\kvm_multiview) STRING(FAR) DEFINE(RuntimeCodeAt0KH,MCU_
                    -TYPE_AX68004,KVM,HC_TIMEOUT=10000,VHID,HID_PARSER_CORE_KB,HID_PARSER_CORE_MS,API,NO_AUDIO,NO_MSC,NO_EDID,HUART_BAUD=HUAR
                    -T_115K,SYNC,CROSS_JUMP_MAP0,VPID_CHANGER,SYNC_KB_HOTKEY,SYNC_MS_HOTKEY,REPEAT_MODE=1,HSUART,MULTIVIEW) VARBANKING DEBUG 
                    -PRINT(.\kvm_multiview.lst) TABS(2) OBJECT(.\kvm_multiview.obj)

line level    source

   1          /*
   2           ******************************************************************************
   3           *     Copyright (c) 2014 ASIX Electronic Corporation      All rights reserved.
   4           *
   5           *     This is an proprietary source code of ASIX Electronic Corporation
   6           *
   7           *     The copyright notice above does not evidence any actual or intended
   8           *     publication of such source code.
   9           ******************************************************************************
  10           */
  11           /*============================================================================
  12           * Module Name: vs4210.c
  13           * Purpose: MULTIVIEW contorl & handle 
  14           * Author:
  15           * Date:
  16           * Modify :
  17           *=============================================================================
  18           */
  19          
  20          /* INCLUDE FILE SECTION */
  21          #include <stdio.h>
  22          #include <string.h>
  23          #include "project_include.h"
  24          
  25          #ifdef MULTIVIEW //USE MULTIVIEW Chip
  26          /* NAMING CONSTANT DECLARATIONS */
  27          #define  MULTIVIEW_HEADER0      0xaa
  28          #define  MULTIVIEW_HEADER1      0x55
  29          
  30          #define  MULTIVIEW_INIT_DONE      0x01
  31          #define  MULTIVIEW_ACK          0x02
  32          #define  MULTIVIEW_CURRENT_VALUE    0x03
  33          #define  MULTIVIEW_DISPLAY_MODE   0x04
  34          #define  MULTIVIEW_RESOLUTION_SELECT  0x05
  35          #define  MULTIVIEW_HDMI_SELECT      0x06
  36          #define  MULTIVIEW_AUDIO_SELECT   0x07
  37          
  38          /* GLOBAL VARIABLES DECLARATIONS */
  39          bit    MULTIVIEW_TimeOut_Pause=0;
  40          bit    MULTIVIEW_TimeOut_Flag=0;
  41          U8_T   HDMI_Port[4] = {0,1,2,3};    
  42          U8_T   MULTIVIEW_RxBuf[16];
C51 COMPILER V9.60.7.0   KVM_MULTIVIEW                                                     06/18/2026 10:50:21 PAGE 2   

  43          U8_T   MULTIVIEW_Wait_Len;
  44          U8_T   TASK_MULTIVIEW_Receive_TimeOut_ID;
  45          U8_T   TASK_MULTIVIEW_Receive_TimeOut_ActiveID;
  46          U16_T  MULTIVIEW_RxTail = 0;
  47          U16_T  MULTIVIEW_RxCount = 0;
  48          U16_T  MULTIVIEW_RxTail_Hold=0;
  49          
  50          U8_T MULTIVIEW_Cmd[7][8] =
  51          {
  52            // 1    2    3    4    5    6    7    8 
  53            0xaa,0x55,0x06,MULTIVIEW_INIT_DONE      ,0xcc,0x33,0x00,0x00,  //0x01-VS4201 init done  
  54            0xaa,0x55,0x06,MULTIVIEW_ACK        ,0xcc,0x33,0x00,0x00,  //0x02-ACK
  55            0xaa,0x55,0x07,MULTIVIEW_CURRENT_VALUE    ,0x01,0x00,0x00,0x00,  //0x03-Current Parameter
  56            0xaa,0x55,0x05,MULTIVIEW_DISPLAY_MODE   ,0x01,0x00,0x00,0x00,  //0x04-Display Mode select,0-Single,1-Quad
  57            0xaa,0x55,0x05,MULTIVIEW_RESOLUTION_SELECT  ,0x01,0x00,0x00,0x00,  //0x05-Resolution select,0-1080P,1-720P
  58            0xaa,0x55,0x05,MULTIVIEW_HDMI_SELECT    ,0x01,0x00,0x00,0x00,  //0x06-HDMI Port Select  
  59            0xaa,0x55,0x05,MULTIVIEW_AUDIO_SELECT   ,0x01,0x00,0x00,0x00,  //0x07-Audio Port Select 
  60          };
  61          
  62          /* LOCAL VARIABLES DECLARATIONS */
  63          /* LOCAL SUBPROGRAM DECLARATIONS */
  64          void TASK_MULTIVIEW_Receive_TimeOut_Start(void);
  65          void TASK_MULTIVIEW_Receive_TimeOut(void);
  66          void MULTIVIEW_Send_Command(U8_T *buf, U8_T len);
  67          /* EXTERNAL GLOBAL VARIABLES DECLARATIONS */
  68          /* EXTERNAL SUBPROGRAM DECLARATIONS */
  69          /*
  70           * ----------------------------------------------------------------------------
  71           * Function Name: MULTIVIEW_Init(void)
  72           * Purpose:
  73           * Params:
  74           * Returns:
  75           * Note:
  76           * ----------------------------------------------------------------------------
  77           */
  78          void MULTIVIEW_Init(void)
  79          {
  80   1        #ifdef HSUART
  81   1        HSUART_Init();
  82   1        #endif  
  83   1        MULTIVIEW_RxCount = 0;  
  84   1        TASK_MULTIVIEW_Receive_TimeOut_ID = TASK_Create(TASK_MULTIVIEW_Receive_TimeOut);  
  85   1        TASK_MULTIVIEW_Receive_TimeOut_ActiveID = 0;
  86   1      } 
  87           
  88          /**----------------------------------------------------------------------------
  89           * void MULTIVIEW_Receive_Handle(void)
  90           * Purpose : UART1 console receive handle 
  91           * Params  : none
  92           * Returns : none
  93           * Note    : none
  94           * ----------------------------------------------------------------------------*/
  95          void MULTIVIEW_Receive_Handle(void)
  96          { 
  97   1        bit terminate=0;
  98   1        U8_T  cmd_get=0;
  99   1        
 100   1        printf("(%d-%d)\n\r",MULTIVIEW_RxTail,hsuart_RxTail);     
 101   1        if (MULTIVIEW_RxTail != hsuart_RxTail)  
 102   1        {         
 103   2          //TASK_MULTIVIEW_Receive_TimeOut_Start();
 104   2          printf("|%d-%02bx|",MULTIVIEW_RxCount,hsuart_RxBuf[hsuart_RxHead]);   
C51 COMPILER V9.60.7.0   KVM_MULTIVIEW                                                     06/18/2026 10:50:21 PAGE 3   

 105   2          MULTIVIEW_TimeOut_Pause = 0;    
 106   2          TASK_MULTIVIEW_Receive_TimeOut_Start();
 107   2          MULTIVIEW_RxBuf[MULTIVIEW_RxCount]=hsuart_RxBuf[hsuart_RxHead];
 108   2                      
 109   2          MULTIVIEW_RxCount++;    
 110   2          //----------------------------------------------------------
 111   2          //update the ring buffer end pointer for RX ring buffer
 112   2      //MULTIVIEW_Recieve_Exit:   
 113   2          hsuart_RxHead++;
 114   2          hsuart_RxHead &= MAX_RX_HSUART_MASK;            
 115   2          MULTIVIEW_RxTail++;     
 116   2          MULTIVIEW_RxTail &= MAX_RX_HSUART_MASK;                             
 117   2        } /* End of if(RI0) */
 118   1      }
 119          
 120          /**----------------------------------------------------------------------------
 121           * void TASK_MULTIVIEW_Receive_TimeOut_Start(void)
 122           * Purpose : 
 123           * Params  : none
 124           * Returns : none
 125           * Note    : none
 126           * ----------------------------------------------------------------------------*/
 127          void TASK_MULTIVIEW_Receive_TimeOut_Start(void)
 128          {
 129   1        if (TASK_MULTIVIEW_Receive_TimeOut_ActiveID == 0)
 130   1        {
 131   2          TASK_MULTIVIEW_Receive_TimeOut_ActiveID =
 132   2            TASK_Active(TASK_TYPE_INTERVAL_MS,TASK_MULTIVIEW_Receive_TimeOut_ID,0,0,500,500)+1;   
 133   2        }   
 134   1        else
 135   1        {
 136   2          Task_Active_Table[TASK_MULTIVIEW_Receive_TimeOut_ActiveID-1].Task_Interval.w = 500; //200ms
 137   2        }   
 138   1      }
 139          
 140          /**----------------------------------------------------------------------------
 141           * void TASK_MULTIVIEW_Receive_TimeOut(void)
 142           * Purpose : 
 143           * Params  : none
 144           * Returns : none
 145           * Note    : none
 146           * ----------------------------------------------------------------------------*/
 147          void TASK_MULTIVIEW_Receive_TimeOut(void)
 148          {
 149   1        if (MULTIVIEW_TimeOut_Pause == 0)
 150   1        {
 151   2          MULTIVIEW_TimeOut_Flag=1;
 152   2          //if (MULTIVIEW_RxCount != 0)
 153   2          //{
 154   2          //  printf("TClear_Rx:%d\n\r",MULTIVIEW_RxCount);
 155   2          //} 
 156   2          MULTIVIEW_RxCount = 0;
 157   2        } 
 158   1        
 159   1        TASK_Destory_Current();
 160   1        TASK_MULTIVIEW_Receive_TimeOut_ActiveID = 0;
 161   1      }
 162          
 163          /**----------------------------------------------------------------------------
 164           * void MULTIVIEW_Send_Command(U8_T *buf, U8_T len)
 165           * Purpose : 
 166           * Params  : none
C51 COMPILER V9.60.7.0   KVM_MULTIVIEW                                                     06/18/2026 10:50:21 PAGE 4   

 167           * Returns : none
 168           * Note    : none
 169           * ----------------------------------------------------------------------------*/
 170          void MULTIVIEW_Send_Command(U8_T *buf, U8_T len)
 171          {
 172   1        U8_T i;
 173   1            
 174   1        for (i=0 ; i < len;i++)
 175   1        {   
 176   2          HSUART_PutChar(buf[i]);
 177   2        }   
 178   1      } 
 179          #endif /*  #ifdef MULTIVIEW  */
 180          
 181          /* End of buzzer_hardware.c */


MODULE INFORMATION:   STATIC OVERLAYABLE
   CODE SIZE        =    422    ----
   CONSTANT SIZE    =     21    ----
   XDATA SIZE       =     85       6
   PDATA SIZE       =   ----    ----
   DATA SIZE        =   ----    ----
   IDATA SIZE       =   ----    ----
   BIT SIZE         =      2       1
   EDATA SIZE       =   ----    ----
   HDATA SIZE       =   ----    ----
   XDATA CONST SIZE =   ----    ----
   FAR CONST SIZE   =     21    ----
END OF MODULE INFORMATION.


C51 COMPILATION COMPLETE.  0 WARNING(S),  0 ERROR(S)
