C51 COMPILER V9.60.7.0   KVM_HOTKEY                                                        06/18/2026 14:01:43 PAGE 1   


C51 COMPILER V9.60.7.0, COMPILATION OF MODULE KVM_HOTKEY
OBJECT MODULE PLACED IN .\kvm_hotkey.obj
COMPILER INVOKED BY: C:\Users\Administrator\AppData\Local\Keil_v5\C51\BIN\C51.EXE ..\Src\kvm_control\kvm_hotkey\kvm_hotk
                    -ey.c LARGE OMF2 ROM(D16M) OPTIMIZE(9,SIZE) BROWSE NOAREGS INCDIR(..\src\main\;..\src\cpu\;..\src\flash\;..\src\uart\;..\
                    -src\swdma\;..\src\mstimer\;..\src\i2c\;..\src\spi\;..\src\task_man\;..\src\project\;..\Src\ps2_host;..\Src\console_edid;
                    -..\Src\storage;..\Src\data_stream;..\Src\kvm_control\kvm_hotkey;..\Src\kvm_control\kvm_console;..\Src\kvm_control\kvm_bu
                    -tton;..\Src\kvm_control\kvm_edid;..\Src\kvm_control\kvm_buzzer;..\src\gpio\;..\Src\hardware_ps2;..\Src\usbdc;..\Src\usbd
                    -c\usbdc_virtual;..\Src\usb_std;..\Src\usbhc;..\Src\kvm_control\power_saving;..\Src\usbhc\MSC;..\Src\usbhc\AUDIO;..\Src\u
                    -sbhc\HUB;..\Src\usbhc\HID;..\Src\usbhc\HID_PARSER;..\Src\usbhc\ROOT_HUB;..\Src\usbdc\usbdc_hub;..\Src\usbdc\usbdc_hid;..
                    -\Src\kvm_control\kvm_storage\spi_flash;..\Src\usbdc\usbdc_msc\usb_scsi;..\Src\usbdc\usbdc_msc;..\Src\handler\logitech;..
                    -\Src\handler\A4_Tech;..\Src\usbdc\usbdc_vendor;..\Src\hsur;..\Src\extender\core;..\Src\extender\receiver;..\Src\uart_con
                    -sole;..\Src\kvm_control\km_sync;..\Src\hsur;..\Src\kvm_control\km_log;..\Src\kvm_control\km_api;..\Src\kvm_control\kvm_i
                    -r;..\Src\kvm_control\kvm_rtc;..\Src\i2c;..\Src\kvm_control\kvm_multiview) STRING(FAR) DEFINE(RuntimeCodeAt0KH,MCU_TYPE_A
                    -X68004,KVM,HC_TIMEOUT=10000,VHID,HID_PARSER_CORE_KB,HID_PARSER_CORE_MS,API,NO_AUDIO,NO_MSC,NO_EDID,HUART_BAUD=HUART_115K
                    -,SYNC,CROSS_JUMP_MAP0,VPID_CHANGER,SYNC_KB_HOTKEY,SYNC_MS_HOTKEY,REPEAT_MODE=1,HSUART,MULTIVIEW) VARBANKING DEBUG PRINT(
                    -.\kvm_hotkey.lst) TABS(2) OBJECT(.\kvm_hotkey.obj)

line level    source

   1          /*
   2           *********************************************************************************
   3           *     Copyright (c) 2014 ASIX Electronic Corporation    All rights reserved.
   4           *
   5           *     This is unpublished proprietary source code of ASIX Electronic Corporation
   6           *
   7           *     The copyright notice above does not evidence any actual or intended
   8           *     publication of such source code.
   9           *********************************************************************************
  10           */
  11          /*================================================================================
  12           * Module Name : kvm_hotkey.c
  13           * Purpose     : This module handles the kvm hotkey feature 
  14           *
  15           * Author      : Jack Wang
  16           * Date        :
  17           * Notes       : 
  18           *
  19           *================================================================================
  20           */
  21          
  22          /* INCLUDE FILE DECLARATIONS */
  23          /* KEIL Header File Section */
  24          #include  "stdio.h"
  25          #include  "string.h"
  26          
  27          /* System Relate Header File Seciton */
  28          #include "project_include.h"
  29          
  30          #if (PROJECT_KVM_CONSOLE_ENABLE)
  31          #if (KVM_HOTKEY_SUPPORT)
  32          /* NAMING CONSTANT DECLARATIONS */
  33          CONST KVM_HotkeyStruct HOTKEY_FORK_DEFAULT[]=
  34          {
  35          //#if (SYSTEM_STANDARD_HOTKEY)
  36          //  HOTKEY_MAKE       ,CHAR_GUI,
  37          //#endif  
  38            HOTKEY_MAKE       ,CHAR_SCROLL_LOCK,
  39            HOTKEY_BREAK      ,CHAR_SCROLL_LOCK,
  40            HOTKEY_MAKE       ,CHAR_SCROLL_LOCK,
  41            HOTKEY_BREAK      ,CHAR_SCROLL_LOCK,
  42          //#if (SYSTEM_STANDARD_HOTKEY)
C51 COMPILER V9.60.7.0   KVM_HOTKEY                                                        06/18/2026 14:01:43 PAGE 2   

  43          //  HOTKEY_BREAK      ,CHAR_GUI,
  44          //#endif    
  45            HOTKEY_ACTIVE     ,0x00,
  46            HOTKEY_FUNCTION     ,0x00,
  47            HOTKEY_TERMINATE    ,0x00
  48          };
  49          
  50          #if (SYSTEM_STANDARD_HOTKEY)
  51          CONST KVM_HotkeyStruct HOTKEY_FORK_CTRLD[]=
  52          {
  53            //HOTKEY_MAKE       ,CHAR_GUI,
  54            HOTKEY_MAKE       ,CHAR_CONTROL,
  55            HOTKEY_BREAK      ,CHAR_CONTROL,
  56            HOTKEY_MAKE       ,CHAR_CONTROL,
  57            HOTKEY_BREAK      ,CHAR_CONTROL,
  58            //HOTKEY_BREAK      ,CHAR_GUI,
  59            HOTKEY_ACTIVE     ,0x00,
  60            HOTKEY_FUNCTION     ,0x00,
  61            HOTKEY_TERMINATE    ,0x00
  62          };
  63          #endif
  64          
  65          
  66          CONST U8_T HOTKEY_DESCRIPTOR_DEFAULT[]=
  67          {
  68            //-----------------------------------
  69            // Ctrl Key On/OFF
  70            //-----------------------------------
  71            9,    //Function Length
  72            HOTKEY_FUN_ALTERNAMTE_CONTROL,      // Function Code
  73            HOTKEY_OP_FUNCTION0_CODE|HOTKEY_LEN_4,  // OP Code
  74            CHAR_C,CHAR_T,CHAR_R,CHAR_L,
  75            HOTKEY_OP_SHORT_VALUE|HOTKEY_LEN_2,   // OP Code
  76            0x00, // Minimum 
  77            0x01, // Maximum
  78            //-----------------------------------
  79            // Port Switch
  80            //-----------------------------------
  81            4,    //Function Length
  82            HOTKEY_FUN_PORT_SW_NUMERIC,       // Function Code
  83            HOTKEY_OP_SHORT_VALUE+HOTKEY_LEN_2,   // OP Code
  84            0x01, // Minimum 
  85            KVM_MAX_PORT, // Maximum
  86            
  87            //-----------------------------------
  88            // 1. Roaming Mode
  89            //-----------------------------------
  90            6,    //Function Length
  91            HOTKEY_FUN_MS_ROAMING_MODE,       // Function Code
  92            HOTKEY_OP_FUNCTION0_CODE+HOTKEY_LEN_1,    // OP Code
  93            CHAR_F1,  // Minimum
  94            HOTKEY_OP_SHORT_VALUE+HOTKEY_LEN_2,   // OP Code
  95            0x00, // Minimum 
  96            0x01, // Maximum  
  97            //----------------------------------- 
  98            //  2. Sync Mode
  99            //-----------------------------------
 100            6,    //Function Length
 101            HOTKEY_FUN_MS_SYNC_MODE,        // Function Code
 102            HOTKEY_OP_FUNCTION0_CODE+HOTKEY_LEN_1,  // OP Code
 103            CHAR_F4,      // Minimum 
 104            HOTKEY_OP_SHORT_VALUE+HOTKEY_LEN_2,   // OP Code
C51 COMPILER V9.60.7.0   KVM_HOTKEY                                                        06/18/2026 14:01:43 PAGE 3   

 105            0x00, // Minimum 
 106            0x01, // Maximum
 107            //----------------------------------- 
 108            //  3.Mouse Relative Coordinates Mode
 109            //-----------------------------------
 110            3,    //Function Length
 111            HOTKEY_FUN_MS_RELATIVE_MODE,      // Function Code
 112            HOTKEY_OP_FUNCTION0_CODE+HOTKEY_LEN_1,    // OP Code
 113            CHAR_F9,      // Minimum  
 114            //----------------------------------- 
 115            //  4.Mouse Absolute Coordinates Mode
 116            //-----------------------------------
 117            3,    //Function Length
 118            HOTKEY_FUN_MS_ABSOLUTE_MODE,      // Function Code
 119            HOTKEY_OP_FUNCTION0_CODE+HOTKEY_LEN_1,    // OP Code
 120            CHAR_F10,     // Minimum  
 121            //-----------------------------------
 122            // Port Jump by Power Control
 123            //-----------------------------------
 124            #if (ENABLE_HOTKEY_FUN_POWER_JUMP_SW)
 125            7,    //Function Length
 126            HOTKEY_FUN_PORT_JUMP_POWER_CONTROL,     // Function Code
 127            HOTKEY_OP_FUNCTION0_CODE|HOTKEY_LEN_2,  // OP Code
 128            CHAR_P,CHAR_W,
 129            HOTKEY_OP_SHORT_VALUE+HOTKEY_LEN_2,   // OP Code
 130            0x00, // Minimum 
 131            0x01, // Maximum
 132            #endif //#if (ENABLE_HOTKEY_FUN_POWER_JUMP_SW)
 133            //-----------------------------------
 134            // Port Plugin jump Control
 135            //-----------------------------------
 136            #if (ENABLE_HOTKEY_FUN_PLUGIN_JUMP_SW)
 137            9,    //Function Length
 138            HOTKEY_FUN_PLUGIN_JUMP_CONTROL,     // Function Code
 139            HOTKEY_OP_FUNCTION0_CODE|HOTKEY_LEN_4,  // OP Code
 140            CHAR_P,CHAR_L,CHAR_U,CHAR_G,
 141            HOTKEY_OP_SHORT_VALUE+HOTKEY_LEN_2,   // OP Code
 142            0x00, // Minimum 
 143            0x01, // Maximum
 144            #endif //#if (ENABLE_HOTKEY_FUN_PLUGIN_JUMP_SW)
 145            //-----------------------------------
 146            // Port Plugin jump Control
 147            //-----------------------------------
 148            #if (ENABLE_HOTKEY_FUN_PLUGIN_JUMP_SW)
 149            7,    //Function Length
 150            HOTKEY_FUN_PLUGIN_JUMP_MODE,      // Function Code
 151            HOTKEY_OP_FUNCTION0_CODE|HOTKEY_LEN_2,  // OP Code
 152            CHAR_P,CHAR_G,
 153            HOTKEY_OP_SHORT_VALUE+HOTKEY_LEN_2,   // OP Code
 154            0x00, // Minimum(only jump one time)
 155            0x01, // Maximum(always jump)
 156            #endif //#if (ENABLE_HOTKEY_FUN_PLUGIN_JUMP_SW)               
 157            //-----------------------------------
 158            // Combo Audio AutoSwitch Control(Receiver)
 159            //----------------------------------- 
 160            #if (ENABLE_HOTKEY_FUN_AUDIO_SW) || (ENABLE_HOTKEY_FUN_USBAUDIO_SW)  
                7,    //Function Length
                HOTKEY_FUN_AUTOAUDIO_SW,        // Function Code
                HOTKEY_OP_FUNCTION0_CODE|HOTKEY_LEN_2,  // OP Code
                CHAR_A,CHAR_A,              // 'AA'
                HOTKEY_OP_SHORT_VALUE|HOTKEY_LEN_2,   // Control Value
                0x00, // Minimum 
C51 COMPILER V9.60.7.0   KVM_HOTKEY                                                        06/18/2026 14:01:43 PAGE 4   

                0x01, // Maximum   
                #endif  /* #if (ENABLE_HOTKEY_FUN_AUDIO_SW) || (ENABLE_HOTKEY_FUN_USBAUDIO_SW) */
 169            //-----------------------------------
 170            // Audio Switch
 171            //-----------------------------------
 172            #if (ENABLE_HOTKEY_FUN_AUDIO_SW)
                6,    //Function Length
                HOTKEY_FUN_AUDIO_SW,          // Function Code
                HOTKEY_OP_FUNCTION0_CODE|HOTKEY_LEN_1,  // OP Code
                KVM_HOTKEY_DEFAULT_AUDIOSW,       // 'A'
                HOTKEY_OP_SHORT_VALUE|HOTKEY_LEN_2,   // OP Code
                0x01, // Minimum 
                0x03, // Maximum
                #endif //#if (ENABLE_HOTKEY_FUN_AUDIO_SW)
 181            //-----------------------------------
 182            // USB Audio Switch
 183            //-----------------------------------
 184            #if (ENABLE_HOTKEY_FUN_USBAUDIO_SW) 
                7,    //Function Length
                HOTKEY_FUN_USBAUDIO_SW,         // Function Code
                HOTKEY_OP_FUNCTION0_CODE|HOTKEY_LEN_2,  // OP Code
                CHAR_U,KVM_HOTKEY_DEFAULT_AUDIOSW,    // 'UA'
                HOTKEY_OP_SHORT_VALUE|HOTKEY_LEN_2,   // OP Code
                0x01, // Minimum 
                KVM_MAX_PORT, // Maximum  
                #endif //#if (ENABLE_HOTKEY_FUN_USBAUDIO_SW)
 193            
 194            //--------------------------------------------
 195            // Transmitter Combo Audio AutoSwitch Control
 196            //---------------------------------------------
 197            #if (ENABLE_HOTKEY_T_AUDIO_AUTO_SW)
                8,    //Function Length
                HOTKEY_FUN_T_USBAUDIO_AUTOSW,     // Function Code
                HOTKEY_OP_FUNCTION0_CODE|HOTKEY_LEN_3,  // OP Code
                CHAR_T,CHAR_A,CHAR_A,         // 'TAA'
                HOTKEY_OP_SHORT_VALUE|HOTKEY_LEN_2,   // Control Value
                0x00, // Minimum 
                0x01, // Maximum
                #endif
 206            //-----------------------------------
 207            // Transmitter USB Audio Switch
 208            //-----------------------------------
 209            #if (ENABLE_HOTKEY_T_USBAUDIO_SW)
                7,    //Function Length
                HOTKEY_FUN_T_USBAUDIO_SW,       // Function Code
                HOTKEY_OP_FUNCTION0_CODE|HOTKEY_LEN_2,  // OP Code
                CHAR_T,CHAR_A,              // 'TA'
                HOTKEY_OP_SHORT_VALUE|HOTKEY_LEN_2,   // OP Code
                0x01, // Minimum 
                KVM_MAX_PORT, // Maximum
                #endif //#if (ENABLE_HOTKEY_T_USBAUDIO_SW)  
 218            
 219            //-----------------------------------
 220            // Buzzer Control(Toggle)
 221            //-----------------------------------  
 222            #if (ENABLE_HOTKEY_FUN_BUZZER_CONTROL)  
 223            6,    //Function Length
 224            HOTKEY_FUN_BUZZER_CONTROL_TOGGLE,   // Function Code
 225            HOTKEY_OP_FUNCTION0_CODE|HOTKEY_LEN_1,  // OP Code+Length
 226            KVM_HOTKEY_DEFAULT_BUZZER,        // 'B'
 227            HOTKEY_OP_SHORT_VALUE|HOTKEY_LEN_2,   // OP Code
 228            0x00, // Minimum
C51 COMPILER V9.60.7.0   KVM_HOTKEY                                                        06/18/2026 14:01:43 PAGE 5   

 229            0x01, // Maximum
 230            #endif /* #if (ENABLE_HOTKEY_FUN_BUZZER_CONTROL) */
 231            //-----------------------------------
 232            // AutoScan Control
 233            //-----------------------------------
 234            #if (ENABLE_HOTKEY_FUN_AUTOSCAN_CONTROL)
 235            3,    //Function Length
 236            HOTKEY_FUN_AUTOSCAN_CONTROL,      // Function Code
 237            HOTKEY_OP_FUNCTION0_CODE|HOTKEY_LEN_1,  // OP Code+Length. Start
 238            KVM_HOTKEY_DEFAULT_AUTOSCAN,      // 'S'
 239            #endif //#if (ENABLE_HOTKEY_FUN_AUTOSCAN_CONTROL)
 240            //-----------------------------------
 241            // AutoScan Interval Control
 242            //-----------------------------------
 243            #if (ENABLE_HOTKEY_FUN_AUTOSCAN_INTERVAL)
 244            11,   //Function Length
 245            HOTKEY_FUN_AUTOSCAN_INTERVAL,     // Function Code
 246            HOTKEY_OP_FUNCTION0_CODE|HOTKEY_LEN_1,  // OP Code+Length  Interval
 247            CHAR_I,                 // 'I'
 248            HOTKEY_OP_LONG_VALUE|HOTKEY_LEN_4,    // OP Code+Length  Interval
 249            0x05,0x00,                // Minimum-5
 250            0xE7,0x03,                // Maximum-999
 251            HOTKEY_OP_TERNIMATE|HOTKEY_LEN_2,   // OP Code+Length  Interval
 252            CHAR_RETURN,              //
 253            CHAR_PAD_ENTER,             //
 254            #endif //#if (ENABLE_HOTKEY_FUN_AUTOSCAN_INTERVAL)
 255            //-----------------------------------
 256            // Port Reset
 257            //-----------------------------------
 258            #if (ENABLE_HOTKEY_FUN_PORT_RESET)
                7,                    //Function Length  
                HOTKEY_FUN_PORT_RESET,          // Function Code
                HOTKEY_OP_FUNCTION0_CODE|HOTKEY_LEN_2,  // OP Code
                CHAR_R,                 // 'R'
                CHAR_S,                 // 'S' ==>Port,Reset
                HOTKEY_OP_SHORT_VALUE|HOTKEY_LEN_2,   // OP Code
                0x01,                 // Minimum
                KVM_MAX_PORT,             // Maximum
                #endif //#if (ENABLE_HOTKEY_FUN_PORT_RESET)
 268            //-----------------------------------
 269            // MSC Support
 270            //-----------------------------------
 271            #if (ENABLE_HOTKEY_FUN_MSC_CONTROL)
                8,    //Function Length
                HOTKEY_FUN_MSC_CONTRL,          // Function Code
                HOTKEY_OP_FUNCTION0_CODE|HOTKEY_LEN_3,  // OP Code-Start
                CHAR_M,CHAR_S,CHAR_C,         // 'MSC'
                HOTKEY_OP_SHORT_VALUE|HOTKEY_LEN_2,   // OP Code
                0x00, // Minimum
                0x01, // Maximum
                #endif
 280            //-----------------------------------
 281            // MSC Switch
 282            //-----------------------------------
 283            #if (ENABLE_HOTKEY_FUN_MSC_SW)
                6,    //Function Length
                HOTKEY_FUN_MSC_SW,            // Function Code
                HOTKEY_OP_FUNCTION0_CODE|HOTKEY_LEN_1,  // OP Code-Start
                CHAR_M,                 // 'M'
                HOTKEY_OP_SHORT_VALUE|HOTKEY_LEN_2,   // OP Code
                0x01, // Minimum
                KVM_MAX_PORT, // Maximum
C51 COMPILER V9.60.7.0   KVM_HOTKEY                                                        06/18/2026 14:01:43 PAGE 6   

                #endif
 292            
 293            //-----------------------------------
 294            // Transmitter MSC Switch
 295            //-----------------------------------
 296            #if (ENABLE_HOTKEY_T_MSC_SW)
                7,    //Function Length
                HOTKEY_FUN_T_MSC_SW,            // Function Code
                HOTKEY_OP_FUNCTION0_CODE|HOTKEY_LEN_2,  // OP Code-Start
                CHAR_T,CHAR_M,                  // 'TM'
                HOTKEY_OP_SHORT_VALUE|HOTKEY_LEN_2,   // OP Code
                0x01, // Minimum
                KVM_MAX_PORT, // Maximum
                #endif
 305            //-----------------------------------
 306            // Flash with Default Value
 307            //-----------------------------------
 308            #if (ENABLE_HOTKEY_FUN_FLASH_DEFAULT)
 309            10,   //Function Length
 310            HOTKEY_FUN_FLASH_DEFAULT,       // Function Code
 311            HOTKEY_OP_FUNCTION0_CODE|HOTKEY_LEN_5,  // OP Code-Start
 312            CHAR_F,CHAR_L,CHAR_A,CHAR_S,CHAR_H,   // 'FLASH'
 313            HOTKEY_OP_TERNIMATE|HOTKEY_LEN_2,   // OP Code+Length  Interval
 314            CHAR_RETURN,              //
 315            CHAR_PAD_ENTER,             //
 316            #endif
 317            //-----------------------------------
 318            // EDID Reread
 319            //-----------------------------------
 320            #if (ENABLE_HOTKEY_FUN_EDID_REREAD)
                9,    //Function Length
                HOTKEY_FUN_EDID_REREAD,         // Function Code
                HOTKEY_OP_FUNCTION0_CODE|HOTKEY_LEN_4,  // OP Code-Start
                CHAR_E,CHAR_D,CHAR_I,CHAR_D,      // 'EDID'
                HOTKEY_OP_TERNIMATE|HOTKEY_LEN_2,   // OP Code+Length  Interval
                CHAR_RETURN,              //
                CHAR_PAD_ENTER,             //
                #endif
 329            //-----------------------------------
 330            // Rapid Switch
 331            //-----------------------------------
 332            #if (ENABLE_HOTKEY_FUN_RAPID_SW)
 333            4,    //Function Length
 334            HOTKEY_FUN_RAPID_SW,          // Function Code
 335            HOTKEY_OP_FUNCTION5_CODE|HOTKEY_LEN_2,  // OP Code+Length  Interval
 336            CHAR_RETURN,              //
 337            CHAR_PAD_ENTER,             //
 338            #endif
 339            //-----------------------------------
 340            // USB PEN Driver ON/OFF Control
 341            //-----------------------------------
 342            #if (ENABLE_HOTKEY_FUN_PEN_CONTROL)
                8,    //Function Length
                HOTKEY_FUN_PEN_CONTROL,         // Function Code
                HOTKEY_OP_FUNCTION0_CODE|HOTKEY_LEN_3,  // OP Code-Start
                CHAR_P,CHAR_E,CHAR_N,         // 'PEN'
                HOTKEY_OP_SHORT_VALUE|HOTKEY_LEN_2,   // OP Code
                0x00, // Minimum
                0x01, // Maximum
                #endif
 351            //-----------------------------------
 352            // USB PEN Drive Switch
C51 COMPILER V9.60.7.0   KVM_HOTKEY                                                        06/18/2026 14:01:43 PAGE 7   

 353            //-----------------------------------
 354            #if (ENABLE_HOTKEY_FUN_PEN_SW)
                6,    //Function Length
                HOTKEY_FUN_PEN_SW,            // Function Code
                HOTKEY_OP_FUNCTION0_CODE|HOTKEY_LEN_1,  // OP Code-Start
                CHAR_P,                 // 'P'
                HOTKEY_OP_SHORT_VALUE|HOTKEY_LEN_2,   // OP Code
                0x01, // Minimum
                KVM_MAX_PORT, // Maximum
                #endif
 363            //-----------------------------------
 364            // USB PowerSaving Control
 365            //-----------------------------------
 366            #if (ENABLE_HOTKEY_FUN_PWSAVING_CONTROL)
                7,    //Function Length
                HOTKEY_FUN_POWER_SAVING_CONTROL,    // Function Code
                HOTKEY_OP_FUNCTION0_CODE|HOTKEY_LEN_2,  // OP Code-Start
                CHAR_P,CHAR_S,          // 'PS'
                HOTKEY_OP_SHORT_VALUE|HOTKEY_LEN_2,   // OP Code
                0x00, // Minimum
                0x01, // Maximum
                #endif
 375            //-----------------------------------
 376            // Firmware Upgrade
 377            //-----------------------------------
 378            6,    //Function Length
 379            HOTKEY_FUN_UPDATE_FIRMWARE,       // Function Code
 380            HOTKEY_OP_FUNCTION0_CODE|HOTKEY_LEN_1,  // OP Code-Start
 381            CHAR_U,                 // 'U'
 382            HOTKEY_OP_TERNIMATE|HOTKEY_LEN_2,   // OP Code+Length  Interval
 383            CHAR_RETURN,              //
 384            CHAR_PAD_ENTER,
 385            
 386          #ifdef RTC
                #if (ENABLE_HOTKEY_FUN_RTC_CONTROL)
                7,    //Function Length
                HOTKEY_FUN_RTC_CONTROL,         // Function Code
                HOTKEY_OP_FUNCTION0_CODE|HOTKEY_LEN_3,  // OP Code-Start
                CHAR_R,CHAR_T,CHAR_C,         // 'RTC'
                HOTKEY_OP_SHORT_VALUE|HOTKEY_LEN_2,   // OP Code
                0x00, // Minimum
                0x01, // Maximum
                #endif
              #endif
 397          
 398          #if (EXTENDER_ISL59920_SUPPORT) 
                //-----------------------------------
                // ISL59920 R -> Delay
                //-----------------------------------
                4,    //Function Length
                HOTKEY_FUN_R_DELAY_PLUS,        // Function Code
                HOTKEY_OP_FUNCTION0_CODE|HOTKEY_LEN_2,  // OP Code-Start
                CHAR_R,CHAR_R_ARROW,
                
                4,    //Function Length
                HOTKEY_FUN_R_DELAY_PLUS,        // Function Code
                HOTKEY_OP_FUNCTION0_CODE|HOTKEY_LEN_2,  // OP Code-Start
                CHAR_R,CHAR_PAD_6_RIGHT,                
                
                //-----------------------------------
                // ISL59920 G+ Delay
                //-----------------------------------
C51 COMPILER V9.60.7.0   KVM_HOTKEY                                                        06/18/2026 14:01:43 PAGE 8   

                4,    //Function Length
                HOTKEY_FUN_G_DELAY_PLUS,        // Function Code
                HOTKEY_OP_FUNCTION0_CODE|HOTKEY_LEN_2,  // OP Code-Start
                CHAR_G,CHAR_R_ARROW,
                
                4,    //Function Length
                HOTKEY_FUN_G_DELAY_PLUS,        // Function Code
                HOTKEY_OP_FUNCTION0_CODE|HOTKEY_LEN_2,  // OP Code-Start
                CHAR_G,CHAR_PAD_6_RIGHT,
                          
                //-----------------------------------
                // ISL59920 B+ Delay
                //-----------------------------------
                4,    //Function Length
                HOTKEY_FUN_B_DELAY_PLUS,        // Function Code
                HOTKEY_OP_FUNCTION0_CODE|HOTKEY_LEN_2,  // OP Code-Start
                CHAR_B,CHAR_R_ARROW,
                
                4,    //Function Length
                HOTKEY_FUN_B_DELAY_PLUS,        // Function Code
                HOTKEY_OP_FUNCTION0_CODE|HOTKEY_LEN_2,  // OP Code-Start
                CHAR_B,CHAR_PAD_6_RIGHT,
                
                //-----------------------------------
                // ISL59920 R- Delay
                //-----------------------------------
                4,    //Function Length
                HOTKEY_FUN_R_DELAY_MINUS,       // Function Code
                HOTKEY_OP_FUNCTION0_CODE|HOTKEY_LEN_2,  // OP Code-Start
                CHAR_R,CHAR_L_ARROW,
                
                4,    //Function Length
                HOTKEY_FUN_R_DELAY_MINUS,       // Function Code
                HOTKEY_OP_FUNCTION0_CODE|HOTKEY_LEN_2,  // OP Code-Start
                CHAR_R,CHAR_PAD_4_LEFT,               
                //-----------------------------------
                // ISL59920 G- Delay
                //-----------------------------------
                4,    //Function Length
                HOTKEY_FUN_G_DELAY_MINUS,       // Function Code
                HOTKEY_OP_FUNCTION0_CODE|HOTKEY_LEN_2,  // OP Code-Start
                CHAR_G,CHAR_L_ARROW,
                
                4,  
                HOTKEY_FUN_G_DELAY_MINUS,       // Function Code
                HOTKEY_OP_FUNCTION0_CODE|HOTKEY_LEN_2,  // OP Code-Start
                CHAR_G,CHAR_PAD_4_LEFT,
                
                //-----------------------------------
                // ISL59920 B- Delay
                //-----------------------------------
                4,    //Function Length
                HOTKEY_FUN_B_DELAY_MINUS,       // Function Code
                HOTKEY_OP_FUNCTION0_CODE|HOTKEY_LEN_2,  // OP Code-Start
                CHAR_B,CHAR_L_ARROW,
                
                4,    //Function Length
                HOTKEY_FUN_B_DELAY_MINUS,       // Function Code
                HOTKEY_OP_FUNCTION0_CODE|HOTKEY_LEN_2,  // OP Code-Start
                CHAR_B,CHAR_PAD_4_LEFT,
                          
              #endif /* #if (EXTENDER_ISL59920_SUPPORT) */ 
C51 COMPILER V9.60.7.0   KVM_HOTKEY                                                        06/18/2026 14:01:43 PAGE 9   

 477            //-----------------------------------
 478            // Function Ternimate
 479            //-----------------------------------
 480            HOTKEY_DESCRIPTOR_TERNIMATE,      //Function terminste
 481          };
 482          
 483          /* STATIC VARIABLE DECLARATIONS */
 484          bit   HOTKEY_OP_Content_Ternimate_Flag;
 485          bit   HOTKEY_Function_Match_Flag;
 486          bit   HOTKEY_Function_Continue_Flag;
 487          bit   HOTKEY_Operation_Continue_Flag;
 488          bit   HOTKEY_FirstKeyTimeOutCheck_Flag;
 489          
 490          KVM_HotkeyStruct *HOTKEY_Function_Hotkey_Table;
 491          
 492          U8_T  HOTKEY_Function_CheckTableID;
 493          U8_T  HOTKEY_Funciton_Code    = 0;
 494          U8_T  HOTKEY_Function_Modifiers = 0;
 495          U8_T  HOTKEY_Funciton_Len     = 0;
 496          U8_T  HOTKEY_Funciton_End_Index;
 497          U8_T  HOTKEY_Operation_Code   = 0;
 498          U8_T  HOTKEY_Operation_Len    = 0;
 499          U8_T  HOTKEY_Op_Content_Index   = 0;
 500          U8_T  HOTKEY_Parser_State     = 0;
 501          U8_T  HOTKEY_Descritpr_Index    = 0;
 502          U8_T  HOTKEY_Descritpr_Index_Hold;
 503          U8_T  HOTKEY_Fork_Table_Index;      /* Hotkey Function ID  */
 504          U8_T  KVM_Hotkey_Serial     = 0;
 505          U8_T  HOTKEY_Control_Status;        /* Hotkey Status */
 506          U8_T  HOTKEY_Control_Status_Last;
 507          U16_T HOTKEY_OP_Minmmum_Value;
 508          U16_T HOTKEY_OP_Maxmmum_Value;
 509          U8_T  HOTKEY_ExOperation_Valid_Cnt;   /* at least one operation is valid */
 510          static U8_T hotkey_CheckValueFlag;
 511          
 512          U16_T HOTKEY_Funciton_PerformValue[5];
 513          U8_T  HOTKEY_Funciton_PerformValueIndex;
 514          
 515          #if  (KVM_HOTKEY_TIMEOUT_CHECK)
 516          U8_T  HOTKEY_Active_Valid_Cnt;
 517          #endif
 518          
 519          U8_T  HOTKEY_LED;
 520          U8_T    HOTKEY_Function_Code_Stack[20];
 521          U8_T    HOTKEY_Function_Code_Cnt;
 522          U8_T    HOTKEY_Function_Code_Index;
 523          
 524          /*-------------------------------------------*/
 525          /* For Task control usage */
 526          U8_T  TASK_HOTKEY_LED_INDICATE_ID;
 527          U8_T  TASK_KVM_LED_Indicate_ActiveID;
 528          U8_T  TASK_KVM_HotkeyFork_Timeout_ID;
 529          /*-------------------------------------------*/
 530          
 531          /* LOCAL SUBPROGRAM DECLARATIONS */
 532          void KVM_Hostkey_LED_Indicate(void); 
 533          void HOTKEY_Default_Initial(void);
 534          void TASK_KVM_HotkeyFork_Timeout(void);
 535          static U8_T hotkey_KeyCodeMatch(U8_T keyCode, U8_T matchCode);
 536          
 537          /* LOCAL SUBPROGRAM BODIES */
 538          /*
C51 COMPILER V9.60.7.0   KVM_HOTKEY                                                        06/18/2026 14:01:43 PAGE 10  

 539           *--------------------------------------------------------------------------------
 540           * void HOTKEY_Init(void)
 541           * Purpose : KVM Console hotkey feature init procedure
 542           * Params  : None.
 543           * Returns : None.
 544           * Note    : None.
 545           *--------------------------------------------------------------------------------
 546           */
 547          void HOTKEY_Init(void)
 548          {
 549   1        /* Hotkey Function Key Setting */
 550   1        /* Hotkey Fork Key Setting */
 551   1      
 552   1      #if (SYSTEM_STORAGE_FLASH)    
 553   1      #else    
                /*1-Copy default Hotkey Fork sequence descriptor table */
                memcpy((void *)KVM_Flash.Hotkey_Active_Descriptor,(void *)HOTKEY_FORK_DEFAULT,sizeof(HOTKEY_FORK_DEFAULT)
             -);
                /*2-Copy default Hotkey Descriptor table */
                printf("HK fork:\n\r");
                for (i = 0; i < 8; i++)
                {
                  printf("%bx %bx\n\r",
                    KVM_Flash.Hotkey_Active_Descriptor[i].Keytype,
                    KVM_Flash.Hotkey_Active_Descriptor[i].Keycode);
                }
                if (HOTKEY_DESCRIPTOR_DEFAULT  > sizeof(KVM_Flash.HotKey_Descriptor))
                { 
                    //printf("> ERROR(Table size=%d, over size:%d)\n\r",HOTKEY_DESCRIPTOR_DEFAULT,sizeof(KVM_Flash.HotKey
             -_Descriptor));
                } 
                  else
                    memcpy((void *)KVM_Flash.HotKey_Descriptor,(void *)HOTKEY_DESCRIPTOR_DEFAULT,sizeof(HOTKEY_DESCRIPTOR
             -_DEFAULT));
              #endif    
 571   1        HOTKEY_Default_Initial(); 
 572   1      
 573   1        HOTKEY_Fork_Table_Index     = 0;  /* Hotkey Table process index */
 574   1        HOTKEY_Control_Status     = 0;  /* Hotkey Status */
 575   1        HOTKEY_Control_Status_Last    = 0;
 576   1        HOTKEY_Function_Continue_Flag = 0;
 577   1        HOTKEY_Operation_Continue_Flag  = 0;
 578   1        HOTKEY_FirstKeyTimeOutCheck_Flag= 0;
 579   1        HOTKEY_Function_CheckTableID  = 0;
 580   1        hotkey_CheckValueFlag = 0;  
 581   1      }
 582          
 583          /*
 584           *--------------------------------------------------------------------------------
 585           * void HOTKEY_Default_Initial(void)
 586           * Purpose : internal subprgram fork by STORAGE_Default_Initial()
 587           * Params  : None.
 588           * Returns : None.
 589           * Note    : None.
 590           *--------------------------------------------------------------------------------
 591           */
 592          void HOTKEY_Default_Initial(void)
 593          {
 594   1        /*1-Copy default Hotkey Fork sequence descriptor table */
 595   1        memcpy((void *)KVM_Flash.Hotkey_Active_Descriptor,(void *)HOTKEY_FORK_DEFAULT,sizeof(HOTKEY_FORK_DEFAULT)
             -);
 596   1        /*2-Copy default Hotkey Descriptor table */
C51 COMPILER V9.60.7.0   KVM_HOTKEY                                                        06/18/2026 14:01:43 PAGE 11  

 597   1        memcpy((void *)KVM_Flash.HotKey_Descriptor,(void *)HOTKEY_DESCRIPTOR_DEFAULT,sizeof(HOTKEY_DESCRIPTOR_DE
             -FAULT));
 598   1      }
 599          
 600          /*
 601           *--------------------------------------------------------------------------------
 602           * U8_T HOTKEY_Check_PS2_Key_Break(U8_T buftype)
 603           * Purpose : check break key status
 604           * Params  : None.
 605           * Returns : 0/1
 606           * Note    : None.
 607           *--------------------------------------------------------------------------------
 608           */
 609          #if (SYSTEM_PS2_HOST_ENABLE)
              U8_T HOTKEY_Check_PS2_Key_Break(U8_T buftype)
              {
                if (buftype == KB_TYPE_BREAK_F0)
                {
                  return 1;
                }
              
                if (buftype == KB_TYPE_BREAK_E0) 
                {
                  return 2;
                }
              
                if (buftype == KB_TYPE_BREAK_E1) 
                {
                  return 3;
                }
              
                return 0;
              }  
              #endif
 630          /*
 631           *--------------------------------------------------------------------------------
 632           * U8_T HOTKEY_Check_Numeric_Key(U8_T keycode,U16_T *value)
 633           * Purpose : check usb keycode, wheither is numeric key or keypad numeric key
 634           * Params  : $keycode-USB Scan Code
 635           *           $*value- USB scan code to a digit
 636           * Returns : 0/1- 1->is numeric key
 637           * Note    : None.
 638           *--------------------------------------------------------------------------------
 639           */
 640          U8_T HOTKEY_Check_Numeric_Key(U8_T keycode,U16_T *value)
 641          {
 642   1        U8_T  keyvalue=0, newvalue;
 643   1      
 644   1        newvalue = *value;
 645   1        if ((keycode >= CHAR_1) && (keycode <= CHAR_0))
 646   1        {
 647   2          if (keycode < CHAR_0)
 648   2          {
 649   3            keyvalue = (keycode - CHAR_1) + 1;
 650   3          }
 651   2      
 652   2          goto NumericKeyChange;
 653   2        }
 654   1        else if ((keycode >= CHAR_PAD_1_END) && (keycode <= CHAR_PAD_0_INSERT))
 655   1        {
 656   2          if (keycode < CHAR_PAD_0_INSERT)
 657   2          {
C51 COMPILER V9.60.7.0   KVM_HOTKEY                                                        06/18/2026 14:01:43 PAGE 12  

 658   3            keyvalue = (keycode - CHAR_PAD_1_END) + 1;
 659   3          }
 660   2      
 661   2          goto NumericKeyChange;
 662   2        }
 663   1      
 664   1        return 0;
 665   1      
 666   1      NumericKeyChange:
 667   1      
 668   1        *value = (newvalue << 3)+(newvalue << 1)+keyvalue; // value = value * 10 + value
 669   1        return 1;
 670   1      }
 671          
 672          /*
 673           *--------------------------------------------------------------------------------
 674           * U8_T hotkey_KeyCodeMatch(U8_T keyCode, U8_T matchCode)
 675           * Purpose : 
 676           * Params  : 
 677           *           
 678           * Returns : 
 679           * Note    : None.
 680           *--------------------------------------------------------------------------------
 681           */
 682          static U8_T hotkey_KeyCodeMatch(U8_T keyCode, U8_T matchCode)
 683          {
 684   1        if ((matchCode >= CHAR_1) && (matchCode <= CHAR_0))
 685   1        {
 686   2          if (keyCode == matchCode)
 687   2            return 1;
 688   2          else if (keyCode == (matchCode+0x3B))
 689   2            return 1;
 690   2        }
 691   1        else if ((matchCode >= CHAR_PAD_1_END) && (matchCode <= CHAR_PAD_0_INSERT))
 692   1        {
 693   2          if (keyCode == matchCode)
 694   2            return 1;
 695   2          else if (keyCode == (matchCode-0x3B))
 696   2            return 1;
 697   2        }
 698   1        else if (keyCode == matchCode)
 699   1          return 1;
 700   1      
 701   1        return 0;
 702   1      }
 703          
 704          /*
 705           *--------------------------------------------------------------------------------
 706           * void HOTKEY_Handle(U8_T keytype,U8_T keycode)
 707           * Purpose : check kvm hotkey status
 708           * Params  : None.
 709           * Returns : None.
 710           * Note    : None.
 711           *--------------------------------------------------------------------------------
 712           */
 713          void HOTKEY_Handle(U8_T keytype,U8_T keycode)
 714          { 
 715   1        /* Check hotkey */
 716   1        /* [1].Hotkey already actived */\ 
 717   1        //printf("t=%bx,c=%bx\n\r",keytype,keycode);
 718   1      
 719   1        printf("HK in: type=%bx code=%bx idx=%bx status=%bx cMod=%bx table=%bx/%bx\n\r",
C51 COMPILER V9.60.7.0   KVM_HOTKEY                                                        06/18/2026 14:01:43 PAGE 13  

 720   1          keytype,
 721   1          keycode,
 722   1          HOTKEY_Fork_Table_Index,
 723   1          HOTKEY_Control_Status,
 724   1          cModifiers,
 725   1          HOTKEY_Function_Hotkey_Table[HOTKEY_Fork_Table_Index].Keytype,
 726   1          HOTKEY_Function_Hotkey_Table[HOTKEY_Fork_Table_Index].Keycode);
 727   1        if (HOTKEY_Control_Status == KVM_HOTKEY_ACTIVE)
 728   1        {
 729   2          if (keytype & 0x01)   // KEY Break
 730   2          {
 731   3      #if (EXTENDER_ISL59920_SUPPORT)     
                    if (bOperateFlag)
                    {
                      ISL59920_Hotkey_Control(keycode);
                      return;
                    }
                    else          
              #endif  /* #if (EXTENDER_ISL59920_SUPPORT) */ 
 739   3            { 
 740   4              //Store the functino code sequence
 741   4              HOTKEY_Function_Code_Stack[HOTKEY_Function_Code_Cnt] = keycode;     
 742   4              HOTKEY_Function_Code_Cnt++;       
 743   4              if (HOTKEY_Function_Hotkey_Table[HOTKEY_Fork_Table_Index].Keytype == HOTKEY_FUNCTION) // now do the fu
             -nction
 744   4              {         
 745   5                HOTKEY_Function_Parser(keycode);
 746   5              }
 747   4              else if (HOTKEY_Function_Hotkey_Table[HOTKEY_Fork_Table_Index].Keytype == HOTKEY_TERMINATE) // termina
             -te the hotkey function
 748   4              {
 749   5                HOTKEY_Deactive();  // reset the
 750   5              }
 751   4            } 
 752   3          }
 753   2        }
 754   1        else 
 755   1        {
 756   2      HOTKEY_LEADING_KEY_START:   
 757   2          /* Hotkey not active */
 758   2          if (HOTKEY_Control_Status == KVM_HOTKEY_IDLE)
 759   2          {
 760   3            if (HOTKEY_Function_CheckTableID == 0)
 761   3            {         
 762   4              HOTKEY_Function_Hotkey_Table = KVM_Flash.Hotkey_Active_Descriptor;
 763   4            }
 764   3            else
 765   3            {       
 766   4              HOTKEY_Function_Hotkey_Table = HOTKEY_FORK_CTRLD;
 767   4            } 
 768   3            /* start from normal condition */
 769   3            //Change the modifiers keyfirst */      
 770   3            if ((keycode >= 0xe4) && (keycode <= 0xe7))
 771   3            {       
 772   4              keycode = keycode - 0x04;
 773   4            }
 774   3              
 775   3            if (HOTKEY_Function_Hotkey_Table[HOTKEY_Fork_Table_Index].Keycode == keycode) /* Keycode match */
 776   3            {
 777   4              if (HOTKEY_Function_Hotkey_Table[HOTKEY_Fork_Table_Index].Keytype == keytype) /* Keytype also match */
 778   4              {
 779   5                if (HOTKEY_Fork_Table_Index==0) // in the first begining
C51 COMPILER V9.60.7.0   KVM_HOTKEY                                                        06/18/2026 14:01:43 PAGE 14  

 780   5                {
 781   6                  HOTKEY_Function_Modifiers = 0;
 782   6                }
 783   5                
 784   5                //Modifiers key judgement         
 785   5                if (keytype == HOTKEY_MAKE)
 786   5                { 
 787   6                  if ((keycode >= 0xe0) && (keycode <= 0xe3))
 788   6                  {
 789   7                    HOTKEY_Function_Modifiers |=  0x11 << (keycode-0xe0);
 790   7                  }
 791   6                }
 792   5                else if (keytype == HOTKEY_BREAK)
 793   5                {
 794   6                  if ((keycode >= 0xe0) && (keycode <= 0xe3))
 795   6                  {
 796   7                    HOTKEY_Function_Modifiers &= ~(0x11 << (keycode-0xe0));
 797   7                  }
 798   6                } 
 799   5                
 800   5                //printf("HOTKEY_Function_Modifiers=%02x,cModifiers=%02x\n\r",(U16_T)HOTKEY_Function_Modifiers,(U16_T
             -)cModifiers);
 801   5                if ((cModifiers == (HOTKEY_Function_Modifiers & 0xf0)) || (cModifiers == (HOTKEY_Function_Modifiers &
             - 0x0f)))
 802   5                {
 803   6                  HOTKEY_Fork_Table_Index++;  // Function index add index
 804   6                  if (HOTKEY_Fork_Table_Index==1) // in the first begining
 805   6                  {
 806   7                    HOTKEY_FirstKeyTimeOutCheck_Flag = 1;
 807   7                    KVM_Hotkey_Serial++;
 808   7                    TASK_Active(TASK_TYPE_INTERVAL_MS,TASK_KVM_HotkeyFork_Timeout_ID,0,KVM_Hotkey_Serial,5000,5000); //
             - for 5seconds, if the
 809   7                  }
 810   6      
 811   6                  if (HOTKEY_Function_Hotkey_Table[HOTKEY_Fork_Table_Index].Keytype == HOTKEY_ACTIVE)
 812   6                  {
 813   7                    printf("HOTKEY ACTIVE!\n\r");
 814   7                    HOTKEY_Control_Status = KVM_HOTKEY_ACTIVE; /* hotkey actived */
 815   7                    HOTKEY_FirstKeyTimeOutCheck_Flag = 0;
 816   7                    HOTKEY_Fork_Table_Index++;  // for next operation */
 817   7                    HOTKEY_LED = 0;
 818   7                    HOTKEY_Function_Code_Index = 0; //From now on record the function code sequences.
 819   7                    HOTKEY_Function_Code_Cnt   = 0; 
 820   7                    HOTKEY_Function_CheckTableID = 0;
 821   7                    /*------------------------------------------*/
 822   7                    /*This is for Hotkey function parser        */
 823   7                    HOTKEY_Funciton_Code         = 0;
 824   7                    HOTKEY_Operation_Code        = 0;
 825   7                    HOTKEY_Descritpr_Index       = 0; // first function code
 826   7                    HOTKEY_Parser_State          = HOTKEY_PARSER_IDLE;
 827   7                    HOTKEY_Function_Match_Flag   = 0;
 828   7                    HOTKEY_Funciton_PerformValue[HOTKEY_Funciton_PerformValueIndex] = 0;
 829   7                    /*------------------------------------------*/
 830   7                    #if (KVM_BUZZER_SUPPORT)
 831   7                    BUZZER_Script_Active(Hotkey_Active_Sound);
 832   7                    #endif
 833   7                    /*------------------------------------------*/
 834   7                    #if (KVM_HOTKEY_TIMEOUT_CHECK)
 835   7                    HOTKEY_Active_Valid_Cnt   = 0;
 836   7                    #endif
 837   7      
 838   7                    TASK_KVM_LED_Indicate_ActiveID = TASK_Active(TASK_TYPE_INTERVAL_MS,TASK_HOTKEY_LED_INDICATE_ID,0,0,
C51 COMPILER V9.60.7.0   KVM_HOTKEY                                                        06/18/2026 14:01:43 PAGE 15  

             -HOTKEY_LED_INDICATE_TIME,HOTKEY_LED_INDICATE_TIME);
 839   7                  }
 840   6                }
 841   5                else
 842   5                {
 843   6                  //HOTKEY_Fork_Table_Index = 0; // the hotkey fork sequence check is restart from
 844   6                  goto HOTKEY_LEADING_KEY_ALTERNAMTE_CHECK;
 845   6                }
 846   5              }
 847   4              else
 848   4              {
 849   5                //HOTKEY_Fork_Table_Index = 0;  // the hotkey fork sequence check is restart from 0
 850   5                goto HOTKEY_LEADING_KEY_ALTERNAMTE_CHECK;
 851   5              }
 852   4            }
 853   3            else
 854   3            {
 855   4              HOTKEY_Fork_Table_Index = 0;  // the hotkey fork sequence check is restart from 0
 856   4      HOTKEY_LEADING_KEY_ALTERNAMTE_CHECK:
 857   4              if (KVM_Flash.cSystemFlag0 & SYSTEM_HOTKEY_ALTERNATE_MASK)
 858   4              { 
 859   5                if (HOTKEY_Function_CheckTableID == 0)
 860   5                {             
 861   6                  HOTKEY_Function_CheckTableID = 1;
 862   6                  goto HOTKEY_LEADING_KEY_START;
 863   6                }                     
 864   5              }           
 865   4              HOTKEY_Function_CheckTableID = 0;       
 866   4            }
 867   3          }
 868   2        }
 869   1      
 870   1      //HOTKEY_Handle_Exit:
 871   1        KVM_Autoscan_KB_Handle(keytype,keycode);
 872   1      }
 873          
 874          /*
 875           *--------------------------------------------------------------------------------
 876           * void HOTKEY_OP_Content_Parser(U8_T keycode)
 877           * Purpose : check kvm hotkey status
 878           * Params  : None.
 879           * Returns : None.
 880           * Note    : None.
 881           *--------------------------------------------------------------------------------
 882           */
 883          U8_T HOTKEY_OP_Content_Parser(U8_T keycode)
 884          {
 885   1        U8_T index;
 886   1      
 887   1        HOTKEY_OP_Content_Ternimate_Flag = 0; // defautl flag is reseted
 888   1        switch(HOTKEY_Operation_Code)
 889   1        {
 890   2          // Keycode and .............................
 891   2          // Keycode must match one by one
 892   2          case HOTKEY_OP_FUNCTION0_CODE:
 893   2          case HOTKEY_OP_FUNCTION1_CODE:
 894   2          case HOTKEY_OP_FUNCTION2_CODE:
 895   2          case HOTKEY_OP_FUNCTION3_CODE:
 896   2          case HOTKEY_OP_FUNCTION4_CODE:
 897   2            if (hotkey_KeyCodeMatch(keycode, KVM_Flash.HotKey_Descriptor[HOTKEY_Descritpr_Index+HOTKEY_Op_Content_I
             -ndex]))
 898   2            {
C51 COMPILER V9.60.7.0   KVM_HOTKEY                                                        06/18/2026 14:01:43 PAGE 16  

 899   3              HOTKEY_Op_Content_Index++;
 900   3              if (HOTKEY_Op_Content_Index < HOTKEY_Operation_Len)
 901   3              {
 902   4                HOTKEY_Operation_Continue_Flag = 1; // stay in this operation
 903   4              }
 904   3              else
 905   3              {
 906   4                HOTKEY_Operation_Continue_Flag = 0; // skip for next op or funciton
 907   4              }
 908   3      
 909   3              HOTKEY_OP_Content_Ternimate_Flag = 1; //Parser terminate, wait for next key
 910   3              return 1;
 911   3            }
 912   2            break;
 913   2      
 914   2          // Keycode or .............................
 915   2          // keycode only match one of the content
 916   2          case HOTKEY_OP_TERNIMATE:
 917   2          case HOTKEY_FUN_TERNIMATE:
 918   2          case HOTKEY_OP_FUNCTION5_CODE:
 919   2            if (HOTKEY_Funciton_PerformValueIndex)
 920   2              HOTKEY_Funciton_PerformValueIndex--;
 921   2      
 922   2            if ((HOTKEY_Operation_Code == HOTKEY_OP_TERNIMATE) || (HOTKEY_Operation_Code == HOTKEY_FUN_TERNIMATE))
 923   2            {
 924   3              if (HOTKEY_ExOperation_Valid_Cnt==0)
 925   3                break;
 926   3            }
 927   2      
 928   2            for (index=0; index < HOTKEY_Operation_Len ;index++)
 929   2            {
 930   3              if (hotkey_KeyCodeMatch(keycode, KVM_Flash.HotKey_Descriptor[HOTKEY_Descritpr_Index+index]))
 931   3              {
 932   4                HOTKEY_OP_Content_Ternimate_Flag = 1; // skip for next op or funciton
 933   4                return 1;
 934   4              }
 935   3            }
 936   2            break;
 937   2      
 938   2          // Keycode+Value...........................
 939   2          case HOTKEY_OP_KEY_TO_VALUE:
 940   2            if (keycode == KVM_Flash.HotKey_Descriptor[HOTKEY_Descritpr_Index]) // keycode match
 941   2            {
 942   3              HOTKEY_Funciton_PerformValue[HOTKEY_Funciton_PerformValueIndex] = KVM_Flash.HotKey_Descriptor[HOTKEY_D
             -escritpr_Index+1]; // keycode match
 943   3              HOTKEY_OP_Content_Ternimate_Flag = 1; // skip for next op or funciton
 944   3              return 1;
 945   3            }
 946   2            break;
 947   2        
 948   2          // Character value.........................
 949   2          case HOTKEY_OP_SHORT_VALUE:
 950   2            if (HOTKEY_Op_Content_Index == 0)
 951   2            {
 952   3              HOTKEY_Op_Content_Index++;
 953   3              HOTKEY_OP_Minmmum_Value = KVM_Flash.HotKey_Descriptor[HOTKEY_Descritpr_Index];
 954   3              HOTKEY_OP_Maxmmum_Value = KVM_Flash.HotKey_Descriptor[HOTKEY_Descritpr_Index+1];
 955   3              HOTKEY_Funciton_PerformValue[HOTKEY_Funciton_PerformValueIndex] = 0;
 956   3            }
 957   2        
 958   2            if (HOTKEY_Check_Numeric_Key(keycode,&HOTKEY_Funciton_PerformValue[HOTKEY_Funciton_PerformValueIndex]))
 959   2            {
C51 COMPILER V9.60.7.0   KVM_HOTKEY                                                        06/18/2026 14:01:43 PAGE 17  

 960   3              if (HOTKEY_OP_Maxmmum_Value <= 10 ) // if the max digit is only one digit, then terminate it
 961   3                HOTKEY_OP_Content_Ternimate_Flag = 1; // skip for next op or funciton
 962   3      
 963   3              hotkey_CheckValueFlag = 1;
 964   3              return 1;
 965   3            }
 966   2            else
 967   2            {
 968   3              HOTKEY_Operation_Continue_Flag   = 0;
 969   3              HOTKEY_OP_Content_Ternimate_Flag = 1; // skip for next op or funciton
 970   3              HOTKEY_Function_Match_Flag = 0;
 971   3              HOTKEY_Function_Continue_Flag = 0;              
 972   3            }
 973   2            break;
 974   2          
 975   2          // Integerr value..........................
 976   2          case HOTKEY_OP_LONG_VALUE:
 977   2            if (HOTKEY_Op_Content_Index == 0)
 978   2            {
 979   3              HOTKEY_Op_Content_Index++;
 980   3              HOTKEY_OP_Minmmum_Value = KVM_Flash.HotKey_Descriptor[HOTKEY_Descritpr_Index]+(KVM_Flash.HotKey_Descri
             -ptor[HOTKEY_Descritpr_Index+1] << 8);
 981   3              HOTKEY_OP_Maxmmum_Value = KVM_Flash.HotKey_Descriptor[HOTKEY_Descritpr_Index+2]+(KVM_Flash.HotKey_Desc
             -riptor[HOTKEY_Descritpr_Index+3] << 8);
 982   3              HOTKEY_Funciton_PerformValue[HOTKEY_Funciton_PerformValueIndex] = 0;
 983   3            }
 984   2      
 985   2            if (HOTKEY_Check_Numeric_Key(keycode,&HOTKEY_Funciton_PerformValue[HOTKEY_Funciton_PerformValueIndex]))
 986   2            {
 987   3              hotkey_CheckValueFlag = 1;
 988   3              HOTKEY_Operation_Continue_Flag = 1;
 989   3              HOTKEY_OP_Content_Ternimate_Flag = 1; // skip for next op or funciton
 990   3              return 1;
 991   3            }
 992   2            else
 993   2            {
 994   3              HOTKEY_Operation_Continue_Flag   = 0;
 995   3              HOTKEY_OP_Content_Ternimate_Flag = 1; // skip for next op or funciton
 996   3            }
 997   2            break;
 998   2        }
 999   1      
1000   1        return 0;
1001   1      }
1002          
1003          /*
1004           *--------------------------------------------------------------------------------
1005           * void HOTKEY_Function_Parser(U8_T keycode)
1006           * Purpose : check kvm hotkey status
1007           * Params  : None.
1008           * Returns : None.
1009           * Note    : None.
1010           *--------------------------------------------------------------------------------
1011           */
1012          void HOTKEY_Function_Parser(U8_T keycode)
1013          {
1014   1        /*1.Reset the vaild time out value */
1015   1        U8_T  Current_Check=1;
1016   1      
1017   1      #if  (KVM_HOTKEY_TIMEOUT_CHECK)
1018   1        HOTKEY_Active_Valid_Cnt = 0;
1019   1      #endif
C51 COMPILER V9.60.7.0   KVM_HOTKEY                                                        06/18/2026 14:01:43 PAGE 18  

1020   1      
1021   1      HOTKEY_Function_Parser_Resset:
1022   1        if (Current_Check==0)
1023   1        {
1024   2          HOTKEY_Parser_State = HOTKEY_PARSER_FUNCTION_CODE_STAGE;
1025   2          HOTKEY_Function_Code_Index = 0;
1026   2        }
1027   1      
1028   1      HOTKEY_Function_Parser_Restart: 
1029   1        /*2.Get the Function Code first */
1030   1        if (Current_Check==0)
1031   1        {
1032   2          keycode = HOTKEY_Function_Code_Stack[HOTKEY_Function_Code_Index];
1033   2          HOTKEY_Function_Code_Index++;
1034   2        }
1035   1      
1036   1        while ((HOTKEY_Control_Status == KVM_HOTKEY_ACTIVE) && (HOTKEY_Function_Match_Flag == 0))
1037   1        {
1038   2          if (KVM_Flash.HotKey_Descriptor[HOTKEY_Descritpr_Index] == HOTKEY_DESCRIPTOR_TERNIMATE) // Ternimate cod
             -e
1039   2          {
1040   3            HOTKEY_Deactive();
1041   3            break;
1042   3          }
1043   2          else
1044   2          {
1045   3            switch (HOTKEY_Parser_State)
1046   3            {
1047   4              case HOTKEY_PARSER_IDLE:
1048   4                HOTKEY_Parser_State = HOTKEY_PARSER_FUNCTION_CODE_STAGE;
1049   4      
1050   4              case HOTKEY_PARSER_FUNCTION_CODE_STAGE:
1051   4                //1.Get Function Length
1052   4                HOTKEY_Funciton_Len = KVM_Flash.HotKey_Descriptor[HOTKEY_Descritpr_Index];
1053   4                HOTKEY_Descritpr_Index++;
1054   4      
1055   4                //2.Get Function Code
1056   4                HOTKEY_Funciton_Code = KVM_Flash.HotKey_Descriptor[HOTKEY_Descritpr_Index];
1057   4                HOTKEY_Descritpr_Index_Hold = HOTKEY_Descritpr_Index;
1058   4                HOTKEY_Funciton_End_Index = HOTKEY_Descritpr_Index+HOTKEY_Funciton_Len;
1059   4                HOTKEY_Descritpr_Index++;
1060   4                HOTKEY_Function_Match_Flag= 0; // default function match flag is reset
1061   4                HOTKEY_Parser_State = HOTKEY_PARSER_OPCODE_STAGE;
1062   4                HOTKEY_Function_Continue_Flag = 0;
1063   4                /* Reset the function value table */
1064   4                HOTKEY_Funciton_PerformValueIndex = 0; // start from first value
1065   4                HOTKEY_ExOperation_Valid_Cnt = 0;         
1066   4      
1067   4              case HOTKEY_PARSER_OPCODE_STAGE:
1068   4                if (HOTKEY_Descritpr_Index >= HOTKEY_Funciton_End_Index) //Current Function Table maximan Length
1069   4                {
1070   5                  HOTKEY_Parser_State = HOTKEY_PARSER_FUNCTION_CODE_STAGE;            
1071   5                  break;
1072   5                }
1073   4      
1074   4                HOTKEY_Operation_Code = KVM_Flash.HotKey_Descriptor[HOTKEY_Descritpr_Index] & HOTKEY_OPCODE_MASK;
1075   4                HOTKEY_Operation_Len = (KVM_Flash.HotKey_Descriptor[HOTKEY_Descritpr_Index] & HOTKEY_OPCODE_LEN_MASK)
             - HOTKEY_OPCODE_LEN_SHIFT;
1076   4                HOTKEY_Op_Content_Index = 0;
1077   4                HOTKEY_Descritpr_Index++; // opcode content
1078   4                HOTKEY_Parser_State = HOTKEY_PARSER_OP_CONTENT_STAGE;
1079   4                HOTKEY_Operation_Continue_Flag = 0;
C51 COMPILER V9.60.7.0   KVM_HOTKEY                                                        06/18/2026 14:01:43 PAGE 19  

1080   4      
1081   4              case HOTKEY_PARSER_OP_CONTENT_STAGE:
1082   4                if (HOTKEY_OP_Content_Parser(keycode))  // if opcode match with this content
1083   4                {
1084   5                  HOTKEY_ExOperation_Valid_Cnt++;
1085   5                  if (HOTKEY_OP_Content_Ternimate_Flag) // if operation has been match & no more keycode expect
1086   5                  {
1087   6                    if (HOTKEY_Operation_Continue_Flag == 0)
1088   6                    {
1089   7                      HOTKEY_Descritpr_Index += HOTKEY_Operation_Len; // next opcode
1090   7                      if (hotkey_CheckValueFlag)
1091   7                      {
1092   8                        if ((HOTKEY_Funciton_PerformValue[HOTKEY_Funciton_PerformValueIndex] < HOTKEY_OP_Minmmum_Value) |
             -|
1093   8                          (HOTKEY_Funciton_PerformValue[HOTKEY_Funciton_PerformValueIndex] > HOTKEY_OP_Maxmmum_Value))
1094   8                        {
1095   9                          HOTKEY_Funciton_PerformValue[HOTKEY_Funciton_PerformValueIndex] = HOTKEY_VALUE_OVERRUN;
1096   9                        }
1097   8                      }
1098   7                    }
1099   6                    if (HOTKEY_Descritpr_Index >= HOTKEY_Funciton_End_Index) // if the op content is terminated
1100   6                    {
1101   7                      // then cancel the hotkey mode and perform the KVM operation
1102   7                      // create task --------------
1103   7                      if (HOTKEY_Funciton_PerformValue[HOTKEY_Funciton_PerformValueIndex] != HOTKEY_VALUE_OVERRUN)
1104   7                      {
1105   8                        printf("HK match: fun=%bx val=%d idx=%bx\n\r",
1106   8                          HOTKEY_Funciton_Code,
1107   8                          HOTKEY_Funciton_PerformValue[HOTKEY_Funciton_PerformValueIndex],
1108   8                          HOTKEY_Funciton_PerformValueIndex);
1109   8                        TASK_Active(TASK_TYPE_EVENT,TASK_KVM_EVENT_CONTROL_ID,0,0,0,0); // now aticev the process for tim
             -e out event
1110   8                        KVM_Event_Control_Flag = 1;
1111   8                      }
1112   7                      else
1113   7                      {
1114   8                        printf("HK value overrun: fun=%bx idx=%bx\n\r",
1115   8                          HOTKEY_Funciton_Code,
1116   8                          HOTKEY_Funciton_PerformValueIndex);
1117   8                      }
1118   7      
1119   7                      HOTKEY_Function_Match_Flag = 1;
1120   7                      HOTKEY_Deactive();
1121   7                      break;
1122   7                    }
1123   6                    else
1124   6                    {
1125   7                      HOTKEY_Function_Continue_Flag = 1;
1126   7                      if (HOTKEY_Operation_Continue_Flag == 0)
1127   7                      {
1128   8                        HOTKEY_Parser_State = HOTKEY_PARSER_OPCODE_STAGE;
1129   8                        HOTKEY_Funciton_PerformValueIndex++;
1130   8                      }
1131   7      
1132   7                      if (Current_Check ==0) //if in check hotkey queue mode
1133   7                      {
1134   8                        if (HOTKEY_Function_Code_Index == HOTKEY_Function_Code_Cnt)
1135   8                        { 
1136   9                          return;
1137   9                        } 
1138   8      
1139   8                        goto HOTKEY_Function_Parser_Restart;
C51 COMPILER V9.60.7.0   KVM_HOTKEY                                                        06/18/2026 14:01:43 PAGE 20  

1140   8                      }
1141   7                      else  
1142   7                          return;
1143   7                    }
1144   6                  }
1145   5                }
1146   4                else
1147   4                {
1148   5                  if (HOTKEY_Function_Match_Flag)  // match fail,cancel the hotkey processing
1149   5                  {             
1150   6                    HOTKEY_Function_Match_Flag = 0; //clear the match flag
1151   6                  }
1152   5                  else 
1153   5                  {
1154   6                    if (HOTKEY_Function_Continue_Flag)
1155   6                    {
1156   7                      if ((HOTKEY_Operation_Code == HOTKEY_OP_SHORT_VALUE) || (HOTKEY_Operation_Code == HOTKEY_OP_LONG_V
             -ALUE))
1157   7                      {
1158   8                        goto FUNCTION_PARSER_CONTINUE;
1159   8                      }
1160   7                      else
1161   7                      {
1162   8                        HOTKEY_Function_Continue_Flag = 0;
1163   8                        HOTKEY_Function_Match_Flag = 0;
1164   8                        goto FUNCTION_PARSER_CONTINUE;
1165   8                      }
1166   7                    }
1167   6                    else
1168   6                    {
1169   7      FUNCTION_PARSER_CONTINUE:
1170   7                      if (HOTKEY_Function_Continue_Flag)
1171   7                      {                     
1172   8                        HOTKEY_Descritpr_Index += HOTKEY_Operation_Len;   // next opcode
1173   8                      }
1174   7                      else
1175   7                      {   
1176   8                        HOTKEY_Descritpr_Index = HOTKEY_Descritpr_Index_Hold + HOTKEY_Funciton_Len;   // next opcodeHOTKE
             -Y_Operation_Len;  
1177   8                      }
1178   7                      
1179   7                      HOTKEY_Parser_State = HOTKEY_PARSER_OPCODE_STAGE; // process next opecode for next keycode
1180   7                      if (HOTKEY_Descritpr_Index >= HOTKEY_Funciton_End_Index) // if the op content is terminated
1181   7                      {
1182   8                        HOTKEY_Parser_State = HOTKEY_PARSER_FUNCTION_CODE_STAGE; // Check the next possible function
1183   8                      }
1184   7                      else
1185   7                      {
1186   8                        HOTKEY_Funciton_PerformValueIndex++;
1187   8                      }
1188   7                    }
1189   6                  }
1190   5      
1191   5                  if ((HOTKEY_Function_Match_Flag==0) && (HOTKEY_Function_Continue_Flag==0))
1192   5                  {
1193   6                    Current_Check = 0; //check the hotkey queue
1194   6                    goto HOTKEY_Function_Parser_Resset;
1195   6                  } 
1196   5                }
1197   4                break;
1198   4              default:
1199   4                break;
C51 COMPILER V9.60.7.0   KVM_HOTKEY                                                        06/18/2026 14:01:43 PAGE 21  

1200   4            }
1201   3          }
1202   2        }
1203   1      }
1204          
1205          /*
1206           * ----------------------------------------------------------------------------
1207           * void      TASK_HOTKEY_Active_Led_Indicate
1208           * Purpose : This task will indidate the hostkey status(Active or Deactive)
1209           *           also will do the hotkey valid time out check if enable timeout
1210           *           check mode.
1211           * Params  : NONE
1212           * Returns : NONE
1213           * Note    : NONE
1214           * ----------------------------------------------------------------------------
1215           */
1216          void TASK_HOTKEY_Active_Led_Indicate(void)
1217          {
1218   1        if (HOTKEY_Control_Status & KVM_HOTKEY_ACTIVE) /* hotkey actived */
1219   1        {
1220   2          if (HOTKEY_LED != 0)
1221   2          {
1222   3            HOTKEY_LED = 0;
1223   3          }
1224   2          else
1225   2          {
1226   3            HOTKEY_LED = KVM_LED_SCROLL_LOCK;
1227   3          }
1228   2      
1229   2      #if (KVM_HOTKEY_TIMEOUT_CHECK)  // do the hotkey valid time out check
1230   2      #if (EXTENDER_ISL59920_SUPPORT)
                  if (bOperateFlag == 0)    
              #endif  /* #if (EXTENDER_ISL59920_SUPPORT) */ 
1233   2          {
1234   3            HOTKEY_Active_Valid_Cnt++;
1235   3            if (HOTKEY_Active_Valid_Cnt >= KVM_HOTKEY_VALID_TIME)
1236   3            {
1237   4              HOTKEY_Deactive(); // reset the
1238   4              Task_Active_Table[TASK_Active_ID].Task_Reload.w = 1; //Next 1 ms send out the LED
1239   4            }
1240   3          } 
1241   2      #endif
1242   2        }
1243   1        else
1244   1        { // restore the LED status
1245   2          HOTKEY_LED = KVM_HostLed[KVM_CurrentHost];
1246   2          TASK_Destory_Current();
1247   2        }
1248   1      
1249   1        #if (KVM_HOTKEY_KB_LED)
1250   1        KVM_CONSOLE_Keyboard_Led_Control(HOTKEY_LED);
1251   1        #endif
1252   1      }
1253          
1254          /*--------------------------------------------------------------------------------
1255           * void HOTKEY_Deactive(void)
1256           * Purpose : Handle the hotkey mode deactive control
1257           * Params  : NONE
1258           * Returns : None.
1259           * Note    : None.
1260           *--------------------------------------------------------------------------------*/
1261          void HOTKEY_Deactive(void)
C51 COMPILER V9.60.7.0   KVM_HOTKEY                                                        06/18/2026 14:01:43 PAGE 22  

1262          {
1263   1        HOTKEY_Control_Status = KVM_HOTKEY_IDLE;
1264   1        HOTKEY_Control_Status_Last = KVM_HOTKEY_IDLE;
1265   1        HOTKEY_Fork_Table_Index=0; /* for next operation */
1266   1        hotkey_CheckValueFlag = 0;
1267   1        HOTKEY_Function_CheckTableID = 0;
1268   1      
1269   1        HOTKEY_LED =  KVM_HostLed[KVM_CurrentHost];
1270   1        Task_Active_Table[TASK_KVM_LED_Indicate_ActiveID].Task_Interval.w = 1; // next 1 ms, restore the LED stat
             -us of keyboard
1271   1        /*------------------------------------------*/
1272   1      #if (KVM_BUZZER_SUPPORT)
1273   1        BUZZER_Script_Active(Hotkey_Stop_Sound);
1274   1      #endif
1275   1        /*------------------------------------------*/
1276   1      }
1277          
1278          /*--------------------------------------------------------------------------------
1279           * void TASK_KVM_HotkeyFork_Timeout(void)
1280           * Purpose : After user presee the first key which match with hotkey forking, then
1281           *           use 5 seconds count down to check weither user press second key, if not
1282           *           then cancel the hotkey forking processing.
1283           * Params  : NONE
1284           * Returns : None.
1285           * Note    : None.
1286           *--------------------------------------------------------------------------------*/
1287          void TASK_KVM_HotkeyFork_Timeout(void)
1288          {
1289   1        if (TASK_Register0 == KVM_Hotkey_Serial)
1290   1        {
1291   2          if (HOTKEY_FirstKeyTimeOutCheck_Flag)  // Function index add index
1292   2          {
1293   3            HOTKEY_Fork_Table_Index = 0;
1294   3          }
1295   2        }
1296   1        TASK_Destory_Current();
1297   1      }
1298          
1299          #endif /* KVM_HOTKEY_SUPPORT */
1300          #endif /* End of PROJECT_KVM_CONSOLE_ENABLE */
1301          
1302          /* End of kvm_hotkey.c */


MODULE INFORMATION:   STATIC OVERLAYABLE
   CODE SIZE        =   2438    ----
   CONSTANT SIZE    =    157    ----
   XDATA SIZE       =    200       7
   PDATA SIZE       =   ----    ----
   DATA SIZE        =   ----    ----
   IDATA SIZE       =   ----    ----
   BIT SIZE         =      5    ----
   EDATA SIZE       =   ----    ----
   HDATA SIZE       =   ----    ----
   XDATA CONST SIZE =   ----    ----
   FAR CONST SIZE   =    157    ----
END OF MODULE INFORMATION.


C51 COMPILATION COMPLETE.  0 WARNING(S),  0 ERROR(S)
