C51 COMPILER V9.60.7.0   LOGITECH                                                          06/23/2026 16:04:47 PAGE 1   


C51 COMPILER V9.60.7.0, COMPILATION OF MODULE LOGITECH
OBJECT MODULE PLACED IN .\logitech.obj
COMPILER INVOKED BY: C:\Users\Administrator\AppData\Local\Keil_v5\C51\BIN\C51.EXE ..\Src\handler\logitech\logitech.c LAR
                    -GE OMF2 ROM(D16M) OPTIMIZE(9,SIZE) BROWSE NOAREGS INCDIR(..\src\main\;..\src\cpu\;..\src\flash\;..\src\uart\;..\src\swdm
                    -a\;..\src\mstimer\;..\src\i2c\;..\src\spi\;..\src\task_man\;..\src\project\;..\Src\ps2_host;..\Src\console_edid;..\Src\s
                    -torage;..\Src\data_stream;..\Src\kvm_control\kvm_hotkey;..\Src\kvm_control\kvm_console;..\Src\kvm_control\kvm_button;..\
                    -Src\kvm_control\kvm_edid;..\Src\kvm_control\kvm_buzzer;..\src\gpio\;..\Src\hardware_ps2;..\Src\usbdc;..\Src\usbdc\usbdc_
                    -virtual;..\Src\usb_std;..\Src\usbhc;..\Src\kvm_control\power_saving;..\Src\usbhc\MSC;..\Src\usbhc\AUDIO;..\Src\usbhc\HUB
                    -;..\Src\usbhc\HID;..\Src\usbhc\HID_PARSER;..\Src\usbhc\ROOT_HUB;..\Src\usbdc\usbdc_hub;..\Src\usbdc\usbdc_hid;..\Src\kvm
                    -_control\kvm_storage\spi_flash;..\Src\usbdc\usbdc_msc\usb_scsi;..\Src\usbdc\usbdc_msc;..\Src\handler\logitech;..\Src\han
                    -dler\A4_Tech;..\Src\usbdc\usbdc_vendor;..\Src\hsur;..\Src\extender\core;..\Src\extender\receiver;..\Src\uart_console;..\
                    -Src\kvm_control\km_sync;..\Src\hsur;..\Src\kvm_control\km_log;..\Src\kvm_control\km_api;..\Src\kvm_control\kvm_ir;..\Src
                    -\kvm_control\kvm_rtc;..\Src\i2c;..\Src\kvm_control\kvm_multiview) STRING(FAR) DEFINE(RuntimeCodeAt0KH,MCU_TYPE_AX68004,K
                    -VM,HC_TIMEOUT=10000,VHID,HID_PARSER_CORE_KB,HID_PARSER_CORE_MS,API,NO_AUDIO,NO_MSC,NO_EDID,HUART_BAUD=HUART_115K,SYNC,CR
                    -OSS_JUMP_MAP0,VPID_CHANGER,SYNC_KB_HOTKEY,SYNC_MS_HOTKEY,REPEAT_MODE=1,HSUART,MULTIVIEW) VARBANKING DEBUG PRINT(.\logite
                    -ch.lst) TABS(2) OBJECT(.\logitech.obj)

line level    source

   1          /*
   2           *********************************************************************************
   3           *     Copyright (c) 2014   ASIX Electronic Corporation      All rights reserved.
   4           *
   5           *     This is unpublished proprietary source code of ASIX Electronic Corporation
   6           *
   7           *     The copyright notice above does not evidence any actual or intended
   8           *     publication of such source code.
   9           *********************************************************************************
  10           */
  11          /*================================================================================
  12           * Module Name : logitech.c
  13           * Purpose     : The special handler for Logitech unifying wireless HID device
  14           *               Test Item:M185,T650,T400
  15           * Author      : Jack Wang
  16           * Date        :
  17           * Notes       :
  18           *               The unifying has wireless mouse, touch pad, touch pad mouse has used
  19           *               logitech unifying protocol, basically are device into HID and DJ mode
  20           *               this program are the collection of handler program of unifying.
  21           *
  22           *================================================================================
  23           */
  24          
  25          /* INCLUDE FILE DECLARATIONS */
  26          #include  <string.h>
  27          #include  <stdio.h>
  28          #include  <stdlib.h>
  29          #include  "project_include.h"
  30          
  31          /* STATIC VARIABLE DECLARATIONS */ 
  32          /* LOCAL SUBPROGRAM DECLARATIONS */
  33          U8_T UNIFYING_Switch_DJ_Command[15] ={0x20,0xff,0x80,0x3f,0x00,0x00,0x00,0x00,0x00,0x00,0x00,0x00,0x00,0x0
             -0,0x00};
  34          U8_T UNIFYING_Switch_HID_Command[15]={0x20,0xff,0x80,0x00,0x00,0x00,0x00,0x00,0x00,0x00,0x00,0x00,0x00,0x0
             -0,0x00};
  35          U8_T UNIFYING_Switch_HIDPP_Command[7]={0x10,0x00,0x0f,0x20,0x09,0x00,0x00};
  36          U8_T UNIFYING_Switch_HID0_Command[7] ={0x10,0x00,0x0f,0x20,0x00,0x00,0x00};
  37          /* LOCAL SUBPROGRAM BODIES */
  38          
  39          /*************************************************************************************
  40            * @brief  USBDC_Unifying_Set_Report_Check()
C51 COMPILER V9.60.7.0   LOGITECH                                                          06/23/2026 16:04:47 PAGE 2   

  41            *         Check the set report command
  42            *         0x21 0x09 0x02 0xyy ......
  43            * 
  44            *************************************************************************************/
  45          RESULT USBDC_Unifying_SetReport_Cmd_Check(U8_T port,U8_T devinx,U8_T report_id)
  46          {
  47   1        if (report_id == 0x10)
  48   1        {
  49   2          if (USBDC_Device[devinx].Setup[port].b.wLength.w == 7)
  50   2          {
  51   3            USBDC_Device[devinx].DevAttr[port] |= UNIFYING_RPT_CHECK_MASK;
  52   3          }
  53   2        }
  54   1        else if (report_id == 0x20) //DJ Mode
  55   1        {
  56   2          if (USBDC_Device[devinx].Setup[port].b.wLength.w == 15)
  57   2          { 
  58   3            USBDC_Device[devinx].DevAttr[port] |= UNIFYING_RPT_CHECK_MASK;
  59   3            if (port != KVM_CurrentHost)
  60   3            {
  61   4              return USB_SUCCESS;
  62   4            }
  63   3          }
  64   2        }
  65   1        return USB_WAIT;
  66   1      }
  67          
  68          /*************************************************************************************
  69            * @brief  USBDC_Unifying_Set_Report_Check()
  70            *         Check the set report command
  71            *         0x21 0x09 0x02 0xyy ......
  72            * 
  73            *************************************************************************************/
  74          void USBDC_Unifying_SetReport_Data_Check(U8_T port,U8_T devinx,U8_T *DataBuffer)
  75          {
  76   1        U8_T DJ_mode;
  77   1      
  78   1        USBDC_Device[devinx].DevAttr[port] &= ~UNIFYING_RPT_CHECK_MASK;
  79   1        if (memcmp(DataBuffer,UNIFYING_Switch_HID_Command,3)==0) //switch command
  80   1        {
  81   2          if(DataBuffer[3]) //if set to DJ
  82   2          {
  83   3            USBDC_Device[devinx].DevAttr[port] |= UNIFYING_RPT_MODE_MASK; //DJ Mode
  84   3            DJ_mode = UNIFYING_RPT_MODE_MASK;
  85   3          }
  86   2          else
  87   2          {
  88   3            USBDC_Device[devinx].DevAttr[port] &= ~UNIFYING_RPT_MODE_MASK; //HID Mode
  89   3            DJ_mode = 0;
  90   3          }
  91   2          
  92   2          if (USBDC_Device[devinx].PassThroughState[port])
  93   2          {
  94   3            USB_PDevice[devinx].DevAttr &= ~UNIFYING_RPT_MODE_DJ;
  95   3            USB_PDevice[devinx].DevAttr |= DJ_mode; //update HC mode
  96   3          }
  97   2        }
  98   1        else if ((DataBuffer[0]== 0x10)&& (DataBuffer[2]== 0x0f) && ((DataBuffer[3] & 0xf0) == 0x20))
  99   1        {
 100   2          if ((DataBuffer[4] & 0x0f) == 0x09) //=>HIDPP mode
 101   2          {
 102   3            USBDC_Device[devinx].DevAttr[port] |= UNIFYING_RPT_SIZE_MASK; //HIDPP Mode
C51 COMPILER V9.60.7.0   LOGITECH                                                          06/23/2026 16:04:47 PAGE 3   

 103   3            DJ_mode = UNIFYING_RPT_SIZE_MASK;
 104   3          }
 105   2          else
 106   2          {
 107   3            USBDC_Device[devinx].DevAttr[port] &= ~UNIFYING_RPT_SIZE_MASK; //HID Mode
 108   3            DJ_mode = 0;
 109   3          }
 110   2            
 111   2          if (USBDC_Device[devinx].PassThroughState[port])
 112   2          {
 113   3            USB_PDevice[devinx].DevAttr &= ~UNIFYING_RPT_SIZE_MASK;
 114   3            USB_PDevice[devinx].DevAttr |= DJ_mode; //update HC mode
 115   3          }
 116   2      
 117   2          USBDC_Device[devinx].Unifying_index = DataBuffer[1];
 118   2          USBDC_Device[devinx].Unifying_index |= (DataBuffer[3]&0x0f) << 4;
 119   2        }
 120   1      }
 121          
 122          /*************************************************************************************
 123            * void USBHC_Unifying_KVM_Switch_Check(U8_T port,U8_T devinx)
 124            * Description:Check the set report command
 125            * 
 126            * 
 127            *************************************************************************************/
 128          void USBHC_Unifying_KVM_Switch_Check(U8_T port,U8_T devinx)
 129          {
 130   1        U8_T DJ_mode;
 131   1      
 132   1        //Check host connection
 133   1      
 134   1        //1.Check HID Mode
 135   1        DJ_mode = USBDC_Device[devinx].DevAttr[port] & UNIFYING_RPT_SIZE_MASK;
 136   1        if ( DJ_mode != (USB_PDevice[devinx].DevAttr & UNIFYING_RPT_SIZE_MASK)) 
 137   1        {
 138   2          USB_PDevice[devinx].DevAttr &= ~UNIFYING_RPT_SIZE_MASK;
 139   2          USB_PDevice[devinx].DevAttr |= DJ_mode;
 140   2          USBHC_Set_Dev_Logitech_Unifying_HID(devinx,DJ_mode);
 141   2        }
 142   1        else
 143   1        {
 144   2          //1.Check DJ Mode
 145   2          DJ_mode = USBDC_Device[devinx].DevAttr[port] & UNIFYING_RPT_MODE_DJ;
 146   2          if ( DJ_mode != (USB_PDevice[devinx].DevAttr & UNIFYING_RPT_MODE_DJ)) 
 147   2          {
 148   3            USB_PDevice[devinx].DevAttr &= ~UNIFYING_RPT_MODE_DJ;
 149   3            USB_PDevice[devinx].DevAttr |= DJ_mode;
 150   3            USBHC_Set_Dev_Logitech_Unifying_Mode(devinx,DJ_mode);
 151   3          }
 152   2        }
 153   1      }
 154          
 155          /*************************************************************************************
 156            * U8_T USBHC_Unifying_Interrupt_In_Check(U8_T port,U8_T devinx,U8_T intt_id,U8_T *DJ_Buf,U8_T len,U8_T d
             -eviceid)
 157            * Description:Check the set report command
 158            * 
 159            * 
 160            *************************************************************************************/
 161          U8_T USBHC_Unifying_Interrupt_In_Check(U8_T port,U8_T devinx,U8_T intt_id,U8_T *DJ_Buf,U8_T len,U8_T devic
             -eid)
 162          {
C51 COMPILER V9.60.7.0   LOGITECH                                                          06/23/2026 16:04:47 PAGE 4   

 163   1        if (HCTD_Table.INTL[intt_id].Buf[0] == 0x20) 
 164   1        {
 165   2          if (len == 15) //short DJ
 166   2          {
 167   3            if (deviceid==0x01) // keyboard
 168   3            {
 169   4              if (USBDC_Device[devinx].DevAttr[port] & UNIFYING_RPT_MODE_DJ)
 170   4              {
 171   5                if (HCTD_Table.INTL[intt_id].Buf[2] == 0x01) //keyboard 
 172   5                {
 173   6                  DJ_Buf[0] = HCTD_Table.INTL[intt_id].Buf[3];
 174   6                  DJ_Buf[1] = 0;
 175   6                  memcpy(&DJ_Buf[2],&HCTD_Table.INTL[intt_id].Buf[4],6);
 176   6                  USBHC_HidParser_Package_Handle(devinx,0,DJ_Buf,8,1);
 177   6                  return 1;
 178   6                }
 179   5              }
 180   4            }
 181   3            else if (deviceid==0x02) //mouse
 182   3            {
 183   4              if (HCTD_Table.INTL[intt_id].Buf[2] == 0x02) //Mouse
 184   4              {
 185   5                if ((USBDC_Device[devinx].DevAttr[port] & (UNIFYING_RPT_SIZE_MASK|UNIFYING_RPT_MODE_MASK)) == 0x00)
 186   5                {
 187   6                  DJ_Buf[0] = HCTD_Table.INTL[intt_id].Buf[2];
 188   6                  memcpy(&DJ_Buf[1],&HCTD_Table.INTL[intt_id].Buf[3],7);
 189   6                  return 1;
 190   6                }
 191   5              }
 192   4            }
 193   3          }
 194   2        }
 195   1        else if (HCTD_Table.INTL[intt_id].Buf[0] == 0x11) 
 196   1        {
 197   2          if (len == 20) //DJ mode
 198   2          {
 199   3            if ((USB_PDevice[devinx].DevAttr & (UNIFYING_RPT_SIZE_MASK|UNIFYING_CHANGE_HID_MASK))== 0x00)
 200   3            {
 201   4              if ((HCTD_Table.INTL[intt_id].Buf[1] != 0x00) && (HCTD_Table.INTL[intt_id].Buf[1] != 0xff) && (HCTD_Ta
             -ble.INTL[intt_id].Buf[3] == 0x00))
 202   4              {
 203   5                USB_PDevice[devinx].DevAttr |= UNIFYING_CHANGE_HID_MASK;
 204   5                USBDC_Device[devinx].Unifying_index  =  HCTD_Table.INTL[intt_id].Buf[1];
 205   5                USBDC_Device[devinx].Unifying_index |= 0x50;
 206   5                USBHC_Set_Dev_Logitech_Unifying_HID(devinx,0); 
 207   5                return 1;
 208   5              }
 209   4            }
 210   3          }
 211   2        }
 212   1        else if (HCTD_Table.INTL[intt_id].Buf[0] == 0x02) 
 213   1        {
 214   2          if (len == 8) //HID mode
 215   2          {
 216   3            if (USB_PDevice[devinx].DevAttr & UNIFYING_RPT_MODE_MASK) //DJ MOde
 217   3            {
 218   4              if ((USB_PDevice[devinx].DevAttr & UNIFYING_CHANGE_MODE_MASK) == 0x00)
 219   4              {
 220   5                USB_PDevice[devinx].DevAttr |= UNIFYING_CHANGE_MODE_MASK;
 221   5                USBHC_Set_Dev_Logitech_Unifying_Mode(devinx,UNIFYING_RPT_MODE_MASK);
 222   5              }
 223   4            }
C51 COMPILER V9.60.7.0   LOGITECH                                                          06/23/2026 16:04:47 PAGE 5   

 224   3            else if (USB_PDevice[devinx].DevAttr & UNIFYING_RPT_SIZE_MASK)
 225   3            {
 226   4              if ((USB_PDevice[devinx].DevAttr & UNIFYING_CHANGE_HID_MASK) == 0x00)
 227   4              {
 228   5                USB_PDevice[devinx].DevAttr |= UNIFYING_CHANGE_HID_MASK;
 229   5                USBDC_Device[devinx].Unifying_index  =  HCTD_Table.INTL[intt_id].Buf[1];
 230   5                USBDC_Device[devinx].Unifying_index |= 0x50;
 231   5                USBHC_Set_Dev_Logitech_Unifying_HID(devinx,UNIFYING_RPT_SIZE_MASK);
 232   5                return 1;
 233   5              }
 234   4            }
 235   3          }
 236   2        }
 237   1      
 238   1        return 0;
 239   1      }
 240          
 241          /* End of logitech.c */
 242          
 243          


MODULE INFORMATION:   STATIC OVERLAYABLE
   CODE SIZE        =   1438    ----
   CONSTANT SIZE    =   ----    ----
   XDATA SIZE       =     44      18
   PDATA SIZE       =   ----    ----
   DATA SIZE        =   ----    ----
   IDATA SIZE       =   ----    ----
   BIT SIZE         =   ----    ----
   EDATA SIZE       =   ----    ----
   HDATA SIZE       =   ----    ----
   XDATA CONST SIZE =   ----    ----
   FAR CONST SIZE   =   ----    ----
END OF MODULE INFORMATION.


C51 COMPILATION COMPLETE.  0 WARNING(S),  0 ERROR(S)
