C51 COMPILER V9.60.7.0   MAIN                                                              06/23/2026 16:04:43 PAGE 1   


C51 COMPILER V9.60.7.0, COMPILATION OF MODULE MAIN
OBJECT MODULE PLACED IN .\main.obj
COMPILER INVOKED BY: C:\Users\Administrator\AppData\Local\Keil_v5\C51\BIN\C51.EXE ..\Src\main\main.c LARGE OMF2 ROM(D16M
                    -) OPTIMIZE(9,SIZE) BROWSE NOAREGS INCDIR(..\src\main\;..\src\cpu\;..\src\flash\;..\src\uart\;..\src\swdma\;..\src\mstime
                    -r\;..\src\i2c\;..\src\spi\;..\src\task_man\;..\src\project\;..\Src\ps2_host;..\Src\console_edid;..\Src\storage;..\Src\da
                    -ta_stream;..\Src\kvm_control\kvm_hotkey;..\Src\kvm_control\kvm_console;..\Src\kvm_control\kvm_button;..\Src\kvm_control\
                    -kvm_edid;..\Src\kvm_control\kvm_buzzer;..\src\gpio\;..\Src\hardware_ps2;..\Src\usbdc;..\Src\usbdc\usbdc_virtual;..\Src\u
                    -sb_std;..\Src\usbhc;..\Src\kvm_control\power_saving;..\Src\usbhc\MSC;..\Src\usbhc\AUDIO;..\Src\usbhc\HUB;..\Src\usbhc\HI
                    -D;..\Src\usbhc\HID_PARSER;..\Src\usbhc\ROOT_HUB;..\Src\usbdc\usbdc_hub;..\Src\usbdc\usbdc_hid;..\Src\kvm_control\kvm_sto
                    -rage\spi_flash;..\Src\usbdc\usbdc_msc\usb_scsi;..\Src\usbdc\usbdc_msc;..\Src\handler\logitech;..\Src\handler\A4_Tech;..\
                    -Src\usbdc\usbdc_vendor;..\Src\hsur;..\Src\extender\core;..\Src\extender\receiver;..\Src\uart_console;..\Src\kvm_control\
                    -km_sync;..\Src\hsur;..\Src\kvm_control\km_log;..\Src\kvm_control\km_api;..\Src\kvm_control\kvm_ir;..\Src\kvm_control\kvm
                    -_rtc;..\Src\i2c;..\Src\kvm_control\kvm_multiview) STRING(FAR) DEFINE(RuntimeCodeAt0KH,MCU_TYPE_AX68004,KVM,HC_TIMEOUT=10
                    -000,VHID,HID_PARSER_CORE_KB,HID_PARSER_CORE_MS,API,NO_AUDIO,NO_MSC,NO_EDID,HUART_BAUD=HUART_115K,SYNC,CROSS_JUMP_MAP0,VP
                    -ID_CHANGER,SYNC_KB_HOTKEY,SYNC_MS_HOTKEY,REPEAT_MODE=1,HSUART,MULTIVIEW) VARBANKING DEBUG PRINT(.\main.lst) TABS(2) OBJE
                    -CT(.\main.obj)

line level    source

   1          /*
   2           *********************************************************************************
   3           *     Copyright (c) 2014 ASIX Electronic Corporation      All rights reserved.
   4           *
   5           *     This is unpublished proprietary source code of ASIX Electronic Corporation
   6           *
   7           *     The copyright notice above does not evidence any actual or intended
   8           *     publication of such source code.
   9           *********************************************************************************
  10           */
  11          /*================================================================================
  12           * Module Name : main.c
  13           * Purpose     :
  14           * Author      : Jack Wang
  15           * Date        :
  16           * Notes       :
  17           *================================================================================
  18           */
  19          /* INCLUDE FILE DECLARATIONS */
  20          #include  <string.h>
  21          #include  <stdio.h>
  22          #include  <stdlib.h>
  23          #include  "project_include.h"
  24          
  25          /* GLOBAL CONSTANT VARIABLES DECLARATIONS */
  26          #define VERSION_STRING "2.1.3.4"
  27          #define DATE_STRING    "2023-05-24"
  28          
  29          /* GLOBAL VARIABLES DECLARATIONS */
  30          #ifdef DEVICE_GPIO_DEFINE
              bit Audio_Device_Support_Gpio=0;
              bit MSC_Device_Support_Gpio=0;
              #endif /* #ifdef DEVICE_GPIO_DEFINE */
  34          ISR_TypeDef   ISR_FIFO[ISR_FIFO_DEPTH];
  35          U8_T      ISR_FIFO_Rp,ISR_FIFO_Wp;
  36          
  37          
  38          /* STATIC VARIABLE DECLARATIONS  */
  39          /* LOCAL SUBPROGRAM DECLARATIONS */
  40          /* LOCAL SUBPROGRAM BODIES       */
  41          #if (KVM_INFORMATION_DISPLAY)
              void DisplayKVMInformation(void);
C51 COMPILER V9.60.7.0   MAIN                                                              06/23/2026 16:04:43 PAGE 2   

              #endif
  44          void DisplayProjectVersionInformation(void);  
  45          void Check_Devcie_Gpio_Setting(void);
  46          /* EXTERNAL VARIABLE DECLATATIONS */
  47          /* EXTERNAL SUBPROGRAM DECLATATIONS */
  48          
  49          /*
  50           *--------------------------------------------------------------------------------
  51           * void main(void)
  52           * Purpose :
  53           * Params  :
  54           * Returns :
  55           * Note    :
  56           *--------------------------------------------------------------------------------
  57           */
  58          void main(void)
  59          {
  60   1      #if ((SYSTEM_EXTENDER_RECEIVER) && (SYSTEM_USBAUDIO_DEVICE_SUPPORT) && (SYSTEM_EA_CONTROL))
                bit tmpIsr;
              #endif
  63   1      
  64   1        /* MCPU core initial */
  65   1        CPU_Init();
  66   1        /* UART port initial */
  67   1        UART_Init();
  68   1      
  69   1        /* ms timer initialize */
  70   1        SWTIMER_Init();
  71   1        SWTIMER_Start();
  72   1        Check_Devcie_Gpio_Setting();
  73   1        //~~~~~~~~~~~~~~~~~~~~~~~~~~~~~~~~~~~~~~~~~~~~~~~~~~~~~~~~~~~~
  74   1        //
  75   1        //        V I N S O N __ P R O J E C T
  76   1        //
  77   1        //~~~~~~~~~~~~~~~~~~~~~~~~~~~~~~~~~~~~~~~~~~~~~~~~~~~~~~~~~~~~  
  78   1        /* ISR Event FIFO Handler */
  79   1        ISR_Init();
  80   1      
  81   1        /* Task Management Initial */
  82   1        TASK_Init();
  83   1        
  84   1      #if defined(UART_CONSOLE) || defined(HSUART_CONSOLE) 
                UartConsole_Init();
              #endif
  87   1      
  88   1        /* PS/2 Host Interface Initial */
  89   1      #if (SYSTEM_PS2_HOST_ENABLE)
                PS2_Init();
              #endif
  92   1      
  93   1        /* KVM Console Initial */
  94   1      #if (PROJECT_KVM_CONSOLE_ENABLE)
  95   1        KVM_Console_Init();
  96   1        DATAST_Init();
  97   1      #endif
  98   1        
  99   1        /* KVM Button Interface Initial */
 100   1      #if (KVM_BUTTON_SUPPORT)
 101   1        KVM_BTN_Init();
 102   1      #endif
 103   1      
 104   1        /* KVM Buzzer Interface Initial */
C51 COMPILER V9.60.7.0   MAIN                                                              06/23/2026 16:04:43 PAGE 3   

 105   1      #if (KVM_BUZZER_SUPPORT)
 106   1        KVM_BUZZER_Init();
 107   1      #endif
 108   1      
 109   1        /* KVM Console & Host EDID Interface Initial */
 110   1      #if (SYSETM_CONSOLE_EDID_CONTROL_ENABLE)
                EDID_Console_Init();
              #endif
 113   1      
 114   1        /* USB Host Controller-Downstream ports Interface Initial */
 115   1      #if (SYSTEM_USB_HC_ENABLE)
 116   1        USBHC_Init();
 117   1      #endif
 118   1      
 119   1        /* USB Devcie Controller-Upstream ports Interface Initial */
 120   1      #if (SYSTEM_USB_DC_ENABLE)
 121   1        USBDC_Init();
 122   1      #endif
 123   1        
 124   1        /* KVM Power saving mode Initial */
 125   1      #if (SYSTEM_POWER_SAVING_MODE_SUPPORT)
                KVM_PowerSaving_Init();
              #endif
 128   1      
 129   1      #if (SYSTEM_EXTENDER_SUPPORT)
                EXTENDER_Init();
              #endif /* #if (SYSTEM_EXTENDER_SUPPORT) */
 132   1      
 133   1        /* KVM System Information Display */
 134   1      #if (KVM_INFORMATION_DISPLAY)
                DisplayKVMInformation();
              #endif
 137   1      
 138   1      #if (PROJECT_KVM_CONSOLE_ENABLE)
 139   1        KVM_CONSOLE_Vga_Control(KVM_CurrentHost,VGA_ON);
 140   1        USBDC_Resume_Task_ActiveID[0] = TASK_Active(TASK_TYPE_INTERVAL_MS, TASK_KVM_ACCESSORY_ID, 0, 0, 500, 500)
             -;
 141   1      #endif
 142   1      
 143   1      #if (SYSETM_GPIO_EEPROM_ENABLE)
                GPIO_EEProm_Init();
                GPIO_ReadEEprom();
              #endif
 147   1      
 148   1      #ifdef RTC
                KVM_RTC_Init();
              #endif /* #ifdef RTC */
 151   1      
 152   1      #ifdef IR
                KVM_IR_Init();
              #endif /* #ifdef RTC */
 155   1      
 156   1      #ifdef SYNC
 157   1        KM_SYNC_Init();
 158   1      #endif /* #ifdef SYNC */
 159   1      
 160   1      #ifdef KMLOG
                KMLOG_Init();
              #endif /* #ifdef KMLOG */
 163   1      
 164   1      #ifdef API
 165   1        API_Init();
C51 COMPILER V9.60.7.0   MAIN                                                              06/23/2026 16:04:43 PAGE 4   

 166   1      #endif /* #ifdef API */
 167   1      
 168   1      #ifdef MULTIVIEW
 169   1         MULTIVIEW_Init();
 170   1      #endif   
 171   1      
 172   1      //read btn state, set modes, ///zbb
 173   1      {
 174   2          U8_T  btn_state = 0;  //zbb
 175   2          
 176   2          if (GPIO_GetPinValue(PORT0, GPIO_Pin_0))
 177   2          {
 178   3            btn_state |= 0x01;
 179   3          }
 180   2      
 181   2          if (GPIO_GetPinValue(PORT0, GPIO_Pin_1))
 182   2          {
 183   3            btn_state |= 0x02;
 184   3          }
 185   2      
 186   2          if (GPIO_GetPinValue(PORT0, GPIO_Pin_2))
 187   2          {
 188   3            btn_state |= 0x04;
 189   3          }
 190   2      
 191   2          if (GPIO_GetPinValue(PORT0, GPIO_Pin_3))
 192   2          {
 193   3            btn_state |= 0x08;
 194   3          }
 195   2      
 196   2          //check the btn_state
 197   2          printf("---- btn_state:%bx ----\n\r", btn_state);
 198   2          switch(btn_state)
 199   2          {
 200   3                  case PORT0_ACTIVE:
 201   3              API_Set_Roaming_Mode(API_ROAMING_DISABLE);
 202   3              API_Set_Sync_Mode(API_SYNC_DISABLE);
 203   3              KVM_Console_Port_Jump(3);
 204   3              break;
 205   3            case PORT1_ACTIVE:
 206   3              API_Set_Roaming_Mode(API_ROAMING_DISABLE);
 207   3              API_Set_Sync_Mode(API_SYNC_DISABLE);
 208   3              KVM_Console_Port_Jump(2);
 209   3              break;
 210   3            case PORT2_ACTIVE:
 211   3              API_Set_Roaming_Mode(API_ROAMING_DISABLE);
 212   3              API_Set_Sync_Mode(API_SYNC_DISABLE);
 213   3              KVM_Console_Port_Jump(1);
 214   3              break;
 215   3            case PORT3_ACTIVE:
 216   3              API_Set_Roaming_Mode(API_ROAMING_DISABLE);
 217   3              API_Set_Sync_Mode(API_SYNC_DISABLE);
 218   3              KVM_Console_Port_Jump(0);
 219   3              break;
 220   3            case PORT12_ACTIVE:
 221   3              API_Set_Roaming_Mode(API_ROAMING_ENABLE);         
 222   3              API_Active_Roaming_Mapping(TWO_SCREEN_MODE);
 223   3              KVM_Console_Port_Jump(3);
 224   3              break;
 225   3            case PORT34_ACTIVE:
 226   3              API_Set_Roaming_Mode(API_ROAMING_ENABLE);         
 227   3              API_Active_Roaming_Mapping(TWO_SCREEN_MODE);
C51 COMPILER V9.60.7.0   MAIN                                                              06/23/2026 16:04:43 PAGE 5   

 228   3              KVM_Console_Port_Jump(1);
 229   3              break;
 230   3            case PORT_ALL_ACTIVE:
 231   3              API_Set_Roaming_Mode(API_ROAMING_ENABLE);         
 232   3              API_Active_Roaming_Mapping(QUAD_SCREEN_MODE);
 233   3              KVM_Console_Port_Jump(3);
 234   3              break;
 235   3            case PORT_ALL_SYNC:
 236   3              API_Set_Roaming_Mode(API_ROAMING_DISABLE);          
 237   3              API_Active_Roaming_Mapping(QUAD_SCREEN_MODE);
 238   3              API_Set_Sync_Mode(API_SYNC_ENABLE);
 239   3              break;
 240   3            case PORT_ONE_2_MAIN1_ACTIVE:
 241   3              API_SET_ONE_2_SCREEN_MODE(1);
 242   3              API_Current_Main_SCREEN = 3;
 243   3              KVM_Console_Port_Jump(3);
 244   3              break;
 245   3            case PORT_ONE_2_MAIN2_ACTIVE:
 246   3              API_SET_ONE_2_SCREEN_MODE(2);
 247   3              API_Current_Main_SCREEN = 2;
 248   3              KVM_Console_Port_Jump(2);
 249   3              break;
 250   3            case PORT_ONE_2_MAIN3_ACTIVE:
 251   3              API_SET_ONE_2_SCREEN_MODE(3);
 252   3              API_Current_Main_SCREEN = 1;
 253   3              KVM_Console_Port_Jump(1);
 254   3              break;
 255   3            case PORT_ONE_3_MAIN0_ACTIVE:
 256   3              API_SET_ONE_3_SCREEN_MODE(0);
 257   3              API_Current_Main_SCREEN = 3;
 258   3              KVM_Console_Port_Jump(3);
 259   3              break;
 260   3            case PORT_ONE_3_MAIN1_ACTIVE:
 261   3              API_SET_ONE_3_SCREEN_MODE(1);
 262   3              API_Current_Main_SCREEN = 2;
 263   3              KVM_Console_Port_Jump(2);
 264   3              break;
 265   3            case PORT_ONE_3_MAIN2_ACTIVE:
 266   3              API_SET_ONE_3_SCREEN_MODE(2);
 267   3              API_Current_Main_SCREEN = 1;
 268   3              KVM_Console_Port_Jump(1);
 269   3              break;
 270   3            case PORT_ONE_3_MAIN3_ACTIVE:
 271   3              API_SET_ONE_3_SCREEN_MODE(3);
 272   3              API_Current_Main_SCREEN = 0;
 273   3              KVM_Console_Port_Jump(0);
 274   3              break;
 275   3            default:
 276   3              break;
 277   3          }
 278   2      }
 279   1        /* KVM Project Define Display */
 280   1        DisplayProjectVersionInformation();
 281   1      /*
 282   1      void main_loop(void)
 283   1      */
 284   1        /* Main polling loop */
 285   1        while (1)
 286   1        {   
 287   2      #ifdef VPID_CHANGER
 288   2          VPID_Changer_Seed++;
 289   2      #endif    
C51 COMPILER V9.60.7.0   MAIN                                                              06/23/2026 16:04:43 PAGE 6   

 290   2          
 291   2          /*~~~~~~~~~~~~~~~~~~~~~~~~~~~~~~~~~~~~~~~~~~~~*/
 292   2          // ISR Event Handle
 293   2          /*~~~~~~~~~~~~~~~~~~~~~~~~~~~~~~~~~~~~~~~~~~~~*/
 294   2          {
 295   3            if (ISR_FIFO_Wp != ISR_FIFO_Rp)
 296   3            {
 297   4              switch (ISR_FIFO[ISR_FIFO_Rp].ISR_Type)
 298   4              {
 299   5      #if (KVM_BUTTON_SUPPORT) & (KVM_BUTTON_HARDWARE)
 300   5                case ISR_BTN:               
 301   5        #ifdef BTN_RESET            
                          TASK_Active(TASK_TYPE_EVENT,TASK_BTN_Polling_ID,ISR_FIFO[ISR_FIFO_Rp].State & 0x0f,ISR_FIFO[ISR_FIFO
             -_Rp].Data,0,0);  // Generate the task TASK_BTN_Polling_ID
                #else
 304   5                  TASK_Active(TASK_TYPE_EVENT,TASK_BTN_Polling_ID,0x00,ISR_FIFO[ISR_FIFO_Rp].Data,0,0);  // Generate t
             -he task TASK_BTN_Polling_ID 
 305   5        #endif              
 306   5                  //TASK_Active(TASK_TYPE_EVENT,TASK_BTN_Polling_ID,0x00,ISR_FIFO[ISR_FIFO_Rp].Data,0,0);  // Generate
             - the task TASK_BTN_Polling_ID
 307   5                  break;
 308   5      #endif
 309   5                
 310   5      #if (SYSETM_CONSOLE_EDID_CONTROL_ENABLE) && (SYSTEM_HWEDID_CONTROL_ENABLE)
                        case ISR_EDID:
                          TASK_EDID_Console_ISR_Handle(&ISR_FIFO[ISR_FIFO_Rp]);
                          break;
              #endif
 315   5      
 316   5      #ifndef HSUART
              #if (INTR_ISR_INCLUDE_HSUR2)
                        case ISR_HUART:
                          /* Tx DMA complete */
                          if (ISR_FIFO[ISR_FIFO_Rp].Data & HSDSR_TDC_CPL)
                          {
              #if (SYSTEM_EXTENDER_SUPPORT)
                            Extender_Transmit_Complete_Handle();
              #endif /* #if (SYSTEM_EXTENDER_SUPPORT) */
                          }
                          break;
                          case ISR_HUART_RBDMA: //High speed uart Receiver Buffer DMA           
              #if (SYSTEM_EXTENDER_SUPPORT)
              #if (SYSTEM_EXTENDER_RECEIVER)      
                          EXTENDER_Receiver_Receive_Handle();                                   
              #else
                          EXTENDER_Transmitter_Receive_Handle();            
              #endif  /* #if (SYSTEM_EXTENDER_RECEIVER) */
              #endif  /* #if (SYSTEM_EXTENDER_SUPPORT)  */
                          break;
              #endif /* #if (INTR_ISR_INCLUDE_HSUR2) */
              #endif /* #ifndef HSUART */
 338   5                
 339   5      #if (SYSTEM_IR_DEVICE_SUPPORT)
                          case ISR_IR:                                    
                            KVM_IR_Key_Handle();
                            break;    
              #endif /* #if (SYSTEM_IR_DEVICE_SUPPORT) */ 
 344   5                
 345   5      #ifdef UART_CONSOLE 
                        case ISR_UART0:     
                          if (UartConsole_R_Queue == 0)
                            UartConsole_Recieve_Handle();
C51 COMPILER V9.60.7.0   MAIN                                                              06/23/2026 16:04:43 PAGE 7   

                            break;    
              #endif                    
 351   5                  
 352   5      #ifdef HSUART_CONSOLE
                        case ISR_UART1:       
                          if (UartConsole_R_Queue == 0)
                            UartConsole_Recieve_Handle();
                            break;    
              #endif            
 358   5      
 359   5      #ifdef HSUART
 360   5                case ISR_UART1:                   
 361   5                  MULTIVIEW_Receive_Handle();
 362   5                    break;    
 363   5      #endif                        
 364   5                  
 365   5      #ifdef KMLOG
                        case ISR_UART1:       
                          KMLog_Recieve_Handle();
                            break;    
              #endif          
 370   5      #ifdef I2C_BUS
                        case ISR_I2C:       
                          I2C_Core_Handle_After_Transfer_Complete(ISR_FIFO[ISR_FIFO_Rp].State); 
                          break;
              #endif                    
 375   5                  
 376   5                default:
 377   5                  break;
 378   5              }
 379   4              
 380   4              if (++ISR_FIFO_Rp >= ISR_FIFO_DEPTH)
 381   4              {
 382   5                ISR_FIFO_Rp = 0;
 383   5              }
 384   4            }
 385   3          }
 386   2      
 387   2          /*~~~~~~~~~~~~~~~~~~~~~~~~~~~~~~~~~~~~~~~~~~~~*/
 388   2          // USB DC ISR Handle
 389   2          /*~~~~~~~~~~~~~~~~~~~~~~~~~~~~~~~~~~~~~~~~~~~~*/
 390   2      #if (SYSTEM_USB_DC_ENABLE)
 391   2          if (USBDC_ISRQ_Wp != USBDC_ISRQ_Rp) // if no ISR interrupt FIFO wait to process
 392   2          {
 393   3            USBDC_ISR_Handle();
 394   3          }
 395   2      #endif
 396   2      
 397   2          /*~~~~~~~~~~~~~~~~~~~~~~~~~~~~~~~~~~~~~~~~~~~~*/
 398   2          // USB HC ISR Handle
 399   2          /*~~~~~~~~~~~~~~~~~~~~~~~~~~~~~~~~~~~~~~~~~~~~*/
 400   2      #if (SYSTEM_USB_HC_ENABLE) 
 401   2          if (USBHC_ISRQ_Wp != USBHC_ISRQ_Rp) // if no ISR interrupt FIFO wait to process
 402   2          {
 403   3            USBHC_ISR_Handle();
 404   3          }
 405   2      #endif  
 406   2      
 407   2          /*~~~~~~~~~~~~~~~~~~~~~~~~~~~~~~~~~~~~~~~~~~~~*/
 408   2          // PS/2 ISR Handle
 409   2          /*~~~~~~~~~~~~~~~~~~~~~~~~~~~~~~~~~~~~~~~~~~~~*/
 410   2      #if (SYSTEM_PS2_HOST_ENABLE)
C51 COMPILER V9.60.7.0   MAIN                                                              06/23/2026 16:04:43 PAGE 8   

                #if (SYSTEM_HARDWARE_PS2_ENABLE) 
                  if (HPS2_ISR_FIFO_WP != HPS2_ISR_FIFO_RP)
                  {
                    HW_PS2_ISR_Handle();
                  }
                #endif
              #endif
 418   2      
 419   2          /*~~~~~~~~~~~~~~~~~~~~~~~~~~~~~~~~~~~~~~~~~~~~*/
 420   2          // USB type Task Handle
 421   2          // ====================
 422   2          // The task inside USB table will be executed 
 423   2          // by order, the handler will exit only when
 424   2          // all usb task has been fork.
 425   2          /*~~~~~~~~~~~~~~~~~~~~~~~~~~~~~~~~~~~~~~~~~~~~*/
 426   2          if (Task_USB_Table_RP != Task_USB_Table_WP)
 427   2          {
 428   3            TASK_USB_Main();
 429   3          }
 430   2      
 431   2          /*~~~~~~~~~~~~~~~~~~~~~~~~~~~~~~~~~~~~~~~~~~~~~~~*/
 432   2          // Event type Task Handle
 433   2          // ======================
 434   2          // The task inside Event table will be executed 
 435   2          // by order, but only one task will be forked,
 436   2          // the handler will ternimate after forking
 437   2          /*~~~~~~~~~~~~~~~~~~~~~~~~~~~~~~~~~~~~~~~~~~~~~~~*/
 438   2          if (Task_Event_Table_RP != Task_Event_Table_WP)
 439   2          {
 440   3            TASK_Event_Main();
 441   3          }
 442   2      
 443   2          /*~~~~~~~~~~~~~~~~~~~~~~~~~~~~~~~~~~~~~~~~~~~~~~~~~~*/
 444   2          // Periold Task type Task Handle
 445   2          // =============================
 446   2          // The task inside ms period table will be executed 
 447   2          // only when the timer count down to 0, like event
 448   2          // only one task will be fork in one loop
 449   2          // after fork, the handler will auto reload 
 450   2          // interval time into counter again.
 451   2          /*~~~~~~~~~~~~~~~~~~~~~~~~~~~~~~~~~~~~~~~~~~~~~~~~~~*/
 452   2          if (Task_MS_Period_Flag)
 453   2          {
 454   3            if (Task_MS_Period_Table_WP)
 455   3            {
 456   4              TASK_Period_MS_Maintain();
 457   4            }
 458   3            Task_MS_Period_Flag = 0;
 459   3          }
 460   2      
 461   2          if (Task_MS_Period_Table_RP != Task_MS_Period_Table_WP)
 462   2          {
 463   3            TASK_MS_Period_Main();
 464   3          }
 465   2          
 466   2      #if (SYSTEM_MSC_DEVICE_SUPPORT)
                  if (USBHC_ATL_Done_Q_Rp != USBHC_ATL_Done_Q_Wp)
                  {
                    USBHC_CORE_BULK_Done_Handle();    
                  }
              #endif
 472   2      
C51 COMPILER V9.60.7.0   MAIN                                                              06/23/2026 16:04:43 PAGE 9   

 473   2      #if (SYSTEM_EXTENDER_SUPPORT)
              #if ((SYSTEM_EXTENDER_RECEIVER) && (SYSTEM_USBAUDIO_DEVICE_SUPPORT))    
                  if (ETDR_AudioInHead != ETDR_AudioInTail)
                  {         
                    ExtenderR_Audio_Data_In_Stage();      
                  }
                  
              #endif
                  if (EXTENDER_Transmit_OutP != EXTENDER_Transmit_InP)
                  {
                    Extender_Transmit_FIFO_Send();
                  }
              #endif /* if (SYSTEM_EXTENDER_SUPPORT) */
 486   2      
 487   2      #if (SYSTEM_POWER_SAVING_MODE_SUPPORT)
                  if (PowerSavingExitFlag)
                  {
                    KVM_PowerSaving_Exit();
                  }
              #endif
 493   2      
 494   2      #ifdef I2C_BUS
                      if (I2C_Tx_Start != I2C_Tx_End)
                  {   
                    if ((I2C_Control_State & (I2C_CONTROL_TRANSMIT | I2C_CONTROL_RECEIVE)) == 0x00) 
                    {       
                      I2C_Core_Transmit_FIFO_Send();
                    } 
                  }
              #endif /* #if (SYSTEM_CASCADE_MASTER) */    
 503   2          
 504   2          if (SWTIMER_ScCheckTimer256ms >= 234)
 505   2          {
 506   3            EXTINT5_DISABLE;
 507   3            SWTIMER_ScCheckTimer256ms = 0;
 508   3            EXTINT5_ENABLE;
 509   3      
 510   3            if (++SWTIMER_ScCheckTimerMinutes == 60)
 511   3            {
 512   4              SWTIMER_ScCheckTimerMinutes = 0;
 513   4              if (++SWTIMER_ScCheckTimerHours == 24)
 514   4              {
 515   5                SWTIMER_ScCheckTimerHours = 0;
 516   5      #if (SYSTEM_STORAGE_DEVICE_SUPPORT)
 517   5                STORAGE_SoftwareConfigurationCheck(1);
 518   5      #endif          
 519   5              }
 520   4            }
 521   3          }   
 522   2        }
 523   1      }
 524          
 525          /*--------------------------------------------------------------------------------
 526           * void ISR_Init(void)
 527           * Purpose : Initial the ISR Fifo Table
 528           * Params  : $ *p  => Address
 529           *           $ len => display length
 530           * Returns : None
 531           * Note    : The length can not large than 0xff
 532           *--------------------------------------------------------------------------------*/
 533          void ISR_Init(void)
 534          {
C51 COMPILER V9.60.7.0   MAIN                                                              06/23/2026 16:04:43 PAGE 10  

 535   1        memset(ISR_FIFO,0x00,sizeof(ISR_FIFO));
 536   1        ISR_FIFO_Rp = 0;
 537   1        ISR_FIFO_Wp = 0;
 538   1      }
 539          
 540          /*--------------------------------------------------------------------------------
 541           * void malloc_free(void)
 542           * Purpose : free the malloc memory
 543           * Params  : None 
 544           * Returns : None
 545           * Note    : The length can not large than 0xff
 546           *--------------------------------------------------------------------------------*/
 547          void malloc_free(void xdata *buf)
 548          {
 549   1        if (buf != 0)
 550   1        {
 551   2          if (buf >= USB_Dynamic_Memory &&
 552   2            buf < (USB_Dynamic_Memory + USB_DYNAMIC_MEMORY_SIZE))
 553   2          {
 554   3            free(buf);
 555   3            //printf("m-(%lx)\n\r",(U32_T)buf);
 556   3          }
 557   2        }
 558   1      }
 559          
 560          /*--------------------------------------------------------------------------------
 561           * void xdata *m_malloc(void)
 562           * Purpose : malloc function
 563           * Params  : None 
 564           * Returns : None
 565           * Note    : The length can not large than 0xff
 566           *--------------------------------------------------------------------------------*/
 567          void xdata *m_malloc(U16_T len,U8_T id)
 568          {
 569   1        unsigned char xdata *p;
 570   1      
 571   1        p = calloc(len,1); /* allocate len bytes */
 572   1      
 573   1        if ((p == 0) || (p == XDATA_BASE_ADDR))
 574   1        {
 575   2          p = 0;
 576   2          printf ("!!! m_malloc(%bu)=%d:ERROR,not enough memory space !!!\n\r",id,len);
 577   2        }
 578   1        
 579   1        //printf("m+(%lx:%bu)\n\r",(U32_T)p,id);
 580   1        return p;
 581   1      }
 582          
 583          /*--------------------------------------------------------------------------------
 584           * void DisplayProjectVersionInformation(void)
 585           * Purpose : Display the KVM system version informaiton
 586           * Params  : None 
 587           * Returns : None
 588           * Note    : 
 589           *--------------------------------------------------------------------------------*/
 590          void DisplayProjectVersionInformation(void)
 591          {
 592   1        U8_T temp;
 593   1        
 594   1      #if MCU_REAL_CHIP
 595   1        U8_T verString[] = "IC";
 596   1      #else
C51 COMPILER V9.60.7.0   MAIN                                                              06/23/2026 16:04:43 PAGE 11  

                U8_T verString[] = "FPGA_ECO";
              #endif
 599   1      
 600   1      #ifdef MCU_TYPE_AX68004
 601   1       #if (SYSTEM_KVM)
 602   1          printf("\n\rASIX68004 KM(%s) - Version:%s,Date:%s\n\r", verString, VERSION_STRING,DATE_STRING);
 603   1       #endif
 604   1      
 605   1       #endif //#ifdef MCU_TYPE_AX68004
 606   1      
 607   1      #ifdef MCU_TYPE_AX68002
               #if (SYSTEM_KVM)
                  printf("\n\rASIX68002 KM (%s) - MIT Version:%s,Date:%s\n\r", verString, VERSION_STRING,DATE_STRING);
               #endif
              #endif //#ifdef MCU_TYPE_AX68002
 612   1      
 613   1      
 614   1        printf("Chip Revision: %bx\r\n", temp = CRR);
 615   1        //printf("Wait State: %bx\r\n", temp = WTST); 
 616   1      
 617   1      //Customer Information    
 618   1        printf("\n\r");
 619   1        printf(" System Informaiton:\n\r", VERSION_STRING); 
 620   1        
 621   1      #if defined(HID_PARSER_CORE_KB)
 622   1        printf("  (v) USB KB Data Parser Engine Support\n\r");
 623   1      #endif
 624   1      
 625   1      #if defined(HID_PARSER_CORE_MS)
 626   1        printf("  (v) USB MOUSE Data Parser Engine Support\n\r");
 627   1      #endif
 628   1        
 629   1      #ifdef DEVICE_GPIO_DEFINE   
                printf("  MSC/Audio GPIO Define Version.\n\r");
                
                if (Audio_Device_Support_Gpio)
                  printf("  (v)");
                else
                  printf("  (x)");    
                printf("Audio Storage Device\n\r"); 
                
                if (MSC_Device_Support_Gpio)
                  printf("  (v)");
                else
                  printf("  (x)");    
                printf(" Mass Storage Device,PageSize=%d\n\r",MSC_Class_Page_Size);
                
              #else
 645   1        #ifdef NO_MSC
 646   1        printf("  (x) USB Storage Device:NO\n\r");
 647   1        #else
                printf("  (v) USB Storage Device:Yes,PageSize=%d\n\r",(U16_T)MSC_Class_Page_Size);
                #endif
 650   1      
 651   1        #ifdef NO_AUDIO
 652   1          printf("  (x) USB Audio Device:NO\n\r");
 653   1        #else
                  printf("  (v) USB Audio Device:Yes\n\r");
                #endif
 656   1      #endif /* #ifdef DEVICE_GPIO_DEFINE */
 657   1      
 658   1      #ifdef PS2_HOST
C51 COMPILER V9.60.7.0   MAIN                                                              06/23/2026 16:04:43 PAGE 12  

              printf("  (v) PS/2 Device:Yes\n\r");
              #endif
 661   1      
 662   1      #if (PROJECT_USB_GENERIC_HID_ENABLE)
 663   1        printf("  (v) USB Generic HID Device:Yes\n\r");
 664   1       #if (SYSTEM_EXTENDER_SUPPORT)
                USBHC_Max_Device_Support--;
               #endif
 667   1      #endif
 668   1      
 669   1      #if (SYSTEM_USB_PEN_DRIVE_SUPPORT)
                printf("  (v) USB Virutal MSC Device:Yes\n\r");
               #if (SYSTEM_EXTENDER_SUPPORT)
                USBHC_Max_Device_Support--;
               #endif
              #endif
 675   1      
 676   1      #if (SYSTEM_POWER_SAVING_MODE_SUPPORT)
                printf("  (v) Power Saving Mode:%bu,Time=%d\n\r",SYSTEM_POWER_SAVING_TYPE,SYSTEM_POWER_SAVING_TIMER);
              #endif
 679   1      
 680   1      #if (SYSTEM_EXTENDER_SUPPORT)
                printf("  (*)Max Device Support:%bx\n\r",USBHC_Max_Device_Support);
              #endif
 683   1      
 684   1      #ifdef ONE_HID
                printf("One HID Mode\n\r"); 
              #endif
 687   1        
 688   1        if (KVM_Flash.cSystemFlag3 & SYSTEM_MOUSE_SW_MASK)
 689   1        { 
 690   2          printf("SYS:Mouse Switch Mode On\n\r");   
 691   2        }
 692   1        
 693   1        if (KVM_Flash.cSystemFlag2 & SYSTEM_MS_DN_MASK)
 694   1        {
 695   2          printf("SYS:Mouse Coordinateion Relative Mode\n\r");
 696   2        } 
 697   1        else
 698   1        {
 699   2          printf("SYS:Mouse Coordinateion Absolute Mode\n\r");
 700   2        }   
 701   1          
 702   1        if ((KVM_Flash.cSystemFlag3 & SYSTEM_MPASS_MASK) == MPASS_ACROSS_MODE)
 703   1        {
 704   2          printf("Mouse Acroess Mode\n\r");
 705   2        }   
 706   1        //else if ((KVM_Flash.cSystemFlag3 & SYSTEM_MPASS_MASK) == MPASS_BUTTON_MODE) 
 707   1        //{
 708   1        //  printf("Mouse Button Mode(Relative)\n\r");
 709   1        //}   
 710   1        
 711   1        if (KVM_Flash.cSystemFlag2 & SYSTEM_MS_SYNC_MASK)
 712   1        {
 713   2          printf("Mouse Sync Mode On\n\r");
 714   2        }   
 715   1        
 716   1        //if (KVM_Flash.cSystemFlag2 & SYSTEM_KB_SYNC_MASK)
 717   1        //{
 718   1        //  printf("Keyboard Sync Mode On\n\r");
 719   1        //}   
 720   1      }
C51 COMPILER V9.60.7.0   MAIN                                                              06/23/2026 16:04:43 PAGE 13  

 721          
 722          #if (KVM_INFORMATION_DISPLAY)
              /*--------------------------------------------------------------------------------
               * void DisplayKVMInformation(void) 
               * Purpose : Display System infromation
               * Params  : None 
               * Returns : None
               * Note    : 
               *--------------------------------------------------------------------------------*/
              void DisplayKVMInformation(void) 
              {
                printf("---------------- Project Define ----------------\n");
                printf("Console Device Support:\n\r");
              #if (SYSTEM_PS2_HOST_ENABLE)
                printf("  [v]PS/2\n\r");
                #if (SYSTEM_HARDWARE_PS2_ENABLE)
                  printf("     Hardware PS/2:%d\n\r",(U16_T)SYSTEM_HARDWARE_PS2_PORT_MAX);
                #endif
              #endif
              
                printf("  [V]USB:\n\r");
                printf("     DC:\n\r");
                printf("        Max port:%d\n\r",(U16_T)KVM_MAX_PORT);
                printf("        Virtual HUB:y\n\r");
                printf("        Virtual Generic HID:y\n\r");
                printf("     HC:\n\r");
                printf("        Max Port:%d\n\r",(U16_T)USB_HC_MAX_PORT);
                printf("        Max Device:%d\n\r",(U16_T)USB_HC_MAX_DEVICE-2);
                printf("        PassThrough Level:Minimun\n\r");
                printf("        Audio Class Support:y\n\r");
                printf("        MSC Class Support:y\n\r");
              
              #if (SYSETM_HWI2C_CONTROL_ENABLE)
                printf("Hardware I2C EDID:y\n\r");
              #endif
              
              #if (KVM_BUZZER_SUPPORT)
                printf("Hardware Buzzer:y\n\r");
              #endif
              
              #if (KVM_BUTTON_SUPPORT)
                printf("Hardware Button Detected:y\n\r");
              #endif
              
              #if (SYSTEM_POWER_SAVING_MODE_SUPPORT)
                printf("Power Saving Mode:%d,Time=%d\n\r",(U16_T)SYSTEM_POWER_SAVING_TYPE,(U16_T)SYSTEM_POWER_SAVING_TIME
             -R);
                printf("  BTN Wakeup Eanble:");
                #if (BTN_WAKEUP_SUPPORT)
                printf("y\n\r");
                #else
                printf("n\n\r");
                #endif
              
                printf("  Hardware PS/2 Wakeup Eanble:");
                #if (PS2_WAKEUP_SUPPORT)
                printf("y\n\r");
                #else
                printf("n\n\r");
                #endif
              
                printf("  USB DC Wakeup Eanble:");
C51 COMPILER V9.60.7.0   MAIN                                                              06/23/2026 16:04:43 PAGE 14  

                #if (USBDC_WAKEUP_SUPPORT)
                printf("y\n\r");
                #else
                printf("n\n\r");
                #endif
              
                printf("  USB HC Wakeup Eanble:");
                #if (USBHC_WAKEUP_SUPPORT)
                printf("y\n\r");
                #else
                printf("n\n\r");
                #endif
              
                printf("  SPI Wakeup Eanble:");
                #if (SPI_WAKEUP_SUPPORT)
                printf("y\n\r");
                #else
                printf("n\n\r");
                #endif
              
                printf("  I2C Wakeup Eanble:");
                #if (I2C_WAKEUP_SUPPORT)
                printf("y\n\r");
                #else
                printf("n\n\r");
                #endif
              #endif
              
                printf("\n\r");
              #if (PROJECT_KVM_CONSOLE_ENABLE)
                printf("------- KVM Informpation -------\n\r");
                printf("KVM Port:%2d\n\r",(U16_T)KVM_MAX_PORT);
                printf("AutoScanInterval:%2d,Mode=",(U16_T)KVM_Flash.AutoScanInterval);
              
                switch ( (KVM_Flash.cSystemFlag0 & SYSTEM_AUTOSCAN_MODE_MASK) )
                {
                  case SYSTEM_AUTOSCAN_MODE_FREE :
                    printf("Free\n\r");
                    break;
                  case SYSTEM_AUTOSCAN_MODE_POWER :
                    printf("Power\n\r");
                    break;
                  case SYSTEM_AUTOSCAN_MODE_TAG :
                    printf("Tag\n\r");
                    break;
                  default :
                    printf("???\n\r");
                    break; 
                }
              
                printf("Buzzer Settiing: ");
                if (KVM_Flash.cSystemFlag0 & SYSTEM_BEEPER_MASK ) 
                  printf("On\n\r");
                else
                  printf("Off\n\r");
              #endif
                printf("--------------------------------\n\r\n\r");
              }
              #endif /* KVM_INFORMATION_DISPLAY */
 841          
 842          #if (SYSTEM_TASK_DUMP_SUPPORT)
              /*--------------------------------------------------------------------------------
C51 COMPILER V9.60.7.0   MAIN                                                              06/23/2026 16:04:43 PAGE 15  

               * void Main_System_Halt(void)
               * Purpose : Halt the system
               * Params  : None 
               * Returns : None
               * Note    : 
               *--------------------------------------------------------------------------------*/
              void Main_System_Halt(void)
              {
                while (1);
              }
              #endif
 855          
 856          /*--------------------------------------------------------------------------------
 857           * void Disp_Str(U8_T *p,U16_T len)
 858           * Purpose : Display the content into UART port, for debug purpose
 859           * Params  : $ *p  => Address
 860           *           $ len => display length
 861           * Returns : None
 862           * Note    : The length can not large than 0xff
 863           *--------------------------------------------------------------------------------*/
 864          void Disp_Str(U8_T *p,U16_T len)
 865          {
 866   1        U16_T index;
 867   1        
 868   1        printf("[");
 869   1        if (len)
 870   1        {
 871   2          len--;
 872   2          for (index=0;index < len ; index++)
 873   2          {
 874   3            printf("%02bx ",p[index]);
 875   3          }
 876   2          printf("%02bx]",p[index]);
 877   2        } 
 878   1        /*
 879   1        printf("A(%lx)[",(U32_T)p);
 880   1        if (len)
 881   1        {
 882   1          len--;
 883   1          for (index=0;index < len ; index++)
 884   1          {
 885   1            printf("%02bx ",p[index]);
 886   1          }
 887   1          printf("%02bx]\n\r",p[index]);
 888   1        }
 889   1        else
 890   1          printf("]\n\r");
 891   1        */
 892   1      }
 893          
 894          /*--------------------------------------------------------------------------------
 895           * void Check_Devcie_Gpio_Setting(void)
 896           * Purpose : 
 897           * Params  : 
 898           *           
 899           * Returns : None
 900           * Note    : 
 901           *--------------------------------------------------------------------------------*/
 902          void Check_Devcie_Gpio_Setting(void)
 903          {
 904   1      #ifdef DEVICE_GPIO_DEFINE
                #if (SYSTEM_EXTENDER_TRANSMITTER)
C51 COMPILER V9.60.7.0   MAIN                                                              06/23/2026 16:04:43 PAGE 16  

                  Audio_Device_Support_Gpio = DEVCIE_AUDIO_SUPPORT; 
                  MSC_Device_Support_Gpio = DEVCIE_MSC_SUPPORT;
                  MSC_Class_Page_Size = USB_MSC_CLASS_PAGE_SIZ;   
                #else
                  if (DEVICE_AUDIO_GPIO_PIN == DEVCIE_AUDIO_SUPPORT)
                    Audio_Device_Support_Gpio = DEVCIE_AUDIO_SUPPORT;
                  else
                    Audio_Device_Support_Gpio = DEVCIE_NO_AUDIO_SUPPORT;  
                  
                  if (DEVICE_MSC_GPIO_PIN == DEVCIE_MSC_SUPPORT)      
                  { 
                    MSC_Device_Support_Gpio = DEVCIE_MSC_SUPPORT;
                    if (Audio_Device_Support_Gpio)
                    {     
                      MSC_Class_Page_Size = USB_MSC_SMALLEAST_SZIE;
                    }
                    else
                    {
                      MSC_Class_Page_Size = USB_MSC_LARGEAST_SZIE;
                    }   
                  } 
                  else  
                  { 
                    MSC_Device_Support_Gpio = DEVCIE_NO_MSC_SUPPORT;
                    MSC_Class_Page_Size = 64;
                  }
                  
                  DEVICE_AUDIO_GPIO_PIN = 0;
                  DEVICE_MSC_GPIO_PIN = 0;  
                #endif  
              #else 
 937   1        MSC_Class_Page_Size = USB_MSC_CLASS_PAGE_SIZ;
 938   1      #endif  
 939   1      }
 940          
 941          
 942          /* End of main.c */
 943          


MODULE INFORMATION:   STATIC OVERLAYABLE
   CODE SIZE        =   1363    ----
   CONSTANT SIZE    =    536    ----
   XDATA SIZE       =     98      17
   PDATA SIZE       =   ----    ----
   DATA SIZE        =   ----    ----
   IDATA SIZE       =   ----    ----
   BIT SIZE         =   ----    ----
   EDATA SIZE       =   ----    ----
   HDATA SIZE       =   ----    ----
   XDATA CONST SIZE =   ----    ----
   FAR CONST SIZE   =    536    ----
END OF MODULE INFORMATION.


C51 COMPILATION COMPLETE.  0 WARNING(S),  0 ERROR(S)
