C51 COMPILER V9.60.7.0   SPIM                                                              06/23/2026 16:04:43 PAGE 1   


C51 COMPILER V9.60.7.0, COMPILATION OF MODULE SPIM
OBJECT MODULE PLACED IN .\spim.obj
COMPILER INVOKED BY: C:\Users\Administrator\AppData\Local\Keil_v5\C51\BIN\C51.EXE ..\Src\spi\spim.c LARGE OMF2 ROM(D16M)
                    - OPTIMIZE(9,SIZE) BROWSE NOAREGS INCDIR(..\src\main\;..\src\cpu\;..\src\flash\;..\src\uart\;..\src\swdma\;..\src\mstimer
                    -\;..\src\i2c\;..\src\spi\;..\src\task_man\;..\src\project\;..\Src\ps2_host;..\Src\console_edid;..\Src\storage;..\Src\dat
                    -a_stream;..\Src\kvm_control\kvm_hotkey;..\Src\kvm_control\kvm_console;..\Src\kvm_control\kvm_button;..\Src\kvm_control\k
                    -vm_edid;..\Src\kvm_control\kvm_buzzer;..\src\gpio\;..\Src\hardware_ps2;..\Src\usbdc;..\Src\usbdc\usbdc_virtual;..\Src\us
                    -b_std;..\Src\usbhc;..\Src\kvm_control\power_saving;..\Src\usbhc\MSC;..\Src\usbhc\AUDIO;..\Src\usbhc\HUB;..\Src\usbhc\HID
                    -;..\Src\usbhc\HID_PARSER;..\Src\usbhc\ROOT_HUB;..\Src\usbdc\usbdc_hub;..\Src\usbdc\usbdc_hid;..\Src\kvm_control\kvm_stor
                    -age\spi_flash;..\Src\usbdc\usbdc_msc\usb_scsi;..\Src\usbdc\usbdc_msc;..\Src\handler\logitech;..\Src\handler\A4_Tech;..\S
                    -rc\usbdc\usbdc_vendor;..\Src\hsur;..\Src\extender\core;..\Src\extender\receiver;..\Src\uart_console;..\Src\kvm_control\k
                    -m_sync;..\Src\hsur;..\Src\kvm_control\km_log;..\Src\kvm_control\km_api;..\Src\kvm_control\kvm_ir;..\Src\kvm_control\kvm_
                    -rtc;..\Src\i2c;..\Src\kvm_control\kvm_multiview) STRING(FAR) DEFINE(RuntimeCodeAt0KH,MCU_TYPE_AX68004,KVM,HC_TIMEOUT=100
                    -00,VHID,HID_PARSER_CORE_KB,HID_PARSER_CORE_MS,API,NO_AUDIO,NO_MSC,NO_EDID,HUART_BAUD=HUART_115K,SYNC,CROSS_JUMP_MAP0,VPI
                    -D_CHANGER,SYNC_KB_HOTKEY,SYNC_MS_HOTKEY,REPEAT_MODE=1,HSUART,MULTIVIEW) VARBANKING DEBUG PRINT(.\spim.lst) TABS(2) OBJEC
                    -T(.\spim.obj)

line level    source

   1          /*
   2           *********************************************************************************
   3           *     Copyright (c) 2014   ASIX Electronic Corporation      All rights reserved.
   4           *
   5           *     This is unpublished proprietary source code of ASIX Electronic Corporation
   6           *
   7           *     The copyright notice above does not evidence any actual or intended
   8           *     publication of such source code.
   9           *********************************************************************************
  10           */
  11          /*================================================================================
  12           * Module Name : spim.c
  13           * Purpose     : This file handles the SPI master driver.
  14           * Author      :
  15           * Date        :
  16           * Notes       :
  17           *================================================================================
  18           */
  19          
  20          /* INCLUDE FILE DECLARATIONS */
  21          #include  "project_include.h"
  22          #include  "spim.h"
  23          
  24          #if (SYSTEM_USB_PEN_DRIVE_SUPPORT)
              
              /* GLOBAL VARIABLE DECLARATIONS */
              
              /* STATIC VARIABLE DECLARATIONS */
              SPI_MST_INST_T  spi_Mst;
              
              /* LOCAL SUBPROGRAM DECLARATIONS */
              
              /* LOCAL SUBPROGRAM BODIES */
              
              /* EXPORTED SUBPROGRAM BODIES */
              
              /*
               *--------------------------------------------------------------------------------
               * void SPI_MstRegWrite(U8_T addr, U8_T *ptData, U8_T dataLen)
               * Purpose : Write data bytes into a register with interrupt locked.
               * Params  : addr - An index address to SPI register.
               *           ptData - A pointer to indicate the register data.
C51 COMPILER V9.60.7.0   SPIM                                                              06/23/2026 16:04:43 PAGE 2   

               *           dataLen - A number of bytes to indicate how many bytes will be written.
               * Returns : None.
               * Note    : None.
               *--------------------------------------------------------------------------------
               */
              void SPI_MstRegWrite(U8_T addr, U8_T *ptData, U8_T dataLen)
              {
                EXTINT4_DISABLE;
                while (dataLen--)
                {
                  SPIDR = *(ptData + dataLen);
                }
                SPICIR = addr;
                EXTINT4_ENABLE;
              }
              
              /*
               *--------------------------------------------------------------------------------
               * void SPI_MstRegRead(U8_T addr, U8_T *ptData, U8_T dataLen)
               * Purpose : Read data bytes from a register with interrupt locked.
               * Params  : addr - An index address to SPI register.
               *           ptData - A pointer to indicate the register data.
               *           dataLen - A number of bytes to indicate how many bytes will be read.
               * Returns : None.
               * Note    : None.
               *--------------------------------------------------------------------------------
               */
              void SPI_MstRegRead(U8_T addr, U8_T *ptData, U8_T dataLen)
              {
                EXTINT4_DISABLE;
                SPICIR = addr;
                while (dataLen--)
                {
                  *(ptData + dataLen) = SPIDR;
                }
                EXTINT4_ENABLE;
              }
              
              /*
               *--------------------------------------------------------------------------------
               * void SPI_MstFlagEnb(U8_T flag)
               * Purpose : Enable spi_Mst.ActFlag.
               * Params  : flag - The flag vaule to enable.
               * Returns : None.
               * Note    : None.
               *--------------------------------------------------------------------------------
               */
              void SPI_MstFlagEnb(U8_T flag)
              {
                EXTINT4_DISABLE;
                spi_Mst.ActFlag |= flag;
                EXTINT4_ENABLE;
              }
              
              /*
               *--------------------------------------------------------------------------------
               * BOOL SPI_MstFlagChk(U8_T flag)
               * Purpose : disable spi_Mst.ActFlag.
               * Params  : flag - The flag vaule to disable.
               * Returns : None.
               * Note    : None.
               *--------------------------------------------------------------------------------
C51 COMPILER V9.60.7.0   SPIM                                                              06/23/2026 16:04:43 PAGE 3   

               */
              BOOL SPI_MstFlagChk(U8_T flag)
              {
                U8_T  flagValue;
                
                EXTINT4_DISABLE;
                flagValue = spi_Mst.ActFlag & flag;
                EXTINT4_ENABLE;
                
                return flagValue;
              }
              
              /*
               *--------------------------------------------------------------------------------
               * void SPI_MstModeSetup(U8_T ctrlCmd, U8_T intrEnb, U8_T baudrate, U8_T opDelay, U8_T slvSel)
               * Purpose : Setup the SPI module and initiate SPI function.
               * Params  : ctrlCmd - control register value.
               *           intrEnb - interrupt source enabled bit.
               *           baudrate - a parameter to generate baudrate.
               *           opDelay - a parameter about the delay time after OP-Code in burst-type transfer.
               *           slvSel - slave selection bit.
               * Returns : None.
               * Note    : None.
               *--------------------------------------------------------------------------------
               */
              void SPI_MstModeSetup(U8_T ctrlCmd, U8_T intrEnb, U8_T baudrate, U8_T opDelay, U8_T slvSel)
              {
                spi_Mst.IntrEnb = 0;
                spi_Mst.IntrStatus = 0;
                spi_Mst.ActFlag = 0;
                
                /* Setup SPI mode */
                SPI_MstRegWrite(SPICMR, (U8_T *)&ctrlCmd, 1);
                
                /* Enable intertupe flag type of SPI */
                spi_Mst.IntrEnb = intrEnb;
                SPI_MstRegWrite(SPIMIER, &intrEnb, 1);
              
                /* SPI baud rate selection */
                SPI_MstRegWrite(SPIBRR, &baudrate, 1);
                /* SPI Delay After Op-code*/
                SPI_MstRegWrite(SDAOF, &opDelay, 1);
                /* SPI slave select */
                SPI_MstRegWrite(SPIMCSR, &slvSel, 1);
              }
              
              
              /*
               *--------------------------------------------------------------------------------
               * void SPI_MstDmaTx(U8_T *txStrAddr, U16_T txByteCnt, U8_T cmd)
               * Purpose : Excute SPI master TX DMA.
               * Params  : txstrAddr - a pointer store the TX DMA start address.
               *           txbyteCnt - Tx DMA byte count.
               *           cmd - DMA command register value.
               * Returns : None.
               * Note    : None.
               *--------------------------------------------------------------------------------
               */
              void SPI_MstDmaTx(U8_T *txStrAddr, U16_T txByteCnt, U8_T cmd)
              {
                U16_T reg16b = 0;
                
C51 COMPILER V9.60.7.0   SPIM                                                              06/23/2026 16:04:43 PAGE 4   

                SPI_MstFlagEnb(SPI_DMA_TXRX_CPL);
                txByteCnt--;
                reg16b = (U16_T)txStrAddr;  
                SPI_MstRegWrite(SDTSA, (U8_T *)&reg16b, 2);
                SPI_MstRegWrite(SDTBC, (U8_T *)&txByteCnt, 2);
                SPI_MstRegWrite(SDCR, &cmd, 1);
              }
              
              /*
               *--------------------------------------------------------------------------------
               * void SPI_MstDmaRx(U8_T *rxStrAddr, U16_T rxByteCnt, U8_T cmd)
               * Purpose : Excute SPI master RX DMA.
               * Params  : rxstrAddr - a pointer sotre the RX DMA start address.
               *           rxbyteCnt - Rx DMA byte coutn.
               *           cmd - DMA command register value.
               * Returns : None.
               * Note    : None.
               *--------------------------------------------------------------------------------
               */
              void SPI_MstDmaRx(U8_T *rxStrAddr, U16_T rxByteCnt, U8_T cmd)
              {
                U16_T reg16b = 0;
                
                SPI_MstFlagEnb(SPI_DMA_TXRX_CPL);
                rxByteCnt--;
                reg16b = (U16_T)rxStrAddr;
                SPI_MstRegWrite(SDRSA, (U8_T *)&reg16b, 2);
                SPI_MstRegWrite(SDRBC, (U8_T *)&rxByteCnt, 2);
                SPI_MstRegWrite(SDCR, &cmd, 1);
              }
              
              /*
               *--------------------------------------------------------------------------------
               * SPI_MstSendOpOnly()
               * Purpose : Only send opcode
               * Params  : None
               * Returns : None.
               * Note    : None.
               *--------------------------------------------------------------------------------
               */
              void SPI_MstSendOpOnly()
              {
                U8_T  cmd = (SDCR_OPC_ENB | SDCR_DMA_GO);
              
                SPI_MstRegWrite(SDCR, &cmd, 1);
              }
              
              /*
               *--------------------------------------------------------------------------------
               * void SPI_SetOpCodeReg(U8_T *opCode, U8_T opLen)
               * Purpose : Setting Op-code to SPI Transfer Op-code Field(STOF) register.
               * Params  : opCode - SPI Op-code.
               * Returns : None.
               * Note    : None.
               *--------------------------------------------------------------------------------
               */
              void SPI_SetOpCodeReg(U8_T *opCode, U8_T opLen)
              {
                U8_T  stol = opLen - 1;
                U8_T  opReverse[8] = {0};
                U8_T  i;
              
C51 COMPILER V9.60.7.0   SPIM                                                              06/23/2026 16:04:43 PAGE 5   

                for(i = 0; i < opLen; i++)
                  opReverse[8 - i - 1] = opCode[i];
                
                SPI_MstRegWrite(STOL, &stol, 1);
                SPI_MstRegWrite(STOF, opReverse, 8);
              }
              
              
              /*
               *--------------------------------------------------------------------------------
               * void SPI_MstDmaSetting(U8_T dbs, U8_T dt)
               * Purpose : Setup SPI Master DMA Options.
               * Params  : dbs - SPI Delay Before SCLK.
               *       dt - SPI Delay Transmission.
               * Returns : None.
               * Note    : None.
               *--------------------------------------------------------------------------------
               */
              void SPI_MstDmaSetting(U8_T dbs, U8_T dt)
              {
                SPI_MstRegWrite(SPIDS, &dbs, 1);
                SPI_MstRegWrite(SPIDT, &dt, 1);
              }
              
              /*
               *--------------------------------------------------------------------------------
               * BOOL SPI_IsMstSpiBusRdy(void)
               * Purpose : Check the state of SPI bus.
               * Params  : None.
               * Returns : TRUE - the SPI bus is ready. or FALSE.
               * Note    : None.
               *--------------------------------------------------------------------------------
               */
              BOOL SPI_IsMstSpiBusRdy(void)
              {
                U8_T dmaCommand = 0;
              
                if (spi_Mst.IntrEnb & SPIMIER_SDTCFIE_ENB)
                {
                  return !(SPI_MstFlagChk(SPI_DMA_TXRX_CPL));
                }
              
                SPI_MstRegRead(SDCR, &dmaCommand, 1);
              
                return !(dmaCommand & SDCR_DMA_GO);
              }
              
              #endif /* (SYSTEM_USB_PEN_DRIVE_SUPPORT) */
 277          
 278          /* End of spim.c */


MODULE INFORMATION:   STATIC OVERLAYABLE
   CODE SIZE        =   ----    ----
   CONSTANT SIZE    =   ----    ----
   XDATA SIZE       =   ----    ----
   PDATA SIZE       =   ----    ----
   DATA SIZE        =   ----    ----
   IDATA SIZE       =   ----    ----
   BIT SIZE         =   ----    ----
   EDATA SIZE       =   ----    ----
   HDATA SIZE       =   ----    ----
C51 COMPILER V9.60.7.0   SPIM                                                              06/23/2026 16:04:43 PAGE 6   

   XDATA CONST SIZE =   ----    ----
   FAR CONST SIZE   =   ----    ----
END OF MODULE INFORMATION.


C51 COMPILATION COMPLETE.  0 WARNING(S),  0 ERROR(S)
