C51 COMPILER V9.60.7.0   STORAGE                                                           06/23/2026 16:04:43 PAGE 1   


C51 COMPILER V9.60.7.0, COMPILATION OF MODULE STORAGE
OBJECT MODULE PLACED IN .\storage.obj
COMPILER INVOKED BY: C:\Users\Administrator\AppData\Local\Keil_v5\C51\BIN\C51.EXE ..\Src\storage\storage.c LARGE OMF2 RO
                    -M(D16M) OPTIMIZE(9,SIZE) BROWSE NOAREGS INCDIR(..\src\main\;..\src\cpu\;..\src\flash\;..\src\uart\;..\src\swdma\;..\src\
                    -mstimer\;..\src\i2c\;..\src\spi\;..\src\task_man\;..\src\project\;..\Src\ps2_host;..\Src\console_edid;..\Src\storage;..\
                    -Src\data_stream;..\Src\kvm_control\kvm_hotkey;..\Src\kvm_control\kvm_console;..\Src\kvm_control\kvm_button;..\Src\kvm_co
                    -ntrol\kvm_edid;..\Src\kvm_control\kvm_buzzer;..\src\gpio\;..\Src\hardware_ps2;..\Src\usbdc;..\Src\usbdc\usbdc_virtual;..
                    -\Src\usb_std;..\Src\usbhc;..\Src\kvm_control\power_saving;..\Src\usbhc\MSC;..\Src\usbhc\AUDIO;..\Src\usbhc\HUB;..\Src\us
                    -bhc\HID;..\Src\usbhc\HID_PARSER;..\Src\usbhc\ROOT_HUB;..\Src\usbdc\usbdc_hub;..\Src\usbdc\usbdc_hid;..\Src\kvm_control\k
                    -vm_storage\spi_flash;..\Src\usbdc\usbdc_msc\usb_scsi;..\Src\usbdc\usbdc_msc;..\Src\handler\logitech;..\Src\handler\A4_Te
                    -ch;..\Src\usbdc\usbdc_vendor;..\Src\hsur;..\Src\extender\core;..\Src\extender\receiver;..\Src\uart_console;..\Src\kvm_co
                    -ntrol\km_sync;..\Src\hsur;..\Src\kvm_control\km_log;..\Src\kvm_control\km_api;..\Src\kvm_control\kvm_ir;..\Src\kvm_contr
                    -ol\kvm_rtc;..\Src\i2c;..\Src\kvm_control\kvm_multiview) STRING(FAR) DEFINE(RuntimeCodeAt0KH,MCU_TYPE_AX68004,KVM,HC_TIME
                    -OUT=10000,VHID,HID_PARSER_CORE_KB,HID_PARSER_CORE_MS,API,NO_AUDIO,NO_MSC,NO_EDID,HUART_BAUD=HUART_115K,SYNC,CROSS_JUMP_M
                    -AP0,VPID_CHANGER,SYNC_KB_HOTKEY,SYNC_MS_HOTKEY,REPEAT_MODE=1,HSUART,MULTIVIEW) VARBANKING DEBUG PRINT(.\storage.lst) TAB
                    -S(2) OBJECT(.\storage.obj)

line level    source

   1          /*
   2           *********************************************************************************
   3           *     Copyright (c) 2014 ASIX Electronic Corporation      All rights reserved.
   4           *
   5           *     This is unpublished proprietary source code of ASIX Electronic Corporation
   6           *
   7           *     The copyright notice above does not evidence any actual or intended
   8           *     publication of such source code.
   9           *********************************************************************************
  10           */
  11          /*================================================================================
  12           * Module Name : storage.c
  13           * Purpose     : This module handles the storage control function
  14           * Author      : Jack Wang
  15           * Date        :
  16           * Notes       : 
  17           *================================================================================
  18           */
  19          
  20          /* INCLUDE FILE DECLARATIONS */
  21          #include <stdio.h>
  22          #include <string.h>
  23          #include <absacc.h>
  24          #include "project_include.h"
  25          
  26          #if (SYSTEM_STORAGE_DEVICE_SUPPORT)
  27          /* GLOBAL VARIABLE DECLARATIONS */
  28          U8_T    STORAGE_AvailablePartitionMap;
  29          
  30          /* STATIC VARIABLE DECLARATIONS */
  31          /* LOCAL SUBPROGRAM DECLARATIONS */
  32          /* LOCAL SUBPROGRAM BODIES */
  33          
  34          /*
  35           *--------------------------------------------------------------------------------
  36           * void  STORAGE_Init(void)
  37           * Purpose : Stroage feature Initial
  38           * Params  : None.
  39           * Returns : None.
  40           * Note    : None.
  41           *--------------------------------------------------------------------------------
  42           */
C51 COMPILER V9.60.7.0   STORAGE                                                           06/23/2026 16:04:43 PAGE 2   

  43          void  STORAGE_Init(void) 
  44          {
  45   1        //Internal Flash initialized
  46   1      #if (SYSTEM_STORAGE_FLASH)
  47   1        STORAGE_AvailablePartitionMap = 0x0F;
  48   1        FLASH_Setup();
  49   1      #endif //#if (SYSTEM_STORAGE_FLASH)
  50   1      }
  51          
  52          /*
  53           *--------------------------------------------------------------------------------
  54           * void  STORAGE_CRC_Calculate(U8_T *pSource)
  55           * Purpose : Caulate the CRC value for KVM_Flash
  56           * Params  : $pSource : the source buffer pointer
  57           * Returns : Return the checksum.
  58           * Note    : None.
  59           *--------------------------------------------------------------------------------
  60           */
  61          U16_T  STORAGE_CRC_Calculate(U8_T *pSource)
  62          {
  63   1        U32_T cksum = 0;
  64   1        U16_T i, length;
  65   1        U8_T *inChar = pSource;
  66   1        U16_T *point, *pBuf;
  67   1      
  68   1        length = sizeof(KVM_Flash);
  69   1          pBuf = (U16_T *)pSource;
  70   1        for (i = 0; i < (length/2); i++)
  71   1        {
  72   2          point = pBuf;
  73   2          cksum += *pBuf++;
  74   2          if (point > pBuf)
  75   2            (*inChar) = *inChar + 1;
  76   2      
  77   2          if (!(i % 0x8000))
  78   2          {
  79   3            cksum = (cksum >> 16) + (cksum & 0xffff);
  80   3            cksum += (cksum >> 16);
  81   3            cksum &= 0xffff;
  82   3          }
  83   2        }
  84   1          
  85   1        if (length % 2)
  86   1          cksum += (*pBuf & 0xff00);
  87   1      
  88   1        cksum = (cksum >> 16) + (cksum & 0xffff);
  89   1        cksum += (cksum >> 16);
  90   1        cksum &= 0xffff;
  91   1      
  92   1        return ((U16_T)cksum);
  93   1      }
  94          
  95          /*
  96           *--------------------------------------------------------------------------------
  97           * void  STORAGE_Default_Initial(U8_T initwrite)
  98           * Purpose : Stroage feature Initial feature
  99           * Params  : $initwrite : Init KVM_Flash data structure and write(if 1)
 100           * Returns : return the result value.
 101           * Note    : 
 102           *--------------------------------------------------------------------------------
 103           */
 104          void STORAGE_Default_Initial(void) 
C51 COMPILER V9.60.7.0   STORAGE                                                           06/23/2026 16:04:43 PAGE 3   

 105          {
 106   1        /* Autoscan interval time */ 
 107   1        KVM_Flash.Total_Length = sizeof(KVM_Flash);
 108   1        KVM_Flash.AutoScanInterval = 5; // 0-1 defautl 5 second
 109   1        KVM_Flash.AutoScanStopCode = 0xff; // any key
 110   1        KVM_Flash.AutoScanStop_JumpCode = CHAR_SPACE;
 111   1        KVM_Flash.PowerSavingMode = SYSTEM_POWER_STOP_MODE;   // Stop Mode
 112   1        /* Control relative */
 113   1        KVM_Flash.cSystemFlag0 = SYSTEM_BEEPER_MASK | SYSTEM_HOTKEY_ALTERNATE_MASK; 
 114   1        KVM_Flash.cSystemFlag1 = 0; // 4  ystem Flag2
 115   1        KVM_Flash.cSystemFlag2 = SYSTEM_TX_AUDIOCOMBO_MASK; 
 116   1        KVM_Flash.cSystemFlag3 = 0;
 117   1        
 118   1      #ifdef  SYNC_DEFAULT
                #if (SYNC_DEFAULT==ALL)   
                  KVM_Flash.cSystemFlag2 |= (SYSTEM_ALL_SYNC_MASK | SYSTEM_KB_SYNC_MASK | SYSTEM_MS_SYNC_MASK); 
                #endif
                  
                #if (SYNC_DEFAULT==KB)  
                  KVM_Flash.cSystemFlag2 |= SYSTEM_KB_SYNC_MASK;  
                #endif
              
                #if (SYNC_DEFAULT==MS)  
                  KVM_Flash.cSystemFlag2 |= SYSTEM_MS_SYNC_MASK;  
                #endif  
              #else
 131   1        KVM_Flash.cSystemFlag2 |= SYSTEM_MS_DN_MASK;
 132   1      #endif /* #ifdef  SYNC_DEFAULT */
 133   1      
 134   1      #ifdef MSWITCH
                KVM_Flash.cSystemFlag3 |= SYSTEM_MOUSE_SW_MASK;
              #endif
 137   1      
 138   1      //if ((KVM_Flash.cSystemFlag2 & SYSTEM_MS_SYNC_MASK) == 0x00) 
 139   1      { 
 140   2      #ifdef MPASS_DEFAULT
                KVM_Flash.cSystemFlag3 &= ~SYSTEM_MPASS_MASK;
                if ((KVM_Flash.cSystemFlag2 &(SYSTEM_ALL_SYNC_MASK | SYSTEM_KB_SYNC_MASK | SYSTEM_MS_SYNC_MASK)) == 0x00)
             -  
                { 
                #if (MPASS_DEFAULT==ACROSS)   
                  KVM_Flash.cSystemFlag3 |= MPASS_ACROSS_MODE;
                #endif    
                
                #if (MPASS_DEFAULT==BUTTON) 
                  KVM_Flash.cSystemFlag3 |= MPASS_BUTTON_MODE;
                #endif
                } 
              #endif
 153   2      }
 154   1      #if (KVM_HOTKEY_SUPPORT)
 155   1        HOTKEY_Default_Initial();
 156   1      #endif /* #if (KVM_HOTKEY_SUPPORT) */
 157   1      
 158   1      #ifdef  VHID_DEFAULT
                #if (VHID_DEFAULT==ALL) 
                  KVM_Flash.cSystemFlag3 |= (SYSTEM_VHID_MS_MASK | SYSTEM_VHID_KB_MASK);  
                #endif
                  
                #if (VHID_DEFAULT==KB)  
                  KVM_Flash.cSystemFlag3 |= SYSTEM_VHID_KB_MASK;  
                #endif
C51 COMPILER V9.60.7.0   STORAGE                                                           06/23/2026 16:04:43 PAGE 4   

              
                #if (VHID_DEFAULT==MS)  
                  KVM_Flash.cSystemFlag3 |= SYSTEM_VHID_MS_MASK;  
                #endif  
              #endif /* #ifdef  SYNC_DEFAULT */
 171   1      
 172   1      #if (SYSETM_CONSOLE_EDID_CONTROL_ENABLE)  
              #ifdef EDID_SAVE
                memset(KVM_Flash.Edid_Table,0x00,sizeof(KVM_Flash.Edid_Table));
                memcpy(KVM_Flash.Edid_Table,CONSOLE_EDID_DEFAULT,sizeof(CONSOLE_EDID_DEFAULT));  
              #endif  
              #endif  
 178   1      
 179   1      #ifdef ONE_HID
                KVM_Flash.cSystemFlag3 |= (SYSTEM_VHID_KB_MASK|SYSTEM_VHID_MS_MASK);  
              #endif
 182   1        
 183   1      
 184   1        if (KVM_Flash.Version != 1001) //version 1.0.0.1
 185   1        {
 186   2          //printf("Default Flash\n\r");
 187   2          KVM_Flash.Version = 1000;
 188   2          STORAGE_Write(sizeof(KVM_Flash),(U8_T *)&KVM_Flash);
 189   2        }   
 190   1      }
 191          
 192          #if (SYSTEM_STORAGE_FLASH)
 193          /*
 194           *--------------------------------------------------------------------------------
 195           * void  STORAGE_Init_Read(U16_T readlen,U8_T *readbuf,U8_T master)
 196           * Purpose : Read the Flash content into KVM_Flash
 197           * Params  : $readlen : length to read
 198           *           $readbuf : the storeage buffer address
 199                 $partition : Partition number
 200           * Returns : return the result value
 201           * Note    : None.
 202           *--------------------------------------------------------------------------------
 203           */
 204          void STORAGE_Init_Read(U16_T readlen,U8_T *readbuf,U8_T partition)
 205          {
 206   1        U16_T index;
 207   1        U32_T addr;
 208   1        
 209   1        switch (partition)
 210   1        {
 211   2          case 0:
 212   2            addr = STORAGE_START_PRIMARY_ADDRESS;
 213   2            break;
 214   2          case 1:
 215   2            addr = STORAGE_START_SECONDARY_ADDRESS;
 216   2            break;
 217   2          case 2:
 218   2            addr = STORAGE_START_THIRDARY_ADDRESS;
 219   2            break;
 220   2          case 3:
 221   2            addr = STORAGE_START_FOURTH_ADDRESS;
 222   2            break;
 223   2          default:
 224   2            printf("Wrong partition number!\n\r");
 225   2            return;
 226   2        }
 227   1      
C51 COMPILER V9.60.7.0   STORAGE                                                           06/23/2026 16:04:43 PAGE 5   

 228   1        for (index = 0 ; index < readlen ; index++)
 229   1        {
 230   2          *(readbuf + index) = FCVAR(U8_T, addr + index);
 231   2        }
 232   1      }
 233          #endif //#if (SYSTEM_STORAGE_FLASH)
 234          
 235          /*
 236           *--------------------------------------------------------------------------------
 237           * void STORAGE_Write(U16_T writelen,U8_T *writebuf) 
 238           * Purpose : Write data into flash
 239           * Params  : $writelen: data length for writting
 240           *           $writebuf: the data buffer for writting
 241           * Returns : None.
 242           * Note    : None.
 243           *--------------------------------------------------------------------------------
 244           */
 245          void STORAGE_Write(U16_T writelen,U8_T *writebuf)
 246          {
 247   1        KVM_Flash.CRC_Check = 0;
 248   1        KVM_Flash.CRC_Check = ~STORAGE_CRC_Calculate(writebuf);
 249   1      
 250   1      #if (SYSTEM_STORAGE_FLASH)
 251   1        if (FLASH_SectorErase())
 252   1        {
 253   2          if (writelen & 0x7)
 254   2          {
 255   3            writelen = (writelen & 0xFFF8) + 8;
 256   3          }
 257   2          DMA_DataToProgram(STORAGE_START_PRIMARY_ADDRESS, (U32_T)writebuf & 0xFFFF, writelen);
 258   2          DMA_DataToProgram(STORAGE_START_SECONDARY_ADDRESS, (U32_T)writebuf & 0xFFFF, writelen);
 259   2          DMA_DataToProgram(STORAGE_START_THIRDARY_ADDRESS, (U32_T)writebuf & 0xFFFF, writelen);
 260   2          DMA_DataToProgram(STORAGE_START_FOURTH_ADDRESS, (U32_T)writebuf & 0xFFFF, writelen);
 261   2          STORAGE_AvailablePartitionMap = 0x0F;
 262   2        }
 263   1      #endif //#if (SYSTEM_STORAGE_FLASH)
 264   1      }
 265          
 266          /*
 267           *--------------------------------------------------------------------------------
 268           * void STORAGE_SoftwareConfigurationCheck(U8_T houseKeeping) 
 269           * Purpose : Check all software configuration partitions on flash
 270           * Params  : $houseKeeping : run this routine for house keeping
 271           * Returns : None.
 272           * Note    : None.
 273           *--------------------------------------------------------------------------------
 274           */
 275          void STORAGE_SoftwareConfigurationCheck(U8_T houseKeeping)
 276          {
 277   1        U8_T        partition;
 278   1        U8_T        availableCnt = 0;
 279   1        struct _KVM_Flash *pFlash;
 280   1        
 281   1        if (houseKeeping)
 282   1        {
 283   2          pFlash = &KVM_FlashTemporary;
 284   2        }
 285   1        else
 286   1        {
 287   2          pFlash = &KVM_Flash;
 288   2        }
 289   1        
C51 COMPILER V9.60.7.0   STORAGE                                                           06/23/2026 16:04:43 PAGE 6   

 290   1        for (partition = 0; partition < 4; partition++)
 291   1        {
 292   2          if (STORAGE_AvailablePartitionMap & (0x01 << partition))
 293   2          {
 294   3            STORAGE_Init_Read(sizeof(KVM_Flash),(U8_T *)pFlash, partition);
 295   3            if (0xFFFF != STORAGE_CRC_Calculate((U8_T *)pFlash) || pFlash->Total_Length != sizeof(KVM_Flash))
 296   3            {
 297   4              STORAGE_AvailablePartitionMap &= ~(0x01 << partition);
 298   4            }
 299   3            else if (houseKeeping)
 300   3            {
 301   4              availableCnt++;
 302   4            }
 303   3            else
 304   3            {
 305   4              if (availableCnt == 0)
 306   4              {
 307   5                memcpy((U8_T *)&KVM_FlashTemporary, pFlash, sizeof(KVM_Flash));
 308   5              }
 309   4              availableCnt++;
 310   4            }
 311   3          }
 312   2        }
 313   1      
 314   1        if (houseKeeping == 0)
 315   1        {
 316   2          if ((STORAGE_AvailablePartitionMap & 0x08) == 0)
 317   2          {
 318   3            if (availableCnt)
 319   3            {
 320   4              memcpy(pFlash, (U8_T *)&KVM_FlashTemporary, sizeof(KVM_Flash));
 321   4            }
 322   3            else
 323   3            {
 324   4              STORAGE_Default_Initial();
 325   4            }
 326   3          }
 327   2        }
 328   1        
 329   1        if (availableCnt < 2)
 330   1        {
 331   2          STORAGE_Write(sizeof(KVM_Flash),(U8_T *)&KVM_Flash);
 332   2        }
 333   1      }
 334          
 335          #endif /* End of SYSTEM_STORAGE_DEVICE_SUPPORT */
 336          
 337          /* End of storage.c */


MODULE INFORMATION:   STATIC OVERLAYABLE
   CODE SIZE        =   1377    ----
   CONSTANT SIZE    =     26    ----
   XDATA SIZE       =      1      43
   PDATA SIZE       =   ----    ----
   DATA SIZE        =   ----    ----
   IDATA SIZE       =   ----    ----
   BIT SIZE         =   ----    ----
   EDATA SIZE       =   ----    ----
   HDATA SIZE       =   ----    ----
   XDATA CONST SIZE =   ----    ----
   FAR CONST SIZE   =     26    ----
C51 COMPILER V9.60.7.0   STORAGE                                                           06/23/2026 16:04:43 PAGE 7   

END OF MODULE INFORMATION.


C51 COMPILATION COMPLETE.  0 WARNING(S),  0 ERROR(S)
