C51 COMPILER V9.60.7.0   UARTX_CONSOLE                                                     06/23/2026 16:04:47 PAGE 1   


C51 COMPILER V9.60.7.0, COMPILATION OF MODULE UARTX_CONSOLE
OBJECT MODULE PLACED IN .\uartx_console.obj
COMPILER INVOKED BY: C:\Users\Administrator\AppData\Local\Keil_v5\C51\BIN\C51.EXE ..\Src\uart_console\uartx_console.c LA
                    -RGE OMF2 ROM(D16M) OPTIMIZE(9,SIZE) BROWSE NOAREGS INCDIR(..\src\main\;..\src\cpu\;..\src\flash\;..\src\uart\;..\src\swd
                    -ma\;..\src\mstimer\;..\src\i2c\;..\src\spi\;..\src\task_man\;..\src\project\;..\Src\ps2_host;..\Src\console_edid;..\Src\
                    -storage;..\Src\data_stream;..\Src\kvm_control\kvm_hotkey;..\Src\kvm_control\kvm_console;..\Src\kvm_control\kvm_button;..
                    -\Src\kvm_control\kvm_edid;..\Src\kvm_control\kvm_buzzer;..\src\gpio\;..\Src\hardware_ps2;..\Src\usbdc;..\Src\usbdc\usbdc
                    -_virtual;..\Src\usb_std;..\Src\usbhc;..\Src\kvm_control\power_saving;..\Src\usbhc\MSC;..\Src\usbhc\AUDIO;..\Src\usbhc\HU
                    -B;..\Src\usbhc\HID;..\Src\usbhc\HID_PARSER;..\Src\usbhc\ROOT_HUB;..\Src\usbdc\usbdc_hub;..\Src\usbdc\usbdc_hid;..\Src\kv
                    -m_control\kvm_storage\spi_flash;..\Src\usbdc\usbdc_msc\usb_scsi;..\Src\usbdc\usbdc_msc;..\Src\handler\logitech;..\Src\ha
                    -ndler\A4_Tech;..\Src\usbdc\usbdc_vendor;..\Src\hsur;..\Src\extender\core;..\Src\extender\receiver;..\Src\uart_console;..
                    -\Src\kvm_control\km_sync;..\Src\hsur;..\Src\kvm_control\km_log;..\Src\kvm_control\km_api;..\Src\kvm_control\kvm_ir;..\Sr
                    -c\kvm_control\kvm_rtc;..\Src\i2c;..\Src\kvm_control\kvm_multiview) STRING(FAR) DEFINE(RuntimeCodeAt0KH,MCU_TYPE_AX68004,
                    -KVM,HC_TIMEOUT=10000,VHID,HID_PARSER_CORE_KB,HID_PARSER_CORE_MS,API,NO_AUDIO,NO_MSC,NO_EDID,HUART_BAUD=HUART_115K,SYNC,C
                    -ROSS_JUMP_MAP0,VPID_CHANGER,SYNC_KB_HOTKEY,SYNC_MS_HOTKEY,REPEAT_MODE=1,HSUART,MULTIVIEW) VARBANKING DEBUG PRINT(.\uartx
                    -_console.lst) TABS(2) OBJECT(.\uartx_console.obj)

line level    source

   1          /*
   2           *********************************************************************************
   3           *     Copyright (c) 2014   ASIX Electronic Corporation      All rights reserved.
   4           *
   5           *     This is unpublished proprietary source code of ASIX Electronic Corporation
   6           *
   7           *     The copyright notice above does not evidence any actual or intended
   8           *     publication of such source code.
   9           *********************************************************************************
  10           */
  11          /*================================================================================
  12           * Module Name : uartx_console.c
  13           * Purpose     : The UARTx module driver. It manages the character
  14           *               buffer and handles the ISR.
  15           * Author      : Robin Lee
  16           * Date        :
  17           * Notes       :
  18           * no message
  19           *
  20           *================================================================================
  21           */
  22          
  23          /* INCLUDE FILE DECLARATIONS */
  24          #include    <ctype.h>
  25          #include  <string.h>
  26          #include  <stdio.h>
  27          #include  <stdlib.h>
  28          #include  "project_include.h"
  29          
  30          /* STATIC VARIABLE DECLARATIONS */
  31          #if defined(UART_CONSOLE) || defined(HSUART_CONSOLE)
              #define STAGE_READ_WAIT     0
              #define STAGE_READ_HANDLE   1
              #define STAGE_SEND        2
              #define STAGE_SEND_HANDLE   3
              #define STAGE_SEND_WAIT     4
              #define STAGE_SEND_WAIT     4
              
              //------------------------------------------
              //$ Console Behavior define
              //------------------------------------------
              #define AUTO_0A       1
C51 COMPILER V9.60.7.0   UARTX_CONSOLE                                                     06/23/2026 16:04:47 PAGE 2   

              #define CHAR_ECHO     1
              #define CHAR_TERMINATE1   0x0d
              #define CHAR_TERMINATE2   0x0a
              #define AUTO_TOUPPER    1
              #define AUTO_TOLOWER    0
              #define UartStrMaxLength  10
              #define UartStrMaxCnt   6
              /*
              void UartConsole_PortSwitch_Handle(void);
              void UartConsole_PowerSavingMode_Handle(void);
              void UartConsole_AutoscanMode_Handle(void);
              void UartConsole_AutoscanInterval_Handle(void);
              void UartConsole_Help_Handle(void);
              void UartConsole_Config_Handle(void);
              void UartConsole_PowerJump_Handle(void);  
              void UartConsole_PlugJumpMode_Handle(void);
              void UartConsole_PlugJump_Handle(void); 
              void UartConsole_UsbAudioJump_Handle(void); 
              void UartConsole_AudioCombo_Handle(void);
              void UartConsole_BuzzerControl_Handle(void);
              */
              bit   UartConsole_R_Queue = 0;
              
              U8_T  UartConsole_Buf[MAX_RX_UARTx_BUF_SIZE];
              U16_T UartConsole_RxHead = 0;
              U16_T UartConsole_RxTail = 0;
              U16_T UartConsole_RxCount = 0;
              U8_T    UartConsole_ProcessID;
              U8_T    UartConsole_ProcessStage;
              U8_T    UartConsole_MsgLen;
              U8_T  UartStr[UartStrMaxCnt][UartStrMaxLength];
              U16_T   WordP;
              U8_T  WordCnt,WordLen;
              
              UartConsole_Handle_TypeDef  Console_Handle_Tab[]=
              {
                0,"PS"    ,1,UartConsole_PortSwitch_Handle,
                
                0,"CPW"   ,1,UartConsole_PowerJump_Handle,
                
                0,"CPLUG" ,1,UartConsole_PlugJumpMode_Handle,
                
                0,"CPG"   ,1,UartConsole_PlugJump_Handle,
                
                0,"UA"    ,1,UartConsole_UsbAudioJump_Handle, 
                
                0,"AA"    ,1,UartConsole_AudioCombo_Handle, 
                
                0,"CS"    ,1,UartConsole_AutoscanMode_Handle,
                0,"CI"    ,1,UartConsole_AutoscanInterval_Handle,
                
                0,"BZ"    ,1,UartConsole_BuzzerControl_Handle,
                
                0,"PWSM"  ,1,UartConsole_PowerSavingMode_Handle,
                0,"HELP"  ,0,UartConsole_Help_Handle,
                0,"?"   ,0,UartConsole_Help_Handle,
                0,"CONFIG"  ,0,UartConsole_Config_Handle,
              };
              
              #define UART_CONSOLE_TAB_MAX  (sizeof(Console_Handle_Tab) /  sizeof(UartConsole_Handle_TypeDef))
                  
              #define CMD_GET_USERNAME    0
C51 COMPILER V9.60.7.0   UARTX_CONSOLE                                                     06/23/2026 16:04:47 PAGE 3   

              #define CMD_GET_PASSWORD    1
              #define CMD_SEND_USERNAME   2
              #define CMD_SEND_PASSWORD   3
              #define CMD_SEND_SSID     4
              #define CMD_SEND_CONFIG     5   
              
              /* LOCAL SUBPROGRAM DECLARATIONS */
              void UartConsole_StageStart(void);    
              U8_T UartConsole_GetNextWord(void);
              void UartConsole_Prompt(void);
              /* LOCAL SUBPROGRAM BODIES */
              
              /*
               * ----------------------------------------------------------------------------
               * void UartConsole_Recieve_Handle(void)
               * Purpose : UART0 console receive handle 
               * Params  : none
               * Returns : none
               * Note    : none
               * ----------------------------------------------------------------------------
               */
              void UartConsole_Init(void)
              { 
                UartConsole_ProcessID = 0;
                UartConsole_StageStart(); 
                
              #ifdef HSUART_CONSOLE 
                HSUART_Init();
              #endif  
              }   
              
              /*
               * ----------------------------------------------------------------------------
               * void UartConsole_StageStart(void)
               * Purpose : start a new uart console event 
               * Params  : none
               * Returns : none
               * Note    : none
               * ----------------------------------------------------------------------------
               */
              void UartConsole_StageStart(void)
              { 
                UartConsole_RxCount = 0;
                UartConsole_ProcessStage = STAGE_READ_WAIT;     
              }
              
              /*
               * ----------------------------------------------------------------------------
               * void UartConsole_NextStage(void)
               * Purpose : start a new uart console event 
               * Params  : none
               * Returns : none
               * Note    : none
               * ----------------------------------------------------------------------------
               */
              void UartConsole_NextStage(void)
              {
                UartConsole_ProcessID++;
                if (UartConsole_ProcessID >= UART_CONSOLE_TAB_MAX)
                {
                  UartConsole_ProcessID = 0;
                } 
C51 COMPILER V9.60.7.0   UARTX_CONSOLE                                                     06/23/2026 16:04:47 PAGE 4   

                else
                {
                  UartConsole_StageStart();
                }     
              }
              
              /*
               * ----------------------------------------------------------------------------
               * void UartConsole_Recieve_Handle(void)
               * Purpose : UART0 console receive handle 
               * Params  : none
               * Returns : none
               * Note    : none
               * ----------------------------------------------------------------------------
               */
              void UartConsole_Recieve_Handle(void)
              { 
                bit terminate=0;
                U8_T  cmd_get=0;
                U8_T  uart_data;
                U8_T  temp[2]={0,0};
                
                //printf("(%d-%d)\n\r",UartConsole_RxTail,UartConsole_RxTail);    
                while (UartConsole_RxTail != Uartx_RxTail)  
                {   
                  //if (uart0_RxCount != MAX_RX_UARTx_BUF_SIZE) 
                  {
              
              #if (AUTO_TOUPPER)
                    UartConsole_Buf[UartConsole_RxCount]=toupper(UARTx_RxBuf[Uartx_RxHead]);    
              #else
                #if (AUTO_TOLOWER)
                    UartConsole_Buf[UartConsole_RxCount]=tolower(UARTx_RxBuf[Uartx_RxHead]);    
                #else
                    UartConsole_Buf[UartConsole_RxCount]=UARTx_RxBuf[Uartx_RxHead];   
                #endif
              #endif            
              
                    if ((UartConsole_Buf[UartConsole_RxCount] == CHAR_TERMINATE1) ||(UartConsole_Buf[UartConsole_RxCount] =
             -= CHAR_TERMINATE2))     
                    {   
                      terminate=1;        
              //#if (CHAR_ECHO) && (AUTO_0A)              
              //        UARTx_PutStr("\n");     
              //#endif      
                    } 
                    
                    #if (CHAR_ECHO)     
                    //UARTx_PutStr("%c-%bx",(U8_T)UartConsole_Buf[UartConsole_RxCount],(U8_T)UartConsole_Buf[UartConsole_Rx
             -Count]);
                    if (UartConsole_Buf[UartConsole_RxCount] != CHAR_TERMINATE2)  
                    {       
                      if (UartConsole_Buf[UartConsole_RxCount] == CHAR_TERMINATE1)  
                      {
                        UARTx_PutStr("\n\r");
                      } 
                      else
                      {
                        temp[0] = UartConsole_Buf[UartConsole_RxCount];
                        UARTx_PutStr(temp);         
                      }         
                    }     
C51 COMPILER V9.60.7.0   UARTX_CONSOLE                                                     06/23/2026 16:04:47 PAGE 5   

                    #endif          
                    
                    uart_data = UartConsole_Buf[UartConsole_RxCount];
                    UartConsole_RxCount++; //add the receive buffer lenght
                    
                    if (UartConsole_RxCount >=  MAX_RX_UARTx_BUF_SIZE)
                      UartConsole_RxCount = 0;
                          
                    //----------------------------------------------------------
                    //update the ring buffer end pointer for RX ring buffer
                    Uartx_RxHead++;
                    Uartx_RxHead &= MAX_RX_UARTx_MASK;    
                    
                    UartConsole_RxTail++;     
                    UartConsole_RxTail &= MAX_RX_UARTx_MASK;          
                    
                    if (terminate)
                    {       
                      if (uart_data != CHAR_TERMINATE2)
                      {       
                        WordCnt = 0;  
                        WordP = 0;        
                        if (UartConsole_GetNextWord())
                        {
                          for (UartConsole_ProcessID = 0 ; UartConsole_ProcessID < UART_CONSOLE_TAB_MAX ; UartConsole_ProcessI
             -D++)
                          {
                            UartConsole_MsgLen = (U8_T)strlen(Console_Handle_Tab[UartConsole_ProcessID].WaitMsg);
                            if (UartConsole_MsgLen == WordLen)
                            {
                              if (memcmp(UartConsole_Buf,Console_Handle_Tab[UartConsole_ProcessID].WaitMsg,WordLen) == 0) //if s
             -tring is same
                              {
                                cmd_get = 1;
                                if (Console_Handle_Tab[UartConsole_ProcessID].HandleFunction)
                                { 
                                  Console_Handle_Tab[UartConsole_ProcessID].HandleFunction();
                                } 
                                break;
                              } 
                            } 
                          }
                          
                          if (cmd_get == 0)
                          {
                            UARTx_PutStr("??\n\r");
                            UartConsole_Prompt();
                          }           
                            
                        }     
                        else
                        {
                          #if !(CHAR_ECHO)
                          UARTx_PutStr("\n\r"); //responsed command
                          #endif
                          UartConsole_Prompt();
                        }         
                      } 
                      UartConsole_RxCount = 0;                
                    } 
                  }   
                } /* End of if(RI0) */
C51 COMPILER V9.60.7.0   UARTX_CONSOLE                                                     06/23/2026 16:04:47 PAGE 6   

              }
              
              /*
               * ----------------------------------------------------------------------------
               * void UartConsole_SetSSID_Handle(void)
               * Purpose : send out set ssid command
               * Params  : none
               * Returns : none
               * Note    : none
               * ----------------------------------------------------------------------------
               */
              U8_T UartConsole_GetNextWord(void)
              {
                U16_T startp;
                
                
                startp = WordP;
                for (; WordP < UartConsole_RxCount ; WordP++)
                {
                  if ((UartConsole_Buf[WordP] == ' ') || (UartConsole_Buf[WordP] == CHAR_TERMINATE1) ||  (UartConsole_Buf[
             -WordP] == CHAR_TERMINATE2))
                  {
                    if (WordP != startp) //skip the space
                    {       
                      WordLen = WordP - startp;       
                      //Copy String
                      if(WordCnt < (UartStrMaxCnt-1))
                      {
                        UartStr[WordCnt][0] = WordLen; //keep word lenght
                        if (WordLen < UartStrMaxLength)           
                          memcpy(&UartStr[WordCnt][1],&UartConsole_Buf[startp],WordLen); //copy word content
                        else
                          memcpy(&UartStr[WordCnt][1],&UartConsole_Buf[startp],UartStrMaxLength); //copy word content
                        UartStr[WordCnt][WordLen+1] = 0; //word terminate         
                      }     
                      WordCnt++;
                      return 1;
                    }       
                    else
                    {
                      if (UartConsole_Buf[WordP] == ' ')
                      {
                        startp++; //move the start pointer to next byte
                      }         
                    }       
                  }         
                }
                return 0;
              }
              
              
              
              //--------------------------------------------------------------------------------------------------------
             ------
              //
              //  UART  COMMAND HANDLE SECTION
              //
              //--------------------------------------------------------------------------------------------------------
             ------
              void UartConsole_Ack(void)
              {
                UARTx_PutStr(">OK\n\r"); //responsed command
C51 COMPILER V9.60.7.0   UARTX_CONSOLE                                                     06/23/2026 16:04:47 PAGE 7   

                UartConsole_Prompt();
              }
              
              void UartConsole_Err(void)
              {
                UARTx_PutStr(">ERROR\n\r"); //responsed command
                UartConsole_Prompt();
              }
              
              void UartConsole_Prompt(void)
              {
                UARTx_PutStr(">"); //responsed command
              }
              
              U8_T UartConsole_GetParamter(U8_T para_cnt)
              {
                U8_T wordcnt;
                
                for (wordcnt=0; wordcnt < para_cnt ; wordcnt++)
                {
                  if (UartConsole_GetNextWord() == 0)
                  {
                    break;
                  }       
                }
                
                return wordcnt;
              } 
              
              /*
               * ----------------------------------------------------------------------------
               * void UartConsole_Help_Handle(void)
               * Purpose : Transmitter Screen Mode Setting
               * Params  : none
               * Returns : none
               * Note    : Mode 0 1/2- 2 Screen with 1 2
               *       Mode 1 
               * ----------------------------------------------------------------------------
               */
              void UartConsole_Help_Handle(void)
              {
                UARTx_PutStr(">Command\n\r");
                UARTx_PutStr(" [1].ps 1/4\n\r");
                UARTx_PutStr("     port switch control\n\r");
                UARTx_PutStr("     1/4-port id\n\r"); 
                UARTx_PutStr(" [2].cpw 0/1\n\r");
                UARTx_PutStr("     power jump mode\n\r");
                UARTx_PutStr("     0-ignore\n\r");
                UARTx_PutStr("     1-power on\n\r");  
                UARTx_PutStr(" [3].cplug 0/1\n\r");
                UARTx_PutStr("     plug in jumo mode\n\r");
                UARTx_PutStr("     0-no plug in jump\n\r");
                UARTx_PutStr("     1-start plug in jump\n\r");  
                UARTx_PutStr(" [4].cpg 0/1\n\r");
                UARTx_PutStr("     plug in jump control\n\r");
                UARTx_PutStr("     0-only one time\n\r"); 
                UARTx_PutStr("     1-all the time\n\r");  
                UARTx_PutStr(" [5].ua 1/4\n\r");
                UARTx_PutStr("     usb audio port switch\n\r");
                UARTx_PutStr(" [6].cs 0/1\n\r");
                UARTx_PutStr("     autoscan mode control\n\r");
                UARTx_PutStr("     0-autoscan stop\n\r"); 
C51 COMPILER V9.60.7.0   UARTX_CONSOLE                                                     06/23/2026 16:04:47 PAGE 8   

                UARTx_PutStr("     1-sutoscan start\n\r");  
                UARTx_PutStr(" [7].ci xxx\n\r");
                UARTx_PutStr("     autoscan interval time\n\r");
                UARTx_PutStr("     5~999 seconds\n\r");   
                UARTx_PutStr(" [8].bz 0/1\n\r");
                UARTx_PutStr("     0-buzzer stop\n\r");
                UARTx_PutStr("     1-buzzer start\n\r");        
                UARTx_PutStr(" [9].pwsm 2/3\n\r");
                UARTx_PutStr("     2-stop mode\n\r");
                UARTx_PutStr("     3-sleep mode\n\r");        
                UartConsole_Prompt();
              }
              
              /*
               * ----------------------------------------------------------------------------
               * void UartConsole_Config_Handle(void)
               * Purpose : Transmitter Screen Mode Setting
               * Params  : none
               * Returns : none
               * Note    : Mode 0 1/2- 2 Screen with 1 2
               *       Mode 1 
               * ----------------------------------------------------------------------------
               */
              void UartConsole_Config_Handle(void)
              {  
                UartConsole_Prompt();
              }
              
              /*
               * ----------------------------------------------------------------------------
               * void UartConsole_PortSwitch_Handle(void)
               * Purpose : port switch handle
               * Params  : none
               * Returns : none
               * Note    : none
               * ----------------------------------------------------------------------------
               */
              void UartConsole_PortSwitch_Handle(void)
              {
                U8_T wordcnt;
                U8_T pid;
                
                UARTx_PutStr("Port Switch\n\r");  
                wordcnt=UartConsole_GetParamter(1);
                  
                if (wordcnt == 0)
                {
                  UartConsole_Ack();    
                  KVM_Jump_Next_Power_Port(KVM_CurrentHost);    
                }   
                else
                {
                  pid = atoi(&UartStr[1][1]);
                  if ((pid <= KVM_MAX_PORT) && (pid > 0))
                  { 
                    UartConsole_Ack();    
                    KVM_NextHost = pid-1;
                    KVM_Console_Port_Jump(KVM_NextHost);
                  } 
                  else
                  {
                    UartConsole_Err();    
C51 COMPILER V9.60.7.0   UARTX_CONSOLE                                                     06/23/2026 16:04:47 PAGE 9   

                  }     
                }     
              } 
              
              /*
               * ----------------------------------------------------------------------------
               * void UartConsole_PowerSavingMode_Handle(void)
               * Purpose : Power Saving handle
               *       SYSTEM_POWER_STOP_MODE = 2
               *       SYSTEM_POWER_SLEEP_MODE= 3
               * Params  : none
               * Returns : none
               * Note    : none
               * ----------------------------------------------------------------------------
               */
              void UartConsole_PowerSavingMode_Handle(void)
              {
                U8_T wordcnt; 
                U8_T  pid;
                
                UARTx_PutStr("Power Saving Mode:"); 
                wordcnt=UartConsole_GetParamter(1);
                
                if (wordcnt == 0)
                {
                  UartConsole_Err();    
                }   
                else
                {
                  pid = atoi(&UartStr[1][1]);
                  if (pid == SYSTEM_POWER_STOP_MODE)
                  {
                    UARTx_PutStr("Stop"); 
                    KVM_Flash.PowerSavingMode = SYSTEM_POWER_STOP_MODE;   // Stop Mode
                  }
                  else if (pid == SYSTEM_POWER_SLEEP_MODE)
                  { 
                    UARTx_PutStr("Sleep");  
                    KVM_Flash.PowerSavingMode = SYSTEM_POWER_SLEEP_MODE;  // Deep Sleep Mode
                  } 
                  else      
                  {
                    UartConsole_Err();
                    return;
                  }
                  UartConsole_Ack();        
                }     
                UARTx_PutStr("\n\r"); 
              }
              
              void UartConsole_AutoscanMode_Handle(void)
              {
                U8_T wordcnt; 
                U8_T  pid;
                
                UARTx_PutStr("Autoscan:");  
                wordcnt=UartConsole_GetParamter(1);
                if (wordcnt == 0)
                {
                  UartConsole_Err();    
                }   
                else
C51 COMPILER V9.60.7.0   UARTX_CONSOLE                                                     06/23/2026 16:04:47 PAGE 10  

                {
                  pid = atoi(&UartStr[1][1]);
                  if (pid)
                    UARTx_PutStr("ON"); 
                  else
                    UARTx_PutStr("OFF");  
                  KVM_Autoscan_Mode_Contorl(pid);     
                  UartConsole_Ack();    
                }       
                UARTx_PutStr("\n\r"); 
              }
              
              void UartConsole_AutoscanInterval_Handle(void)
              {
              
              } 
              
              void UartConsole_PowerJump_Handle(void) 
              {
                U8_T wordcnt; 
                U16_T  pid;
                U8_T   flash_write=0;
                
                UARTx_PutStr("PowerJump contorl mode:");
                wordcnt=UartConsole_GetParamter(1);
                if (wordcnt == 0)
                {
                  UartConsole_Err();    
                }   
                else
                {
                  pid = atoi(&UartStr[1][1]);   
                  if (KVM_Flash.cSystemFlag0 & SYSTEM_JUMP_MODE_MASK)
                  { 
                    if (pid ==0)
                    {
                      KVM_Flash.cSystemFlag0 &= ~(SYSTEM_JUMP_MODE_MASK|SYSTEM_AUTOSCAN_MODE_POWER);
                      flash_write = 1;      
                      UARTx_PutStr("OFF");        
                    }       
                  }
                  else
                  {
                    if (pid ==1)
                    {
                      KVM_Flash.cSystemFlag0 |= (SYSTEM_JUMP_MODE_MASK|SYSTEM_AUTOSCAN_MODE_POWER);       
                      KVM_Power_Jump_Check(KVM_CurrentHost,1); 
                      flash_write = 1;    
                      UARTx_PutStr("ON");       
                    }                 
                  }   
                }
              
                if (flash_write)
                {
                  STORAGE_Write(sizeof(KVM_Flash),(U8_T *)&KVM_Flash);
                  UartConsole_Ack();
                } 
                UARTx_PutStr("\n\r");
              }
              
              void UartConsole_PlugJumpMode_Handle(void)
C51 COMPILER V9.60.7.0   UARTX_CONSOLE                                                     06/23/2026 16:04:47 PAGE 11  

              {
                U8_T wordcnt; 
                U16_T  pid;
                U8_T   flash_write=0;
                
                UARTx_PutStr("Plug Jump control:");
                wordcnt=UartConsole_GetParamter(1);
                if (wordcnt == 0)
                {
                  UartConsole_Err();    
                }   
                else
                {
                  pid = atoi(&UartStr[1][1]);
                  if (KVM_Flash.cSystemFlag1 & SYSTEM_PLUGIN_JUMP_MASK)
                  { 
                    if (pid ==0)
                    {
                      KVM_Flash.cSystemFlag1 &= ~SYSTEM_PLUGIN_JUMP_MASK;
                      flash_write=1;      
                      UARTx_PutStr("OFF");        
                    }       
                  }
                  else
                  {
                    if (pid ==1)
                    {
                      KVM_Flash.cSystemFlag1 |= SYSTEM_PLUGIN_JUMP_MASK;
                      flash_write=1;
                      UARTx_PutStr("ON");       
                    }                 
                  }           
                }
                if (flash_write)
                {
                  STORAGE_Write(sizeof(KVM_Flash),(U8_T *)&KVM_Flash);
                  UartConsole_Ack();
                } 
                UARTx_PutStr("\n\r");
              }
              
              void UartConsole_PlugJump_Handle(void)
              {
                U8_T wordcnt; 
                U16_T  pid;
                U8_T   flash_write=0;
                
                UARTx_PutStr("Plug Jump mode:");
                wordcnt=UartConsole_GetParamter(1);
                if (wordcnt == 0)
                {
                  UartConsole_Err();    
                }   
                else
                {
                  pid = atoi(&UartStr[1][1]);
                  if (KVM_Flash.cSystemFlag1 & SYSTEM_PLUGIN_JUMP_MODE)
                  { 
                    if (pid ==0)
                    {
                      KVM_Flash.cSystemFlag1 &= ~SYSTEM_PLUGIN_JUMP_MODE;
                      flash_write=1;    
C51 COMPILER V9.60.7.0   UARTX_CONSOLE                                                     06/23/2026 16:04:47 PAGE 12  

                      UARTx_PutStr("Once");       
                    }       
                  }
                  else
                  {
                    if (pid ==1)
                    {
                      flash_write=1;
                      KVM_Flash.cSystemFlag1 |= SYSTEM_PLUGIN_JUMP_MODE;
                      UARTx_PutStr("Always");       
                      if ((USBDC_UpPortState[KVM_CurrentHost] & USBDC_ROOTHUB_ATTACHED_MASK) == 0X00)
                      {
                        KVM_Jump_Next_Power_Port(KVM_CurrentHost);  
                      }         
                    }                 
                  }           
                }
                if (flash_write)
                {
                  STORAGE_Write(sizeof(KVM_Flash),(U8_T *)&KVM_Flash);
                  UartConsole_Ack();
                } 
                UARTx_PutStr("\n\r");       
              }
              
              void UartConsole_AudioCombo_Handle(void)
              {
                U8_T wordcnt; 
                U16_T  pid;
                U8_T   flash_write=0;
                
                UARTx_PutStr("Audio Combo Jump mode:");
                wordcnt=UartConsole_GetParamter(1);
                if (wordcnt == 0)
                {
                  UartConsole_Err();    
                }   
                else
                {
                  pid = atoi(&UartStr[1][1]);   
                  if (KVM_Flash.cSystemFlag1 & SYSTEM_AUDIOCOMBO_MASK)
                  { 
                    if (pid ==0)
                    {
                      KVM_Flash.cSystemFlag1 &= ~SYSTEM_AUDIOCOMBO_MASK;
                      flash_write=1;
                      UARTx_PutStr("OFF");
                    }       
                  }
                  else
                  {
                    if (pid ==1)
                    {
                      KVM_Flash.cSystemFlag1 |= SYSTEM_AUDIOCOMBO_MASK;
                      KVM_Audio_Combo_Switch_Check(KVM_CurrentHost);        
                      flash_write=1;
                      UARTx_PutStr("ON");
                    }                 
                  }           
                }
                if (flash_write)
                {
C51 COMPILER V9.60.7.0   UARTX_CONSOLE                                                     06/23/2026 16:04:47 PAGE 13  

                  STORAGE_Write(sizeof(KVM_Flash),(U8_T *)&KVM_Flash);
                  UartConsole_Ack();
                }
                UARTx_PutStr("\n\r");
              } 
              
              void UartConsole_UsbAudioJump_Handle(void)
              {
              #if (SYSTEM_USBAUDIO_DEVICE_SUPPORT)    
                U8_T wordcnt; 
                U16_T  pid;
              #endif  
                
                UARTx_PutStr("USB Audio Jump:");
              #if (SYSTEM_USBAUDIO_DEVICE_SUPPORT)  
                wordcnt=UartConsole_GetParamter(1);
                if (wordcnt == 0)
                {
                  UartConsole_Err();    
                }   
                else
                {
                  pid = atoi(&UartStr[1][1]);   
                  if ((KVM_Flash.cSystemFlag1 & SYSTEM_AUDIOCOMBO_MASK) == 0)
                  {
                    KVM_NextAudio =  pid;
                    USBHC_Audio_Hotkey_Sw_Flag = 1;
                    USBHC_AUDIO_Switch(KVM_NextAudio);
                    UARTx_PutStr("%bu",KVM_NextAudio);
                    UartConsole_Ack();
                  }
                  
                }
              #else
                UartConsole_Err();    
              #endif  
                UARTx_PutStr("\n\r");
              }   
              
              void UartConsole_BuzzerControl_Handle(void)
              {
                U8_T wordcnt; 
                U16_T  pid;
                U8_T   flash_write=0;
                
                UARTx_PutStr("Buzzer Contorl:");
                wordcnt=UartConsole_GetParamter(1);
                if (wordcnt == 0)
                {
                  UartConsole_Err();    
                }   
                else
                {
                  pid = atoi(&UartStr[1][1]);   
                  if (KVM_Flash.cSystemFlag0 & SYSTEM_BEEPER_MASK)
                  { 
                    if (pid ==0)
                    {
                      KVM_Flash.cSystemFlag0 &= ~SYSTEM_BEEPER_MASK;
                      flash_write=1;
                      UARTx_PutStr("OFF");
                    }       
C51 COMPILER V9.60.7.0   UARTX_CONSOLE                                                     06/23/2026 16:04:47 PAGE 14  

                  }
                  else
                  {
                    if (pid ==1)
                    {
                      KVM_Flash.cSystemFlag0 |= SYSTEM_BEEPER_MASK;       
                      flash_write=1;
                      UARTx_PutStr("ON");
              #if (KVM_BUZZER_SUPPORT)
                      BUZZER_Script_Active(Hotkey_Active_Sound);
              #endif //#if (KVM_BUZZER_SUPPORT)
                    }                 
                  }
                }
                
                if (flash_write)
                {
                  STORAGE_Write(sizeof(KVM_Flash),(U8_T *)&KVM_Flash);
                  UartConsole_Ack();
                }
                UARTx_PutStr("\n\r");
              } 
              #endif  /* #ifdef UART_CONSOLE */
 803          /* End of uartx_console.c */
 804          


MODULE INFORMATION:   STATIC OVERLAYABLE
   CODE SIZE        =   ----    ----
   CONSTANT SIZE    =   ----    ----
   XDATA SIZE       =   ----    ----
   PDATA SIZE       =   ----    ----
   DATA SIZE        =   ----    ----
   IDATA SIZE       =   ----    ----
   BIT SIZE         =   ----    ----
   EDATA SIZE       =   ----    ----
   HDATA SIZE       =   ----    ----
   XDATA CONST SIZE =   ----    ----
   FAR CONST SIZE   =   ----    ----
END OF MODULE INFORMATION.


C51 COMPILATION COMPLETE.  0 WARNING(S),  0 ERROR(S)
