C51 COMPILER V9.60.7.0   USBDC_VHUB                                                        06/18/2026 10:50:18 PAGE 1   


C51 COMPILER V9.60.7.0, COMPILATION OF MODULE USBDC_VHUB
OBJECT MODULE PLACED IN .\usbdc_vhub.obj
COMPILER INVOKED BY: C:\Users\Administrator\AppData\Local\Keil_v5\C51\BIN\C51.EXE ..\Src\usbdc\usbdc_hub\usbdc_vhub.c LA
                    -RGE OMF2 ROM(D16M) OPTIMIZE(9,SIZE) BROWSE NOAREGS INCDIR(..\src\main\;..\src\cpu\;..\src\flash\;..\src\uart\;..\src\swd
                    -ma\;..\src\mstimer\;..\src\i2c\;..\src\spi\;..\src\task_man\;..\src\project\;..\Src\ps2_host;..\Src\console_edid;..\Src\
                    -storage;..\Src\data_stream;..\Src\kvm_control\kvm_hotkey;..\Src\kvm_control\kvm_console;..\Src\kvm_control\kvm_button;..
                    -\Src\kvm_control\kvm_edid;..\Src\kvm_control\kvm_buzzer;..\src\gpio\;..\Src\hardware_ps2;..\Src\usbdc;..\Src\usbdc\usbdc
                    -_virtual;..\Src\usb_std;..\Src\usbhc;..\Src\kvm_control\power_saving;..\Src\usbhc\MSC;..\Src\usbhc\AUDIO;..\Src\usbhc\HU
                    -B;..\Src\usbhc\HID;..\Src\usbhc\HID_PARSER;..\Src\usbhc\ROOT_HUB;..\Src\usbdc\usbdc_hub;..\Src\usbdc\usbdc_hid;..\Src\kv
                    -m_control\kvm_storage\spi_flash;..\Src\usbdc\usbdc_msc\usb_scsi;..\Src\usbdc\usbdc_msc;..\Src\handler\logitech;..\Src\ha
                    -ndler\A4_Tech;..\Src\usbdc\usbdc_vendor;..\Src\hsur;..\Src\extender\core;..\Src\extender\receiver;..\Src\uart_console;..
                    -\Src\kvm_control\km_sync;..\Src\hsur;..\Src\kvm_control\km_log;..\Src\kvm_control\km_api;..\Src\kvm_control\kvm_ir;..\Sr
                    -c\kvm_control\kvm_rtc;..\Src\i2c;..\Src\kvm_control\kvm_multiview) STRING(FAR) DEFINE(RuntimeCodeAt0KH,MCU_TYPE_AX68004,
                    -KVM,HC_TIMEOUT=10000,VHID,HID_PARSER_CORE_KB,HID_PARSER_CORE_MS,API,NO_AUDIO,NO_MSC,NO_EDID,HUART_BAUD=HUART_115K,SYNC,C
                    -ROSS_JUMP_MAP0,VPID_CHANGER,SYNC_KB_HOTKEY,SYNC_MS_HOTKEY,REPEAT_MODE=1,HSUART,MULTIVIEW) VARBANKING DEBUG PRINT(.\usbdc
                    -_vhub.lst) TABS(2) OBJECT(.\usbdc_vhub.obj)

line level    source

   1          /*
   2           ******************************************************************************
   3           *     Copyright (c) 2014 ASIX Electronic Corporation      All rights reserved.
   4           *
   5           *     This is an proprietary source code of ASIX Electronic Corporation
   6           *
   7           *     The copyright notice above does not evidence any actual or intended
   8           *     publication of such source code.
   9           ******************************************************************************
  10           */
  11           /*============================================================================
  12           * Module Name: usbdc_vhub.c
  13           * Purpose:
  14           * Author:
  15           * Date:
  16           * Notes:
  17           *=============================================================================
  18           */
  19          
  20          /* INCLUDE FILE SECTION               */
  21          #include <string.h>
  22          #include "project_include.h"
  23          
  24          /* NAMING CONSTANT DECLARATIONS           */
  25          
  26          code  VHub_Port_Changed_Bit[] = 
  27          {
  28            L_PortChange_Connection,
  29            L_PortChange_Enable,
  30            L_PortChange_Suspend,
  31            L_PortChange_OverCurrent,
  32            L_PortChange_Reset,
  33          };
  34          
  35          /* GLOBAL VARIABLES DECLARATIONS          */
  36          U8_T  VHUB_MSC_Reset_Flag=0;
  37          U8_T  VHUB_MSC_Reset_Port=0;
  38          U8_T  VHUB_MSC_Reset_HubDevinx=0;
  39          U8_T  VHUB_MSC_Reset_HubPort=0;
  40          U8_T  HUB_Status[4]={0,0,0,0};  // for Interrupt Transfer used
  41          
  42          /* Root Hub Device Mapping Table */
C51 COMPILER V9.60.7.0   USBDC_VHUB                                                        06/18/2026 10:50:18 PAGE 2   

  43          USBDC_Vritaul_Hub_Map_TypeDef USBDC_Virtual_Hub_Map[USBDC_DEVICE_MAX];
  44          
  45          /* LOCAL VARIABLES DECLARATIONS           */
  46          /* LOCAL SUBPROGRAM DECLARATIONS          */
  47          RESULT USBDC_VHub_Port_ClearFeature(U8_T devinx,U8_T port,U8_T feature,U8_T hubport);  //Operation,PowerNu
             -mber
  48          RESULT USBDC_VHub_Port_SetFeature(U8_T devinx,U8_T port,U8_T feature,U8_T hubport);  //Operation,PowerNumb
             -er
  49          //void USBDC_VHub_Update_StatusChange(U8_T devinx,U8_T startport,U8_T end_port);
  50          void USBDC_VHub_Hub_Status_Change_Report_Ack(U8_T devinx,U8_T port);
  51          void USBDC_VHub_Hub_Status_Change_Report_Nak(U8_T devinx,U8_T port);
  52          void USBDC_VHub_Reset_Attribute(U8_T port,U8_T devinx);
  53          /* EXTERNAL GLOBAL VARIABLES DECLARATIONS */
  54          /* EXTERNAL SUBPROGRAM DECLARATIONS       */
  55          
  56          /*
  57           * ----------------------------------------------------------------------------
  58           * Function Name: USBDC_VHub_Init
  59           * Purpose: Initial the usb dc system  
  60           * Params:  NONE
  61           * Returns: NONE
  62           * Note:
  63           * ----------------------------------------------------------------------------
  64           */
  65          void USBDC_VHub_Init(void)
  66          {
  67   1        U8_T          pdevinx,buflen;
  68   1        USBHC_DevDesc_TypeDef *devsc;
  69   1      
  70   1        /* Initialize Virtual Hub */
  71   1        USBDC_Device[USBDC_VHUB_DEVINX].VHub = m_malloc(sizeof(VHub_ReportTypeDef),19); // create the hub report 
             -struct
  72   1        memset(USBDC_Device[USBDC_VHUB_DEVINX].VHub,0x00,sizeof(VHub_ReportTypeDef));
  73   1        USBDC_Device[USBDC_VHUB_DEVINX].EndpNum = 2;  //Contain 2 endpoint buffers
  74   1        USBDC_HAL_Malloc_Device_Endpx(USBDC_VHUB_DEVINX,0,0,USBDC_TABLE_DOUBF_MASK,USBDC_VHUB_MAX_ENDP0_SIZE);
  75   1        USBDC_HAL_Malloc_Device_Endpx(USBDC_VHUB_DEVINX,1,1,USBDC_TABLE_DIR_MASK  ,USBDC_VHUB_MAX_ENDP1_SIZE);
  76   1        
  77   1        /*Alloc Free Physical Device Table index */
  78   1        USB_HAL_Alloc_Free_PDevice(&pdevinx, 0xFF); //Get a free device table in USB Devcie Table
  79   1        
  80   1        //Create the Hub Relative control buffer
  81   1        buflen = sizeof(USBHC_HubReportTypeDef) * USBDC_VHUB_PORT_NUM;
  82   1        USB_PDevice[pdevinx].HUB.ReportState = m_malloc(buflen,20);
  83   1        USB_PDevice[pdevinx].HUB.ReportEndpInx = USBDC_VHUB_ENDPINX;
  84   1        
  85   1        //Init PVID/VID of virtual HUB device descriptor
  86   1        devsc = (USBHC_DevDesc_TypeDef *)&HUB_DeviceDescriptor;
  87   1      #if (SYSTEM_STORAGE_FLASH)
  88   1        //From flash
  89   1        devsc->idVendor = USBDC_VIRTUAL_HwConfig.vendorID;
  90   1        devsc->idProduct = USBDC_VIRTUAL_HwConfig.vHUBProductID;
  91   1      #endif
  92   1          printf("\n\r");
  93   1        printf("[Virtual HUB] VID = %04x, PID = %04x\n\r",
  94   1            Big_Endian_16_Convert(devsc->idVendor),
  95   1            Big_Endian_16_Convert(devsc->idProduct));
  96   1      
  97   1        USBDC_VIRTUAL_Create_DeviceDesc(pdevinx,HUB_DeviceDescriptor);
  98   1        
  99   1        //Hub Descriptor .......
 100   1        USB_PDevice[pdevinx].Desc[HUB_DESC].Len = HUB_SIZ_DESCRIPTOR;
 101   1        USB_PDevice[pdevinx].Desc[HUB_DESC].Ptr = HUB_Descriptor;
C51 COMPILER V9.60.7.0   USBDC_VHUB                                                        06/18/2026 10:50:18 PAGE 3   

 102   1        
 103   1        //Langid
 104   1        USB_PDevice[pdevinx].Desc[LANG_ID].Len = HUB_SIZ_STRING_LANGID;
 105   1        USB_PDevice[pdevinx].Desc[LANG_ID].Ptr = HUB_StringLangID;
 106   1        //Vendier ID String
 107   1        USB_PDevice[pdevinx].Desc[VENDOR_ID].Len = HUB_SIZ_STRING_VENDOR;
 108   1        USB_PDevice[pdevinx].Desc[VENDOR_ID].Ptr = HUB_StringVendor;    
 109   1        //Product String
 110   1        USB_PDevice[pdevinx].Desc[PRODUCT_ID].Len = HUB_StringProduct[0];
 111   1        USB_PDevice[pdevinx].Desc[PRODUCT_ID].Ptr = HUB_StringProduct;    
 112   1        //Serial String
 113   1        USB_PDevice[pdevinx].Desc[SERIAL_ID].Len = HUB_StringSerial[0];
 114   1        USB_PDevice[pdevinx].Desc[SERIAL_ID].Ptr = HUB_StringSerial;
 115   1        
 116   1        USB_PDevice[pdevinx].Hub_NbrPorts        = USBDC_VHUB_PORT_NUM; //assign port number
 117   1        USBDC_VIRTUAL_Create_ConfigDesc(pdevinx,HUB_ConfigDescriptor);
 118   1        
 119   1        /*Generate the USB Devcie Attribute */
 120   1        USB_PDevice[pdevinx].Hid_SetIdle_Allow  = 0x00; // not allow set idle command
 121   1        USB_PDevice[pdevinx].ConfigurationValue = 0x01; // Set current configuration Value
 122   1      
 123   1        memset(USBDC_Virtual_Hub_Map,0x00,sizeof(USBDC_Virtual_Hub_Map));
 124   1      }
 125          
 126          /*******************************************************************************
 127          * Function Name  : USBDC_VHub_Setup_Process.
 128          * Description    : process the hub setup token
 129          * Input          : None.
 130          * Output         : None.
 131          * Return         : None.
 132          *******************************************************************************/
 133          RESULT USBDC_VHub_Setup_Process(U8_T devinx, U8_T port) 
 134          {
 135   1        RESULT Result=USB_UNSUPPORT;
 136   1      #if (SYSTEM_MSC_DEVICE_SUPPORT)   
                U8_T   pdevinx;
              #endif  
 139   1        
 140   1        if (Type_Recipient == (CLASS_REQUEST | DEVICE_RECIPIENT)) //Devcie operation
 141   1        {
 142   2          if (Request_No == GET_DESCRIPTOR) // Get Hub Descriptor
 143   2          {
 144   3            Result = USBDC_Standard_GetDescData_Post(devinx,port,HUB_DESC);
 145   3          }
 146   2          else if (Request_No == GET_STATUS) // Get Hub Status
 147   2          {
 148   3            USBDC_Device[devinx].Ctrl_TotalByte[port]   = USBDC_Device[devinx].Setup[port].b.wLength.w;
 149   3            USBDC_Device[devinx].Ctrl_CurrentByte[port] = 0;
 150   3            USBDC_Device[devinx].Control_EndpBuf[port]  = HUB_Status;
 151   3            Result=USB_SUCCESS;
 152   3          }
 153   2        }
 154   1        else if (Type_Recipient == (CLASS_REQUEST | OTHER_RECIPIENT))
 155   1        {
 156   2          if (Request_No == GET_STATUS) // Get Hub Port Status
 157   2          {
 158   3            USBDC_Device[devinx].Ctrl_TotalByte[port]   = USBDC_Device[devinx].Setup[port].b.wLength.w;
 159   3            USBDC_Device[devinx].Ctrl_CurrentByte[port] = 0;      
 160   3            USBDC_Device[devinx].Control_EndpBuf[port] = (U8_T *)&USBDC_Device[devinx].VHub->PortStatus[port][wInde
             -x_L-1];
 161   3      #if (SYSTEM_MSC_DEVICE_SUPPORT) 
                    pdevinx = USBDC_Device[devinx].VHub->PortStatus[port][wIndex_L-1].Devinx;
C51 COMPILER V9.60.7.0   USBDC_VHUB                                                        06/18/2026 10:50:18 PAGE 4   

                    if ((pdevinx == USBHC_MSC_Devinx) && (VHUB_MSC_Reset_Flag))
                    {
                      Result=USB_NOT_READY;
                    }   
                    else
              #endif  /* #if (SYSTEM_MSC_DEVICE_SUPPORT)  */      
 169   3            {
 170   4              Result=USB_SUCCESS;
 171   4            } 
 172   3          }
 173   2          else if (Request_No == CLEAR_FEATURE)  //CLEAR FEATURE for EndPoint
 174   2          {
 175   3            Result = USBDC_VHub_Port_ClearFeature(devinx,port,wValue_L,wIndex_L); //Operation,PowerNumber
 176   3          }
 177   2          /* SET FEATURE for EndPoint*/
 178   2          else if (Request_No == SET_FEATURE)
 179   2          {
 180   3            Result = USBDC_VHub_Port_SetFeature(devinx,port,wValue_L,wIndex_L);  //Operation,PowerNumber  
 181   3          }
 182   2        }
 183   1        
 184   1        return Result;
 185   1      }
 186          
 187          /*******************************************************************************
 188          * Function Name  : USBDC_VHub_Port_ClearFeature.
 189          * Description    :  
 190          * Input          : None.
 191          * Output         : None.
 192          * Return         : None.
 193          *******************************************************************************/
 194          RESULT USBDC_VHub_Port_ClearFeature(U8_T devinx,U8_T port,U8_T feature,U8_T hubport)  //Operation,PowerNum
             -ber
 195          {
 196   1        U8_T vdevinx;
 197   1      
 198   1        hubport--;
 199   1        if (feature == PORT_ENABLE) // port to clear the enable, so disalbe the port now
 200   1        {
 201   2          vdevinx = USBDC_Device[devinx].VHub->PortStatus[port][hubport].Devinx;
 202   2      
 203   2          if (vdevinx)
 204   2          {
 205   3            USBDC_HAL_Address_Active(port, vdevinx, RESET);
 206   3          }
 207   2          USBDC_Device[devinx].VHub->PortStatus[port][hubport].wPortStatusL &= ~L_PortStatus_Enable;
 208   2        }
 209   1      
 210   1        if (feature >= 16 && feature <= 20)
 211   1        {
 212   2          feature -= 16;
 213   2          USBDC_Device[devinx].VHub->PortStatus[port][hubport].wPortChangeL &= ~VHub_Port_Changed_Bit[feature];
 214   2        }
 215   1        USBDC_VHub_Update_StatusChange(devinx,port,port,0);
 216   1        return USB_SUCCESS;
 217   1      }
 218          
 219          /*******************************************************************************
 220          * Function Name  : USBDC_VHub_Port_SetFeature.
 221          * Description    :  
 222          * Input          : None.
 223          * Output         : None.
C51 COMPILER V9.60.7.0   USBDC_VHUB                                                        06/18/2026 10:50:18 PAGE 5   

 224          * Return         : None.
 225          *******************************************************************************/
 226          RESULT USBDC_VHub_Port_SetFeature(U8_T devinx,U8_T port,U8_T feature,U8_T hubport)  //Operation,PowerNumbe
             -r
 227          {
 228   1        RESULT  Result = USB_SUCCESS;
 229   1        U8_T  pdevinx;
 230   1        
 231   1        hubport--;
 232   1        
 233   1        switch (feature)
 234   1        {
 235   2          case PORT_SUSPEND:  // how to figure out the deviceindex?
 236   2            //this should suspend all the virtual device which is connect on this HUB PORT
 237   2            pdevinx = USBDC_Device[devinx].VHub->PortStatus[port][hubport].Devinx;
 238   2            //printf("> DCPort(%bu),VHub_Port(%bu),Device=%bu : Suspend\n\r",port,hubport,pdevinx);
 239   2            USBDC_Device[pdevinx].Feature[port] |= FEATURE_SUSPEND; //this device go suspend
 240   2      
 241   2                  //USBDC_Device[devinx].VHub->PortStatus[port][hubport].wPortStatusL &= ~L_PortStatus_Enable;
 242   2            USBDC_Device[devinx].VHub->PortStatus[port][hubport].wPortStatusL |= L_PortStatus_Suspend;
 243   2      #ifdef RESUME_DELAY
                    //Special Handle for Reaume...
                    VDevice_Keep_Quite_Flag[port]  |= BIT_MASK[pdevinx];
                    USBDC_Resume_Timer_ActiveID[pdevinx] = 
                        TASK_Active(TASK_TYPE_INTERVAL_MS,TASK_VDevice_Keep_Quite_TASKID,port,pdevinx,VDEVICE_RESUME_KEEP_QUI
             -TE,VDEVICE_RESUME_KEEP_QUITE); //after 1000ms check overcurrent again
              #endif    
 249   2            break;
 250   2          case PORT_POWER:
 251   2            if ((USBDC_Device[devinx].VHub->PortStatus[port][hubport].wPortStatusH & H_PortStatus_Power) == 0) // i
             -f current is no power
 252   2            {
 253   3              // Power ON => Connect Changed
 254   3              USBDC_Device[devinx].VHub->PortStatus[port][hubport].wPortStatusH |= H_PortStatus_Power;
 255   3              USBDC_Device[devinx].VHub->PortStatus[port][hubport].wPortStatusL &= ~L_PortStatus_Suspend;
 256   3              if (USBDC_Device[devinx].VHub->PortStatus[port][hubport].Devinx)
 257   3              {
 258   4                if ((USBDC_Device[devinx].VHub->PortStatus[port][hubport].wPortStatusL & L_PortStatus_Connection) == 
             -0x00)
 259   4                {
 260   5                  USBDC_Device[devinx].VHub->PortStatus[port][hubport].wPortStatusL |= L_PortStatus_Connection;
 261   5                }
 262   4              }
 263   3              
 264   3              if (USBDC_Device[devinx].VHub->PortStatus[port][hubport].wPortStatusL & L_PortStatus_Connection) // if
             - current is connect
 265   3              {
 266   4                USBDC_Device[devinx].VHub->PortStatus[port][hubport].wPortStatusH &= ~(H_PortStatus_HighSpeed|H_PortS
             -tatus_LowSpeed);  //Force Full Speed device /*Importtant*/
 267   4                USBDC_Device[devinx].VHub->PortStatus[port][hubport].wPortChangeL |= L_PortChange_Connection; //repor
             -t connection change
 268   4              }
 269   3            }
 270   2            break;
 271   2          case PORT_RESET:
 272   2            //Should Report Enable & Connection & ResetComplete_Changed
 273   2            USBDC_Device[devinx].VHub->PortStatus[port][hubport].wPortChangeL |= L_PortChange_Reset; //report conne
             -ction change
 274   2            if (USBDC_Device[devinx].VHub->PortStatus[port][hubport].wPortStatusH & H_PortStatus_Power) // if curre
             -nt is power on
 275   2            {
 276   3              if (USBDC_Device[devinx].VHub->PortStatus[port][hubport].wPortStatusL & L_PortStatus_Connection) // if
C51 COMPILER V9.60.7.0   USBDC_VHUB                                                        06/18/2026 10:50:18 PAGE 6   

             - current is connection
 277   3              {
 278   4                USBDC_Device[devinx].VHub->PortStatus[port][hubport].wPortStatusL |= L_PortStatus_Enable;  //Force Fu
             -ll Speed device /*Importtant*/          
 279   4                USBDC_Device[devinx].VHub->PortStatus[port][hubport].wPortStatusL &= ~L_PortStatus_Suspend;
 280   4                //---------------------------------------
 281   4                /* Check hub port connection condition */
 282   4                pdevinx = USBDC_Device[devinx].VHub->PortStatus[port][hubport].Devinx;
 283   4                if (pdevinx) // if device present
 284   4                {           
 285   5                  USBDC_REGS_Address_Active(port, pdevinx, RESET);
 286   5                  USBDC_REGS_Address_Write(port,pdevinx,0x00);
 287   5                  USBDC_VIRTUAL_Active_Device(pdevinx, MOUNT_PORT[port]);
 288   5      #if (PROJECT_USB_GENERIC_HID_ENABLE)
 289   5                  if (pdevinx == USBDC_VHID_DEVINX)
 290   5                  {
 291   6                    USBDC_VHid_Reset();
 292   6                  }
 293   5                  else              
 294   5      #endif /* #if (PROJECT_USB_GENERIC_HID_ENABLE) */
 295   5                  {
 296   6      #if (SYSTEM_MSC_DEVICE_SUPPORT)           
                          if ((USB_PDevice[pdevinx].DevClass == USB_MSC_CLASS) && (pdevinx == USBHC_MSC_Devinx))
                          {                       
                            USBHC_MSC_Bulk_State_Reset(USBHC_MSC_Devinx);
              #if (SYSTEM_EXTENDER_RECEIVER)              
                            Extender_MSC_Init(1);
              #endif /* #if (SYSTEM_EXTENDER_RECEIVER) */               
                            VHUB_MSC_Reset_Flag = 1;
                          }                         
              #endif
 306   6      
 307   6      #if (SYSTEM_USB_PEN_DRIVE_SUPPORT)
                          else if (pdevinx == USBDC_VMSC_DEVINX)
                          {
                            USBDC_MSC_State_Reset();
                          }           
              #endif
 313   6                  } 
 314   5                }
 315   4                
 316   4                /*Inital The Protocol value */
 317   4                USBDC_VHub_Reset_Attribute(port,pdevinx);
 318   4              }
 319   3            }
 320   2            break;
 321   2        }
 322   1        
 323   1        //Handle the VHUB MSC Reset Flag
 324   1      #if (SYSTEM_MSC_DEVICE_SUPPORT)
                if (VHUB_MSC_Reset_Flag)
                {   
                  VHUB_MSC_Reset_Port = port;
                  VHUB_MSC_Reset_HubDevinx = devinx; //keep hub devinx
                  VHUB_MSC_Reset_HubPort = hubport;   
                  if (USB_PDevice[pdevinx].DevAttr & DEVATTR_REMOTE_DEV_MASK)
                  {     
              #if (SYSTEM_EXTENDER_TRANSMITTER)             
                    ExtenderT_Reset_Remote_MSC_Req();     
              #endif  
                  }
                  else
C51 COMPILER V9.60.7.0   USBDC_VHUB                                                        06/18/2026 10:50:18 PAGE 7   

                  {     
                    USBHC_MSC_Reset_DCPort= port;
                    USBHC_MSC_ResetDevinx = USBHC_MSC_Devinx;     
                    USBDC_Maintain_MSC_PDevice(KVM_CurrentMSC);   
                    USBHC_MSC_Reset_Flag  = 1;
                  }       
                  USBDC_Device[devinx].VHub->PortStatus[port][hubport].wPortChangeL &= ~L_PortChange_Reset; //report conne
             -ction change        
                }
                else  
              #endif                  
 347   1        {     
 348   2          USBDC_VHub_Update_StatusChange(devinx,port,port,0);
 349   2        } 
 350   1        
 351   1        return Result;
 352   1      }
 353           
 354          /*******************************************************************************
 355          * Function Name  : USBDC_VHub_Update_StatusChange.
 356          * Description    : Move the Hub Status Change Report data into endp buffer 
 357          * Input          :  
 358          * Output         : None.
 359          * Return         : None
 360          *******************************************************************************/
 361          void USBDC_VHub_Update_StatusChange(U8_T devinx,U8_T startport,U8_T end_port,U8_T resume)
 362          {
 363   1        U8_T  port;
 364   1        U8_T  hubport;
 365   1        bit   status_changed;
 366   1        
 367   1        for (port = startport; port <= end_port ; port++)
 368   1        {
 369   2          //1. status change
 370   2          if (resume)
 371   2          { 
 372   3            USBDC_WakeupUpstreamHost(port);
 373   3          }
 374   2          
 375   2          USBDC_Device[devinx].VHub->HubChanged[port] = 0;
 376   2          status_changed = 0;
 377   2          for (hubport = 0; hubport < USBDC_VHUB_PORT_NUM; hubport++)
 378   2          {
 379   3            if (USBDC_Device[devinx].VHub->PortStatus[port][hubport].wPortChangeL)
 380   3            {
 381   4              status_changed = 1;
 382   4              USBDC_Device[devinx].VHub->HubChanged[port] |= (0x01 << (hubport+1));
 383   4            }
 384   3          }
 385   2          
 386   2          if (status_changed) 
 387   2          {
 388   3            USBDC_VHub_Hub_Status_Change_Report_Ack(devinx,port);
 389   3          }
 390   2          else
 391   2          {
 392   3            USBDC_VHub_Hub_Status_Change_Report_Nak(devinx,port);
 393   3          }
 394   2        }
 395   1      }
 396          
 397          /*******************************************************************************
C51 COMPILER V9.60.7.0   USBDC_VHUB                                                        06/18/2026 10:50:18 PAGE 8   

 398          * Function Name  : USBDC_VHub_Hub_Status_Change_Report.
 399          * Description    : Move the Hub Status Change Report data into endp buffer 
 400          * Input          :  
 401          * Output         : None.
 402          * Return         : None
 403          *******************************************************************************/
 404          void USBDC_VHub_Hub_Status_Change_Report_Ack(U8_T devinx,U8_T port)
 405          {
 406   1        U8_T endpinx;
 407   1      
 408   1        endpinx = USB_PDevice[devinx].HUB.ReportEndpInx;
 409   1        USBDC_HAL_Endp_In_Buf_Move(&USBDC_Device[devinx].VHub->HubChanged[port],1,port,devinx,endpinx);
 410   1        USBDC_REGS_Endp_ControlSet(port,devinx,endpinx,DA_CR_BVLD_SET); //Asnwer ack for next IN 
 411   1      }
 412          
 413          /*******************************************************************************
 414          * Function Name  : USBDC_VHub_Hub_Status_Change_Report.
 415          * Description    : Move the Hub Status Change Report data into endp buffer 
 416          * Input          :  
 417          * Output         : None.
 418          * Return         : None
 419          *******************************************************************************/
 420          void USBDC_VHub_Hub_Status_Change_Report_Nak(U8_T devinx,U8_T port)
 421          {
 422   1        U8_T endpinx;
 423   1      
 424   1        endpinx = USB_PDevice[devinx].HUB.ReportEndpInx;
 425   1        USBDC_HAL_Endp_In_Buf_Move(&USBDC_Device[devinx].VHub->HubChanged[port],1,port,devinx,endpinx);
 426   1        USBDC_REGS_Endp_ControlSet(port,devinx,endpinx,DA_CR_ENPX_IN_NAK_SET); //Asnwer NAK for next IN
 427   1      }
 428          
 429          /*******************************************************************************
 430          * Function Name  : USBDC_VHub_UpPort_Reset.
 431          * Description    : Move the Hub Status Change Report data into endp buffer 
 432          * Input          :  
 433          * Output         : None.
 434          * Return         : None
 435          *******************************************************************************/
 436          void USBDC_VHub_UpPort_Reset(U8_T devinx,U8_T pid)
 437          {
 438   1        U8_T index;
 439   1        U8_T hubport = USBDC_VHUB_PORT_NUM;
 440   1        U8_T hubdev; // start for DC root hub
 441   1        U8_T DownStreamMap[7];
 442   1        U8_T map = 0;
 443   1        U8_T current_map = 0; // max 5 hub device
 444   1        
 445   1        //Clear Current Upstream Port
 446   1      RESCAN_DOWNSTREAM_PORT:
 447   1        for (index = 0; index < hubport; index++)
 448   1        {
 449   2          memset(&USBDC_Device[devinx].VHub->PortStatus[pid][index],0x00,(sizeof(USBDC_VHubReportTypeDef)-1));
 450   2          hubdev = USBDC_Device[devinx].VHub->PortStatus[pid][index].Devinx;
 451   2          if (hubdev)  // if the donwstream port is connect with HUB
 452   2          {
 453   3            if (USB_PDevice[hubdev].DevClass == USB_HUB_CLASS) // if hub class,then clear status
 454   3            {
 455   4              DownStreamMap[map] = hubdev;
 456   4              map++;
 457   4            }
 458   3          }
 459   2        }
C51 COMPILER V9.60.7.0   USBDC_VHUB                                                        06/18/2026 10:50:18 PAGE 9   

 460   1        USBDC_Device[devinx].VHub->HubChanged[pid] = 0x00;
 461   1        
 462   1        if (current_map != map)
 463   1        {
 464   2          devinx = DownStreamMap[current_map];
 465   2          current_map++;
 466   2          
 467   2          hubport = USB_PDevice[devinx].Hub_NbrPorts & USBHC_HUBPORT_MASK;
 468   2          goto RESCAN_DOWNSTREAM_PORT;
 469   2        }
 470   1      }
 471          
 472          
 473          /*******************************************************************************
 474          * void USBDC_VHub_Reset_Attribute(U8_T port,U8_T devinx)
 475          * Description    : This function will check all the device protocol setting
 476          *                  value,if different with initial state,then reset to 0
 477          * Input          :  
 478          * Output         : None.
 479          * Return         : None
 480          *******************************************************************************/
 481          void USBDC_VHub_Reset_Attribute(U8_T port,U8_T devinx)
 482          {
 483   1        U8_T inf_inx,inf_bit;
 484   1        
 485   1        /* Reset the Protcol,Configuration & Alternateing setting */
 486   1        USBDC_VIRTUAL_Port_Clear(port,devinx,devinx+1);
 487   1        if (port == KVM_CurrentHost)  // only port is in active then check the protocol setting
 488   1        {
 489   2          for (inf_inx=0 ; inf_inx < USB_PDevice[devinx].InterfaceNum ;inf_inx++)
 490   2          {
 491   3            inf_bit = 0x01 << inf_inx;
 492   3            if (USB_PDevice[devinx].InfClass[inf_inx] == USB_HID_CLASS) // if it is hid class
 493   3            {       
 494   4              if ((USB_PDevice[devinx].Current_Protocol & inf_bit) != 0) //if in boot protocol, then reset it
 495   4              {                 
 496   5                USBHC_Set_Dev_Inf_Protocol(devinx,inf_inx,0,1);
 497   5              }
 498   4            }
 499   3          }
 500   2        }
 501   1      }
 502          
 503          /*******************************************************************************
 504          * void USBDC_VHub_Resume_Port
 505          * Description    : This function will resume the device & make the upperhub device
 506          *                  send out suspend changed status to host
 507          * Input          :  
 508          * Output         : None.
 509          * Return         : None
 510          *******************************************************************************/
 511          void USBDC_VHub_Resume_Port(U8_T port,U8_T target_devinx)
 512          {
 513   1        U8_T upperdevinx;
 514   1        U8_T upperhubport;
 515   1        
 516   1        if (USB_PDevice[target_devinx].Addr & USBHC_DEVICE_USED_MASK)
 517   1        { 
 518   2          if (USBDC_Device[target_devinx].Feature[port] & FEATURE_SUSPEND)//this device go suspend                               
 519   2          {
 520   3            //check upper layer devinx & class
 521   3            //upperdevinx = USB_PDevice[target_devinx].UpperHubDevinx;
C51 COMPILER V9.60.7.0   USBDC_VHUB                                                        06/18/2026 10:50:18 PAGE 10  

 522   3            //upperhubport = USBDC_Virtual_Hub_Map[target_devinx].Devinx_HubPort;
 523   3            USBHC_Get_Upper_Device_Info(target_devinx,&upperdevinx,&upperhubport);
 524   3            USBDC_Device[target_devinx].Feature[port] &= ~FEATURE_SUSPEND;//this device go suspend                                
             -         
 525   3            USBDC_Device[upperdevinx].VHub->PortStatus[port][upperhubport].wPortChangeL |= L_PortChange_Suspend;      
 526   3            USBDC_VHub_Update_StatusChange(upperdevinx,port,port,1);
 527   3          }
 528   2        }        
 529   1      }
 530          
 531          /*******************************************************************************
 532          * void USBDC_VHub_Resume_HubPort_Device(U8_T dcport)
 533          * Description    : This function will clear the suspend status of all 
 534          *                  downstream port device
 535          * Input          :  
 536          * Output         : None.
 537          * Return         : None
 538          *******************************************************************************/
 539          void USBDC_VHub_Resume_HubPort_Device(U8_T dcport)
 540          {
 541   1        U8_T port;
 542   1        
 543   1        for (port=0; port <= USBDC_VHUB_PORT_NUM ; port++)
 544   1        {
 545   2          USBDC_Device[USBDC_VHUB_DEVINX].VHub->PortStatus[dcport][port].wPortStatusL &= ~L_PortStatus_Suspend;
 546   2        } 
 547   1      } 
 548          /* End of usbdc_vhub.c */


MODULE INFORMATION:   STATIC OVERLAYABLE
   CODE SIZE        =   3071    ----
   CONSTANT SIZE    =     42    ----
   XDATA SIZE       =     24      48
   PDATA SIZE       =   ----    ----
   DATA SIZE        =   ----    ----
   IDATA SIZE       =   ----    ----
   BIT SIZE         =   ----       1
   EDATA SIZE       =   ----    ----
   HDATA SIZE       =   ----    ----
   XDATA CONST SIZE =   ----    ----
   FAR CONST SIZE   =     42    ----
END OF MODULE INFORMATION.


C51 COMPILATION COMPLETE.  0 WARNING(S),  0 ERROR(S)
