C51 COMPILER V9.60.7.0   USBDC_HAL                                                         06/23/2026 16:04:44 PAGE 1   


C51 COMPILER V9.60.7.0, COMPILATION OF MODULE USBDC_HAL
OBJECT MODULE PLACED IN .\usbdc_hal.obj
COMPILER INVOKED BY: C:\Users\Administrator\AppData\Local\Keil_v5\C51\BIN\C51.EXE ..\Src\usbdc\usbdc_hal.c LARGE OMF2 RO
                    -M(D16M) OPTIMIZE(9,SIZE) BROWSE NOAREGS INCDIR(..\src\main\;..\src\cpu\;..\src\flash\;..\src\uart\;..\src\swdma\;..\src\
                    -mstimer\;..\src\i2c\;..\src\spi\;..\src\task_man\;..\src\project\;..\Src\ps2_host;..\Src\console_edid;..\Src\storage;..\
                    -Src\data_stream;..\Src\kvm_control\kvm_hotkey;..\Src\kvm_control\kvm_console;..\Src\kvm_control\kvm_button;..\Src\kvm_co
                    -ntrol\kvm_edid;..\Src\kvm_control\kvm_buzzer;..\src\gpio\;..\Src\hardware_ps2;..\Src\usbdc;..\Src\usbdc\usbdc_virtual;..
                    -\Src\usb_std;..\Src\usbhc;..\Src\kvm_control\power_saving;..\Src\usbhc\MSC;..\Src\usbhc\AUDIO;..\Src\usbhc\HUB;..\Src\us
                    -bhc\HID;..\Src\usbhc\HID_PARSER;..\Src\usbhc\ROOT_HUB;..\Src\usbdc\usbdc_hub;..\Src\usbdc\usbdc_hid;..\Src\kvm_control\k
                    -vm_storage\spi_flash;..\Src\usbdc\usbdc_msc\usb_scsi;..\Src\usbdc\usbdc_msc;..\Src\handler\logitech;..\Src\handler\A4_Te
                    -ch;..\Src\usbdc\usbdc_vendor;..\Src\hsur;..\Src\extender\core;..\Src\extender\receiver;..\Src\uart_console;..\Src\kvm_co
                    -ntrol\km_sync;..\Src\hsur;..\Src\kvm_control\km_log;..\Src\kvm_control\km_api;..\Src\kvm_control\kvm_ir;..\Src\kvm_contr
                    -ol\kvm_rtc;..\Src\i2c;..\Src\kvm_control\kvm_multiview) STRING(FAR) DEFINE(RuntimeCodeAt0KH,MCU_TYPE_AX68004,KVM,HC_TIME
                    -OUT=10000,VHID,HID_PARSER_CORE_KB,HID_PARSER_CORE_MS,API,NO_AUDIO,NO_MSC,NO_EDID,HUART_BAUD=HUART_115K,SYNC,CROSS_JUMP_M
                    -AP0,VPID_CHANGER,SYNC_KB_HOTKEY,SYNC_MS_HOTKEY,REPEAT_MODE=1,HSUART,MULTIVIEW) VARBANKING DEBUG PRINT(.\usbdc_hal.lst) T
                    -ABS(2) OBJECT(.\usbdc_hal.obj)

line level    source

   1          /*
   2           ******************************************************************************
   3           *     Copyright (c) 2014 ASIX Electronic Corporation      All rights reserved.
   4           *
   5           *     This is an proprietary source code of ASIX Electronic Corporation
   6           *
   7           *     The copyright notice above does not evidence any actual or intended
   8           *     publication of such source code.
   9           ******************************************************************************
  10           */
  11           /*============================================================================
  12           * Module Name: usbdc_hal.c
  13           * Purpose: The USB DC Control & Managment program
  14           * Author:
  15           * Date:
  16           * Notes:
  17           *=============================================================================
  18           */
  19          /* INCLUDE FILE SECTION               */
  20          #include "string.h"
  21          #include "project_include.h"
  22          
  23          /* NAMING CONSTANT DECLARATIONS           */
  24          /* GLOBAL VARIABLES DECLARATIONS          */
  25          /* LOCAL VARIABLES DECLARATIONS           */
  26          /* LOCAL SUBPROGRAM DECLARATIONS          */
  27          /* EXTERNAL GLOBAL VARIABLES DECLARATIONS */
  28          /* EXTERNAL SUBPROGRAM DECLARATIONS       */ 
  29          
  30          /*--------------------------------------------------------------*/
  31          /*--------------------------------------------------------------*/
  32          /* USB DC Hardware HAL Layer Library 
  33          /*--------------------------------------------------------------*/
  34          /*--------------------------------------------------------------*/
  35          
  36          /* ----------------------------------------------------------------------------
  37           * ----------------------------------------------------------------------------
  38           * U16_T USBDC_HAL_Endp_Buf_Ptr()
  39           * Purpose : When Endp has get a Out transaction, then get the buffer content
  40           * Params  : none
  41           * Returns : none
  42           * Note    : none
C51 COMPILER V9.60.7.0   USBDC_HAL                                                         06/23/2026 16:04:44 PAGE 2   

  43           * ----------------------------------------------------------------------------
  44           * ----------------------------------------------------------------------------
  45           */
  46          void USBDC_HAL_Endp_Buf_Ptr(U8_T **bufp,U8_T port,U8_T devinx,U8_T endpinx,U8_T dir)
  47          {
  48   1        bit   double_buffer_flag;
  49   1      
  50   1        if (USBDC_Device[devinx].EndpAddr[endpinx] & USBDC_TABLE_DOUBF_MASK)
  51   1          double_buffer_flag = 1;
  52   1        else
  53   1          double_buffer_flag = 0;
  54   1      
  55   1        if (dir == USBDC_DIR_OUT)
  56   1        {
  57   2          *bufp = USBDC_EndpBufPtr[port][devinx][endpinx]+OUT_BUF_OFFSET;
  58   2        }
  59   1        else //Double Buffer
  60   1        {
  61   2          if (double_buffer_flag)
  62   2            *bufp = (USBDC_EndpBufPtr[port][devinx][endpinx]+OUT_BUF_OFFSET+USBDC_Device[devinx].EndpMaxSize[endpin
             -x]);
  63   2          else
  64   2            *bufp = USBDC_EndpBufPtr[port][devinx][endpinx]+OUT_BUF_OFFSET;
  65   2        }
  66   1      
  67   1      } 
  68          
  69          /* ----------------------------------------------------------------------------
  70           * ----------------------------------------------------------------------------
  71           * U16_T USBDC_HAL_Endp_Buf_Length_Write()
  72           * Purpose : When Endp has get a Out transaction, then get the buffer content
  73           * Params  : none
  74           * Returns : none
  75           * Note    : none
  76           * ----------------------------------------------------------------------------
  77           * ----------------------------------------------------------------------------
  78           */
  79          void USBDC_HAL_Endp_Buf_Length_Write(U8_T len,U8_T port,U8_T devinx,U8_T endpinx,U8_T dir)
  80          {
  81   1        bit   double_buffer_flag;
  82   1        U8_T  *p;
  83   1      
  84   1        p =  USBDC_EndpBufPtr[port][devinx][endpinx];
  85   1        if (USBDC_Device[devinx].EndpAddr[endpinx] & USBDC_TABLE_DOUBF_MASK)
  86   1          double_buffer_flag = 1;
  87   1        else
  88   1          double_buffer_flag = 0;
  89   1      
  90   1        if (dir == USBDC_DIR_OUT)
  91   1        {
  92   2          *p = len;  //single or double buffer-byte0 is always the buffer length byte
  93   2        }
  94   1        else
  95   1        {
  96   2          if (double_buffer_flag)
  97   2            *(p+IN_BUF_LEN_OFFSET) = len;
  98   2          else
  99   2            *p = len;  //single buffer, the byte 0, is alsways buffer length byte
 100   2        }
 101   1      }
 102          
 103          /* ----------------------------------------------------------------------------
C51 COMPILER V9.60.7.0   USBDC_HAL                                                         06/23/2026 16:04:44 PAGE 3   

 104           * U16_T USBDC_HAL_Endp_Buf_Length_Read()
 105           * Purpose : When Endp has get a Out transaction, then get the buffer content
 106           * Params  : none
 107           * Returns : none
 108           * Note    : none
 109           * ----------------------------------------------------------------------------*/
 110          U8_T USBDC_HAL_Endp_Buf_Length_Read(U8_T port,U8_T devinx,U8_T endpinx,U8_T dir)
 111          {
 112   1        bit   double_buffer_flag;
 113   1        U8_T  *p;
 114   1        U8_T  len = 0;
 115   1      
 116   1        p = USBDC_EndpBufPtr[port][devinx][endpinx];
 117   1        if (USBDC_Device[devinx].EndpAddr[endpinx] & USBDC_TABLE_DOUBF_MASK)
 118   1          double_buffer_flag = 1;
 119   1        else
 120   1          double_buffer_flag = 0;
 121   1      
 122   1        if (dir == USBDC_DIR_OUT)
 123   1        {
 124   2          len = *p;  //single buffer-byte0 is always the buffer length byte
 125   2        }
 126   1        else
 127   1        {
 128   2          if (double_buffer_flag)
 129   2            len = *(p+IN_BUF_LEN_OFFSET);
 130   2          else
 131   2            len = *p;  //single buffer-byte0 is always the buffer length byte
 132   2        }
 133   1      
 134   1        return len;
 135   1      } 
 136          
 137          /* ----------------------------------------------------------------------------
 138           * U16_T USBDC_HAL_Endp_In_Read(void)
 139           * Purpose : When Endp has get a Out transaction, then get the buffer content
 140           * Params  : none
 141           * Returns : none
 142           * Note    : none
 143           * ---------------------------------------------------------------------------- */
 144          U16_T USBDC_HAL_Endp_Out_Buf_Copy(U8_T *buf,U8_T port,U8_T devinx,U8_T endpinx,U8_T isSetup)
 145          {
 146   1        U16_T len,index;
 147   1        U8_T *p;
 148   1      
 149   1        len = USBDC_HAL_Endp_Buf_Length_Read(port,devinx,endpinx,USBDC_DIR_OUT);
 150   1        USBDC_HAL_Endp_Buf_Ptr(&p,port,devinx,endpinx,USBDC_DIR_OUT);
 151   1      
 152   1        if (isSetup && len > 8)
 153   1        {
 154   2          len = 8;
 155   2        }
 156   1      
 157   1        for (index = 0; index < len ; index++)
 158   1        {
 159   2          buf[index] = p[index];
 160   2        }
 161   1      
 162   1        return len;
 163   1      }
 164          
 165          /* ---------------------------------------------------------------------------- 
C51 COMPILER V9.60.7.0   USBDC_HAL                                                         06/23/2026 16:04:44 PAGE 4   

 166           * U16_T USBDC_HAL_Endp_In_Buf_Move(U8_T *buf,U8_T port,U8_T insr)
 167           * Purpose : When Endp has get a Out transaction, then get the buffer content
 168           * Params  : none
 169           * Returns : none
 170           * Note    : For Control Endp & Double Endp,The Byte0-Buffer0 Len,Byte1-Bufer1 Len
 171           *           For Single Endp,The first byte is always the lengt of buffer,(but still
 172           *           2 bytes length header)
 173           * ---------------------------------------------------------------------------- */
 174          void USBDC_HAL_Endp_In_Buf_Move(U8_T *buf,U8_T len,U8_T port,U8_T devinx,U8_T endpinx)
 175          {
 176   1        idata index;
 177   1        U8_T *p;
 178   1        
 179   1        //1.Get Device Index & Endp Index
 180   1        //2.Copy the Length Byte into IN buffer 
 181   1        USBDC_HAL_Endp_Buf_Ptr(&p,port,devinx,endpinx,USBDC_DIR_IN);
 182   1        for (index = 0; index < len ; index++)
 183   1        {
 184   2          p[index] = buf[index];
 185   2        }
 186   1        
 187   1        //3.Save Lenght into In buffer length byte
 188   1        USBDC_HAL_Endp_Buf_Length_Write(len,port,devinx,endpinx,USBDC_DIR_IN);
 189   1      }
 190          
 191          /* ---------------------------------------------------------------------------- 
 192           * U16_T USBDC_HAL_Address_Active(U8_T port,U8_T devinx,U8_T address)
 193           * Purpose : 
 194           * Params  : none
 195           * Returns : none
 196           * Note    : none 
 197           * ----------------------------------------------------------------------------*/
 198          void USBDC_HAL_Address_Active(U8_T port,U8_T devinx,FlagStatus state)
 199          {
 200   1        USBDC_REGS_Address_Active(port,devinx,state);
 201   1      }
 202          
 203          /*----------------------------------------------------------------------------
 204           * U16_T USBDC_HAL_Endp_Stalled(U8_T port,U8_T devinx,U8_T endpinx)
 205           * Purpose : When Endp has get a Out transaction, then get the buffer content
 206           * Params  : none
 207           * Returns : none
 208           * Note    : none 
 209           *----------------------------------------------------------------------------*/
 210          void USBDC_HAL_Endp_Stalled(U8_T port,U8_T devinx,U8_T endpinx)
 211          {
 212   1        USBDC_Device[devinx].Endp_Stall[port] |= (0x01 << endpinx);
 213   1        USBDC_REGS_Endp_ControlSet(port,devinx,endpinx,DA_CR_STALL_SET);
 214   1      }
 215          
 216          /*----------------------------------------------------------------------------
 217           * U16_T USBDC_HAL_Convert_Setup_Value
 218           * Purpose : convert the value,index,length into big endian byte order
 219           * Params  : none
 220           * Returns : none
 221           * Note    : none 
 222           *----------------------------------------------------------------------------*/
 223          void USBDC_HAL_Convert_Setup_Value(U8_T *setup)
 224          {
 225   1        U8_T temp0,temp1;
 226   1        
 227   1        temp0 = setup[2];
C51 COMPILER V9.60.7.0   USBDC_HAL                                                         06/23/2026 16:04:44 PAGE 5   

 228   1        temp1 = setup[3];
 229   1        setup[2] = temp1;
 230   1        setup[3] = temp0;
 231   1        
 232   1        temp0 = setup[4];
 233   1        temp1 = setup[5];
 234   1        setup[4] = temp1;
 235   1        setup[5] = temp0;
 236   1        
 237   1        temp0 = setup[6];
 238   1        temp1 = setup[7];
 239   1        setup[6] = temp1;
 240   1        setup[7] = temp0;
 241   1      }
 242          
 243          /*----------------------------------------------------------------------------
 244           * void USBDC_HAL_Port_Suspend
 245           * Purpose : Suspend the USB DC port
 246           * Params  : none
 247           * Returns : none
 248           * Note    : none 
 249           *----------------------------------------------------------------------------*/
 250          void USBDC_HAL_Port_Suspend(U8_T port)
 251          {
 252   1        U8_T reg;
 253   1        
 254   1        USBDC_Read_Regs(port, DCCR, &reg, 1);
 255   1        reg |= DC_CR_SUSP_SET;
 256   1        USBDC_Write_Regs(port, DCCR, &reg, 1);
 257   1      }
 258          
 259          /*----------------------------------------------------------------------------
 260           * void USBDC_HAL_Port_Resume
 261           * Purpose : Resume the USB DC port
 262           * Params  : none
 263           * Returns : none
 264           * Note    : none 
 265           *----------------------------------------------------------------------------*/
 266          void USBDC_HAL_Port_Resume(U8_T port)
 267          {
 268   1        U8_T reg;
 269   1      
 270   1        USBDC_Read_Regs(port, DCCR, &reg, 1);
 271   1        reg |= DC_CR_RESUM_SET;
 272   1        USBDC_Write_Regs(port, DCCR, &reg, 1);
 273   1      }
 274          
 275          /*----------------------------------------------------------------------------
 276           * void USBDC_HAL_Port_Check_SOF
 277           * Purpose : Check SOF received from the assigned USB DC port
 278           * Params  : none
 279           * Returns : none
 280           * Note    : none 
 281           *----------------------------------------------------------------------------*/
 282          U8_T USBDC_HAL_Port_Check_SOF(U8_T port)
 283          {
 284   1        U8_T reg[2];
 285   1      
 286   1        USBDC_Read_Regs(port, DCFMR, &reg, 2);
 287   1        
 288   1        return ((reg[1] & DC_FMR_LCK_MASK) ? 1 : 0);
 289   1      }
C51 COMPILER V9.60.7.0   USBDC_HAL                                                         06/23/2026 16:04:44 PAGE 6   

 290          
 291          #if (PROJECT_USB_GENERIC_HID_ENABLE)
 292          /*----------------------------------------------------------------------------
 293           * void USB_HAL_Alloc_Free_VDevice
 294           * Purpose : get a free virtual devcie table index
 295           * Params  : none
 296           * Returns : none
 297           * Note    : none 
 298           *----------------------------------------------------------------------------*/
 299          RESULT USB_HAL_Alloc_Free_VDevice(U8_T *devinx)
 300          {
 301   1        U8_T index;
 302   1        
 303   1        for (index=0; index < USBDC_DEVICE_MAX ; index++)
 304   1        {
 305   2          if ((USBDC_Device[index].DevIdx & DC_USED_MASK) == 0)
 306   2          {
 307   3            *devinx = index;
 308   3            memset(&USBDC_Device[index],0x00,sizeof(USBDC_DeviceTypeDef));
 309   3            USBDC_Device[index].DevIdx |= DC_USED_MASK;
 310   3            return USB_SUCCESS;
 311   3          }
 312   2        }
 313   1        
 314   1        return USB_ERROR;
 315   1      }
 316          #endif /* PROJECT_USB_GENERIC_HID_ENABLE */
 317          
 318          /*----------------------------------------------------------------------------
 319           * U16_T USBDC_HAL_Malloc_Device_Endpx
 320           * Purpose : Init the Endp Buffer & relative Registers
 321           * Params  : none
 322           * Returns : none
 323           * Note    : none 
 324           *----------------------------------------------------------------------------*/
 325          void USBDC_HAL_Malloc_Device_Endpx(U8_T devinx,U8_T endpinx,U8_T enpdaddr,U8_T endpatri,U16_T maxpackzie)
 326          {
 327   1        U8_T  up;
 328   1        U8_T  *bf;
 329   1        U16_T bf_len;
 330   1        U32_T iaddr;
 331   1        
 332   1        //1.Caculate Data buffer length
 333   1        if (endpatri & USBDC_TABLE_DOUBF_MASK)
 334   1        {
 335   2          bf_len = (maxpackzie << 1) + 2; // for Control 
 336   2          
 337   2          //Only work with DC can assign the iso buffer into HC TD Buffer
 338   2      #if (SYSTEM_USBAUDIO_DEVICE_SUPPORT)
                  if (endpatri & USBDC_TABLE_ISO_MASK)
                  {
                    bf_len += 8 ; // for ISO In & Out Endpoint buffer
                  }
              #endif
 344   2        }
 345   1        else
 346   1          bf_len = maxpackzie + 2; // for Control 
 347   1      
 348   1        //3.Malloc buffer 
 349   1        USBDC_Device[devinx].EndpMaxSize[endpinx]     = maxpackzie;   
 350   1        USBDC_Device[devinx].EndpAddr[endpinx]        = (enpdaddr & 0x0f) | endpatri;   // Control Endpoint Buffe
             -r0
C51 COMPILER V9.60.7.0   USBDC_HAL                                                         06/23/2026 16:04:44 PAGE 7   

 351   1        
 352   1        //3.Fill up USBDC Index Table & Register
 353   1        for (up=0; up < USBDC_PORT_MAX; up++)
 354   1        {
 355   2          //2.Malloc buffer 
 356   2      #if (SYSTEM_USBAUDIO_DEVICE_SUPPORT)
                  if (endpatri & USBDC_TABLE_ISO_MASK)
                  {
                    if (endpatri & USBDC_TABLE_DIR_IN_MASK) // IN
                    {
                      bf =  HCTD_Table.ISTL[USB_HC_ISTL_OUT_MAX].Buf;
                      USBHC_Audio_In_Endpinx = endpinx;
                      USBHC_Audio_IN_Flag = 1; //inform the audio in
                    }
                    else // OUT
                    {
              #if (SYSTEM_EXTENDER_TRANSMITTER)
                      // HC port-0
                      bf = ETDR_AudioOutBuf[0] + sizeof(Extender_Data_Packet_Def);
                      ETDR_AudioOutHead = 0;
                      ETDR_AudioOutTail = 0;
                      ETDR_AudioOutTailSkipFlag = 0;
                      ETDR_AudioInHead = 0;
                      ETDR_AudioInTail = 0;
                      ETDR_AudioInDcDoingFlag = 0;
              #else
                      bf =  HCTD_Table.ISTL[0].Buf;
              #endif
                      USBHC_Audio_Out_Endpinx = endpinx;
                    }
                  }
                  else
              #endif
 384   2          {
 385   3      #if ((SYSTEM_MSC_DEVICE_SUPPORT) || (SYSTEM_USB_PEN_DRIVE_SUPPORT) || (SYSTEM_EXTENDER_MSC_SUPPORT))
                    if (USB_PDevice[devinx].DevClass == USB_MSC_CLASS)
                    {
                      bf = 0;
              #if (SYSTEM_MSC_DEVICE_SUPPORT || SYSTEM_EXTENDER_MSC_SUPPORT)
              #if (SYSTEM_USB_HC_BURST)
              #if (SYSTEM_EXTENDER_TRANSMITTER)
                      if (devinx == EXTENDER_MSC_Devinx)
                      {
                        if (up > 0)
                        {
                          bf = USBDC_EndpBufPtr[0][devinx][endpinx];
                        }
                        else
                        {
                          if ((USBDC_Device[devinx].EndpType[endpinx] & USB_EP_TYPE_MASK) == USB_EP_TYPE_BULK) // enable the B
             -urst Mode endpoint
                          {
                            // For Bulk Burst Mode
                            if (endpatri & USBDC_TABLE_DIR_IN_MASK) // IN
                            {
                              USB_PDevice[devinx].MSC->In_Endpinx  = endpinx;
                              USB_PDevice[devinx].MSC->In_EndpAddr = enpdaddr;
                              bf = EXTENDER_MSC_BulkInBuf[0].bBuf;
                            }
                            else // OUT
                            {
                              USB_PDevice[devinx].MSC->Out_Endpinx = endpinx;
C51 COMPILER V9.60.7.0   USBDC_HAL                                                         06/23/2026 16:04:44 PAGE 8   

                              USB_PDevice[devinx].MSC->Out_EndpAddr = enpdaddr;
                              bf = EXTENDER_MSC_BulkOutBuf[0].bBuf;
                            }
                            //~~~~~~~~~~~~~~~~~~~~~~~~~~~~~~~~~~~~~~~~~~~~~~~~~~~~~~~~~~~~~~~~~~~~~
                            //indicate Burst Mode used
                            USBDC_Device[devinx].EndpAddr[endpinx] |= USBDC_TABLE_BURST_MASK; //indicate the burst mode
                            //End of Burst Mode used
                            //~~~~~~~~~~~~~~~~~~~~~~~~~~~~~~~~~~~~~~~~~~~~~~~~~~~~~~~~~~~~~~~~~~~~~
                            //Fill Up the length for Burst Mode
                            bf[0] = (U8_T)(EXTENDER_MSC_BURST_SIZE & 0x00FF);
                            bf[1] = (U8_T)(EXTENDER_MSC_BURST_SIZE >> 8);
                          }
                          else
                          {
                            // not for Bulk transfer
                            bf = m_malloc(bf_len,21);
                          }
                        }
                      }
              #else //For (SYSTEM_EXTENDER_RECEIVER)
                      if (devinx == USBHC_MSC_Devinx)
                      {
                        if (up > 0)
                        {
                          bf = USBDC_EndpBufPtr[0][devinx][endpinx];
                        }
                        else
                        {
                          if ((USBDC_Device[devinx].EndpType[endpinx] & USB_EP_TYPE_MASK) == USB_EP_TYPE_BULK) // enable the B
             -urst Mode endpoint
                          {
                            // For Bulk Burst Mode
                            if (endpatri & USBDC_TABLE_DIR_IN_MASK) // IN
                            {
                              USBHC_MSC_PingPongIn_ID = USB_HC_MSC_BURST_IN_TD0; // start from first In TD
                              USB_PDevice[devinx].MSC->In_Endpinx  = endpinx;
                              USB_PDevice[devinx].MSC->In_EndpAddr = enpdaddr;
                              bf = HCTD_Table.BULK[USB_HC_MSC_BURST_IN_TD0 - USB_HC_MSC_START].Buf;
                            }
                            else // OUT
                            {
                              USBHC_MSC_PingPongOut_ID = USB_HC_MSC_BURST_OUT_TD0; // start from first Out TD
                              USB_PDevice[devinx].MSC->Out_Endpinx = endpinx;
                              USB_PDevice[devinx].MSC->Out_EndpAddr = enpdaddr;
                              bf = HCTD_Table.BULK[USB_HC_MSC_BURST_OUT_TD0 - USB_HC_MSC_START].Buf;
                            }
                            //~~~~~~~~~~~~~~~~~~~~~~~~~~~~~~~~~~~~~~~~~~~~~~~~~~~~~~~~~~~~~~~~~~~~~
                            //indicate Burst Mode used
                            USBDC_Device[devinx].EndpAddr[endpinx] |= USBDC_TABLE_BURST_MASK; //indicate the burst mode
                            //End of Burst Mode used
                            //~~~~~~~~~~~~~~~~~~~~~~~~~~~~~~~~~~~~~~~~~~~~~~~~~~~~~~~~~~~~~~~~~~~~~
                            //Fill Up the length for Burst Mode
                            bf[0] = USB_HC_BULK_BLK_SIZE_LSB;
                            bf[1] = USB_HC_BULK_BLK_SIZE_MSB;
                          }
                          else
                          {
                            // not for Bulk transfer
                            bf = m_malloc(bf_len,22);
                          }
                        }
                      }
C51 COMPILER V9.60.7.0   USBDC_HAL                                                         06/23/2026 16:04:44 PAGE 9   

              #endif //#if (SYSTEM_EXTENDER_TRANSMITTER)
              #else // Non (SYSTEM_USB_HC_BURST)
              #if (SYSTEM_EXTENDER_TRANSMITTER)
                      if (devinx == EXTENDER_MSC_Devinx)
              #else
                      if (devinx == USBHC_MSC_Devinx)
              #endif
                      {
                        if (up > 0)
                        {
                          bf = USBDC_EndpBufPtr[0][devinx][endpinx];
                        }
                        else
                        {
                          bf = m_malloc(bf_len,23);
                        }
                      }
              #endif /*(SYSTEM_USB_HC_BURST)*/
              #endif //#if (SYSTEM_MSC_DEVICE_SUPPORT || SYSTEM_EXTENDER_MSC_SUPPORT)
                
              #if (SYSTEM_USB_PEN_DRIVE_SUPPORT)
                      if (devinx == USBDC_VMSC_DEVINX)
                      {
                        if (up > 0)
                        {
                          bf = USBDC_EndpBufPtr[0][devinx][endpinx];
                        }
                        else
                        {
                          bf = m_malloc(bf_len,24);
                        }
                      }
              
              #endif //End of (SYSTEM_USB_PEN_DRIVE_SUPPORT)
                    }
                    else
                    {
                      bf = m_malloc(bf_len,25);
                    }
              #else
 513   3            bf  = m_malloc(bf_len,26);
 514   3      #endif // End of (SYSTEM_MSC_DEVICE_SUPPORT)  || (SYSTEM_USB_PEN_DRIVE_SUPPORT)
 515   3          }
 516   2          
 517   2          //3-1 Fill up index table
 518   2          if (bf != NULL)
 519   2          {
 520   3            iaddr = bf;
 521   3            USBDC_Index[up][devinx][endpinx].Endp_Addr_Lsb = iaddr & 0x00ff;  // endpoint0 address
 522   3            USBDC_Index[up][devinx][endpinx].Endp_Addr_Msb = (iaddr & 0xff00) >> 8;  // endpoint0 address
 523   3            USBDC_EndpBufPtr[up][devinx][endpinx] = bf;
 524   3            
 525   3      #if ((SYSTEM_MSC_DEVICE_SUPPORT || SYSTEM_EXTENDER_MSC_SUPPORT) && (SYSTEM_USB_HC_BURST == 0))
                    if ((up == 0) && (USB_PDevice[devinx].DevClass == USB_MSC_CLASS))
                    {
                      if ((USBDC_Device[devinx].EndpType[endpinx] & USB_EP_TYPE_MASK) == USB_EP_TYPE_BULK) // enable the end
             -point
                      {
                        if (endpatri & USBDC_TABLE_DIR_IN_MASK) // IN
                        {
                          iaddr = bf+2;
                          USB_PDevice[devinx].MSC->In_Buf[0].lsb = iaddr & 0x00ff;
C51 COMPILER V9.60.7.0   USBDC_HAL                                                         06/23/2026 16:04:44 PAGE 10  

                          USB_PDevice[devinx].MSC->In_Buf[0].msb = (iaddr & 0xff00) >> 8;
                          
                          iaddr = bf+maxpackzie+2;
                          USB_PDevice[devinx].MSC->In_Buf[1].lsb = iaddr & 0x00ff;
                          USB_PDevice[devinx].MSC->In_Buf[1].msb = (iaddr & 0xff00) >> 8;
                          
                          USB_PDevice[devinx].MSC->In_Len[0] = bf;
                          USB_PDevice[devinx].MSC->In_Len[1] = bf+1;
                          USB_PDevice[devinx].MSC->In_Endpinx= endpinx;
                          USB_PDevice[devinx].MSC->In_EndpAddr= enpdaddr;
                        }
                        else // OUT
                        {
                          iaddr = bf+2;
                          USB_PDevice[devinx].MSC->Out_Buf[0].lsb = iaddr & 0x00ff;;
                          USB_PDevice[devinx].MSC->Out_Buf[0].msb = (iaddr & 0xff00) >> 8;
                          
                          iaddr = bf+maxpackzie+2;
                          USB_PDevice[devinx].MSC->Out_Buf[1].lsb = iaddr & 0x00ff;
                          USB_PDevice[devinx].MSC->Out_Buf[1].msb = (iaddr & 0xff00) >> 8;
                          
                          USB_PDevice[devinx].MSC->Out_Len[0] = bf;
                          USB_PDevice[devinx].MSC->Out_Len[1] = bf+1;
                          USB_PDevice[devinx].MSC->Out_Endpinx= endpinx;
                          USB_PDevice[devinx].MSC->Out_EndpAddr= enpdaddr;
                        }
                      }
                    }
              #endif // End of (SYSTEM_MSC_DEVICE_SUPPORT)
 563   3          }
 564   2          //else
 565   2          //{
 566   2          //  printf("!!! ERROR !!!==>Memory Alloc Error,DevInx:%d,Port:%d,Endpinx:%d \n\r",(U16_T)devinx,(U16_T)up
             -,(U16_T)endpinx);
 567   2          //}
 568   2        }
 569   1      }
 570          
 571          /* End of usbdc_hal.c */


MODULE INFORMATION:   STATIC OVERLAYABLE
   CODE SIZE        =   1760    ----
   CONSTANT SIZE    =   ----    ----
   XDATA SIZE       =   ----      74
   PDATA SIZE       =   ----    ----
   DATA SIZE        =   ----    ----
   IDATA SIZE       =   ----       2
   BIT SIZE         =   ----       3
   EDATA SIZE       =   ----    ----
   HDATA SIZE       =   ----    ----
   XDATA CONST SIZE =   ----    ----
   FAR CONST SIZE   =   ----    ----
END OF MODULE INFORMATION.


C51 COMPILATION COMPLETE.  0 WARNING(S),  0 ERROR(S)
