C51 COMPILER V9.60.7.0   USBDC_VHID                                                        06/23/2026 16:04:45 PAGE 1   


C51 COMPILER V9.60.7.0, COMPILATION OF MODULE USBDC_VHID
OBJECT MODULE PLACED IN .\usbdc_vhid.obj
COMPILER INVOKED BY: C:\Users\Administrator\AppData\Local\Keil_v5\C51\BIN\C51.EXE ..\Src\usbdc\usbdc_hid\usbdc_vhid.c LA
                    -RGE OMF2 ROM(D16M) OPTIMIZE(9,SIZE) BROWSE NOAREGS INCDIR(..\src\main\;..\src\cpu\;..\src\flash\;..\src\uart\;..\src\swd
                    -ma\;..\src\mstimer\;..\src\i2c\;..\src\spi\;..\src\task_man\;..\src\project\;..\Src\ps2_host;..\Src\console_edid;..\Src\
                    -storage;..\Src\data_stream;..\Src\kvm_control\kvm_hotkey;..\Src\kvm_control\kvm_console;..\Src\kvm_control\kvm_button;..
                    -\Src\kvm_control\kvm_edid;..\Src\kvm_control\kvm_buzzer;..\src\gpio\;..\Src\hardware_ps2;..\Src\usbdc;..\Src\usbdc\usbdc
                    -_virtual;..\Src\usb_std;..\Src\usbhc;..\Src\kvm_control\power_saving;..\Src\usbhc\MSC;..\Src\usbhc\AUDIO;..\Src\usbhc\HU
                    -B;..\Src\usbhc\HID;..\Src\usbhc\HID_PARSER;..\Src\usbhc\ROOT_HUB;..\Src\usbdc\usbdc_hub;..\Src\usbdc\usbdc_hid;..\Src\kv
                    -m_control\kvm_storage\spi_flash;..\Src\usbdc\usbdc_msc\usb_scsi;..\Src\usbdc\usbdc_msc;..\Src\handler\logitech;..\Src\ha
                    -ndler\A4_Tech;..\Src\usbdc\usbdc_vendor;..\Src\hsur;..\Src\extender\core;..\Src\extender\receiver;..\Src\uart_console;..
                    -\Src\kvm_control\km_sync;..\Src\hsur;..\Src\kvm_control\km_log;..\Src\kvm_control\km_api;..\Src\kvm_control\kvm_ir;..\Sr
                    -c\kvm_control\kvm_rtc;..\Src\i2c;..\Src\kvm_control\kvm_multiview) STRING(FAR) DEFINE(RuntimeCodeAt0KH,MCU_TYPE_AX68004,
                    -KVM,HC_TIMEOUT=10000,VHID,HID_PARSER_CORE_KB,HID_PARSER_CORE_MS,API,NO_AUDIO,NO_MSC,NO_EDID,HUART_BAUD=HUART_115K,SYNC,C
                    -ROSS_JUMP_MAP0,VPID_CHANGER,SYNC_KB_HOTKEY,SYNC_MS_HOTKEY,REPEAT_MODE=1,HSUART,MULTIVIEW) VARBANKING DEBUG PRINT(.\usbdc
                    -_vhid.lst) TABS(2) OBJECT(.\usbdc_vhid.obj)

line level    source

   1          /*
   2           ******************************************************************************
   3           *     Copyright (c) 2014 ASIX Electronic Corporation      All rights reserved.
   4           *
   5           *     This is an proprietary source code of ASIX Electronic Corporation
   6           *
   7           *     The copyright notice above does not evidence any actual or intended
   8           *     publication of such source code.
   9           ******************************************************************************
  10           */
  11           /*============================================================================
  12           * Module Name: usbdc_vhid.c
  13           * Purpose:
  14           * Author:
  15           * Date:
  16           * Notes:
  17           *=============================================================================
  18            Offset Field         Size Value Description 
  19           ------ ------------- ---- -----------------------------------------------------
  20           0      bmRequestType   1  Bit-Map D7 Data Phase Transfer Direction
  21                                        0 = Host to Device
  22                                        1 = Device to Host
  23                                     D6..5 Type
  24                                        0 = Standard
  25                                        1 = Class
  26                                        2 = Vendor
  27                                        3 = Reserved
  28                                     D4..0 Recipient
  29                                        0 = Device
  30                                        1 = Interface
  31                                        2 = Endpoint
  32                                        3 = Other
  33                                        4..31 = Reserved
  34                    
  35           
  36           */
  37          
  38          /* INCLUDE FILE SECTION               */
  39          #include <string.h>
  40          #include "project_include.h"
  41          
  42          #if (PROJECT_USB_GENERIC_HID_ENABLE)
C51 COMPILER V9.60.7.0   USBDC_VHID                                                        06/23/2026 16:04:45 PAGE 2   

  43          /* NAMING CONSTANT DECLARATIONS           */
  44          code  U8_T USBDC_UPORT[]={BIT0,BIT1,BIT2,BIT3};
  45          
  46          /* GLOBAL VARIABLES DECLARATIONS          */
  47          U8_T USBDC_HID_ENPx_Data_Wait_Flag[3];
  48          U8_T USBDC_HID_Inttid[3]; //for interface & endpoint 1,2,3
  49          #ifdef VPID_CHANGER
  50          USBHC_DevDesc_TypeDef Ran_Desc[USBDC_PORT_MAX];
  51          #endif
  52          /* LOCAL VARIABLES DECLARATIONS           */
  53          /* LOCAL SUBPROGRAM DECLARATIONS          */
  54          /* EXTERNAL GLOBAL VARIABLES DECLARATIONS */
  55          /* EXTERNAL SUBPROGRAM DECLARATIONS       */
  56          
  57          /*
  58           * ----------------------------------------------------------------------------
  59           * Function Name: USBDC_VHid_Init
  60           * Purpose: Initial the usb virtual generic hid
  61           * Params:  NONE
  62           * Returns: NONE
  63           * Note:
  64           * ----------------------------------------------------------------------------
  65           */
  66          void USBDC_VHid_Init(void)
  67          {
  68   1        U8_T          pdevinx,port=0;
  69   1        USBHC_DevDesc_TypeDef *devsc;
  70   1        
  71   1        /*01.Initial Data Read Flag  */
  72   1      #if (PROJECT_USB_GENERIC_HID_ENABLE)
  73   1        USBDC_HID_ENPx_Data_Wait_Flag[USBDC_VHID_KB_ENDP_NUM] = 0x0f;
  74   1        USBDC_HID_ENPx_Data_Wait_Flag[USBDC_VHID_MS_ENDP_NUM] = 0x0f;
  75   1      #endif
  76   1        
  77   1        /*02.Generate the Device Table                            */
  78   1        USB_HAL_Alloc_Free_VDevice(&pdevinx);
  79   1        USBDC_HAL_Malloc_Device_Endpx(pdevinx,0,0,USBDC_TABLE_DOUBF_MASK,USBDC_VHID_MAX_ENDP0_SIZE);
  80   1        USBDC_HAL_Malloc_Device_Endpx(pdevinx,1,1,USBDC_TABLE_DIR_IN_MASK,USBDC_VHID_MAX_ENDP1_SIZE);
  81   1        USBDC_HAL_Malloc_Device_Endpx(pdevinx,2,2,USBDC_TABLE_DIR_IN_MASK,USBDC_VHID_MAX_ENDP2_SIZE);
  82   1      #if (VHID_INTERFACE_NUM==2) 
                USBDC_Device[USBDC_VHID_DEVINX].EndpNum = 3;     //Contain 2 endpoint buffers
              #endif  
  85   1      
  86   1      #if (VHID_INTERFACE_NUM==3) 
  87   1        USBDC_HAL_Malloc_Device_Endpx(pdevinx,3,3,USBDC_TABLE_DIR_IN_MASK,USBDC_VHID_MAX_ENDP3_SIZE);
  88   1        USBDC_Device[USBDC_VHID_DEVINX].EndpNum = 4;     //Contain 2 endpoint buffers
  89   1      #endif    
  90   1        memset(&USBDC_Device[USBDC_VHID_DEVINX].VirHubNum[0],USBDC_VHID_PORT_NUM+1,USBDC_PORT_MAX);
  91   1      
  92   1        //PD table Handle
  93   1        USB_HAL_Alloc_Free_PDevice(&pdevinx, 0xFF); //Get a free device table in USB Devcie Table
  94   1        //Init PVID/VID of virtual HID device descriptor
  95   1        devsc = (USBHC_DevDesc_TypeDef *) &VHID_DeviceDescriptor;
  96   1        
  97   1        #ifdef VPID_CHANGER
  98   1        for (port=0; port < USBDC_PORT_MAX; port++)
  99   1        {
 100   2          memcpy(&Ran_Desc[port],devsc,sizeof(USBHC_DevDesc_TypeDef));    
 101   2        }   
 102   1        #endif
 103   1      #if (SYSTEM_STORAGE_FLASH)
 104   1        //From flash
C51 COMPILER V9.60.7.0   USBDC_VHID                                                        06/23/2026 16:04:45 PAGE 3   

 105   1        devsc->idVendor = USBDC_VIRTUAL_HwConfig.vendorID;
 106   1        devsc->idProduct = USBDC_VIRTUAL_HwConfig.vHIDProductID;
 107   1      #endif
 108   1        //printf("[Virtual HID] VID = %04x, PID = %04x\n\r",
 109   1        //    Big_Endian_16_Convert(devsc->idVendor),
 110   1        //    Big_Endian_16_Convert(devsc->idProduct));
 111   1      
 112   1        USBDC_VIRTUAL_Create_DeviceDesc(pdevinx,VHID_DeviceDescriptor);
 113   1        
 114   1      #if (VHID_INTERFACE_NUM==3) 
 115   1        //HID Report0 Descriptor
 116   1        USB_PDevice[pdevinx].Desc[HID0_REPORT].Len = sizeof(VHID_ReportDescriptor);
 117   1        USB_PDevice[pdevinx].Desc[HID0_REPORT].Ptr = VHID_ReportDescriptor;
 118   1        //HID Report1 Descriptor
 119   1        USB_PDevice[pdevinx].Desc[HID1_REPORT].Len = sizeof(VHID_Report2Descriptor);
 120   1        USB_PDevice[pdevinx].Desc[HID1_REPORT].Ptr = VHID_Report2Descriptor;
 121   1        //HID Report2 Descriptor
 122   1        USB_PDevice[pdevinx].Desc[HID2_REPORT].Len = sizeof(VHID_Report3Descriptor);
 123   1        USB_PDevice[pdevinx].Desc[HID2_REPORT].Ptr = VHID_Report3Descriptor;
 124   1      #endif
 125   1        
 126   1      #if (VHID_INTERFACE_NUM==2) 
                //HID Report0 Descriptor
                USB_PDevice[pdevinx].Desc[HID0_REPORT].Len = sizeof(VHID_ReportDescriptor);
                USB_PDevice[pdevinx].Desc[HID0_REPORT].Ptr = VHID_ReportDescriptor;
                //HID Report1 Descriptor
                USB_PDevice[pdevinx].Desc[HID1_REPORT].Len = sizeof(VHID_Report2Descriptor);
                USB_PDevice[pdevinx].Desc[HID1_REPORT].Ptr = VHID_Report2Descriptor;
              #endif
 134   1      
 135   1      #if (VHID_INTERFACE_NUM==1)
                #if (VHID_ENUMERATE_KB)
                  USB_PDevice[pdevinx].Desc[HID0_REPORT].Len = sizeof(VHID_ReportDescriptor);
                  USB_PDevice[pdevinx].Desc[HID0_REPORT].Ptr = VHID_ReportDescriptor;
                #endif
                
                #if (VHID_ENUMERATE_MS)   
                  USB_PDevice[pdevinx].Desc[HID0_REPORT].Len = sizeof(VHID_Report2Descriptor);
                  USB_PDevice[pdevinx].Desc[HID0_REPORT].Ptr = VHID_Report2Descriptor;
                #endif
              #endif
 146   1      
 147   1        //Langid
 148   1        USB_PDevice[pdevinx].Desc[LANG_ID].Len = VHID_SIZ_STRING_LANGID;
 149   1        USB_PDevice[pdevinx].Desc[LANG_ID].Ptr = VHID_StringLangID;
 150   1        //Vendier ID String
 151   1        USB_PDevice[pdevinx].Desc[VENDOR_ID].Len = VHID_SIZ_STRING_VENDOR;
 152   1        USB_PDevice[pdevinx].Desc[VENDOR_ID].Ptr = VHID_StringVendor;   
 153   1        //Product String
 154   1        USB_PDevice[pdevinx].Desc[PRODUCT_ID].Len = VHID_StringProduct[0];
 155   1        USB_PDevice[pdevinx].Desc[PRODUCT_ID].Ptr = VHID_StringProduct;   
 156   1        //Serial String
 157   1        USB_PDevice[pdevinx].Desc[SERIAL_ID].Len = VHID_StringSerial[0];
 158   1        USB_PDevice[pdevinx].Desc[SERIAL_ID].Ptr = VHID_StringSerial;
 159   1        
 160   1        USBDC_VIRTUAL_Create_ConfigDesc(pdevinx,VHID_ConfigDescriptor);
 161   1        
 162   1        /* Generate the USB Devcie Attribute */
 163   1      #if (VHID_INTERFACE_NUM == 1)
                USB_PDevice[pdevinx].Hid_SetIdle_Allow  = 0x01; //only allow keyboard interface to setidle
              #endif
 166   1      #if (VHID_INTERFACE_NUM == 2)
C51 COMPILER V9.60.7.0   USBDC_VHID                                                        06/23/2026 16:04:45 PAGE 4   

                USB_PDevice[pdevinx].Hid_SetIdle_Allow  = 0x03; //only allow keyboard/mouse interface to setidle
              #endif
 169   1      #if (VHID_INTERFACE_NUM == 3)
 170   1        USB_PDevice[pdevinx].Hid_SetIdle_Allow  = 0x07; //only allow keyboard/mouse interface to setidle
 171   1      #endif
 172   1      
 173   1        USB_PDevice[pdevinx].ConfigurationValue = 0x01; // Set current configuration Value   
 174   1        
 175   1        (USB_PDevice[USBDC_VHUB_DEVINX].HUB.ReportState+USBDC_VHID_PORT_NUM)->Devinx  = pdevinx;
 176   1        //Assing Port device index into root hub port information.
 177   1        USBDC_Device[USBDC_VHUB_DEVINX].VHub->PortStatus[0][USBDC_VHID_PORT_NUM].Devinx = USBDC_VHID_DEVINX;
 178   1        USBDC_Device[USBDC_VHUB_DEVINX].VHub->PortStatus[1][USBDC_VHID_PORT_NUM].Devinx = USBDC_VHID_DEVINX;
 179   1        USBDC_Device[USBDC_VHUB_DEVINX].VHub->PortStatus[2][USBDC_VHID_PORT_NUM].Devinx = USBDC_VHID_DEVINX;
 180   1        USBDC_Device[USBDC_VHUB_DEVINX].VHub->PortStatus[3][USBDC_VHID_PORT_NUM].Devinx = USBDC_VHID_DEVINX;
 181   1        USBDC_Virtual_Hub_Map[USBDC_VHID_PORT_NUM].HubPort_Devinx = pdevinx;
 182   1        USBDC_Virtual_Hub_Map[pdevinx].Devinx_HubPort = USBDC_VHID_PORT_NUM;
 183   1      
 184   1      #if (SYSTEM_EXTENDER_RECEIVER) || (SYSTEM_EXTENDER_TRANSMITTER)
                #ifdef ONEHID
                  USBHC_CORE_Build_INTL_Polling(pdevinx);
                #endif /* #ifdef ONEHID */
              #else
 189   1        #ifdef SYNC 
 190   1          USBHC_CORE_Build_INTL_Polling(pdevinx);
 191   1        #endif /* #ifdef SYNC */
 192   1      #endif /* #if (SYSTEM_EXTENDER_RECEIVER) || (SYSTEM_EXTENDER_TRANSMITTER) */
 193   1      }
 194          
 195          #if (PROJECT_USB_GENERIC_HID_ENABLE)
 196          /*******************************************************************************
 197          * Function Name  : USBDC_VHid_Class_GetReport.
 198          * Description    : for SETUP command only support Set Report,Get 
 199          * Input          : None.
 200          * Output         : None.
 201          * Return         : None.
 202          *******************************************************************************/
 203          RESULT USBDC_VHid_Class_GetReport(U8_T devinx,U8_T port)
 204          { 
 205   1        RESULT Result=USB_UNSUPPORT;
 206   1      
 207   1        if (wValue_H==0x03) //EP0_IN
 208   1        {
 209   2          if (wIndex_L == 0x01) // interface 1=>Mouse Interface
 210   2          {
 211   3            USBDC_Device[devinx].Ctrl_TotalByte[port] = 3; // report back 3 byte for standard mouse report
 212   3            USBDC_Device[devinx].Ctrl_CurrentByte[port] = 0;
 213   3            USBDC_Device[devinx].Control_EndpBuf[port] = &DATAST_Generic_USB_MS_Report[1];
 214   3          }
 215   2          Result=USB_SUCCESS;
 216   2        }
 217   1        else if (wValue_H==0x01) //INT_IN
 218   1        {
 219   2          USBDC_Device[devinx].Ctrl_TotalByte[port] = 0; // report back 3 byte for standard mouse report
 220   2          USBDC_Device[devinx].Ctrl_CurrentByte[port] = 0;
 221   2          USBDC_Device[devinx].Control_EndpBuf[port] = &DATAST_Generic_USB_MS_Report[1];
 222   2          Result=USB_SUCCESS; // return nothing
 223   2        }
 224   1        
 225   1        return Result;
 226   1      }
 227          
 228          /*******************************************************************************
C51 COMPILER V9.60.7.0   USBDC_VHID                                                        06/23/2026 16:04:45 PAGE 5   

 229          * Function Name  : USBDC_VHid_Resume_Check(U8_T port,U8_T devinx)
 230          * Description    : Will check the HID device is ready for sending ot data
 231          * Input          :  
 232          * Output         : None.
 233          * Return         : None
 234          *******************************************************************************/
 235          FlagStatus USBDC_VHid_Resume_Check(U8_T port,U8_T devinx)
 236          {
 237   1        if ((USBDC_Device[devinx].Feature[port] & FEATURE_SUSPEND)== FEATURE_SUSPEND)
 238   1        {   
 239   2          if ((USBDC_Device[devinx].Feature[port] &FEATURE_REMOTE)== FEATURE_REMOTE)
 240   2          {
 241   3            USBDC_Port_Resume(port);
 242   3          }
 243   2          return SET;
 244   2        }
 245   1      
 246   1        if (USBDC_Device[devinx].Feature[port] & FEATURE_RESUME)
 247   1        {
 248   2          return SET;
 249   2        }
 250   1      
 251   1        return RESET;
 252   1      }
 253          
 254          /*******************************************************************************
 255          * RESULT USBDC_VHid_Valid_Check(U8_T port,U8_T devinx)
 256          * Description    : Will check the HID device is ready for sending ot data
 257          * Input          :  
 258          * Output         : None.
 259          * Return         : None
 260          *******************************************************************************/
 261          RESULT USBDC_VHid_Valid_Check(U8_T port,U8_T devinx)
 262          {
 263   1        if (USBDC_Device[devinx].DevAddr[port] == 0x00)
 264   1        {
 265   2          return USB_ERROR;
 266   2        }
 267   1        
 268   1        if ((USBDC_Device[devinx].Feature[port] & (FEATURE_SUSPEND|FEATURE_REMOTE)) == FEATURE_SUSPEND)
 269   1        {
 270   2          return USB_ERROR;
 271   2        }
 272   1        
 273   1        return USB_SUCCESS;
 274   1      }
 275          
 276          /*******************************************************************************
 277          * void USBDC_VHid_Reset(void)
 278          * Description    :
 279          * Input          :  
 280          * Output         : None.
 281          * Return         : None
 282          *******************************************************************************/
 283          void USBDC_VHid_Reset(void)
 284          {
 285   1        DATAST_Reset_GenericQueue(); // this will do the queue reset
 286   1      }
 287          #endif /* #if (SYSTEM_HARDWARE_PS2_ENABLE) */
 288          
 289          #endif /* #if (PROJECT_USB_GENERIC_HID_ENABLE) */
 290          
C51 COMPILER V9.60.7.0   USBDC_VHID                                                        06/23/2026 16:04:45 PAGE 6   

 291          /* End of usbdc_vhid.c */


MODULE INFORMATION:   STATIC OVERLAYABLE
   CODE SIZE        =   1040    ----
   CONSTANT SIZE    =      4    ----
   XDATA SIZE       =     78       7
   PDATA SIZE       =   ----    ----
   DATA SIZE        =   ----    ----
   IDATA SIZE       =   ----    ----
   BIT SIZE         =   ----    ----
   EDATA SIZE       =   ----    ----
   HDATA SIZE       =   ----    ----
   XDATA CONST SIZE =   ----    ----
   FAR CONST SIZE   =   ----    ----
END OF MODULE INFORMATION.


C51 COMPILATION COMPLETE.  0 WARNING(S),  0 ERROR(S)
