C51 COMPILER V9.60.7.0   USBDC_VHUB_DESC                                                   06/23/2026 16:04:45 PAGE 1   


C51 COMPILER V9.60.7.0, COMPILATION OF MODULE USBDC_VHUB_DESC
OBJECT MODULE PLACED IN .\usbdc_vhub_desc.obj
COMPILER INVOKED BY: C:\Users\Administrator\AppData\Local\Keil_v5\C51\BIN\C51.EXE ..\Src\usbdc\usbdc_hub\usbdc_vhub_desc
                    -.c LARGE OMF2 ROM(D16M) OPTIMIZE(9,SIZE) BROWSE NOAREGS INCDIR(..\src\main\;..\src\cpu\;..\src\flash\;..\src\uart\;..\sr
                    -c\swdma\;..\src\mstimer\;..\src\i2c\;..\src\spi\;..\src\task_man\;..\src\project\;..\Src\ps2_host;..\Src\console_edid;..
                    -\Src\storage;..\Src\data_stream;..\Src\kvm_control\kvm_hotkey;..\Src\kvm_control\kvm_console;..\Src\kvm_control\kvm_butt
                    -on;..\Src\kvm_control\kvm_edid;..\Src\kvm_control\kvm_buzzer;..\src\gpio\;..\Src\hardware_ps2;..\Src\usbdc;..\Src\usbdc\
                    -usbdc_virtual;..\Src\usb_std;..\Src\usbhc;..\Src\kvm_control\power_saving;..\Src\usbhc\MSC;..\Src\usbhc\AUDIO;..\Src\usb
                    -hc\HUB;..\Src\usbhc\HID;..\Src\usbhc\HID_PARSER;..\Src\usbhc\ROOT_HUB;..\Src\usbdc\usbdc_hub;..\Src\usbdc\usbdc_hid;..\S
                    -rc\kvm_control\kvm_storage\spi_flash;..\Src\usbdc\usbdc_msc\usb_scsi;..\Src\usbdc\usbdc_msc;..\Src\handler\logitech;..\S
                    -rc\handler\A4_Tech;..\Src\usbdc\usbdc_vendor;..\Src\hsur;..\Src\extender\core;..\Src\extender\receiver;..\Src\uart_conso
                    -le;..\Src\kvm_control\km_sync;..\Src\hsur;..\Src\kvm_control\km_log;..\Src\kvm_control\km_api;..\Src\kvm_control\kvm_ir;
                    -..\Src\kvm_control\kvm_rtc;..\Src\i2c;..\Src\kvm_control\kvm_multiview) STRING(FAR) DEFINE(RuntimeCodeAt0KH,MCU_TYPE_AX6
                    -8004,KVM,HC_TIMEOUT=10000,VHID,HID_PARSER_CORE_KB,HID_PARSER_CORE_MS,API,NO_AUDIO,NO_MSC,NO_EDID,HUART_BAUD=HUART_115K,S
                    -YNC,CROSS_JUMP_MAP0,VPID_CHANGER,SYNC_KB_HOTKEY,SYNC_MS_HOTKEY,REPEAT_MODE=1,HSUART,MULTIVIEW) VARBANKING DEBUG PRINT(.\
                    -usbdc_vhub_desc.lst) TABS(2) OBJECT(.\usbdc_vhub_desc.obj)

line level    source

   1          /*
   2           ******************************************************************************
   3           *     Copyright (c) 2014 ASIX Electronic Corporation      All rights reserved.
   4           *
   5           *     This is an proprietary source code of ASIX Electronic Corporation
   6           *
   7           *     The copyright notice above does not evidence any actual or intended
   8           *     publication of such source code.
   9           ******************************************************************************
  10           */
  11           /*============================================================================
  12           * Module Name: usbdc_vhub_desc.c
  13           * Purpose: The USB DC USB Pen Drive MSC Class program
  14           * Author:
  15           * Date:
  16           * Notes:
  17           *=============================================================================
  18           */
  19          
  20          /* Includes ------------------------------------------------------------------*/
  21          #include "project_include.h"
  22          /* Private typedef -----------------------------------------------------------*/
  23          /* Private define ------------------------------------------------------------*/
  24          /* Private macro -------------------------------------------------------------*/
  25          /* Private variables ---------------------------------------------------------*/
  26          /* Extern variables ----------------------------------------------------------*/
  27          /* Private function prototypes -----------------------------------------------*/
  28          /* Private functions ---------------------------------------------------------*/
  29          
  30          /* USB Standard Device Descriptor */
  31          
  32          U8_T HUB_DeviceDescriptor[HUB_SIZ_DEVICE_DESC] =
  33          {
  34            0x12,           /*bLength */
  35            USB_DEVICE_DESCRIPTOR_TYPE, /*bDescriptorType*/
  36            0x01,           /*bcdUSB Low*/
  37            0x01,           /*bcdUSB High*/
  38            0x09,           /*bDeviceClass*/
  39            0x00,           /*bDeviceSubClass*/
  40            0x00,           /*bDeviceProtocol*/
  41            0x08,           /*bMaxPacketSize40*/
  42            0x95,           /*idVendor (0x0b95)*/
C51 COMPILER V9.60.7.0   USBDC_VHUB_DESC                                                   06/23/2026 16:04:45 PAGE 2   

  43            0x0b,
  44            0x04,           /*idProduct = 0x6804*/ // KVM Autotype
  45            0x68,
  46            0x12,           /*bcdDevice rel. 2.00*/
  47            0x00,
  48            1,              /*Index of string descriptor describing manufacturer */
  49            2,              /*Index of string descriptor describing product*/
  50            3,              /*Index of string descriptor describing the device serial number */
  51            0x01            /*bNumConfigurations*/
  52          }; /* HUB_DeviceDescriptor */
  53          
  54          
  55          /* USB Configuration Descriptor */
  56          /*   All Descriptors (Configuration, Interface, Endpoint, Class, Vendor */
  57          CODE U8_T HUB_ConfigDescriptor[HUB_SIZ_CONFIG_DESC] =
  58          {
  59            0x09,               /* bLength: Configuration Descriptor size */
  60            USB_CONFIGURATION_DESCRIPTOR_TYPE,  /* bDescriptorType: Configuration */
  61            HUB_SIZ_CONFIG_DESC, 0x00,      /* wTotalLength: Bytes returned */
  62            0x01,               /* bNumInterfaces: 1 interface */
  63            0x01,               /* bConfigurationValue: Configuration value */
  64            0x00,               /* iConfiguration: Index of string descriptor describing
  65                                                     the configuration*/
  66            0xe0,               /* bmAttributes: Bus powered,Remote Wakeup Support */
  67            0x32,               /* MaxPower 100 mA: this current is used for detecting Vbus */
  68            //~~~~~~~~~~~~~~~~~~~~~~~~~~~~~~~~~~~~~~~~~~~~~~~~~~~~~~~~~~~~~~~~~~~~~
  69            //  Descriptor of Custom HID interface 1 
  70            //~~~~~~~~~~~~~~~~~~~~~~~~~~~~~~~~~~~~~~~~~~~~~~~~~~~~~~~~~~~~~~~~~~~~~
  71            0x09,             /* bLength: Interface Descriptor size */
  72            USB_INTERFACE_DESCRIPTOR_TYPE,  /* bDescriptorType: Interface descriptor type */
  73            0x00,             /* bInterfaceNumber: Number of Interface */
  74            0x00,             /* bAlternateSetting: Alternate setting */
  75            0x01,             /* bNumEndpoints */
  76            0x09,             /* bInterfaceClass: HUB */
  77            0x00,             /* bInterfaceSubClass : 0-Full Speed HUBs */
  78            0x00,             /* nInterfaceProtocol : 0=none, 1=keyboard, 2=mouse */
  79            0,                /* iInterface: Index of string descriptor */
  80            
  81            /******************** Descriptor of Endpoints ******************/
  82            0x07,             /* bLength: Endpoint Descriptor size */
  83            USB_ENDPOINT_DESCRIPTOR_TYPE, /* bDescriptorType: */
  84            0x81,             /* bEndpointAddress: Endpoint Address (IN) */
  85            0x03,             /* bmAttributes: Interrupt endpoint */
  86            0x01, 0x00,           /* wMaxPacketSize: 1 Bytes max */
  87            0xff,             /* bInterval: Polling Interval (255 ms) */
  88          };
  89          
  90          /* USB String Descriptors (optional) */
  91          CODE U8_T HUB_StringLangID[HUB_SIZ_STRING_LANGID] =
  92          {
  93            HUB_SIZ_STRING_LANGID,
  94            USB_STRING_DESCRIPTOR_TYPE,
  95            0x09,
  96            0x04
  97          }; /* LangID = 0x0409: U.S. English */
  98          
  99          CODE U8_T HUB_StringVendor[HUB_SIZ_STRING_VENDOR] =
 100          {
 101            HUB_SIZ_STRING_VENDOR,    /* Size of Vendor string */
 102            USB_STRING_DESCRIPTOR_TYPE, /* bDescriptorType*/
 103            
 104            ' ', 0, //1
C51 COMPILER V9.60.7.0   USBDC_VHUB_DESC                                                   06/23/2026 16:04:45 PAGE 3   

 105            'M', 0, //2
 106            'T', 0, //3
 107            'K', 0, //4
 108            ' ', 0, //5
 109            'E', 0, //6
 110            'l', 0, //7
 111            'e', 0, //8
 112            'c', 0, //9
 113            't', 0, //10
 114            'r', 0, //11
 115            'o', 0, //12
 116            'n', 0, //13
 117            'i', 0, //14
 118            'c', 0, //15
 119            's', 0, //16
 120          };
 121          
 122          U8_T XDATA HUB_StringProduct[HUB_SIZ_STRING_PRODUCT] =
 123          {
 124            42,   /* bLength */
 125            USB_STRING_DESCRIPTOR_TYPE, /* bDescriptorType */
 126            
 127            'V', 0, //1
 128            'i', 0, //2
 129            'r', 0, //3
 130            't', 0, //4
 131            'u', 0, //5
 132            'a', 0, //6
 133            'l', 0, //7
 134            ' ', 0, //8
 135            'H', 0, //9
 136            'U', 0, //10
 137            'B', 0, //11
 138            ' ', 0, //12
 139            'V', 0, //13
 140            'e', 0, //14
 141            'r', 0, //15
 142            ':', 0, //16
 143            '0', 0, //17
 144            '.', 0, //18
 145            '0', 0, //19
 146            '1', 0  //20
 147          };
 148          U8_T XDATA HUB_StringSerial[HUB_SIZ_STRING_SERIAL] =
 149          {
 150            10,   /* bLength */
 151            USB_STRING_DESCRIPTOR_TYPE, /* bDescriptorType */
 152            'M', 0, 'T', 0, 'K', 0, ' ', 0,
 153            0, 0, 0, 0, 0, 0, 0, 0,
 154            0, 0, 0, 0, 0, 0, 0, 0,
 155            0, 0, 0, 0, 0, 0
 156          };
 157          
 158          /* USB Configuration Descriptor */
 159          /*   All Descriptors (Configuration, Interface, Endpoint, Class, Vendor */
 160          CODE U8_T HUB_Descriptor[HUB_SIZ_DESCRIPTOR] =
 161          {
 162            0x09,           // bLength: Configuration Descriptor size 
 163            USB_HUB_DESCRIPTOR_TYPE,  // bDescriptorType: Configuration 
 164            USBDC_VHUB_PORT_NUM,    // bNumberOfPorts
 165            0x10,           // wHubCharacteristics LSB
 166            0x00,           // wHubCharacteristics MSB
C51 COMPILER V9.60.7.0   USBDC_VHUB_DESC                                                   06/23/2026 16:04:45 PAGE 4   

 167            0x32,           // bPowerOnToPowerGood, unit 2ms 
 168            0x01,           // bHubContrCurrent  100mA
 169            0x00,           // DeviceRemovable 
 170            0xff,           // PortPowerCtrlMask : All bit should be 1.
 171          };
 172          
 173          /* End of usbdc_vhub_desc.c */
 174          


MODULE INFORMATION:   STATIC OVERLAYABLE
   CODE SIZE        =   ----    ----
   CONSTANT SIZE    =     72    ----
   XDATA SIZE       =    114    ----
   PDATA SIZE       =   ----    ----
   DATA SIZE        =   ----    ----
   IDATA SIZE       =   ----    ----
   BIT SIZE         =   ----    ----
   EDATA SIZE       =   ----    ----
   HDATA SIZE       =   ----    ----
   XDATA CONST SIZE =   ----    ----
   FAR CONST SIZE   =   ----    ----
END OF MODULE INFORMATION.


C51 COMPILATION COMPLETE.  0 WARNING(S),  0 ERROR(S)
