C51 COMPILER V9.60.7.0   USBDC_REGS                                                        06/18/2026 10:50:18 PAGE 1   


C51 COMPILER V9.60.7.0, COMPILATION OF MODULE USBDC_REGS
OBJECT MODULE PLACED IN .\usbdc_regs.obj
COMPILER INVOKED BY: C:\Users\Administrator\AppData\Local\Keil_v5\C51\BIN\C51.EXE ..\Src\usbdc\usbdc_regs.c LARGE OMF2 R
                    -OM(D16M) OPTIMIZE(9,SIZE) BROWSE NOAREGS INCDIR(..\src\main\;..\src\cpu\;..\src\flash\;..\src\uart\;..\src\swdma\;..\src
                    -\mstimer\;..\src\i2c\;..\src\spi\;..\src\task_man\;..\src\project\;..\Src\ps2_host;..\Src\console_edid;..\Src\storage;..
                    -\Src\data_stream;..\Src\kvm_control\kvm_hotkey;..\Src\kvm_control\kvm_console;..\Src\kvm_control\kvm_button;..\Src\kvm_c
                    -ontrol\kvm_edid;..\Src\kvm_control\kvm_buzzer;..\src\gpio\;..\Src\hardware_ps2;..\Src\usbdc;..\Src\usbdc\usbdc_virtual;.
                    -.\Src\usb_std;..\Src\usbhc;..\Src\kvm_control\power_saving;..\Src\usbhc\MSC;..\Src\usbhc\AUDIO;..\Src\usbhc\HUB;..\Src\u
                    -sbhc\HID;..\Src\usbhc\HID_PARSER;..\Src\usbhc\ROOT_HUB;..\Src\usbdc\usbdc_hub;..\Src\usbdc\usbdc_hid;..\Src\kvm_control\
                    -kvm_storage\spi_flash;..\Src\usbdc\usbdc_msc\usb_scsi;..\Src\usbdc\usbdc_msc;..\Src\handler\logitech;..\Src\handler\A4_T
                    -ech;..\Src\usbdc\usbdc_vendor;..\Src\hsur;..\Src\extender\core;..\Src\extender\receiver;..\Src\uart_console;..\Src\kvm_c
                    -ontrol\km_sync;..\Src\hsur;..\Src\kvm_control\km_log;..\Src\kvm_control\km_api;..\Src\kvm_control\kvm_ir;..\Src\kvm_cont
                    -rol\kvm_rtc;..\Src\i2c;..\Src\kvm_control\kvm_multiview) STRING(FAR) DEFINE(RuntimeCodeAt0KH,MCU_TYPE_AX68004,KVM,HC_TIM
                    -EOUT=10000,VHID,HID_PARSER_CORE_KB,HID_PARSER_CORE_MS,API,NO_AUDIO,NO_MSC,NO_EDID,HUART_BAUD=HUART_115K,SYNC,CROSS_JUMP_
                    -MAP0,VPID_CHANGER,SYNC_KB_HOTKEY,SYNC_MS_HOTKEY,REPEAT_MODE=1,HSUART,MULTIVIEW) VARBANKING DEBUG PRINT(.\usbdc_regs.lst)
                    - TABS(2) OBJECT(.\usbdc_regs.obj)

line level    source

   1          /*
   2           ******************************************************************************
   3           *     Copyright (c) 2014 ASIX Electronic Corporation All rights reserved.
   4           *
   5           *     This is an proprietary source code of ASIX Electronic Corporation
   6           *
   7           *     The copyright notice above does not evidence any actual or intended
   8           *     publication of such source code.
   9           ******************************************************************************
  10           */
  11           
  12           /*============================================================================
  13           * Module Name: usbdc_regs.c
  14           * Purpose: USB DC hardware configuration library
  15           * Author:
  16           * Date:
  17           * Notes: 
  18           *=============================================================================
  19           */
  20           
  21          /* Includes ------------------------------------------------------------------*/
  22          #include "project_include.h"
  23          
  24          /* $ Private typedef -----------------------------------------------------------*/
  25          const U8_T DA_EP_CFGR[USBDC_DEVICE_MAX] =
  26          {
  27            0x00,//0x02,0x04,0x06,0x08,0x0a,0x0c,0x0e,
  28            0x10,//0x12,0x14,0x16,0x18,0x1a,0x1c,0x1e,
  29            0x20,//0x22,0x24,0x26,0x28,0x2a,0x2c,0x2e,
  30            0x30,//0x32,0x34,0x36,0x38,0x3a,0x3c,0x3e,
  31            0x40,//0x42,0x44,0x46,0x48,0x4a,0x4c,0x4e,
  32            0x50,//0x52,0x54,0x56,0x58,0x5a,0x5c,0x5e,
  33            0x60,//0x62,0x64,0x66,0x68,0x6a,0x6c,0x6e,
  34            0x70 //0x72,0x74,0x76,0x78,0x7a,0x7c,0x7e
  35          };
  36            
  37          const U8_T DA_ID_CFGR[USBDC_DEVICE_MAX] =
  38          {
  39            0x80,0x81,0x82,0x83,0x84,0x85,0x86,0x87
  40          };
  41          
  42          const U8_T DA_CR[USBDC_DEVICE_MAX] =
C51 COMPILER V9.60.7.0   USBDC_REGS                                                        06/18/2026 10:50:18 PAGE 2   

  43          {
  44            0x90,0x91,0x92,0x93,0x94,0x95,0x96,0x97
  45          };
  46            
  47          const U8_T DA_EP_SR[USBDC_DEVICE_MAX][USBDC_ENDP_MAX] =
  48          {
  49            0xA0,0xA1,0xA2,0xA3,0xA4,0xA5,0xA6,0xA7,
  50            0xA8,0xA9,0xAA,0xAB,0xAC,0xAD,0xAE,0xAF,
  51            0xB0,0xB1,0xB2,0xB3,0xB4,0xB5,0xB6,0xB7,
  52            0xB8,0xB9,0xBA,0xBB,0xBC,0xBD,0xBE,0xBF,
  53            0xC0,0xC1,0xC2,0xC3,0xC4,0xC5,0xC6,0xC7,
  54            0xC8,0xC9,0xCA,0xCB,0xCC,0xCD,0xCE,0xCF,
  55            0xD0,0xD1,0xD2,0xD3,0xD4,0xD5,0xD6,0xD7,
  56            0xD8,0xD9,0xDA,0xDB,0xDC,0xDD,0xDE,0xDF,
  57          };
  58          /* $ Private define ------------------------------------------------------------*/
  59          /* $ Private macro -------------------------------------------------------------*/
  60          /* $ Private variables ---------------------------------------------------------*/
  61          /* $ Extern variables ----------------------------------------------------------*/
  62          /* $ Private function prototypes -----------------------------------------------*/
  63          
  64          /* $$ Private functions Body ---------------------------------------------------*/
  65          /*******************************************************************************
  66          * Function Name  : USBDC_REGS_Get_Pkt_Size(U8_T ep_iso,U16_T epsize)
  67          * Description    : Write Regs
  68          * Input          : None.
  69          * Output         : None.
  70          * Return         : None.
  71          *******************************************************************************/
  72          U8_T USBDC_REGS_Get_Pkt_Size(U8_T ep_iso,U16_T epsize)
  73          {
  74   1        if (ep_iso == DA_EP_CFGR_ISOCH_SET)
  75   1        {
  76   2          if (epsize <= 16)
  77   2            return ISO_ENDP_PKT_SIZE_16;
  78   2          else if(epsize <=64)  
  79   2            return ISO_ENDP_PKT_SIZE_64;
  80   2          else if(epsize <=128)
  81   2            return ISO_ENDP_PKT_SIZE_128;
  82   2          else if(epsize <=192)
  83   2            return ISO_ENDP_PKT_SIZE_192;
  84   2        }
  85   1        else
  86   1        {
  87   2          if (epsize <= 8)
  88   2            return ENDP_PKT_SIZE_8;
  89   2          else if(epsize <=16)  
  90   2            return ENDP_PKT_SIZE_16;
  91   2          else if(epsize <=32)  
  92   2            return ENDP_PKT_SIZE_32;
  93   2          else if(epsize <=64)  
  94   2          return ENDP_PKT_SIZE_64;
  95   2        }
  96   1      
  97   1        return ENDP_PKT_SIZE_8;
  98   1      }
  99          
 100          /************************************************************************************************
 101          * Function Name  : USBDC_Write_Regs(U8_T port,U8_T dccir,U8_T *dcdr,U8_T len)
 102          * Description    : Write Regs
 103          * Input          : None.
 104          * Output         : None.
C51 COMPILER V9.60.7.0   USBDC_REGS                                                        06/18/2026 10:50:18 PAGE 3   

 105          * Return         : None.
 106          *************************************************************************************************/
 107          void USBDC_Write_Regs(U8_T port,U8_T dccir,U8_T *dcdr,U8_T len)
 108          {
 109   1        U8_T index;
 110   1        U8_T int3_bk;
 111   1        
 112   1        int3_bk = EINT3;
 113   1      #if (SYSTEM_MSC_DEVICE_SUPPORT)
                EXTINT5_DISABLE;
              #endif
 116   1        
 117   1        USBDC_INT_DISABLE;
 118   1        
 119   1      #if (SYSTEM_USBAUDIO_DEVICE_SUPPORT)
                EXTINT2_DISABLE;
              #endif
 122   1        switch (port)
 123   1        {
 124   2          case 0:
 125   2            for (index=0; index < len ;index++)
 126   2              _USBDC_DC0DR_SFR(dcdr[index]);
 127   2            
 128   2            _USBDC_DC0CIR_SFR(dccir);
 129   2            break;
 130   2          case 1:
 131   2            for (index=0; index < len ;index++)
 132   2              _USBDC_DC1DR_SFR(dcdr[index]);
 133   2      
 134   2            _USBDC_DC1CIR_SFR(dccir);
 135   2            break;
 136   2          case 2:
 137   2            for (index=0; index < len ;index++)
 138   2              _USBDC_DC2DR_SFR(dcdr[index]);
 139   2      
 140   2            _USBDC_DC2CIR_SFR(dccir);
 141   2            break;
 142   2          case 3:
 143   2            for (index=0; index < len ;index++)
 144   2              _USBDC_DC3DR_SFR(dcdr[index]);
 145   2      
 146   2            _USBDC_DC3CIR_SFR(dccir);
 147   2            break;
 148   2        }
 149   1        
 150   1        /*Enable the HC interrupt */
 151   1      #if (SYSTEM_USBAUDIO_DEVICE_SUPPORT)
                EXTINT2_ENABLE;
              #endif
 154   1        
 155   1        EINT3 = int3_bk;
 156   1        
 157   1      #if (SYSTEM_MSC_DEVICE_SUPPORT)
                EXTINT5_ENABLE;
              #endif
 160   1      }
 161          
 162          /************************************************************************************************
 163          * Function Name  : USBDC_Read_Regs(U8_T port,U8_T endpx,U8_T dccir,U8_T *dcdr,U8_T len)
 164          * Description    : Write Regs
 165          * Input          : None.
 166          * Output         : None.
C51 COMPILER V9.60.7.0   USBDC_REGS                                                        06/18/2026 10:50:18 PAGE 4   

 167          * Return         : None.
 168          *************************************************************************************************/
 169          void USBDC_Read_Regs(U8_T port,U8_T dccir,U8_T *dcdr,U8_T len)
 170          {
 171   1        U8_T index;
 172   1        U8_T int3_bk;
 173   1        
 174   1        int3_bk = EINT3;
 175   1      #if (SYSTEM_MSC_DEVICE_SUPPORT)
                EXTINT5_DISABLE;     
              #endif
 178   1        
 179   1        USBDC_INT_DISABLE;
 180   1        
 181   1      #if (SYSTEM_USBAUDIO_DEVICE_SUPPORT)
                EXTINT2_DISABLE;       
              #endif
 184   1        switch (port)
 185   1        {
 186   2          case 0:
 187   2            _USBDC_DC0CIR_SFR(dccir);
 188   2            for (index=0; index < len ;index++)
 189   2              _USBDC_DC0DR_READ_SFR(dcdr[index]);
 190   2            break;
 191   2          case 1:
 192   2            _USBDC_DC1CIR_SFR(dccir);
 193   2            for (index=0; index < len ;index++)
 194   2              _USBDC_DC1DR_READ_SFR(dcdr[index]);
 195   2            break;
 196   2          case 2:
 197   2            _USBDC_DC2CIR_SFR(dccir);
 198   2            for (index=0; index < len ;index++)
 199   2              _USBDC_DC2DR_READ_SFR(dcdr[index]);
 200   2            break;
 201   2          case 3:
 202   2            _USBDC_DC3CIR_SFR(dccir);
 203   2            for (index=0; index < len ;index++)
 204   2              _USBDC_DC3DR_READ_SFR(dcdr[index]);
 205   2            break;
 206   2        }
 207   1      #if (SYSTEM_USBAUDIO_DEVICE_SUPPORT)
                EXTINT2_ENABLE;
              #endif
 210   1        
 211   1        EINT3 = int3_bk;
 212   1        
 213   1      #if (SYSTEM_MSC_DEVICE_SUPPORT)
                EXTINT5_ENABLE;
              #endif
 216   1      }
 217          
 218          
 219          /*******************************************************************************
 220          * Function Name  : USBDC_IDCFGR(U8_T port,U8_T devinx,U8_T address)
 221          * Description    : Assing the device Address
 222          * Input          : None.
 223          * Output         : None.
 224          * Return         : None.
 225          *******************************************************************************/
 226          void USBDC_REGS_Address_Write(U8_T port,U8_T devinx,U8_T address)
 227          {
 228   1        U8_T reg;
C51 COMPILER V9.60.7.0   USBDC_REGS                                                        06/18/2026 10:50:18 PAGE 5   

 229   1        U8_T cir;
 230   1        
 231   1        cir = DA_ID_CFGR[devinx];
 232   1        USBDC_Read_Regs(port,cir,&reg,1);
 233   1        
 234   1        reg &= ~DA_ID_CFGR_DEVADR_MASK;
 235   1        reg |= address;
 236   1        
 237   1        USBDC_Write_Regs(port,cir,&reg,1);
 238   1      }
 239          
 240          /*******************************************************************************
 241          * Function Name  : USBDC_REGS_Address_Active(U8_T port,U8_T devinx,U8_T address)
 242          * Description    : Assing the device Address
 243          * Input          : None.
 244          * Output         : None.
 245          * Return         : None.
 246          *******************************************************************************/
 247          void USBDC_REGS_Address_Active(U8_T port,U8_T devinx,FlagStatus state)
 248          {
 249   1        U8_T reg;
 250   1        U8_T cir;
 251   1        
 252   1        cir = DA_ID_CFGR[devinx]; 
 253   1        USBDC_Read_Regs(port,cir,&reg,1);
 254   1        
 255   1        if (state == RESET)
 256   1          reg &= ~DA_ID_CFGR_ADRACT_MASK;
 257   1        else
 258   1          reg |= DA_ID_CFGR_ADRACT_MASK;
 259   1        
 260   1        USBDC_Write_Regs(port,cir,&reg,1);
 261   1      #if ((SYSTEM_MSC_DEVICE_SUPPORT || SYSTEM_EXTENDER_MSC_SUPPORT) && (SYSTEM_USB_HC_BURST))
              #if (SYSTEM_EXTENDER_TRANSMITTER)
                if ((state == SET) && (devinx == EXTENDER_MSC_Devinx))
              #else
                if ((state == SET) && (devinx == USBHC_MSC_Devinx))
              #endif //#if (SYSTEM_EXTENDER_TRANSMITTER)
                {
                  cir = DA_CR[devinx];
                  reg = DA_CR_BCLR_SET + USB_PDevice[devinx].MSC->Out_Endpinx;
                  USBDC_Write_Regs(port,cir,&reg,1);
                }
              #endif
 273   1      }
 274          
 275          /*******************************************************************************************
 276          * Function Name  : USBDC_EPCFGR_Write(U8_T port,U8_T devinx,U8_T ep,U8_T reg0,U8_T reg1)
 277          * Description    : Configures the USB hardware
 278          * Input          : None.
 279          * Output         : None.
 280          * Return         : None.
 281          ********************************************************************************************/
 282          void USBDC_EPCFGR_Write(U8_T port,U8_T devinx,U8_T ep,U8_T reg0,U8_T reg1)
 283          {
 284   1        U8_T cir;
 285   1        U8_T dr[2];
 286   1        
 287   1        dr[0] = reg0;
 288   1        dr[1] = reg1;
 289   1        cir = DA_EP_CFGR[devinx] + (ep << 1);
 290   1        USBDC_Write_Regs(port,cir,dr,2);
C51 COMPILER V9.60.7.0   USBDC_REGS                                                        06/18/2026 10:50:18 PAGE 6   

 291   1        
 292   1      #if (USBDC_DEBUG_MODE)
                USBDC_Reg_Dump(port,cir,2);
              #endif
 295   1      }
 296          
 297          #if (USBDC_DEBUG_MODE)
              /*
              * @brief  USBDC_Reg_Dump
              *         USB Host core main state machine process
              * @param  None 
              * @retval None
              */
              void USBDC_Reg_Dump(U8_T port,U8_T address,U8_T length)
              {
                U8_T  content[16],index;
              
                USBDC_Read_Regs(port,address,content,length);
              
                printf("DUMP[%d],Reg(0x%02x)=[",(U16_T)port,(U16_T)address);
                for (index=0; index < length ; index++)
                {
                  if (index <(length-1))
                    printf("%02x ",(U16_T)content[index]);
                  else  
                    printf("%02x]\n\r",(U16_T)content[index]);
                }
              }
              #endif
 320          
 321          /* ----------------------------------------------------------------------------
 322           * ----------------------------------------------------------------------------
 323           * void USBDC_REGS_Endp_ControlClear(U8_T port,U8_T devinx,U8_T endpinx,U8_T flag)
 324           * Purpose : When Endp has get a Out transaction, then get the buffer content
 325           * Params  : none
 326           * Returns : none
 327           * Note    : none
 328           * ----------------------------------------------------------------------------
 329           * ----------------------------------------------------------------------------
 330           */
 331          void USBDC_REGS_Endp_ControlClear(U8_T port,U8_T devinx,U8_T endpinx,U8_T flag)
 332          {
 333   1        idata U8_T reg;
 334   1        idata U8_T stall_flag = 0x00;
 335   1        
 336   1        //1.Get Endpoint Stall Status (0xa0)
 337   1        if (endpinx)
 338   1        {
 339   2          USBDC_Read_Regs(port,DA_EP_SR[devinx][endpinx],&reg,1);
 340   2          if (reg & DA_EP_STALL) // if the endp is stalled
 341   2          {
 342   3            stall_flag = DA_CR_STALL_SET;
 343   3          }
 344   2        }
 345   1        
 346   1        //2.Update the content
 347   1        reg = endpinx | stall_flag;
 348   1        
 349   1        if (flag & DA_CR_STALL_SET)
 350   1          reg &= ~DA_CR_STALL_SET;
 351   1      
 352   1        if (flag & DA_CR_SCLR_MASK)
C51 COMPILER V9.60.7.0   USBDC_REGS                                                        06/18/2026 10:50:18 PAGE 7   

 353   1          reg |= DA_CR_SCLR_MASK;
 354   1        
 355   1        if (flag & DA_CR_BCLR_MASK)
 356   1          reg |= DA_CR_BCLR_MASK;
 357   1        
 358   1        //3.Write back the register
 359   1        USBDC_Write_Regs(port,DA_CR[devinx],&reg,1);
 360   1      } 
 361          
 362          /* ----------------------------------------------------------------------------
 363           * ----------------------------------------------------------------------------
 364           * void USBDC_REGS_Endp_ControlSet(U8_T port,U8_T devinx,U8_T endpinx,U8_T flag)
 365           * Purpose : When Endp has get a Out transaction, then get the buffer content
 366           * Params  : none
 367           * Returns : none
 368           * Note    : none
 369           * ----------------------------------------------------------------------------
 370           * ----------------------------------------------------------------------------
 371           */
 372          void USBDC_REGS_Endp_ControlSet(U8_T port,U8_T devinx,U8_T endpinx,U8_T flag)
 373          {
 374   1        U8_T reg;
 375   1        U8_T stall_flag = 0x00;
 376   1      
 377   1        //1.Get Control Register content_0x90
 378   1        if (endpinx)
 379   1        {
 380   2          USBDC_Read_Regs(port,DA_EP_SR[devinx][endpinx],&reg,1);
 381   2          if (reg & DA_EP_STALL) // if the endp is stalled
 382   2          {
 383   3            stall_flag = DA_CR_STALL_SET;
 384   3          }
 385   2        }
 386   1        
 387   1        //2.Update the content
 388   1        reg = (flag | (endpinx &0x07) | stall_flag);
 389   1        //3.Write back the register
 390   1        USBDC_Write_Regs(port,DA_CR[devinx],&reg,1);
 391   1      } 
 392          
 393          /* ----------------------------------------------------------------------------
 394           * ----------------------------------------------------------------------------
 395           * void USBDC_REGS_Endp_Reset(U8_T port,U8_T devinx,U8_T endpinx)
 396           * Purpose :
 397           * Params  : none
 398           * Returns : none
 399           * Note    : none
 400           * ----------------------------------------------------------------------------
 401           * ----------------------------------------------------------------------------
 402           */
 403          void USBDC_REGS_Endp_Reset(U8_T port,U8_T devinx,U8_T endpinx)
 404          {
 405   1        U8_T reg;
 406   1        
 407   1        reg = endpinx | DA_CR_SCLR_MASK | DA_CR_BCLR_MASK;
 408   1        USBDC_Write_Regs(port,DA_CR[devinx],&reg,1);
 409   1      }
 410          
 411          /* ----------------------------------------------------------------------------
 412           * ----------------------------------------------------------------------------
 413           * void USBDC_REGS_Device_Reset(U8_T port,U8_T devinx)
 414           * Purpose : 
C51 COMPILER V9.60.7.0   USBDC_REGS                                                        06/18/2026 10:50:18 PAGE 8   

 415           * Params  : none
 416           * Returns : none
 417           * Note    : none
 418           * ----------------------------------------------------------------------------
 419           * ----------------------------------------------------------------------------
 420           */
 421          void USBDC_REGS_Device_Reset(U8_T port,U8_T devinx)
 422          {
 423   1        U8_T reg;
 424   1        
 425   1        reg = 0x00;
 426   1        USBDC_Write_Regs(port,DA_ID_CFGR[devinx],&reg,1);
 427   1      }
 428          
 429          /* End of usbdc_regs.c */


MODULE INFORMATION:   STATIC OVERLAYABLE
   CODE SIZE        =   1141    ----
   CONSTANT SIZE    =   ----    ----
   XDATA SIZE       =     88      41
   PDATA SIZE       =   ----    ----
   DATA SIZE        =   ----    ----
   IDATA SIZE       =   ----       2
   BIT SIZE         =   ----    ----
   EDATA SIZE       =   ----    ----
   HDATA SIZE       =   ----    ----
   XDATA CONST SIZE =   ----    ----
   FAR CONST SIZE   =   ----    ----
END OF MODULE INFORMATION.


C51 COMPILATION COMPLETE.  0 WARNING(S),  0 ERROR(S)
