C51 COMPILER V9.60.7.0   USBHC_ROOTHUB                                                     06/23/2026 16:04:47 PAGE 1   


C51 COMPILER V9.60.7.0, COMPILATION OF MODULE USBHC_ROOTHUB
OBJECT MODULE PLACED IN .\usbhc_roothub.obj
COMPILER INVOKED BY: C:\Users\Administrator\AppData\Local\Keil_v5\C51\BIN\C51.EXE ..\Src\usbhc\ROOT_HUB\usbhc_roothub.c 
                    -LARGE OMF2 ROM(D16M) OPTIMIZE(9,SIZE) BROWSE NOAREGS INCDIR(..\src\main\;..\src\cpu\;..\src\flash\;..\src\uart\;..\src\s
                    -wdma\;..\src\mstimer\;..\src\i2c\;..\src\spi\;..\src\task_man\;..\src\project\;..\Src\ps2_host;..\Src\console_edid;..\Sr
                    -c\storage;..\Src\data_stream;..\Src\kvm_control\kvm_hotkey;..\Src\kvm_control\kvm_console;..\Src\kvm_control\kvm_button;
                    -..\Src\kvm_control\kvm_edid;..\Src\kvm_control\kvm_buzzer;..\src\gpio\;..\Src\hardware_ps2;..\Src\usbdc;..\Src\usbdc\usb
                    -dc_virtual;..\Src\usb_std;..\Src\usbhc;..\Src\kvm_control\power_saving;..\Src\usbhc\MSC;..\Src\usbhc\AUDIO;..\Src\usbhc\
                    -HUB;..\Src\usbhc\HID;..\Src\usbhc\HID_PARSER;..\Src\usbhc\ROOT_HUB;..\Src\usbdc\usbdc_hub;..\Src\usbdc\usbdc_hid;..\Src\
                    -kvm_control\kvm_storage\spi_flash;..\Src\usbdc\usbdc_msc\usb_scsi;..\Src\usbdc\usbdc_msc;..\Src\handler\logitech;..\Src\
                    -handler\A4_Tech;..\Src\usbdc\usbdc_vendor;..\Src\hsur;..\Src\extender\core;..\Src\extender\receiver;..\Src\uart_console;
                    -..\Src\kvm_control\km_sync;..\Src\hsur;..\Src\kvm_control\km_log;..\Src\kvm_control\km_api;..\Src\kvm_control\kvm_ir;..\
                    -Src\kvm_control\kvm_rtc;..\Src\i2c;..\Src\kvm_control\kvm_multiview) STRING(FAR) DEFINE(RuntimeCodeAt0KH,MCU_TYPE_AX6800
                    -4,KVM,HC_TIMEOUT=10000,VHID,HID_PARSER_CORE_KB,HID_PARSER_CORE_MS,API,NO_AUDIO,NO_MSC,NO_EDID,HUART_BAUD=HUART_115K,SYNC
                    -,CROSS_JUMP_MAP0,VPID_CHANGER,SYNC_KB_HOTKEY,SYNC_MS_HOTKEY,REPEAT_MODE=1,HSUART,MULTIVIEW) VARBANKING DEBUG PRINT(.\usb
                    -hc_roothub.lst) TABS(2) OBJECT(.\usbhc_roothub.obj)

line level    source

   1          /*
   2           *********************************************************************************
   3           *     Copyright (c) 2014   ASIX Electronic Corporation      All rights reserved.
   4           *
   5           *     This is unpublished proprietary source code of ASIX Electronic Corporation
   6           *
   7           *     The copyright notice above does not evidence any actual or intended
   8           *     publication of such source code.
   9           *********************************************************************************
  10           */
  11          /*================================================================================
  12           * Module Name : usbhc_roothub.c
  13           * Purpose     : The handler of root hub device
  14           * Author      : Jack Wang
  15           * Date        :
  16           * Notes       :
  17           * no message
  18           *
  19           *================================================================================
  20           */
  21          
  22          /* INCLUDE FILE DECLARATIONS */
  23          #include  <string.h>
  24          #include  <stdio.h>
  25          #include  "project_include.h"
  26          
  27          #define   ROOT_HUB_RESET_COUNTER     2
  28          
  29          /* STATIC VARIABLE DECLARATIONS */ 
  30          /*Constant or Code Declare ------------------------------------- */
  31          code U8_T RootHubPortID[USB_HC_MAX_PORT] = {
  32          #ifdef MCU_TYPE_AX68002
                0x01,
                0x02
              #else
  36            0x01,
  37            0x02,
  38            0x04,
  39            0x08
  40          #endif
  41          };
  42          
C51 COMPILER V9.60.7.0   USBHC_ROOTHUB                                                     06/23/2026 16:04:47 PAGE 2   

  43          /* Flag Declare ---------------------------- */
  44          bit   USBHC_RootHub_Bus_Occupy_Flag;
  45          
  46          /* Global Variable Declare ------------------------------------ */
  47          U8_T  USBHC_Port_Power_On_State;         // for each bit standard for a port 
  48          U8_T  USBHC_RootHub_State_Hold[USB_HC_MAX_PORT]; // the current Root Hub State
  49          U8_T  USBHC_RootHub_Devinx[USB_HC_MAX_PORT];     // Store the devinx which is connect to root hub
  50          U8_T  USBHC_RootHub_State_Report[USB_HC_MAX_PORT];
  51          U8_T  USBHC_RootHub_StatusChanged_Report[USB_HC_MAX_PORT];
  52          U8_T  USBHC_RootHub_State_OldReport[USB_HC_MAX_PORT];
  53          U8_T  USBHC_RootHub_Bus_Occupy_ID;
  54          U8_T  TASK_USBHC_RootHub_Reset_ID;
  55          U8_T  TASK_USBHC_RootHub_OverCurrent_ID;
  56          U8_T  TASK_USBHC_RootHub_Enumerate_Start_ID;
  57          U8_T  USBHC_RootHub_ResetTaskSerial[USB_HC_MAX_PORT];
  58          U8_T  USBHC_RootHub_ResetCnt;
  59          U8_T  USBHC_RootHub_EnableErr[USB_HC_MAX_PORT];
  60          U8_T  USBHC_RootHub_HcTdActivityRecord;
  61          U8_T  USBHC_RootHub_HcTdActivityFailCnt;
  62          
  63          TASK_ActiveTable_TypeDef USBHC_RootHub_PowerOn_Task = {
  64            TASK_TYPE_INTERVAL_MS, // Task ID from 0~255
  65            0, // Task ID from 0~255
  66            0, // Task Wait for Semaphore to active
  67            0, // Task Event
  68            0, // Task transfer parameter
  69            100, // Task Interval time from 0~65535(ms/us)
  70            100, // Task Interval Reload
  71          };
  72          
  73          TASK_ActiveTable_TypeDef TASK_USBHC_HUB_RemoveDevinx_Task = {
  74            //TASK_TYPE_EVENT, // Task ID from 0~255
  75            TASK_TYPE_INTERVAL_MS,
  76            0, // Task ID from 0~255
  77            0, // Task Wait for Semaphore to active
  78            0, // Task Event
  79            0, // Task transfer parameter
  80            2, // Task Interval time from 0~65535(ms/us)
  81            2, // Task Interval Reload
  82          };
  83          
  84          /* LOCAL SUBPROGRAM DECLARATIONS */
  85          void TASK_USBHC_RootHub_Reset(void);
  86          void USBHC_RootHub_PowerON(U8_T rhpid);
  87          void TASK_USBHC_RootHub_OverCurrent(void);
  88          void TASK_USBHC_RootHub_Enumerate_Start(void);
  89          
  90          /* External Global Variable Declare ------------------------------------ */
  91          extern U8_T   USBHC_HUB_Enumerate_Occupy_Flag;
  92          
  93          /* LOCAL SUBPROGRAM BODIES */
  94          
  95          /*
  96           * ----------------------------------------------------------------------------
  97           * void USBHC_RootHub_Init(void)
  98           * Purpose : 1.Init Memory 
  99           *           2.Assign TD buffer address into register(0x31)
 100           *           3.Assign different TD buffer information into register
 101           *             a.
 102           * Params  : none
 103           * Returns : none
 104           * Note    : none
C51 COMPILER V9.60.7.0   USBHC_ROOTHUB                                                     06/23/2026 16:04:47 PAGE 3   

 105           * ----------------------------------------------------------------------------
 106           */
 107          void USBHC_RootHub_Init(void)
 108          {
 109   1        U8_T control_reg;
 110   1        //1.Initial Power ON Root Hub relative control parameter
 111   1        USBHC_Port_Power_On_State = 0x0f; //bit0,bit1,bit2,bit3=> need to power on 4 ports
 112   1      
 113   1        //2.OverCurrent ReCheck
 114   1        //3.Set Descriptor
 115   1        EXTINT2_DISABLE;
 116   1      #if (SYSTEM_USBAUDIO_DEVICE_SUPPORT)
                EXTINT3_DISABLE;
              #endif
 119   1      
 120   1        /*Read Back the Register00,first*/
 121   1        _USBHC_HCCIR_SFR(HC_CONTROL_REG);
 122   1        _USBHC_HCDR_READ_SFR(control_reg);
 123   1        control_reg |= HC_PWP_SET;
 124   1        _USBHC_HCDR_SFR(control_reg);
 125   1        _USBHC_HCCIR_SFR(HC_CONTROL_REG);
 126   1        EXTINT2_ENABLE;
 127   1      #if (SYSTEM_USBAUDIO_DEVICE_SUPPORT)
                EXTINT3_ENABLE;
              #endif
 130   1      
 131   1      #if (USBHC_INIT_DEBUG_MODE)
                USBHC_Reg_Dump(HC_CONTROL_REG,1);
                USBHC_Reg_Dump(HC_ROOTHUB_DESCRIPTOR_REG,1);
              #endif
 135   1        //4.Handler Task for Powr On Init & PortStatus Change
 136   1        //5.Init Root Hub Status Change Control Table
 137   1        memset(USBHC_RootHub_State_Hold, 0x00,sizeof(USBHC_RootHub_State_Hold));
 138   1        memset(USBHC_RootHub_State_Report, 0x00,sizeof(USBHC_RootHub_State_Report));
 139   1        memset(USBHC_RootHub_State_OldReport,0x00,sizeof(USBHC_RootHub_State_OldReport));
 140   1        memset(USBHC_RootHub_StatusChanged_Report, 0x00,sizeof(USBHC_RootHub_StatusChanged_Report));
 141   1        memset(USBHC_RootHub_ResetTaskSerial, 0x00,sizeof(USBHC_RootHub_ResetTaskSerial));
 142   1        memset(USBHC_RootHub_EnableErr, 0x00,sizeof(USBHC_RootHub_EnableErr));
 143   1        memset(USBHC_RootHub_Devinx, 0x00,sizeof(USBHC_RootHub_Devinx));
 144   1        USBHC_RootHub_Bus_Occupy_ID = 0;
 145   1        USBHC_RootHub_Bus_Occupy_Flag = 0;
 146   1        USBHC_RootHub_ResetCnt = 0;
 147   1        USBHC_RootHub_HcTdActivityRecord = 0;
 148   1        USBHC_RootHub_HcTdActivityFailCnt = 0;
 149   1        //Task Control ....................
 150   1        USBHC_RootHub_PowerOn_Task.Task_ID  = TASK_Create(TASK_USBHC_RootHub_PowerON);
 151   1        TASK_USBHC_RootHub_Reset_ID = TASK_Create(TASK_USBHC_RootHub_Reset);
 152   1        TASK_USBHC_RootHub_OverCurrent_ID = TASK_Create(TASK_USBHC_RootHub_OverCurrent);
 153   1        TASK_USBHC_RootHub_Enumerate_Start_ID = TASK_Create(TASK_USBHC_RootHub_Enumerate_Start);
 154   1        TASK_USBHC_HUB_RemoveDevinx_Task.Task_ID = TASK_Create(TASK_USBHC_HUB_RemoveDevinx);
 155   1        //Star the Power Stage      
 156   1        TASK_Run(&USBHC_RootHub_PowerOn_Task);
 157   1        //USBHC_PDevice_ResetIndex = 0;
 158   1      #if (SYSTEM_TASK_DUMP_SUPPORT)
                printf("USBHC_RootHub_PowerOn_Task.Task_ID=%bu\n\r",USBHC_RootHub_PowerOn_Task.Task_ID);
                printf("TASK_USBHC_RootHub_Reset_ID=%bu\n\r",TASK_USBHC_RootHub_Reset_ID);
                printf("TASK_USBHC_RootHub_OverCurrent_ID=%bu\n\r",TASK_USBHC_RootHub_OverCurrent_ID);
                printf("TASK_USBHC_RootHub_Enumerate_Start_ID=%bu\n\r",TASK_USBHC_RootHub_Enumerate_Start_ID);
                printf("TASK_USBHC_HUB_RemoveDevinx_Task.Task_ID=%bu\n\r",TASK_USBHC_HUB_RemoveDevinx_Task.Task_ID);
              #endif
 165   1      } /* End of USBHC_RootHub_Init */
 166          
C51 COMPILER V9.60.7.0   USBHC_ROOTHUB                                                     06/23/2026 16:04:47 PAGE 4   

 167          /*
 168           * -------------------------------------------------------------------------------------------
 169           * void USBHC_RootHub_StatusChanged_Handle(U8_T portid)
 170           * Purpose :  
 171           * Params  :  
 172           * Returns : none
 173           * Note    : none
 174           * -------------------------------------------------------------------------------------------
 175           */
 176          void USBHC_RootHub_StatusChanged_Handle(void)
 177          {
 178   1        U8_T  port, op_state, portmask;
 179   1        U8_T  port_status, port_status_change;
 180   1        U8_T  free_deviceid;
 181   1      
 182   1        //~~~~~~~~~~~~~~~~~~~~~~~~~~~~~~~~~~~~~~~~~~~~~~~~~~~~~~~~~~~~~~~~~~~~~~~
 183   1        //$1.Connect Status Change => Do the Reset 
 184   1        //~~~~~~~~~~~~~~~~~~~~~~~~~~~~~~~~~~~~~~~~~~~~~~~~~~~~~~~~~~~~~~~~~~~~~~~
 185   1        op_state = USBHC_ISR_FIFO[USBHC_ISRQ_Rp].OP_ISR_State;
 186   1        portmask = HC_ROOTHUB_STATUSCHANGED_PORT0_MASK;
 187   1        for (port = 0; port < USB_HC_MAX_PORT; port++)
 188   1        {
 189   2          if (op_state & portmask)
 190   2          {
 191   3            //~~~~~~~~~~~~~~~~~~~~~~~~~~~~~~~~~~~~~~~~~~~~~
 192   3            //(1).Read in the PORT status & changed status
 193   3            //EXTINT2_DISABLE;
 194   3            port_status = USBHC_RootHub_State_Report[port];
 195   3            port_status_change = USBHC_RootHub_StatusChanged_Report[port];
 196   3            //EXTINT2_ENABLE;
 197   3      
 198   3      #if (USBHC_ROOTHUB_DEBUG_MODE)
 199   3            printf("A_(RH):P:%d,(St=0x%02x,Ch=0x%02x)=>",(U16_T)port,(U16_T)port_status,(U16_T)port_status_change);
 200   3      #endif
 201   3            //handle some strange errors, when unplug the device, state change not report
 202   3            if (port_status == 0x60) //HC_RH_STATE_PES_SET|HC_RH_STATE_PSS_SET
 203   3            {
 204   4              if (port_status_change == 0x00) 
 205   4              {
 206   5                printf("force");
 207   5                port_status_change = 0x03; //HC_RH_CHANGE_CSC_SET|HC_RH_CHANGE_PESC_SET
 208   5              }
 209   4            }       
 210   3            if (port_status_change)
 211   3            { 
 212   4              //~~~~~~~~~~~~~~~~~~~~~~~~~~~~~~~~~~~~~~~~~~~~~~~~~~~~~~~~~~~~~~~~~~~~~~~~~~~
 213   4              //$1.Overcnrrent Indicate Changed =>1.After over current occur, the state 
 214   4              //                                    could be suspend, or over current
 215   4              //~~~~~~~~~~~~~~~~~~~~~~~~~~~~~~~~~~~~~~~~~~~~~~~~~~~~~~~~~~~~~~~~~~~~~~~~~~~
 216   4              if (port_status_change & HC_RH_CHANGE_POCIC_MASK)
 217   4              {
 218   5                if (port_status & HC_RH_STATE_POCI_MASK)
 219   5                {
 220   6        #if (USBHC_ROOTHUB_DEBUG_MODE)
 221   6                  printf("Over current occurs, Port = %bu\n\r", port);
 222   6        #endif
 223   6      #if (KVM_BUZZER_HARDWARE)
 224   6                  BUZZER_Script_Active(DeviceOverCurrentSound);
 225   6      #endif            
 226   6                  
 227   6                  if (USB_HAL_Check_PDevice_Status(port))
 228   6                  {
C51 COMPILER V9.60.7.0   USBHC_ROOTHUB                                                     06/23/2026 16:04:47 PAGE 5   

 229   7        #if USBHC_OC_FORCE_SW_RESET
                            printf("Do software reset after 3 seconds\n\r");
                            TASK_Active(TASK_TYPE_INTERVAL_MS,TASK_USBHC_RootHub_OverCurrent_ID,0,port,3000,3000);
                #else
 233   7                    EXTINT2_DISABLE;
 234   7                    USBHC_RootHub_HcTdActivityRecord = USBHC_TD_Activity_Cnt;
 235   7                    EXTINT2_ENABLE;
 236   7                    printf("Monitor HC activity...\n\r");
 237   7                    TASK_Active(TASK_TYPE_INTERVAL_MS,TASK_USBHC_RootHub_OverCurrent_ID,0,port,1000,1000);
 238   7        #endif
 239   7                  } 
 240   6                  
 241   6                  USBHC_RootHub_State_Hold[port] |= HC_RH_STATE_POCI_MASK;
 242   6                  if (USBHC_RootHub_Devinx[port] >= USBDC_VIRTUAL_DEVINX)
 243   6                  {
 244   7                    TASK_USBHC_HUB_RemoveDevinx_Fork(USBHC_RootHub_Devinx[port]);
 245   7        #if (USBHC_ROOTHUB_DEBUG_MODE)
 246   7                    printf("Clear Port..\n\r");
 247   7        #endif
 248   7                  }
 249   6                }
 250   5                else
 251   5                {
 252   6        //#if (USBHC_ROOTHUB_DEBUG_MODE)
 253   6                  printf("Over current clear, Port = %bu\n\r", port);
 254   6        //#endif
 255   6                  USBHC_RootHub_State_Hold[port] &= ~HC_RH_STATE_POCI_MASK;
 256   6                  USBHC_RootHub_PowerON(port);
 257   6                }
 258   5              }
 259   4        
 260   4              //--------------------------------
 261   4              //2.Check Connect Status Changed
 262   4              if (port_status_change & HC_RH_CHANGE_CSC_MASK)
 263   4              {
 264   5        #if (USBHC_ROOTHUB_DEBUG_MODE)
 265   5                printf("@Connect_Ch@,Connect=%s\n\r",(port_status & HC_RH_STATE_CCS_MASK) ? "Y" : "N");
 266   5        #endif
 267   5      
 268   5      ROOT_HUB_CONNECT_CHANGED: 
 269   5        /*        
 270   5        #if (SYSTEM_EXTENDER_RECEIVER)
 271   5                if (KVM_CurrentHost != REMOTE_HOST_PORT)  
 272   5        #endif
 273   5                {
 274   5                  USBDC_WakeupUpstreamHost(KVM_CurrentHost);
 275   5                }
 276   5        */
 277   5                // if Connection codition is not same with hold table
 278   5                if ((USBHC_RootHub_State_Hold[port]&HC_RH_STATE_CCS_MASK) != (port_status&HC_RH_STATE_CCS_MASK))
 279   5                {
 280   6                  //--------------------------------------------------------
 281   6                  // Device Connected
 282   6                  // if no other device is during reset, then reset now
 283   6                  //--------------------------------------------------------
 284   6                  if (port_status & HC_RH_STATE_CCS_MASK) //device attached in
 285   6                  {
 286   7                    if (USBHC_Current_Total_Device_Count < USB_HC_MAX_DEVICE)
 287   7                    {
 288   8        #if (USBHC_ROOTHUB_DEBUG_MODE)
 289   8                      printf("Next=>Reset\n\r");
 290   8        #endif  
C51 COMPILER V9.60.7.0   USBHC_ROOTHUB                                                     06/23/2026 16:04:47 PAGE 6   

 291   8                      //USBHC_RootHub_Reset_Port(port,100 * (port + 1));
 292   8                      USBHC_RootHub_Reset_Port(port,30);
 293   8                    }
 294   7                    else
 295   7                    {
 296   8        #if (USBHC_ROOTHUB_DEBUG_MODE)
 297   8                    
 298   8                      printf("OverMaxDevices=>Ignore %bx\n\r", USBHC_Current_Total_Device_Count);
 299   8        #else
                #if (KVM_BUZZER_SUPPORT)
                              BUZZER_Script_Active(DeviceErrorSound);
                #endif //#if (KVM_BUZZER_SUPPORT)
                              printf("> KVM ERROR:No Free device, Skip operation\n\r");
                #endif
 305   8                    }
 306   7                  }
 307   6                  else //Device disconnected
 308   6                  {
 309   7                    USBHC_RootHub_State_Hold[port] &= ~HC_RH_STATE_CCS_MASK;
 310   7                    USBHC_RootHub_EnableErr[port] = 0;
 311   7                    USBHC_RootHub_State_OldReport[port] = 0;
 312   7                    if (USBHC_RootHub_Bus_Occupy_Flag && (USBHC_RootHub_Bus_Occupy_ID == port))
 313   7                    {
 314   8                      USBHC_RootHub_Bus_Occupy_Flag = 0; // release the bus to other port
 315   8                    }
 316   7        #if (USBHC_DEBUG_MODE)
                            printf("Clear Port Operation\n\r");
                #endif  
 319   7                    if (USBHC_RootHub_Devinx[port] >= USBDC_VIRTUAL_DEVINX)
 320   7                    {               
 321   8                      TASK_USBHC_HUB_RemoveDevinx_Fork(USBHC_RootHub_Devinx[port]);
 322   8                      USBHC_RootHub_Devinx[port] = 0;
 323   8                    }
 324   7                  }
 325   6                }
 326   5        #if (USBHC_ROOTHUB_DEBUG_MODE)
 327   5                else
 328   5                {
 329   6                  printf("Skip\n\r");
 330   6                }
 331   5        #endif
 332   5              }
 333   4        
 334   4              //~~~~~~~~~~~~~~~~~~~~~~~~~~~~~~~~~~~~~~~~~~~~~~~~~~~~~~~~~~~~~~~~~~~~~~~~~
 335   4              //$3.Port Enable Status Change =>1.After reset, the device should enter 
 336   4              //                                 this mode automatically
 337   4              //~~~~~~~~~~~~~~~~~~~~~~~~~~~~~~~~~~~~~~~~~~~~~~~~~~~~~~~~~~~~~~~~~~~~~~~~~
 338   4              if (port_status_change & HC_RH_CHANGE_PESC_MASK)
 339   4              {
 340   5        #if (USBHC_ROOTHUB_DEBUG_MODE)
 341   5                printf("@Port_Enable_Ch@,Enable=%s\n\r",(port_status&HC_RH_STATE_PES_MASK) ? "Y" : "N");
 342   5        #endif
 343   5                if ((USBHC_RootHub_State_Hold[port]&HC_RH_STATE_PES_MASK) != (port_status&HC_RH_STATE_PES_MASK))
 344   5                {
 345   6                  if (port_status&HC_RH_STATE_PES_MASK)
 346   6                  {
 347   7                    USBHC_RootHub_State_Hold[port] |= HC_RH_STATE_PES_MASK;
 348   7                  }
 349   6                  else
 350   6                  {
 351   7                    USBHC_RootHub_State_Hold[port] &= ~HC_RH_STATE_PES_MASK;
 352   7                  }
C51 COMPILER V9.60.7.0   USBHC_ROOTHUB                                                     06/23/2026 16:04:47 PAGE 7   

 353   6                }
 354   5        
 355   5                if ((port_status&HC_RH_STATE_PES_MASK) == HC_RH_STATE_PES_RESET) // if port is reset status changed
 356   5                {
 357   6                  if ((port_status & (HC_RH_STATE_CCS_MASK|HC_RH_STATE_PPS_MASK)) == (HC_RH_STATE_CCS_MASK|HC_RH_STATE
             -_PPS_MASK)) //if power on & connect
 358   6                  {
 359   7                    if (USBHC_RootHub_Devinx[port] >= USBDC_VIRTUAL_DEVINX)
 360   7                    {                
 361   8                      if (USB_PDevice[USBHC_RootHub_Devinx[port]].Addr & USBHC_DEVICE_USED_MASK)  // if Device in used, 
             -then clear it
 362   8                      {                 
 363   9                        TASK_USBHC_HUB_RemoveDevinx_Fork(USBHC_RootHub_Devinx[port]);               
 364   9                      }                 
 365   8                                                                                        
 366   8                      USBHC_RootHub_Devinx[port] = 0;
 367   8        #if (USBHC_ROOTHUB_DEBUG_MODE)
 368   8                      printf("@Operation=>Reset Port\n\r");
 369   8        #endif
 370   8                      if (USBHC_RootHub_EnableErr[port] < 5)
 371   8                      {
 372   9                        if (USBHC_RootHub_ResetCnt == 0) // start ot reset
 373   9                        {   
 374  10                          //USBHC_RootHub_Reset_Port(port,100 * (port + 1));
 375  10                          USBHC_RootHub_Reset_Port(port,30);
 376  10                          USBHC_RootHub_ResetCnt = 1; // start ot reset
 377  10                        }               
 378   9                      } 
 379   8                    }
 380   7                  }
 381   6                }
 382   5              }
 383   4        
 384   4              //~~~~~~~~~~~~~~~~~~~~~~~~~~~~~~~~~~~~~~~~~~~~~~~~~~~~~~~~~~~~~~~~~~~~~~~~~
 385   4              //$4.Suspend Status Change =>1.After resume, the device active again
 386   4              //                           2.After send out suspend command,device sleep
 387   4              //~~~~~~~~~~~~~~~~~~~~~~~~~~~~~~~~~~~~~~~~~~~~~~~~~~~~~~~~~~~~~~~~~~~~~~~~~
 388   4              if (port_status_change&HC_RH_CHANGE_PSSC_MASK)
 389   4              {
 390   5        #if (USBHC_ROOTHUB_DEBUG_MODE)
 391   5                printf("@Port_Suspend_Ch@,Suspend=%s,",(port_status&HC_RH_STATE_PSS_MASK)? "Y" : "N");
 392   5        #endif
 393   5                //Check suspend status
 394   5                if ((USBHC_RootHub_State_Hold[port]&HC_RH_STATE_PSS_MASK) != (port_status&HC_RH_STATE_PSS_MASK))
 395   5                {
 396   6                  if (port_status&HC_RH_STATE_PSS_MASK)
 397   6                  {
 398   7        #if (USBHC_ROOTHUB_DEBUG_MODE)
 399   7                    printf("Enter Suspend Mode\n\r");
 400   7        #endif
 401   7                    USBHC_RootHub_State_Hold[port] |= HC_RH_STATE_PSS_MASK;
 402   7                  }
 403   6                  else // get into suspend mode
 404   6                  {
 405   7        #if (USBHC_ROOTHUB_DEBUG_MODE)
 406   7                    printf("Leave Suspend Mode\n\r");
 407   7        #endif
 408   7                    USBHC_RootHub_State_Hold[port] &= ~HC_RH_STATE_PSS_MASK;
 409   7                  }
 410   6                }
 411   5        #if (USBHC_ROOTHUB_DEBUG_MODE) 
 412   5                else
C51 COMPILER V9.60.7.0   USBHC_ROOTHUB                                                     06/23/2026 16:04:47 PAGE 8   

 413   5                {
 414   6                  // Nothing happened
 415   6                  printf("Skip\n\r");
 416   6                }
 417   5        #endif
 418   5              }
 419   4        
 420   4              //~~~~~~~~~~~~~~~~~~~~~~~~~~~~~~~~~~~~~~~~~~~~~~~~~~~~~~~~~~~~~~~~~~~~~~~
 421   4              //$5.Reset Complete
 422   4              //~~~~~~~~~~~~~~~~~~~~~~~~~~~~~~~~~~~~~~~~~~~~~~~~~~~~~~~~~~~~~~~~~~~~~~~
 423   4              if (port_status_change & HC_RH_CHANGE_PRSC_MASK)
 424   4              {
 425   5      ROOT_HUB_RESET_CHANGED:         
 426   5                //Port Enable & Connect
 427   5                if ((port_status &(HC_RH_STATE_PES_MASK|HC_RH_STATE_CCS_MASK)) == (HC_RH_STATE_PES_MASK|HC_RH_STATE_C
             -CS_MASK))
 428   5                {
 429   6                  //in root hub port, the port0 will assign to device 0, port 3 assing to device 3
 430   6                  if (USBHC_RootHub_ResetCnt >= ROOT_HUB_RESET_COUNTER)
 431   6                  {
 432   7        #if (USBHC_ROOTHUB_DEBUG_MODE)
 433   7                    printf("@Port_Reset_Ch@,DONE");
 434   7                    printf(",Enable=%s,Connect=%s,",(port_status&HC_RH_STATE_PES_MASK) ? "Y" : "N",
 435   7                                    (port_status&HC_RH_STATE_CCS_MASK) ? "Y" : "N");
 436   7        #endif
 437   7                    //Check the CurrentPort Connection
 438   7                    //This is happened only reset the downstream port
 439   7                    if (USBHC_RootHub_Devinx[port] != 0)
 440   7                    {               
 441   8                      free_deviceid = USBHC_RootHub_Devinx[port];
 442   8                      goto USBHC_ROOT_HUB_GO_ENUMERATION;
 443   8                    }
 444   7        
 445   7                    if (USB_HAL_Alloc_Free_PDevice(&free_deviceid, port))
 446   7                    {
 447   8                      //1.Assign device address 0               
 448   8                      USBHC_RootHub_Devinx[port] = free_deviceid;
 449   8                      
 450   8                      //log the devinx into hub table
 451   8        //              (USB_PDevice[0].HUB.ReportState+port)->Devinx = free_deviceid;  
 452   8                      USB_PDevice[free_deviceid].Hub_NbrPorts = (port USBHC_ROOTHUBPORT_PORT_NUM_SHIFT);
 453   8                      //2.Store device speed.
 454   8                      if (port_status & HC_RH_STATE_LSDA_MASK)     // Low Speed 
 455   8                        USB_PDevice[free_deviceid].InterfaceNum |= USBHC_DEVICE_SPEED_MASK;  // store speed type
 456   8        
 457   8        #ifdef USBHC_ROOT_FULL_SEED_TEST
                              if (port_status&HC_RH_STATE_LSDA_MASK) //low speed device
                              {
                                printf("\n\r !!! SPEED Not matched\n\r");
                              }
                              else
                              {
                                printf("OK\n\r");
                              }
                #endif
 467   8        #ifdef USBHC_ROOT_LOW_SEED_TEST
                              if ((port_status&HC_RH_STATE_LSDA_MASK) == 0x00) //Full Speed
                              {
                                printf("\n\r !!! SPEED Not matched\n\r");
                              }
                              else
                              {
C51 COMPILER V9.60.7.0   USBHC_ROOTHUB                                                     06/23/2026 16:04:47 PAGE 9   

                                printf("OK\n\r");
                              }
                #endif
 477   8                      //4.Assign device attatched task
 478   8        USBHC_ROOT_HUB_GO_ENUMERATION:
 479   8                      USBHC_Enumerate_New_Addr = port + 1; // for Root HUB Layer, start from 0x01~0x04
 480   8                      USB_PDevice[free_deviceid].Hc.gState = HOST_DEV_ATTACHED; // Do the root hub reset process
 481   8                      USBHC_RootHub_EnableErr[port] = 0; // reset the enable error counter
 482   8                      USBHC_RootHub_ResetCnt = 0;
 483   8                      TASK_Active(TASK_TYPE_INTERVAL_MS,TASK_USBHC_RootHub_Enumerate_Start_ID,0x00,free_deviceid,200,200
             -);  // Generate the task
 484   8        #if (USBHC_ROOTHUB_DEBUG_MODE)
 485   8                      printf("Devinx:%bd,Next(Enumerate)\n\r",free_deviceid);
 486   8        #endif
 487   8                    }
 488   7                    else
 489   7                    {
 490   8                      USBHC_RootHub_Bus_Occupy_Flag = 0;
 491   8                    }
 492   7                  }
 493   6                }
 494   5                else
 495   5                {
 496   6        #if (USBHC_ROOTHUB_DEBUG_MODE)
 497   6                  printf("Error Condition\n\r");
 498   6        #endif
 499   6                  USBHC_RootHub_Bus_Occupy_Flag = 0;
 500   6                }
 501   5              }
 502   4            }
 503   3            else
 504   3            {
 505   4      #if (USBHC_ROOTHUB_DEBUG_MODE)        
 506   4              printf("B_(RH):P:%d,(St=0x%02x,Ch=0x%02x)=>",(U16_T)port,(U16_T)port_status,(U16_T)port_status_change)
             -;
 507   4      #endif        
 508   4              //1.Check device connect
 509   4              if ((USBHC_RootHub_State_OldReport[port] & HC_RH_STATE_CCS_MASK) == 0x00)
 510   4              { 
 511   5                if (USBHC_RootHub_State_Report[port] & HC_RH_STATE_CCS_MASK)
 512   5                {
 513   6      #if (USBHC_ROOTHUB_DEBUG_MODE)            
 514   6                  printf("Connect Changed\n\r");
 515   6      #endif            
 516   6                  goto ROOT_HUB_CONNECT_CHANGED;
 517   6                } 
 518   5              }
 519   4              //2.Check the reset complete
 520   4              if (USBHC_RootHub_State_OldReport[port] & HC_RH_STATE_PRS_MASK)
 521   4              { 
 522   5                if ((USBHC_RootHub_State_Report[port] & HC_RH_STATE_PRS_MASK) == 0x00)
 523   5                {
 524   6      #if (USBHC_ROOTHUB_DEBUG_MODE)            
 525   6                  printf("Reset Change\n\r");
 526   6      #endif            
 527   6                  goto ROOT_HUB_RESET_CHANGED;
 528   6                } 
 529   5              }   
 530   4            } 
 531   3            USBHC_RootHub_State_OldReport[port] = USBHC_RootHub_State_Report[port];
 532   3          }
 533   2      
C51 COMPILER V9.60.7.0   USBHC_ROOTHUB                                                     06/23/2026 16:04:47 PAGE 10  

 534   2          op_state &= ~portmask;
 535   2          if ((op_state & HC_OPINT_STATE_RHSC_MAP_MASK) == 0)
 536   2          {
 537   3            break;
 538   3          }
 539   2      
 540   2          portmask = portmask << 1; // notice this must check with SFR
 541   2        }
 542   1      }
 543          
 544          /*
 545           * -------------------------------------------------------------------------------------------
 546           * void USBHC_RootHub_PowerON(U8_T portid)
 547           * Purpose :  
 548           * Params  :  
 549           * Returns : none
 550           * Note    : none
 551           * -------------------------------------------------------------------------------------------
 552           */
 553          void USBHC_RootHub_PowerON(U8_T rhpid)
 554          {
 555   1        U8_T reg[2];
 556   1      
 557   1        reg[0] = HC_RH_CON_SPP_SET;
 558   1        reg[1] = 0;
 559   1        USBHC_Write_Regs(USBHC_RootHub_Cmd_Reg[rhpid],reg,2);
 560   1      #if (USBHC_ROOTHUB_DEBUG_MODE)
 561   1        printf("USBHC:@Port(%bu),PowerOn\n\r", rhpid);
 562   1      #endif
 563   1      }
 564          
 565          /*
 566           * -------------------------------------------------------------------------------------------
 567           * void TASK_USBHC_RootHub_PowerON(void)
 568           * Purpose : Will do the Root hub initial process after the hc controller reset
 569           * Params  :   
 570           * Returns : none
 571           * Note    : 
 572           *           root hub power on flow:
 573           *           Power Power On => generate a interrupt of port chagned
 574           * ISR       root hub state:0x61,0x01 => Connect Change+Power On status
 575           *           Port Reset=> need 30ms (generate a interrupt of port chagned)
 576           * ISR       root hub state:0x63,0x10 => Reste Complete,Power On+Connect+Enable
 577           * -------------------------------------------------------------------------------------------
 578           */
 579          void TASK_USBHC_RootHub_PowerON(void)
 580          {
 581   1        U8_T port;
 582   1      
 583   1        for (port=0; port < USB_HC_MAX_PORT; port++)
 584   1        {
 585   2          if (USBHC_Port_Power_On_State & RootHubPortID[port])
 586   2          {
 587   3            USBHC_RootHub_PowerON(port);
 588   3            USBHC_Port_Power_On_State &= ~RootHubPortID[port];
 589   3          }
 590   2        }
 591   1        TASK_Destory_Current();
 592   1      } 
 593          
 594          /*
 595           * -------------------------------------------------------------------------------------------
C51 COMPILER V9.60.7.0   USBHC_ROOTHUB                                                     06/23/2026 16:04:47 PAGE 11  

 596           * void TASK_USBHC_RootHub_Reset(void)
 597           * Purpose : Monitor the Will do the Root hub housekeeping maintain process
 598           * Params  :  
 599           * Returns : none
 600           * Note    : none
 601           * -------------------------------------------------------------------------------------------
 602           */
 603          void TASK_USBHC_RootHub_Reset(void)
 604          {
 605   1        U8_T rhpid,reg[2];
 606   1      
 607   1        reg[0] = TASK_Event & TASK_EVENT_SERIAL_MASK;  // get Port ID
 608   1        rhpid  = TASK_Register0;  // get Port ID
 609   1          
 610   1        if (reg[0] != USBHC_RootHub_ResetTaskSerial[rhpid])
 611   1        { 
 612   2          TASK_Destory_Current();
 613   2          return;
 614   2        }
 615   1        
 616   1        if ((USBHC_RootHub_State_Hold[rhpid] & HC_RH_STATE_CCS_MASK) == HC_RH_STATE_CCS_SET) // if device still c
             -onnected
 617   1        {
 618   2          if (USBHC_RootHub_Bus_Occupy_Flag == 0) // wait for other port reset complete
 619   2          {
 620   3            if (USBHC_HUB_Enumerate_Occupy_Flag == 0) /*if no other hub port in enumearation opeartion */
 621   3            {
 622   4              //1.Fill Up root hub port reset register        
 623   4              USBHC_RootHub_Bus_Occupy_Flag = 1;
 624   4              USBHC_RootHub_Bus_Occupy_ID = rhpid;
 625   4      
 626   4              //Port Reset
 627   4              reg[0] = HC_RH_CON_SPR_SET;
 628   4              reg[1] = 0;
 629   4              USBHC_Write_Regs(USBHC_RootHub_Cmd_Reg[rhpid],reg,2);
 630   4              USBHC_RootHub_ResetCnt=1;
 631   4      #if (USBHC_ROOTHUB_DEBUG_MODE)
 632   4              printf("0USBHC:Port(%d),Reset %d Times..\n\r",(U16_T)rhpid,(U16_T)USBHC_RootHub_ResetCnt);
 633   4      #endif
 634   4            }
 635   3          }
 636   2          else
 637   2          {
 638   3            if (USBHC_RootHub_Bus_Occupy_ID == rhpid) // this is second time to get 
 639   3            {
 640   4              USBHC_RootHub_ResetCnt++;
 641   4      #if (USBHC_ROOTHUB_DEBUG_MODE)
 642   4              printf("1USBHC:Port(%d),Reset %d Times..\n\r",(U16_T)rhpid,(U16_T)USBHC_RootHub_ResetCnt);
 643   4      #endif
 644   4              //Port Reset
 645   4              if (USBHC_RootHub_ResetCnt == ROOT_HUB_RESET_COUNTER)
 646   4              {
 647   5                reg[0] = HC_RH_CON_SPR_SET;
 648   5                reg[1] = 0;
 649   5                USBHC_Write_Regs(USBHC_RootHub_Cmd_Reg[rhpid],reg,2);
 650   5              }
 651   4      
 652   4              if (USBHC_RootHub_ResetCnt >= ROOT_HUB_RESET_COUNTER)
 653   4              {
 654   5                TASK_Destory_Current(); // terminiate now
 655   5              }
 656   4            }
C51 COMPILER V9.60.7.0   USBHC_ROOTHUB                                                     06/23/2026 16:04:47 PAGE 12  

 657   3          }
 658   2        }
 659   1        else
 660   1        {
 661   2      #if (USBHC_ROOTHUB_DEBUG_MODE)    
 662   2          printf("USBHC:Cancel reset for device disconnected\n\r");   
 663   2      #endif    
 664   2          if (USBHC_RootHub_Bus_Occupy_ID == rhpid) // this is second time to get 
 665   2          {
 666   3            USBHC_RootHub_Bus_Occupy_Flag = 0;
 667   3          } 
 668   2          TASK_Destory_Current();
 669   2        }
 670   1      }
 671          
 672          /** -------------------------------------------------------------------------------------------
 673           * void TASK_USBHC_RootHub_OverCurrent(void)
 674           * Purpose : After the overcurrent status happenied, need software to set power on, and check
 675           *           the ovrecurrent release condition.
 676           * Params  :  
 677           * Returns : none
 678           * Note    : none
 679           * -------------------------------------------------------------------------------------------*/
 680          void TASK_USBHC_RootHub_OverCurrent(void)
 681          {
 682   1      #if USBHC_OC_FORCE_SW_RESET
                CPU_SoftReboot();
                TASK_Destory_Current();
              #else
 686   1        /* Check hardware TD activity */
 687   1        if (USBHC_RootHub_HcTdActivityRecord == USBHC_TD_Activity_Cnt)
 688   1        {
 689   2          /* TD not activity, record fail count */
 690   2          if (++USBHC_RootHub_HcTdActivityFailCnt >= 3)
 691   2          {
 692   3            /* HC is deadlock, do software reset */
 693   3            USBHC_RootHub_HcTdActivityFailCnt = 0;
 694   3            TASK_Destory_Current();
 695   3            //printf("Do software reset\n\r");
 696   3            CPU_SoftReboot();
 697   3            return;
 698   3          }
 699   2          /* Wait for the checking next time */
 700   2        }
 701   1        else
 702   1        {
 703   2          /* HC is still alived, destroy current task */
 704   2          //printf("HC TD still alived!!\n\r");
 705   2          TASK_Destory_Current();
 706   2        }
 707   1      #endif
 708   1      }
 709          
 710          /** -------------------------------------------------------------------------------------------
 711           * void TASK_USBHC_RootHub_Enumerate_Start(void)
 712           * Purpose : After Reset complete, there is a buffer time to send out the first command 
 713           * Params  :  
 714           * Returns : none
 715           * Note    : none
 716           * -------------------------------------------------------------------------------------------*/
 717          void TASK_USBHC_RootHub_Enumerate_Start(void)
 718          {
C51 COMPILER V9.60.7.0   USBHC_ROOTHUB                                                     06/23/2026 16:04:47 PAGE 13  

 719   1        TASK_Destory_Current();
 720   1        TASK_Active(TASK_TYPE_USB,TASK_USBHC_Process_ID,0x00,TASK_Register0,0,0);  // Generate the task
 721   1      }
 722          
 723          /** -------------------------------------------------------------------------------------------
 724           * void USBHC_RootHub_Reset_Port(void)
 725           * Purpose : Rset the root hub port
 726           * Params  :  
 727           * Returns : none
 728           * Note    : none
 729           * -------------------------------------------------------------------------------------------*/
 730          void USBHC_RootHub_Reset_Port(U8_T port,U16_T reset_timer)
 731          {
 732   1        USBHC_RootHub_ResetTaskSerial[port]++;
 733   1        USBHC_RootHub_ResetTaskSerial[port] &= 0x0f;
 734   1        USBHC_RootHub_State_Hold[port] |= HC_RH_STATE_CCS_MASK;
 735   1        USBHC_RootHub_ResetCnt = 0; // start ot reset
 736   1        TASK_Active(TASK_TYPE_INTERVAL_MS,TASK_USBHC_RootHub_Reset_ID,USBHC_RootHub_ResetTaskSerial[port],port,re
             -set_timer,200);
 737   1      }
 738          
 739          /* End of usbhc_roothub.c */


MODULE INFORMATION:   STATIC OVERLAYABLE
   CODE SIZE        =   2378    ----
   CONSTANT SIZE    =    657    ----
   XDATA SIZE       =     54      15
   PDATA SIZE       =   ----    ----
   DATA SIZE        =   ----    ----
   IDATA SIZE       =   ----    ----
   BIT SIZE         =      1    ----
   EDATA SIZE       =   ----    ----
   HDATA SIZE       =   ----    ----
   XDATA CONST SIZE =   ----    ----
   FAR CONST SIZE   =    657    ----
END OF MODULE INFORMATION.


C51 COMPILATION COMPLETE.  0 WARNING(S),  0 ERROR(S)
