C51 COMPILER V9.60.7.0   USBHC_IOREQ                                                       06/23/2026 16:04:46 PAGE 1   


C51 COMPILER V9.60.7.0, COMPILATION OF MODULE USBHC_IOREQ
OBJECT MODULE PLACED IN .\usbhc_ioreq.obj
COMPILER INVOKED BY: C:\Users\Administrator\AppData\Local\Keil_v5\C51\BIN\C51.EXE ..\Src\usbhc\usbhc_ioreq.c LARGE OMF2 
                    -ROM(D16M) OPTIMIZE(9,SIZE) BROWSE NOAREGS INCDIR(..\src\main\;..\src\cpu\;..\src\flash\;..\src\uart\;..\src\swdma\;..\sr
                    -c\mstimer\;..\src\i2c\;..\src\spi\;..\src\task_man\;..\src\project\;..\Src\ps2_host;..\Src\console_edid;..\Src\storage;.
                    -.\Src\data_stream;..\Src\kvm_control\kvm_hotkey;..\Src\kvm_control\kvm_console;..\Src\kvm_control\kvm_button;..\Src\kvm_
                    -control\kvm_edid;..\Src\kvm_control\kvm_buzzer;..\src\gpio\;..\Src\hardware_ps2;..\Src\usbdc;..\Src\usbdc\usbdc_virtual;
                    -..\Src\usb_std;..\Src\usbhc;..\Src\kvm_control\power_saving;..\Src\usbhc\MSC;..\Src\usbhc\AUDIO;..\Src\usbhc\HUB;..\Src\
                    -usbhc\HID;..\Src\usbhc\HID_PARSER;..\Src\usbhc\ROOT_HUB;..\Src\usbdc\usbdc_hub;..\Src\usbdc\usbdc_hid;..\Src\kvm_control
                    -\kvm_storage\spi_flash;..\Src\usbdc\usbdc_msc\usb_scsi;..\Src\usbdc\usbdc_msc;..\Src\handler\logitech;..\Src\handler\A4_
                    -Tech;..\Src\usbdc\usbdc_vendor;..\Src\hsur;..\Src\extender\core;..\Src\extender\receiver;..\Src\uart_console;..\Src\kvm_
                    -control\km_sync;..\Src\hsur;..\Src\kvm_control\km_log;..\Src\kvm_control\km_api;..\Src\kvm_control\kvm_ir;..\Src\kvm_con
                    -trol\kvm_rtc;..\Src\i2c;..\Src\kvm_control\kvm_multiview) STRING(FAR) DEFINE(RuntimeCodeAt0KH,MCU_TYPE_AX68004,KVM,HC_TI
                    -MEOUT=10000,VHID,HID_PARSER_CORE_KB,HID_PARSER_CORE_MS,API,NO_AUDIO,NO_MSC,NO_EDID,HUART_BAUD=HUART_115K,SYNC,CROSS_JUMP
                    -_MAP0,VPID_CHANGER,SYNC_KB_HOTKEY,SYNC_MS_HOTKEY,REPEAT_MODE=1,HSUART,MULTIVIEW) VARBANKING DEBUG PRINT(.\usbhc_ioreq.ls
                    -t) TABS(2) OBJECT(.\usbhc_ioreq.obj)

line level    source

   1          /*
   2           ******************************************************************************
   3           *     Copyright (c) 2014 ASIX Electronic Corporation      All rights reserved.
   4           *
   5           *     This is an proprietary source code of ASIX Electronic Corporation
   6           *
   7           *     The copyright notice above does not evidence any actual or intended
   8           *     publication of such source code.
   9           ******************************************************************************
  10           */
  11           /*============================================================================
  12           * Module Name: usbhc_ioreq.c
  13           * Purpose:
  14           * Author:
  15           * Date:
  16           * Notes:
  17           *=============================================================================
  18           */
  19          #include  "project_include.h"
  20          
  21          /* STATIC VARIABLE DECLARATIONS */
  22          /* LOCAL SUBPROGRAM DECLARATIONS */ 
  23          static void usbhc_Ctrl_TD_Submit(U8_T td_offset);
  24          static U8_T usbhc_Ctrl_TD_Header(U8_T devinx,U8_T td_id);
  25          static U16_T usbhc_Total_Byte_Fix(U8_T devinx, U16_T length);
  26          
  27          /* LOCAL SUBPROGRAM BODIES */
  28          /**
  29            * @brief  USBHC_CtlReq
  30            *         USBHC_CtlReq active a control task   
  31            * @param  devinx: Selected device
  32            * @param  td_id : Selected host channel  
  33            * @retval Status
  34            */
  35          USBH_Status USBHC_CtlReq (U8_T  devinx,U8_T td_id)
  36          {
  37   1        USB_PDevice[devinx].Hc.Control.State = CTRL_SETUP;
  38   1        TASK_Active(TASK_TYPE_USB,TASK_USBHC_Handle_Control_ID,td_id,devinx,0,0); // Generate the Setup Send comm
             -and
  39   1        return USBH_OK;
  40   1      }
  41          
C51 COMPILER V9.60.7.0   USBHC_IOREQ                                                       06/23/2026 16:04:46 PAGE 2   

  42          /**
  43            * @brief  usbhc_Ctrl_TD_Header
  44            *         copy TD header 8 bytes for Host Hannel & Device Table
  45            * @param  devinx: Selected device
  46            * @param  td_id : Selected host channel
  47            * @retval td_offet
  48            */ 
  49          static U8_T usbhc_Ctrl_TD_Header(U8_T devinx,U8_T td_id)
  50          {
  51   1        USBHC_TD_Header_Typedef *td_header;
  52   1        U8_T          td_offset;
  53   1      
  54   1        td_offset = USBHC_CORE_TD_Offset(td_id);
  55   1      
  56   1        //1.Get td_header address
  57   1        td_header = (USBHC_TD_Header_Typedef *) &(HCTD_Table.ATL[td_offset].TD);
  58   1        //2.Fill up TD Header Content -------------------------------------------------------------
  59   1        //2-0.Actual Byte
  60   1        td_header->Byte0_Actual_Byte = 0;
  61   1        //2-1.(1)Toggle=>Data0
  62   1        //    (2)Active=>1
  63   1        //    (3)Complete code=>0x0f
  64   1        
  65   1        //2-2.(1)Toggle=>Data0
  66   1        //    (2)Active=>1
  67   1        //    (3)Complete code=>0x0f
  68   1        td_header->Byte2_MaxPKT_Size = HCTD_Channel_Table[td_id].Endp_Size;
  69   1        //2-3.(1)Speed
  70   1        //    (2)Endpoint Number
  71   1        td_header->Byte3 = (HCTD_Channel_Table[td_id].Attri & CHANNEL_ATRI_ENDPADDR_MASK) << 4;
  72   1        if (USB_PDevice[devinx].InterfaceNum & USBHC_DEVICE_SPEED_MASK) /* low speed device check */
  73   1          td_header->Byte3 |= TD_SPEED_LOW;
  74   1        //2-4.(1)Total Bytes
  75   1        td_header->Byte4_Total_Byte = HCTD_Channel_Table[td_id].TD_Length;
  76   1        //2-5.(1)Error Count(ingore)
  77   1        //    (2)Dir Token
  78   1        //    (3)Total Byte MSD
  79   1        td_header->Byte5  = ((HCTD_Channel_Table[td_id].TD_Length & 0x0300) >>8) | TD_DIR_TOKEN_SETUP;
  80   1        //2-6.(1)Device Address
  81   1        td_header->Byte6_Function_Address = USB_PDevice[devinx].Addr & USBHC_DEVICE_ADDR_MASK;
  82   1        //2-7.(1)Starting frame
  83   1        td_header->Byte7 = 0xff; // Nake Count
  84   1        
  85   1        td_header->Byte1 = COMPLETEION_CODE_MASK | TD_ACTIVED_MASK;
  86   1        return td_offset;
  87   1      }
  88          
  89          /**
  90            * @brief  usbhc_Ctrl_TD_Submit
  91            *         Submit the TD by setting SkipMap,DoneMap,ATLATV registers
  92            * @param  td_offet : Selected ATL TD offset number
  93            * @retval None
  94            */
  95          static void usbhc_Ctrl_TD_Submit(U8_T td_offset)
  96          {
  97   1        //1.Reset the DoneMap Flag
  98   1        USBHC_CORE_Clear_TD_DoneMap(USBHC_TD_ATL,td_offset);
  99   1        //2.Clear skip bit
 100   1        USBHC_CORE_Set_TD_SkipMap(USBHC_TD_ATL,td_offset,0x00); // clear the skip map
 101   1      }
 102          
 103          /**
C51 COMPILER V9.60.7.0   USBHC_IOREQ                                                       06/23/2026 16:04:46 PAGE 3   

 104            * @brief  USBHC_CtlSendSetup
 105            *         Sends the Setup Packet to the Device
 106            * @param  pdev: Selected device
 107            * @param  buff: Buffer pointer from which the Data will be send to Device
 108            * @param  hc_num: Host channel Number
 109            * @retval Status
 110            */
 111          void USBHC_CtlSendSetup(U8_T devinx,U8_T td_id)
 112          { 
 113   1        U8_T  td_offset, index;
 114   1      
 115   1        //1.Fill up TD Header & get TD offset
 116   1        td_offset = usbhc_Ctrl_TD_Header(devinx,td_id);
 117   1      
 118   1        //2.Copy setup command into data payload
 119   1        for (index=0; index < USBHC_SETUP_PKT_SIZE ; index++)
 120   1        {
 121   2          HCTD_Table.ATL[td_offset].Buf[index] = USB_PDevice[devinx].Hc.Control.Setup.d8[index];
 122   2        }
 123   1      
 124   1        //3.Sumbit the TD operation
 125   1        usbhc_Ctrl_TD_Submit(td_offset);
 126   1      }
 127          
 128          /**
 129            * @brief  USBHC_CtlSendData
 130            *         Sends a data Packet to the Device
 131            * @param  pdev: Selected device
 132            * @param  buff: Buffer pointer from which the Data will be sent to Device
 133            * @param  length: Length of the data to be sent
 134            * @param  hc_num: Host channel Number
 135            * @retval Status
 136            */
 137          USBH_Status USBHC_CtlSendData (U8_T devinx,U8_T td_id,U16_T length)
 138          {
 139   1        U8_T  td,index;
 140   1        USBHC_TD_Header_Typedef *td_header;
 141   1      
 142   1        //1.Get the TD address
 143   1        td = USBHC_CORE_TD_Offset(USB_PDevice[devinx].Hc.Control.TdNum);
 144   1      
 145   1        td_header = (USBHC_TD_Header_Typedef *) &(HCTD_Table.ATL[td].TD);
 146   1        //2.Fill up TD Header Content
 147   1        //2-0.Actual Byte
 148   1        td_header->Byte0_Actual_Byte = 0;
 149   1        //2-2.(1)Toggle=>Data0
 150   1        //    (2)Active=>1
 151   1        //    (3)Complete code=>0x0f
 152   1        //td_header->Byte2_MaxPKT_Size = USBHC_SETUP_PKT_SIZE;
 153   1        td_header->Byte2_MaxPKT_Size = HCTD_Channel_Table[td_id].Endp_Size;
 154   1        //2-3.(1)Speed
 155   1        //    (2)Endpoint Number
 156   1        td_header->Byte3 = USBHC_EP0_EP_NUM;
 157   1        if (USB_PDevice[devinx].InterfaceNum & USBHC_DEVICE_SPEED_MASK) // Low Speed Device
 158   1          td_header->Byte3 |= TD_SPEED_LOW;
 159   1        //2-4.(1)Total Bytes
 160   1        if (length > USBHC_MAX_PACKET_SIZE)
 161   1          length = USBHC_MAX_PACKET_SIZE;
 162   1      
 163   1        td_header->Byte4_Total_Byte = (length & 0x00ff);
 164   1        td_header->Byte5 = (length & 0x0300) >>8;
 165   1        //2-5.(1)Error Count(ingore)
C51 COMPILER V9.60.7.0   USBHC_IOREQ                                                       06/23/2026 16:04:46 PAGE 4   

 166   1        //    (2)Dir Token
 167   1        td_header->Byte5 |= TD_DIR_TOKEN_OUT;
 168   1        //2-6.(1)Device Address
 169   1        td_header->Byte6_Function_Address = USB_PDevice[devinx].Addr & USBHC_DEVICE_ADDR_MASK;
 170   1        //2-7.(1)Starting frame
 171   1        td_header->Byte7 = 0xff; // next first frame
 172   1        //3.Copy setup command into data payload
 173   1        for (index=0;index < length ; index++)
 174   1        {
 175   2          HCTD_Table.ATL[td].Buf[index] = USB_PDevice[devinx].Hc.Control.Buf[USB_PDevice[devinx].Hc.Control.Curren
             -t_Length+index];
 176   2        }
 177   1        /* Final Step */ 
 178   1        //2-1.(1)Toggle=>Data0
 179   1        //    (2)Active=>1
 180   1        //    (3)Complete code=>0x0f
 181   1        if (length == 0)
 182   1          td_header->Byte1 = COMPLETEION_CODE_MASK | TD_ACTIVED_MASK | TD_TOGGLE_DATA1;
 183   1        else
 184   1          td_header->Byte1 |= COMPLETEION_CODE_MASK | TD_ACTIVED_MASK;
 185   1        //4.Reset the DoneMap Flag
 186   1        USBHC_CORE_Clear_TD_DoneMap(USBHC_TD_ATL,td);
 187   1        //4-1.Clear skip bit 
 188   1        USBHC_CORE_Set_TD_SkipMap(USBHC_TD_ATL,td,0x00); // clear the skip map
 189   1      
 190   1        return USBH_OK;
 191   1      }
 192          
 193          /**
 194            * @brief  USBHC_CtlReceiveData
 195            *         Receives the Device Response to the Setup Packet
 196            * @param  pdev: Selected device
 197            * @param  buff: Buffer pointer in which the response needs to be copied
 198            * @param  length: Length of the data to be received
 199            * @param  hc_num: Host channel Number
 200            * @retval Status. 
 201            */
 202          USBH_Status USBHC_CtlReceiveData(U8_T devinx, U8_T td_id, U16_T length, U8_T status)
 203          {
 204   1        U8_T            td;
 205   1        USBHC_TD_Header_Typedef   *td_header;
 206   1      
 207   1        //1.Get the TD address
 208   1        td = USBHC_CORE_TD_Offset(td_id);
 209   1      
 210   1        td_header = (USBHC_TD_Header_Typedef *) &(HCTD_Table.ATL[td].TD);
 211   1        //2.Fill up TD Header Content
 212   1        //2-0.Actual Byte
 213   1        td_header->Byte0_Actual_Byte = 0;
 214   1        //disp_str((U8_T *)td_header,8,1);
 215   1        //2-2.(1)Toggle=>Data0
 216   1        //    (2)Active=>1
 217   1        //    (3)Complete code=>0x0f
 218   1        td_header->Byte2_MaxPKT_Size = (USB_PDevice[devinx].Hc.Control.EpN_MaxSize & 0x00ff);
 219   1        //2-3.(1)Speed
 220   1        //    (2)Endpoint Number
 221   1        td_header->Byte3 = (U8_T)((USB_PDevice[devinx].Hc.Control.EpN_MaxSize & 0x0300) >> 8) | USBHC_EP0_EP_NUM;
 222   1        
 223   1        if (USB_PDevice[devinx].InterfaceNum & USBHC_DEVICE_SPEED_MASK) // Low Speed Device
 224   1        { 
 225   2          td_header->Byte3 |= TD_SPEED_LOW;
 226   2          td_header->Byte7 = 0x28; //Nake counter
C51 COMPILER V9.60.7.0   USBHC_IOREQ                                                       06/23/2026 16:04:46 PAGE 5   

 227   2        }
 228   1        else
 229   1        {
 230   2          td_header->Byte7 = 0xfe; // Nake counter
 231   2        }
 232   1      
 233   1        //2-4.(1)Total Bytes
 234   1        if (length >= USBHC_MAX_PACKET_SIZE)
 235   1        {
 236   2          length = USBHC_MAX_PACKET_SIZE;
 237   2        }
 238   1        else
 239   1        {
 240   2          length = usbhc_Total_Byte_Fix(devinx, length);
 241   2        }
 242   1      
 243   1        td_header->Byte4_Total_Byte = (length & 0x00ff);
 244   1        td_header->Byte5 = (length & 0x0300) >> 8;
 245   1        
 246   1        //2-5.(1)Error Count(ingore)
 247   1        //    (2)Dir Token
 248   1        td_header->Byte5 |= TD_DIR_TOKEN_IN;
 249   1        
 250   1        //2-6.(1)Device Address
 251   1        //2-7.(1)Starting frame
 252   1        td_header->Byte6_Function_Address &= ~0x80;
 253   1            
 254   1        //2-1.(1)Toggle=>Data0
 255   1        //    (2)Active=>1
 256   1        //    (3)Complete code=>0x0f
 257   1        if ((length == 0) || status) // status stage
 258   1        {
 259   2          td_header->Byte1 = COMPLETEION_CODE_MASK | TD_ACTIVED_MASK | TD_TOGGLE_DATA1;
 260   2        }
 261   1        else
 262   1        {
 263   2          td_header->Byte1 |= (COMPLETEION_CODE_MASK | TD_ACTIVED_MASK);
 264   2        }
 265   1      
 266   1        USBHC_CORE_Clear_TD_DoneMap(USBHC_TD_ATL,td);
 267   1        
 268   1        //3.Reset the Skip Flag  
 269   1        USBHC_CORE_Set_TD_SkipMap(USBHC_TD_ATL,td,0x00); // clear the skip map
 270   1      
 271   1        return USBH_OK;
 272   1      }
 273          
 274          /**
 275            * @brief  USBHC_InterruptReqData
 276            *         Receives or Send the Interrupt Transfer type data
 277            *         This subroutine will used the INTL_Num TD to check
 278            *         the td is been used or not,
 279            *
 280            * @retval Status. 
 281            */
 282          USBH_Status USBHC_InterruptReqData(U8_T devinx,U8_T intt_id)
 283          {
 284   1        USBHC_TD_Header_Typedef *td_header;
 285   1        U8_T          endpaddr,td_offset,inf_id,endp_id;
 286   1        U16_T         length;
 287   1      
 288   1        //1.Check if need to alloc a new free INTL TD position.
C51 COMPILER V9.60.7.0   USBHC_IOREQ                                                       06/23/2026 16:04:46 PAGE 6   

 289   1        td_offset = HC_IntTransfer_Table[intt_id].INTL_Num;
 290   1        //2.Set the Skip Map First
 291   1        USBHC_CORE_Set_TD_SkipMap(USBHC_TD_INTL,td_offset,0x01); // set the skip map first
 292   1        
 293   1        //3.Fill up TD Header Conten
 294   1        td_header = (USBHC_TD_Header_Typedef *) &(HCTD_Table.INTL[td_offset].TD);
 295   1        //3-0.Actual Byte
 296   1        td_header->Byte0_Actual_Byte = 0;
 297   1        //2-2.(1)Toggle=>Data0
 298   1        //    (2)Active=>1
 299   1        //    (3)Complete code=>0x0f
 300   1        inf_id = HC_IntTransfer_Table[intt_id].InterfaceIdx;
 301   1        endp_id = HC_IntTransfer_Table[intt_id].EndpIdx & USBHC_PDEV_ENDPIDX_MASK;
 302   1        td_header->Byte2_MaxPKT_Size = (USB_PDevice[devinx].EndpSize[inf_id][endp_id] & 0x00ff);
 303   1        td_header->Byte3 = (USB_PDevice[devinx].EndpSize[inf_id][endp_id] & 0x0300) >> 8;
 304   1        //2-3.(1)Speed
 305   1        //    (2)Endpoint Number
 306   1        endpaddr = (USB_PDevice[devinx].EndpAddr[inf_id][endp_id] & ~0x80) & 0x0f;
 307   1        endpaddr = endpaddr << 4;
 308   1        td_header->Byte3 |= endpaddr;
 309   1        if (USB_PDevice[devinx].InterfaceNum & USBHC_DEVICE_SPEED_MASK) // Low Speed Device
 310   1          td_header->Byte3 |= TD_SPEED_LOW;
 311   1        length = USB_PDevice[devinx].EndpSize[inf_id][endp_id]; 
 312   1        //2-4.(1)Total Bytes   
 313   1        if (length > USB_HC_INTL_BUF_SIZE)
 314   1          length = USB_HC_INTL_BUF_SIZE;
 315   1        td_header->Byte4_Total_Byte = length;
 316   1        td_header->Byte5 = (length & 0x0300) >>8;
 317   1        //2-5.(1)Error Count(ingore)
 318   1        //    (2)Dir Token
 319   1        if (USB_PDevice[devinx].EndpAddr[inf_id][endp_id] & 0x80) // Interrupt IN
 320   1          td_header->Byte5 |= TD_DIR_TOKEN_IN;
 321   1        else
 322   1          td_header->Byte5 |= TD_DIR_TOKEN_OUT;
 323   1        //2-6.(1)Device Address
 324   1        td_header->Byte6_Function_Address = USB_PDevice[devinx].Addr & USBHC_DEVICE_ADDR_MASK;
 325   1        //2-7.(1)Starting frame
 326   1      #if (SYSTEM_EXTENDER_RS232_MODE && SYSTEM_EXTENDER_RECEIVER)
                if (td_header->Byte5 & TD_DIR_TOKEN_IN)
                {
              /* Check Special Customer KVM Setting */
                  switch (USB_PDevice[devinx].idVendor)
                  {
                    case 0x9966:
                      td_header->Byte7 = 3;
                      break;
                    default:
                      if (USB_PDevice[devinx].EndpInterval[inf_id][endp_id] < 8)
                      { 
                        td_header->Byte7 = 8;
                      } 
                      else
                      {           
                        td_header->Byte7 = USB_PDevice[devinx].EndpInterval[inf_id][endp_id];
                      } 
                      break;  
                  }           
                }
                else
                {
                  td_header->Byte7 = 1;
                }
C51 COMPILER V9.60.7.0   USBHC_IOREQ                                                       06/23/2026 16:04:46 PAGE 7   

              #else
 352   1        if (td_header->Byte5 & TD_DIR_TOKEN_IN)
 353   1        {
 354   2          td_header->Byte7 = USB_PDevice[devinx].EndpInterval[inf_id][endp_id]; // This is the interval
 355   2        }
 356   1        else
 357   1        {
 358   2          td_header->Byte7 = 1;
 359   2        }
 360   1      #endif
 361   1        
 362   1      /*
 363   1      #ifdef KMLOG
 364   1        if (td_header->Byte5 & TD_DIR_TOKEN_IN)
 365   1        {
 366   1          if (td_header->Byte7 < 10)
 367   1            td_header->Byte7 = 10;    
 368   1        }
 369   1      #endif
 370   1      */
 371   1        
 372   1        if ((HC_IntTransfer_Table[intt_id].Control & USBHC_INTT_CON_TOGGLE_MASK) == USBHC_INTT_CON_DATA1)
 373   1          td_header->Byte1 = TD_TOGGLE_DATA1; // the first bit
 374   1        else
 375   1          td_header->Byte1 = TD_TOGGLE_DATA0; // the first bit
 376   1      #if (SYSTEM_EXTENDER_TRANSMITTER)
                if (USB_PDevice[devinx].DevAttr & DEVATTR_REMOTE_DEV_MASK)  //if extender, then 
                {
                  td_header->Byte1 |= COMPLETEION_CODE_MASK;
                  //4-1.Clear skip bit
                  USBHC_CORE_Set_TD_SkipMap(USBHC_TD_INTL,td_offset,0x01); // Set the skip map
                  USBHC_CORE_Set_INTL_ReloadMap(td_offset,0x00); //set with NO AutoReload
                }
                else
              #endif /* #if (SYSTEM_EXTENDER_TRANSMITTER) */
 386   1        {
 387   2      
 388   2      #if defined(ONEHID) || defined(SYNC)
 389   2          if (devinx == USBDC_VHID_DEVINX)
 390   2          {
 391   3            //printf("SKIP\n\r");
 392   3            return USBH_OK;
 393   3          } 
 394   2      #endif    
 395   2          td_header->Byte1 |= (COMPLETEION_CODE_MASK | TD_ACTIVED_MASK);
 396   2          //4-1.Clear skip bit
 397   2          if (td_header->Byte5 & TD_DIR_TOKEN_IN)
 398   2          { 
 399   3            USBHC_CORE_Set_TD_SkipMap(USBHC_TD_INTL,td_offset,0x00); // clear the skip map    
 400   3            USBHC_CORE_Set_INTL_ReloadMap(td_offset,0x01); //set with AutoReload
 401   3          }
 402   2          else
 403   2          {
 404   3            USBHC_CORE_Set_TD_SkipMap(USBHC_TD_INTL,td_offset,0x01); // Set the skip map    
 405   3            USBHC_CORE_Set_INTL_ReloadMap(td_offset,0x00); //set with no AutoReload
 406   3          }     
 407   2        }
 408   1      
 409   1        return USBH_OK;
 410   1      }
 411          
 412          /**
C51 COMPILER V9.60.7.0   USBHC_IOREQ                                                       06/23/2026 16:04:46 PAGE 8   

 413            * @brief  USBHC_Istl_ReqData
 414            *         Used fixed ISTL TD id and fill up the necessary infromation
 415            *
 416            * @retval Status. 
 417            */
 418          USBH_Status USBHC_Istl_ReqData(U8_T devinx,U8_T intt_id)
 419          {
 420   1        USBHC_TD_Header_Typedef *td_header;
 421   1        U8_T          endpaddr,inf_id,endp_id;
 422   1      
 423   1        //3.Fill up TD Header Conten
 424   1        td_header = (USBHC_TD_Header_Typedef *) &(HCTD_Table.ISTL[intt_id].TD);
 425   1        //3-0.Actual Byte
 426   1        td_header->Byte0_Actual_Byte = 0;
 427   1        //2-2.(1)Toggle=>Data0
 428   1        //    (2)Active=>1
 429   1        //    (3)Complete code=>0x0f
 430   1        inf_id  = HC_IsoTransfer_Table[intt_id].InterfaceIdx;
 431   1        endp_id = HC_IsoTransfer_Table[intt_id].EndpIdx & USBHC_PDEV_ENDPIDX_MASK;
 432   1        td_header->Byte2_MaxPKT_Size = (USB_PDevice[devinx].EndpSize[inf_id][endp_id] & 0x00ff);
 433   1        td_header->Byte3 = (USB_PDevice[devinx].EndpSize[inf_id][endp_id] & 0x0300) >> 8;
 434   1        //2-3.(1)Speed
 435   1        //    (2)Endpoint Number
 436   1        endpaddr = (USB_PDevice[devinx].EndpAddr[inf_id][endp_id] & ~0x80) & 0x0f;
 437   1        endpaddr = endpaddr << 4;
 438   1        td_header->Byte3 |= (endpaddr); //ISO
 439   1        if (USB_PDevice[devinx].InterfaceNum & USBHC_DEVICE_SPEED_MASK) // Low Speed Device
 440   1          td_header->Byte3 |= TD_SPEED_LOW;
 441   1      
 442   1        //2-5.(1)Error Count(ingore)
 443   1        //    (2)Dir Token
 444   1        if (USB_PDevice[devinx].EndpAddr[inf_id][endp_id] & 0x80) // Isochronous IN
 445   1        {
 446   2          td_header->Byte5 &= ~TD_DIR_TOKEN_MASK;
 447   2          td_header->Byte5 |= TD_DIR_TOKEN_IN;
 448   2        }
 449   1        else
 450   1        {
 451   2          td_header->Byte5 &= ~TD_DIR_TOKEN_MASK;
 452   2          td_header->Byte5 |= TD_DIR_TOKEN_OUT;
 453   2        }
 454   1        //2-6.(1)Device Address
 455   1        td_header->Byte6_Function_Address = USB_PDevice[devinx].Addr & USBHC_DEVICE_ADDR_MASK;
 456   1        
 457   1        //2-7.(1)Starting frame
 458   1        td_header->Byte7 = 1; // This is the interval
 459   1        
 460   1        // Final Step
 461   1        //2-1.(1)Toggle=>Data0
 462   1        //    (2)Active=>1
 463   1        //    (3)Complete code=>0x0f
 464   1      //  if ((HC_IntTransfer_Table[intt_id].Control & USBHC_INTT_CON_TOGGLE_MASK) == USBHC_INTT_CON_DATA1)
 465   1      //  {
 466   1      //    td_header->Byte1 = TD_TOGGLE_DATA1; // the first bit
 467   1      //  }
 468   1      //  else
 469   1        {
 470   2          td_header->Byte1 = TD_TOGGLE_DATA0; // the first bit
 471   2        }
 472   1        td_header->Byte1 |= COMPLETEION_CODE_MASK;
 473   1      
 474   1        return USBH_OK;
C51 COMPILER V9.60.7.0   USBHC_IOREQ                                                       06/23/2026 16:04:46 PAGE 9   

 475   1      }
 476          
 477          /**
 478            * @brief  usbhc_Total_Byte_Fix(U8_T devinx,U16_T length)
 479            *         Used fixed Control TD TotalByte, must equal the
 480            *         max package size times factor. 
 481            *
 482            * @retval Status. 
 483            */
 484          static U16_T usbhc_Total_Byte_Fix(U8_T devinx, U16_T length)
 485          {
 486   1        U8_T  remain;
 487   1        U16_T total_byte_fix;
 488   1      
 489   1        if (length <= (U16_T)USB_PDevice[devinx].Hc.Control.EpN_MaxSize)
 490   1        {
 491   2          return ((U16_T)USB_PDevice[devinx].Hc.Control.EpN_MaxSize);
 492   2        }
 493   1          
 494   1        remain = (U8_T)(length % (U16_T)USB_PDevice[devinx].Hc.Control.EpN_MaxSize);
 495   1      
 496   1        if (remain)
 497   1        {
 498   2          total_byte_fix = (length - remain) + USB_PDevice[devinx].Hc.Control.EpN_MaxSize;
 499   2        }
 500   1        else
 501   1        {
 502   2          total_byte_fix = length;
 503   2        }
 504   1        
 505   1        return total_byte_fix;
 506   1      }
 507          
 508          /* End of usbhc_ioreq.c */


MODULE INFORMATION:   STATIC OVERLAYABLE
   CODE SIZE        =   2333    ----
   CONSTANT SIZE    =   ----    ----
   XDATA SIZE       =   ----      42
   PDATA SIZE       =   ----    ----
   DATA SIZE        =   ----    ----
   IDATA SIZE       =   ----    ----
   BIT SIZE         =   ----    ----
   EDATA SIZE       =   ----    ----
   HDATA SIZE       =   ----    ----
   XDATA CONST SIZE =   ----    ----
   FAR CONST SIZE   =   ----    ----
END OF MODULE INFORMATION.


C51 COMPILATION COMPLETE.  0 WARNING(S),  0 ERROR(S)
