C51 COMPILER V9.60.7.0   USBHC_HID                                                         06/18/2026 10:50:20 PAGE 1   


C51 COMPILER V9.60.7.0, COMPILATION OF MODULE USBHC_HID
OBJECT MODULE PLACED IN .\usbhc_hid.obj
COMPILER INVOKED BY: C:\Users\Administrator\AppData\Local\Keil_v5\C51\BIN\C51.EXE ..\Src\usbhc\HID\usbhc_hid.c LARGE OMF
                    -2 ROM(D16M) OPTIMIZE(9,SIZE) BROWSE NOAREGS INCDIR(..\src\main\;..\src\cpu\;..\src\flash\;..\src\uart\;..\src\swdma\;..\
                    -src\mstimer\;..\src\i2c\;..\src\spi\;..\src\task_man\;..\src\project\;..\Src\ps2_host;..\Src\console_edid;..\Src\storage
                    -;..\Src\data_stream;..\Src\kvm_control\kvm_hotkey;..\Src\kvm_control\kvm_console;..\Src\kvm_control\kvm_button;..\Src\kv
                    -m_control\kvm_edid;..\Src\kvm_control\kvm_buzzer;..\src\gpio\;..\Src\hardware_ps2;..\Src\usbdc;..\Src\usbdc\usbdc_virtua
                    -l;..\Src\usb_std;..\Src\usbhc;..\Src\kvm_control\power_saving;..\Src\usbhc\MSC;..\Src\usbhc\AUDIO;..\Src\usbhc\HUB;..\Sr
                    -c\usbhc\HID;..\Src\usbhc\HID_PARSER;..\Src\usbhc\ROOT_HUB;..\Src\usbdc\usbdc_hub;..\Src\usbdc\usbdc_hid;..\Src\kvm_contr
                    -ol\kvm_storage\spi_flash;..\Src\usbdc\usbdc_msc\usb_scsi;..\Src\usbdc\usbdc_msc;..\Src\handler\logitech;..\Src\handler\A
                    -4_Tech;..\Src\usbdc\usbdc_vendor;..\Src\hsur;..\Src\extender\core;..\Src\extender\receiver;..\Src\uart_console;..\Src\kv
                    -m_control\km_sync;..\Src\hsur;..\Src\kvm_control\km_log;..\Src\kvm_control\km_api;..\Src\kvm_control\kvm_ir;..\Src\kvm_c
                    -ontrol\kvm_rtc;..\Src\i2c;..\Src\kvm_control\kvm_multiview) STRING(FAR) DEFINE(RuntimeCodeAt0KH,MCU_TYPE_AX68004,KVM,HC_
                    -TIMEOUT=10000,VHID,HID_PARSER_CORE_KB,HID_PARSER_CORE_MS,API,NO_AUDIO,NO_MSC,NO_EDID,HUART_BAUD=HUART_115K,SYNC,CROSS_JU
                    -MP_MAP0,VPID_CHANGER,SYNC_KB_HOTKEY,SYNC_MS_HOTKEY,REPEAT_MODE=1,HSUART,MULTIVIEW) VARBANKING DEBUG PRINT(.\usbhc_hid.ls
                    -t) TABS(2) OBJECT(.\usbhc_hid.obj)

line level    source

   1          /*
   2           *********************************************************************************
   3           *     Copyright (c) 2014   ASIX Electronic Corporation      All rights reserved.
   4           *
   5           *     This is unpublished proprietary source code of ASIX Electronic Corporation
   6           *
   7           *     The copyright notice above does not evidence any actual or intended
   8           *     publication of such source code.
   9           *********************************************************************************
  10           */
  11          /*================================================================================
  12           * Module Name : usbhc_hid.c
  13           * Purpose     :  
  14           * Author      : Jack Wang
  15           * Date        :
  16           * Notes       :
  17           *               HID Class Request(bRequest)
  18           *               [v].Get Report(0x01)
  19           *               [ ].Get Idle(0x02)
  20           *               [ ].Get Protocol(0x03)
  21           *               [v].Set Report(0x09)
  22           *               [v].Set Idle(0x0A)
  23           *               [v].Set Protocol(0x0B)
  24           *               [v].Stall 
  25           *
  26           *================================================================================
  27           */
  28          
  29          /* INCLUDE FILE DECLARATIONS */
  30          #include  <string.h>
  31          #include  "project_include.h"
  32          
  33          /* STATIC VARIABLE DECLARATIONS */ 
  34          U8_T  TASK_USBHC_HID_Class_Enumerate_ID;
  35          HID_Rpt_Parser_TypeDef  USBHC_HidKBParserTempory;
  36          HID_Rpt_Table_TypeDef USBHC_HidKBTableTempory[USB_HC_MAX_DEVICE];
  37          
  38          /* LOCAL SUBPROGRAM BODIES */
  39          static RESULT usbhc_Class_SetIdle(U8_T devinx,U8_T td_id,U8_T inf_id,U8_T duration);
  40          static RESULT usbhc_Class_GetRptDesc(U8_T devinx,U8_T td_id,U8_T inf_id);
  41          #if defined(HID_PARSER_CORE_KB)
  42          extern void USBHC_HidParser_ReportDescription(U8_T devinx,U8_T inf_id);
C51 COMPILER V9.60.7.0   USBHC_HID                                                         06/18/2026 10:50:20 PAGE 2   

  43          #else
              extern void USBHC_HidParser_ReportDescription(U8_T devinx);
              #endif
  46          static RESULT usbhc_Class_SetProtocol(U8_T devinx,U8_T td_id,U8_T inf_id,U8_T mode);
  47          
  48          /**
  49            * @brief  HID_Class_Enum_Init
  50            *         init the HID Class Enumerate relate
  51            * @param  pdev: Selected device
  52            * @retval Status
  53            */
  54          void HID_Class_Enum_Init(void)
  55          {
  56   1        TASK_USBHC_HID_Class_Enumerate_ID = TASK_Create(TASK_USBHC_HID_Class_Enumerate);
  57   1      
  58   1      #if (SYSTEM_TASK_DUMP_SUPPORT)
                printf("TASK_USBHC_HID_Class_Enumerate_ID=%bu\n\r",TASK_USBHC_HID_Class_Enumerate_ID);  
              #endif  
  61   1      }
  62          
  63          /**
  64            * @brief  USBHC_HID_Interface_Check
  65            *          
  66            * @param  pdev: Selected device
  67            * @retval Status
  68            */
  69          void USBHC_HID_Interface_Check(U8_T devinx,U8_T inf_id)
  70          {
  71   1        //printf("Interface:%bu, Protocol:%02bx\n\r",inf_id,USB_PDevice[devinx].InfProtocol[inf_id]);
  72   1      #ifndef HID_PARSER_CORE_KB
                if (USB_PDevice[devinx].InfProtocol[inf_id] == INF_KEYBOARD)
              #endif
  75   1        {   
  76   2      #ifndef HID_PARSER_CORE_KB    
                  if ((USB_PDevice[devinx].Interval_Adjust & BIT7) == 0)    
              #endif      
  79   2          { 
  80   3            //1_1.Keyboard Parser
  81   3            USB_PDevice[devinx].HID_Kb_Parser = &USBHC_HidKBParserTempory;
  82   3            memset((U8_T *)USB_PDevice[devinx].HID_Kb_Parser, 0, sizeof(HID_Rpt_Parser_TypeDef));
  83   3            USB_PDevice[devinx].HID_Kb_Parser->Desc_RemainLen  = USB_PDevice[devinx].HID_Rpt_Len[inf_id];
  84   3            USB_PDevice[devinx].HID_Kb_Parser->HID_DescriptorP = USB_PDevice[devinx].Hc.Control.Buf;
  85   3        
  86   3            USB_PDevice[devinx].HID_Kb_ParserTable = &USBHC_HidKBTableTempory[devinx];
  87   3            memset((U8_T *)USB_PDevice[devinx].HID_Kb_ParserTable, 0, sizeof(HID_Rpt_Table_TypeDef));
  88   3      #if defined(HID_PARSER_CORE_KB) 
  89   3            USBHC_HidParser_ReportDescription(devinx,inf_id);
  90   3      #else 
                    USBHC_HidParser_ReportDescription(devinx);
              #endif
  93   3            USB_PDevice[devinx].HID_Kb_ParserTable->PackageLen >>= 3;
  94   3      #ifndef HID_PARSER_CORE_KB          
                    USB_PDevice[devinx].Interval_Adjust |= BIT7;    
              #endif      
  97   3          } 
  98   2        }
  99   1      }
 100          
 101          /**
 102            * @brief  USBH_HandleControl
 103            *         Handles the USB control transfer state machine
 104            * @param  pdev: Selected device
C51 COMPILER V9.60.7.0   USBHC_HID                                                         06/18/2026 10:50:20 PAGE 3   

 105            * @retval Status
 106            */
 107          void TASK_USBHC_HID_Class_Enumerate(void)
 108          {
 109   1        idata U8_T  devinx,inf_id,td_id;
 110   1        RESULT    Result=USB_ERROR;
 111   1      
 112   1        devinx = TASK_Register0;
 113   1        inf_id = TASK_Event;
 114   1        td_id = USB_PDevice[devinx].Hc.Control.TdNum;
 115   1        TASK_Destory_Current();
 116   1      
 117   1        //Skip task if the device is gone
 118   1        if ((USB_PDevice[devinx].Addr & USBHC_DEVICE_USED_MASK) == 0x00)  // Device is gone  
 119   1        {
 120   2          return;
 121   2        }
 122   1        
 123   1      TASK_USBHC_HID_Enumerate_Handle_Restart:
 124   1        switch (USB_PDevice[devinx].Hc.HID_EnumState)
 125   1        {
 126   2          case HID_ENUM_SET_IDLE: //Start to Get device description
 127   2            Result = usbhc_Class_SetIdle(devinx,td_id,inf_id,0);
 128   2            break;
 129   2          case HID_ENUM_GET_RPT_DESC:
 130   2            Result = usbhc_Class_GetRptDesc(devinx,td_id,inf_id);
 131   2            break;
 132   2      //#ifdef HIKDVR   
 133   2      //    case HID_ENUM_SET_PROTOCOL: //Start to Get device description
 134   2      //      Result = usbhc_Class_SetProtocol(devinx,td_id,inf_id,0);
 135   2      //      break;
 136   2      //#endif    
 137   2          default:
 138   2            break;
 139   2        }
 140   1      
 141   1        if ((USB_PDevice[devinx].Hc.Control.State == CTRL_FAIL) ||
 142   1          (USB_PDevice[devinx].Hc.HID_EnumState == HID_ENUM_IDLE) ||
 143   1          (USB_PDevice[devinx].Hc.HID_EnumState == HID_ENUM_FAIL))
 144   1        {
 145   2          USBHC_CORE_Free_TD(td_id);
 146   2          if (USB_PDevice[devinx].Hc.HID_EnumState == HID_ENUM_IDLE)
 147   2          {
 148   3            //HID Report Parser
 149   3            USBHC_HID_Interface_Check(devinx,inf_id);
 150   3      
 151   3            inf_id++;
 152   3            if (inf_id < (USB_PDevice[devinx].InterfaceNum & USBHC_DEVICE_INTERFACENUM_MASK))
 153   3            {
 154   4              USB_PDevice[devinx].Hc.HID_EnumState = HID_ENUM_SET_IDLE;
 155   4              USB_PDevice[devinx].Hc.Control.InfAddr = inf_id;
 156   4              goto TASK_USBHC_HID_Enumerate_Handle_Restart;
 157   4            }
 158   3          }
 159   2      
 160   2          USB_PDevice[devinx].Hc.HID_EnumState = HID_ENUM_IDLE;
 161   2          USB_PDevice[devinx].Hc.Control.Buf = NULL;
 162   2          USB_PDevice[devinx].Hc.Control.State = CTRL_IDLE;
 163   2          USB_PDevice[devinx].Hc.gState = HOST_CLASS_ENUMERATION; // next go other Class Maintain.
 164   2          TASK_Active(TASK_TYPE_USB,TASK_USBHC_Process_ID,0x00,devinx,0,0); // Generate the task
 165   2          return;
 166   2        }
C51 COMPILER V9.60.7.0   USBHC_HID                                                         06/18/2026 10:50:20 PAGE 4   

 167   1      
 168   1        if (Result == USB_SUCCESS)
 169   1        {
 170   2          goto TASK_USBHC_HID_Enumerate_Handle_Restart;
 171   2        }
 172   1        else if (Result == USB_STALLED_WAIT)
 173   1        {
 174   2          TASK_Active(TASK_TYPE_INTERVAL_MS,TASK_USBHC_HID_Class_Enumerate_ID, inf_id, devinx, 2000, 0);  // Gener
             -ate the task
 175   2        }
 176   1      }
 177          
 178          /**
 179          * @brief  USBHC_Classreq_SetIdle
 180          *         Set Idle State. 
 181          * @param  pdev: Selected device
 182          * @param  duration: Duration for HID Idle request
 183          * @param  reportID : Targetted report ID for Set Idle request
 184          * @retval USBH_Status : Response for USB Set Idle request
 185          */
 186          USBH_Status USBHC_Classreq_SetIdle (U8_T devinx,U8_T td_id,U8_T duration,U8_T reportId,U8_T interface)
 187          {
 188   1        //1.TD Header init
 189   1        HCTD_Channel_Table[td_id].TD_Length = USBHC_SETUP_PKT_SIZE;
 190   1        HCTD_Channel_Table[td_id].Total_Length = 0; // no data stage
 191   1        HCTD_Channel_Table[td_id].Current_Length = 0;
 192   1        HCTD_Channel_Table[td_id].Endp_Size = USBHC_MAX_PACKET_SIZE;
 193   1        //2.Setup Command Buffer prepare
 194   1        USB_PDevice[devinx].Hc.Control.Setup.b.bmRequestType = USB_H2D | USB_REQ_RECIPIENT_INTERFACE |USB_REQ_TYP
             -E_CLASS;
 195   1        USB_PDevice[devinx].Hc.Control.Setup.b.bRequest = USB_HID_SET_IDLE;
 196   1        USB_PDevice[devinx].Hc.Control.Setup.b.wValue.w = Big_Endian_16_Convert((duration << 8 ) | reportId);
 197   1        USB_PDevice[devinx].Hc.Control.Setup.b.wIndex.w = Big_Endian_16_Convert(interface);
 198   1        USB_PDevice[devinx].Hc.Control.Setup.b.wLength.w = 0;
 199   1      
 200   1        return USBHC_CtlReq(devinx,td_id);
 201   1      }
 202          
 203          /**
 204          * @brief  USBH_Get_HID_ReportDescriptor
 205          *         Issue report Descriptor command to the device. Once the response 
 206          *         received, parse the report descriptor and update the status.
 207          * @param  pdev   : Selected device
 208          * @param  Length : HID Report Descriptor Length
 209          * @retval USBH_Status : Response for USB HID Get Report Descriptor Request
 210          */
 211          USBH_Status USBHC_Classreq_GetRptDesc (U8_T devinx,U8_T td_id,U8_T interface,U16_T length)
 212          {
 213   1        //1.TD Parameter
 214   1        HCTD_Channel_Table[td_id].TD_Length = USBHC_SETUP_PKT_SIZE;
 215   1        HCTD_Channel_Table[td_id].Total_Length = length; // no data stage
 216   1        HCTD_Channel_Table[td_id].Current_Length = 0;
 217   1        //2.Descriptor Read
 218   1        return USBHC_GetDescriptor(devinx,
 219   1                       td_id,
 220   1                       USB_REQ_RECIPIENT_INTERFACE | USB_REQ_TYPE_STANDARD,
 221   1                       USB_DESC_HID_REPORT,
 222   1                       interface,
 223   1                       length);
 224   1      }
 225          
 226          /**
C51 COMPILER V9.60.7.0   USBHC_HID                                                         06/18/2026 10:50:20 PAGE 5   

 227          * @brief  USBHC_Classreq_SetReport
 228          *         Issues Set Report 
 229          * @param  pdev: Selected device
 230          * @param  reportType  : Report type to be sent
 231          * @param  reportID    : Targetted report ID for Set Report request
 232          * @param  reportLen   : Length of data report to be send
 233          * @param  reportBuff  : Report Buffer
 234          * @retval USBH_Status : Response for USB Set Idle request
 235          */
 236          USBH_Status USBHC_Classreq_SetReport (U8_T devinx,U8_T td_id,U8_T interface,U8_T reportId,U8_T reportType,
             -U16_T reportLen,U8_T *rptbuf)
 237          {
 238   1        //1.HC Channel Control
 239   1        HCTD_Channel_Table[td_id].TD_Length = USBHC_SETUP_PKT_SIZE;
 240   1        HCTD_Channel_Table[td_id].Total_Length = reportLen; // no data stage
 241   1        HCTD_Channel_Table[td_id].Current_Length = 0;
 242   1        //2.Setup Command Buffer prepare
 243   1        USB_PDevice[devinx].Hc.Control.Setup.b.bmRequestType = USB_H2D|USB_REQ_RECIPIENT_INTERFACE|USB_REQ_TYPE_C
             -LASS;
 244   1        USB_PDevice[devinx].Hc.Control.Setup.b.bRequest = USB_HID_SET_REPORT;
 245   1        USB_PDevice[devinx].Hc.Control.Setup.b.wValue.w = (reportType << 8 ) | reportId;
 246   1        USB_PDevice[devinx].Hc.Control.Setup.b.wIndex.w = interface;
 247   1        USB_PDevice[devinx].Hc.Control.Setup.b.wLength.w= reportLen;
 248   1        USBDC_HAL_Convert_Setup_Value((U8_T *)&USB_PDevice[devinx].Hc.Control.Setup);
 249   1      
 250   1        USB_PDevice[devinx].Hc.Control.Buf = rptbuf;
 251   1      
 252   1        return USBHC_CtlReq(devinx,td_id);
 253   1      }
 254          
 255          /**
 256          * @brief  USBHC_Classreq_SetProtocol
 257          *         Issues Set Protocol command
 258          * @param  devinx: Selected device
 259          * @param  td_id    : TD id
 260          * @param  intf_id  : Interface ID
 261          * @param  mode     : Protocol mode value(Muse 0/1)
 262          * @retval USBH_Status : Response for USB Set Idle request
 263          */
 264          USBH_Status USBHC_Classreq_SetProtocol (U8_T devinx,U8_T td_id,U8_T intf_id,U8_T mode)
 265          {
 266   1        //1.HC Channel Control
 267   1        HCTD_Channel_Table[td_id].TD_Length = USBHC_SETUP_PKT_SIZE;
 268   1        HCTD_Channel_Table[td_id].Total_Length = 0; // no data stage
 269   1        HCTD_Channel_Table[td_id].Current_Length = 0;
 270   1        //2.Setup Command Buffer prepare
 271   1        USB_PDevice[devinx].Hc.Control.Setup.b.bmRequestType = USB_H2D|USB_REQ_RECIPIENT_INTERFACE|USB_REQ_TYPE_C
             -LASS;
 272   1        USB_PDevice[devinx].Hc.Control.Setup.b.bRequest = USB_HID_SET_PROTOCOL;
 273   1        USB_PDevice[devinx].Hc.Control.Setup.b.wValue.w = mode;
 274   1        USB_PDevice[devinx].Hc.Control.Setup.b.wIndex.w = intf_id;
 275   1        USB_PDevice[devinx].Hc.Control.Setup.b.wLength.w= 0;
 276   1        USBDC_HAL_Convert_Setup_Value((U8_T *)&USB_PDevice[devinx].Hc.Control.Setup);
 277   1      
 278   1        return USBHC_CtlReq(devinx,td_id);
 279   1      }
 280          
 281          /**
 282          * @brief  USBHC_Classreq_SetProtocol
 283          *         Issues Set Protocol command
 284          * @param  devinx: Selected device
 285          * @param  td_id    : TD id
C51 COMPILER V9.60.7.0   USBHC_HID                                                         06/18/2026 10:50:20 PAGE 6   

 286          * @param  intf_id  : Interface ID
 287          * @param  mode     : Protocol mode value(Muse 0/1)
 288          * @retval USBH_Status : Response for USB Set Idle request
 289          */
 290          //USBH_Status USBHC_Classreq_SetConfigurtion(U8_T devinx,U8_T td_id,U8_T intf_id,U8_T mode)
 291          //{
 292            //1.HC Channel Control
 293          //  HCTD_Channel_Table[td_id].TD_Length = USBHC_SETUP_PKT_SIZE;
 294          //  HCTD_Channel_Table[td_id].Total_Length = 0; // no data stage
 295          //  HCTD_Channel_Table[td_id].Current_Length = 0;
 296            //2.Setup Command Buffer prepare
 297          //  USB_PDevice[devinx].Hc.Control.Setup.b.bmRequestType = USB_H2D|USB_REQ_RECIPIENT_INTERFACE|USB_REQ_TYPE
             -_CLASS;
 298          //  USB_PDevice[devinx].Hc.Control.Setup.b.bRequest = USB_HID_SET_PROTOCOL;
 299          //  USB_PDevice[devinx].Hc.Control.Setup.b.wValue.w = mode;
 300          //  USB_PDevice[devinx].Hc.Control.Setup.b.wIndex.w = intf_id;
 301          //  USB_PDevice[devinx].Hc.Control.Setup.b.wLength.w= 0;
 302          //  USBDC_HAL_Convert_Setup_Value((U8_T *)&USB_PDevice[devinx].Hc.Control.Setup);
 303          
 304          //  return USBHC_CtlReq(devinx,td_id);
 305          //}
 306          
 307          /*----------------------------------------------------------------------------
 308           * CTRL_State usbhc_Class_SetIdle(U8_T devinx,U8_T td_id,U8_T duration))
 309           * Purpose : Perform the set address operation of enumearation
 310           * Params  : none
 311           * Returns : none
 312           * Note    : none
 313           * ----------------------------------------------------------------------------*/
 314          static RESULT usbhc_Class_SetIdle(U8_T devinx,U8_T td_id,U8_T inf_id,U8_T duration)
 315          {
 316   1        RESULT  Result=USB_ERROR;
 317   1        
 318   1        if (USB_PDevice[devinx].Hc.Control.State == CTRL_IDLE)
 319   1        { 
 320   2          if (USB_PDevice[devinx].InfClass[inf_id] == USB_HID_CLASS)  //if has hid report, need to set idle command
             - support
 321   2          {
 322   3            if (USBHC_Control_TD_Init(devinx,&td_id) == USBH_OK)
 323   3            {
 324   4              USBHC_Classreq_SetIdle(devinx,td_id,duration,0,inf_id);
 325   4              Result=USB_BUSY;
 326   4            }
 327   3            else
 328   3            {
 329   4              USB_PDevice[devinx].Hc.HID_EnumState = HID_ENUM_FAIL;
 330   4            }
 331   3          }
 332   2          else
 333   2          {
 334   3            USB_PDevice[devinx].Hc.HID_EnumState = HID_ENUM_IDLE;
 335   3            Result=USB_SUCCESS;
 336   3          }
 337   2        }
 338   1        else
 339   1        {
 340   2          if ((USB_PDevice[devinx].Hc.Control.State == CTRL_COMPLETE) || (USB_PDevice[devinx].Hc.Control.State == 
             -CTRL_STALLED))
 341   2          {
 342   3            if (USB_PDevice[devinx].Hc.Control.State == CTRL_STALLED)
 343   3            {
 344   4              Result=USB_STALLED_WAIT;
C51 COMPILER V9.60.7.0   USBHC_HID                                                         06/18/2026 10:50:20 PAGE 7   

 345   4            }
 346   3            else
 347   3            {
 348   4              if (USB_PDevice[devinx].Hc.Control.State == CTRL_COMPLETE)
 349   4              {
 350   5                USB_PDevice[devinx].Hid_SetIdle_Allow |= (0x01 << inf_id);
 351   5              }
 352   4      
 353   4              Result=USB_SUCCESS;
 354   4            }
 355   3      
 356   3            USB_PDevice[devinx].Hc.HID_EnumState = HID_ENUM_GET_RPT_DESC;
 357   3            USB_PDevice[devinx].Hc.Control.State = CTRL_IDLE;
 358   3          }
 359   2          else
 360   2          {
 361   3            USB_PDevice[devinx].Hc.HID_EnumState = HID_ENUM_FAIL;
 362   3          }
 363   2        }
 364   1        return Result;
 365   1      }
 366          
 367          /*----------------------------------------------------------------------------
 368           * CTRL_State usbhc_Class_GetRptDesc(U8_T devinx,U8_T td_id)
 369           * Purpose : Perform the set address operation of enumearation
 370           * Params  : none
 371           * Returns : none
 372           * Note    : none
 373           * ----------------------------------------------------------------------------*/
 374          RESULT usbhc_Class_GetRptDesc(U8_T devinx,U8_T td_id,U8_T inf_id)
 375          {
 376   1        RESULT  Result=USB_ERROR;
 377   1        U16_T rpt_len;
 378   1      
 379   1        if (USB_PDevice[devinx].Hc.Control.State == CTRL_IDLE)
 380   1        {
 381   2          //1.Get dynamic buffer memory
 382   2          rpt_len = USB_PDevice[devinx].HID_Rpt_Len[inf_id];
 383   2          if (rpt_len)
 384   2          {
 385   3            USB_PDevice[devinx].Hc.Control.Buf = m_malloc(rpt_len,16); /* allocate 18 bytes */
 386   3            HCTD_Channel_Table[td_id].Buf = USB_PDevice[devinx].Hc.Control.Buf; // also assign to host channel buff
             -er
 387   3            if (USB_PDevice[devinx].Hc.Control.Buf != NULL)
 388   3            {
 389   4              //2.Set maximum package size
 390   4              USBHC_Classreq_GetRptDesc(devinx,td_id,inf_id,rpt_len);
 391   4              Result=USB_BUSY;
 392   4            }
 393   3            else
 394   3            {
 395   4              USBHC_Memory_Fail_Msg(0x04);
 396   4              // Terminate the Task .........
 397   4              // should do something
 398   4              USB_PDevice[devinx].Hc.HID_EnumState = HID_ENUM_FAIL;
 399   4            }
 400   3          }
 401   2          else
 402   2          {
 403   3            USB_PDevice[devinx].Hc.HID_EnumState = HID_ENUM_IDLE;
 404   3            Result=USB_SUCCESS;
 405   3          }
C51 COMPILER V9.60.7.0   USBHC_HID                                                         06/18/2026 10:50:20 PAGE 8   

 406   2        }
 407   1        else
 408   1        {
 409   2          //parser descri_ptor
 410   2          if (USB_PDevice[devinx].Hc.Control.State == CTRL_COMPLETE)
 411   2          {
 412   3            USB_PDevice[devinx].Desc[HID0_REPORT+inf_id].Len = USB_PDevice[devinx].HID_Rpt_Len[inf_id];
 413   3            USB_PDevice[devinx].Desc[HID0_REPORT+inf_id].Ptr = USB_PDevice[devinx].Hc.Control.Buf;
 414   3            USB_PDevice[devinx].Hc.HID_EnumState = HID_ENUM_IDLE;
 415   3      //#ifdef HIKDVR     
 416   3      //      USB_PDevice[devinx].Hc.HID_EnumState = HID_ENUM_SET_PROTOCOL; //HID_ENUM_IDLE;
 417   3      //#else
 418   3            USB_PDevice[devinx].Hc.HID_EnumState = HID_ENUM_IDLE;
 419   3      //#endif      
 420   3            USB_PDevice[devinx].Hc.Control.State = CTRL_IDLE;
 421   3            Result=USB_SUCCESS;
 422   3          }
 423   2          else
 424   2          {
 425   3            //Due to have to release the buffer, so need put the satement here
 426   3            //proces alos if the State is not COMPLETE
 427   3            malloc_free(USB_PDevice[devinx].Hc.Control.Buf);
 428   3            USB_PDevice[devinx].Hc.Control.Buf = 0;
 429   3            USB_PDevice[devinx].Hc.HID_EnumState = HID_ENUM_FAIL;
 430   3          }
 431   2        }
 432   1        return Result;
 433   1      }
 434          
 435          #ifdef HIKDVR
              /*----------------------------------------------------------------------------
               * CTRL_State usbhc_Class_SetProtocol(U8_T devinx,U8_T td_id,U8_T duration))
               * Purpose : Perform the set address operation of enumearation
               * Params  : none
               * Returns : none
               * Note    : none
               * ----------------------------------------------------------------------------*/
              /*
              static RESULT usbhc_Class_SetProtocol(U8_T devinx,U8_T td_id,U8_T inf_id,U8_T mode)  
              {
                RESULT  Result=USB_ERROR;
                
                if (USB_PDevice[devinx].Hc.Control.State == CTRL_IDLE)
                { 
                  if (USB_PDevice[devinx].InfClass[inf_id] == USB_HID_CLASS)  //if has hid report, need to set idle command
             - support
                  {
                    if (USBHC_Control_TD_Init(devinx,&td_id) == USBH_OK)
                    {
                      USBHC_Classreq_SetProtocol(devinx,td_id,inf_id,mode);
                      Result=USB_BUSY;
                    }
                    else
                    {
                      USB_PDevice[devinx].Hc.HID_EnumState = HID_ENUM_FAIL;
                    }
                  }
                  else
                  {
                    USB_PDevice[devinx].Hc.HID_EnumState = HID_ENUM_IDLE;
                    Result=USB_SUCCESS;
                  }
C51 COMPILER V9.60.7.0   USBHC_HID                                                         06/18/2026 10:50:20 PAGE 9   

                }
                else
                {
                  if ((USB_PDevice[devinx].Hc.Control.State == CTRL_COMPLETE) || (USB_PDevice[devinx].Hc.Control.State == 
             -CTRL_STALLED))
                  {
                    if (USB_PDevice[devinx].Hc.Control.State == CTRL_STALLED)
                    {
                      Result=USB_STALLED_WAIT;
                    }
                    else
                    {
                      memset(USBDC_Device[devinx].Current_Protocol,0xff,USBDC_PORT_MAX);        
                      Result=USB_SUCCESS;
                    }
              
                    USB_PDevice[devinx].Hc.HID_EnumState = HID_ENUM_IDLE;
                    USB_PDevice[devinx].Hc.Control.State = CTRL_IDLE;
                  }
                  else
                  {
                    USB_PDevice[devinx].Hc.HID_EnumState = HID_ENUM_FAIL;
                  }
                }
                return Result;
              }
              */
              #endif
 494          
 495          /*----------------------------------------------------------------------------
 496           * CTRL_State USBHC_SCM_SetLedReport(U8_T devinx,U8_T td_id)
 497           * Purpose : Perform the set address operation of enumearation
 498           * Params  : none
 499           * Returns : none
 500           * Note    : none
 501           * ----------------------------------------------------------------------------*/
 502          RESULT USBHC_SCM_SetLedReport(U8_T devinx,U8_T td_id)
 503          {
 504   1        RESULT  Result=USB_ERROR;
 505   1        U8_T  len,start,inf,pageid;
 506   1      #if defined(HID_PARSER_CORE_KB) 
 507   1        ParserCore_Led_TypeDef *parserled;  
 508   1      #endif
 509   1        
 510   1        if (USB_PDevice[devinx].Hc.Control.State == CTRL_IDLE)
 511   1        {
 512   2          //what is the interface id?
 513   2          inf = (USB_PDevice[devinx].HID_Kb_Buf_InfEndp & 0xf0) >>4;
 514   2          inf = (0x01 << inf);
 515   2      #if defined(HID_PARSER_CORE_KB) 
 516   2          parserled = (ParserCore_Led_TypeDef *) USB_PDevice[devinx].HID_LED_Item;  
 517   2          pageid = parserled->Page_ID;
 518   2      #else
                  pageid = USB_PDevice[devinx].HID_Kb_ParserTable->Attr_PageID & HID_RPT_PAGEID_MASK;
              #endif      
 521   2          if ( pageid && ((USB_PDevice[devinx].Current_Protocol & inf) == 0x00)) //must not in boot protocol
 522   2          {
 523   3            start = 0;  
 524   3            len = 2;
 525   3            USB_PDevice[devinx].HID_Kb_LED_Value[0] = pageid;
 526   3          }
 527   2          else
C51 COMPILER V9.60.7.0   USBHC_HID                                                         06/18/2026 10:50:20 PAGE 10  

 528   2          {
 529   3            start = 1;
 530   3            len = 1;
 531   3          }
 532   2          USBHC_Classreq_SetReport(devinx,td_id,0x00,0x00,0x02,len,&USB_PDevice[devinx].HID_Kb_LED_Value[start]);
 533   2          Result=USB_BUSY;
 534   2        }
 535   1        else
 536   1        {
 537   2          if ((USB_PDevice[devinx].Hc.Control.State == CTRL_COMPLETE) || (USB_PDevice[devinx].Hc.Control.State == 
             -CTRL_STALLED))
 538   2          {
 539   3            Result=USB_SUCCESS;
 540   3          }
 541   2          USB_PDevice[devinx].Hc.Control.Buf = NULL; // clear the buffer pointer
 542   2        }
 543   1        return Result;
 544   1      }
 545          
 546          /*----------------------------------------------------------------------------
 547           * CTRL_State USBHC_SCM_SetUnifyingReport(U8_T devinx,U8_T td_id,U8_T mode)
 548           * Purpose : Perform the set address operation of enumearation
 549           * Params  : none
 550           * Returns : none
 551           * Note    : none
 552           * ----------------------------------------------------------------------------*/
 553          RESULT USBHC_SCM_SetUnifyingReport(U8_T devinx,U8_T td_id,U8_T mode)
 554          {
 555   1        RESULT  Result=USB_ERROR;
 556   1        U8_T  *buf;
 557   1        
 558   1        if (USB_PDevice[devinx].Hc.Control.State == CTRL_IDLE)
 559   1        {
 560   2          if (mode == UNIFYING_RPT_MODE_DJ)
 561   2          {
 562   3            buf = UNIFYING_Switch_DJ_Command;
 563   3          }
 564   2          else
 565   2          {
 566   3            buf = UNIFYING_Switch_HID_Command;
 567   3          }
 568   2          USBHC_Classreq_SetReport(devinx,td_id,0x02,0x20,0x02,15,buf);
 569   2          Result=USB_BUSY;
 570   2        }
 571   1        else
 572   1        {
 573   2          if ((USB_PDevice[devinx].Hc.Control.State == CTRL_COMPLETE) || (USB_PDevice[devinx].Hc.Control.State == 
             -CTRL_STALLED))
 574   2          {
 575   3            Result=USB_SUCCESS;
 576   3            USB_PDevice[devinx].DevAttr &= ~UNIFYING_CHANGE_MODE_MASK;
 577   3          }
 578   2          USB_PDevice[devinx].Hc.Control.Buf = NULL; // clear the buffer pointer
 579   2        }
 580   1        return Result;
 581   1      }
 582          
 583          /*----------------------------------------------------------------------------
 584           * RESULT USBHC_SCM_SetUnifyingHID(U8_T devinx,U8_T td_id,U8_T mode)
 585           * Purpose : Perform the set address operation of enumearation
 586           * Params  : none
 587           * Returns : none
C51 COMPILER V9.60.7.0   USBHC_HID                                                         06/18/2026 10:50:20 PAGE 11  

 588           * Note    : none
 589           * ----------------------------------------------------------------------------*/
 590          RESULT USBHC_SCM_SetUnifyingHID(U8_T devinx,U8_T td_id,U8_T mode)
 591          {
 592   1        RESULT  Result=USB_ERROR;
 593   1        U8_T  *buf;
 594   1        
 595   1        if (USB_PDevice[devinx].Hc.Control.State == CTRL_IDLE)
 596   1        {
 597   2          if (mode == UNIFYING_RPT_MODE_LONG)
 598   2          {
 599   3            buf = UNIFYING_Switch_HIDPP_Command;
 600   3          }
 601   2          else
 602   2          {
 603   3            buf = UNIFYING_Switch_HID0_Command;
 604   3          }
 605   2          buf[3] |= (USBDC_Device[devinx].Unifying_index & 0xf0) >> 4; //software id
 606   2          buf[1] = USBDC_Device[devinx].Unifying_index & 0x0f; //index
 607   2          USBHC_Classreq_SetReport(devinx,td_id,0x02,0x10,0x02,7,buf);
 608   2          Result=USB_BUSY;
 609   2        }
 610   1        else
 611   1        {
 612   2          if ((USB_PDevice[devinx].Hc.Control.State == CTRL_COMPLETE) || (USB_PDevice[devinx].Hc.Control.State == 
             -CTRL_STALLED))
 613   2          {
 614   3            Result=USB_SUCCESS;  
 615   3            USB_PDevice[devinx].DevAttr &= ~UNIFYING_CHANGE_HID_MASK;
 616   3          }
 617   2          USB_PDevice[devinx].Hc.Control.Buf = NULL; // clear the buffer pointer
 618   2        }
 619   1        return Result;
 620   1      }
 621          /*----------------------------------------------------------------------------
 622           * CTRL_State USBHC_SCM_SetProtocol(U8_T devinx,U8_T td_id,U8_T inf,U8_T mode)
 623           * Purpose : Perform the set address operation of enumearation
 624           * Params  : none
 625           * Returns : none
 626           * Note    : none
 627           * ----------------------------------------------------------------------------*/
 628          RESULT USBHC_SCM_SetProtocol(U8_T devinx,U8_T td_id,U8_T inf_id,U8_T mode)
 629          {
 630   1        RESULT  Result=USB_ERROR;
 631   1      
 632   1        if (USB_PDevice[devinx].Hc.Control.State == CTRL_IDLE)
 633   1        {
 634   2          USBHC_Classreq_SetProtocol(devinx,td_id,inf_id,mode);
 635   2          Result=USB_BUSY;
 636   2        }
 637   1        else
 638   1        {
 639   2          if ((USB_PDevice[devinx].Hc.Control.State == CTRL_COMPLETE) || (USB_PDevice[devinx].Hc.Control.State == 
             -CTRL_STALLED))
 640   2          {
 641   3            Result=USB_SUCCESS;
 642   3          }
 643   2        }
 644   1        return Result;
 645   1      }
 646          
 647          /* End of usbhc_hid.c */
C51 COMPILER V9.60.7.0   USBHC_HID                                                         06/18/2026 10:50:20 PAGE 12  

 648          
 649          


MODULE INFORMATION:   STATIC OVERLAYABLE
   CODE SIZE        =   3016    ----
   CONSTANT SIZE    =   ----    ----
   XDATA SIZE       =    338      54
   PDATA SIZE       =   ----    ----
   DATA SIZE        =   ----    ----
   IDATA SIZE       =   ----       3
   BIT SIZE         =   ----    ----
   EDATA SIZE       =   ----    ----
   HDATA SIZE       =   ----    ----
   XDATA CONST SIZE =   ----    ----
   FAR CONST SIZE   =   ----    ----
END OF MODULE INFORMATION.


C51 COMPILATION COMPLETE.  0 WARNING(S),  0 ERROR(S)
