C51 COMPILER V9.60.7.0   USBHC_REGS                                                        06/18/2026 10:50:19 PAGE 1   


C51 COMPILER V9.60.7.0, COMPILATION OF MODULE USBHC_REGS
OBJECT MODULE PLACED IN .\usbhc_regs.obj
COMPILER INVOKED BY: C:\Users\Administrator\AppData\Local\Keil_v5\C51\BIN\C51.EXE ..\Src\usbhc\usbhc_regs.c LARGE OMF2 R
                    -OM(D16M) OPTIMIZE(9,SIZE) BROWSE NOAREGS INCDIR(..\src\main\;..\src\cpu\;..\src\flash\;..\src\uart\;..\src\swdma\;..\src
                    -\mstimer\;..\src\i2c\;..\src\spi\;..\src\task_man\;..\src\project\;..\Src\ps2_host;..\Src\console_edid;..\Src\storage;..
                    -\Src\data_stream;..\Src\kvm_control\kvm_hotkey;..\Src\kvm_control\kvm_console;..\Src\kvm_control\kvm_button;..\Src\kvm_c
                    -ontrol\kvm_edid;..\Src\kvm_control\kvm_buzzer;..\src\gpio\;..\Src\hardware_ps2;..\Src\usbdc;..\Src\usbdc\usbdc_virtual;.
                    -.\Src\usb_std;..\Src\usbhc;..\Src\kvm_control\power_saving;..\Src\usbhc\MSC;..\Src\usbhc\AUDIO;..\Src\usbhc\HUB;..\Src\u
                    -sbhc\HID;..\Src\usbhc\HID_PARSER;..\Src\usbhc\ROOT_HUB;..\Src\usbdc\usbdc_hub;..\Src\usbdc\usbdc_hid;..\Src\kvm_control\
                    -kvm_storage\spi_flash;..\Src\usbdc\usbdc_msc\usb_scsi;..\Src\usbdc\usbdc_msc;..\Src\handler\logitech;..\Src\handler\A4_T
                    -ech;..\Src\usbdc\usbdc_vendor;..\Src\hsur;..\Src\extender\core;..\Src\extender\receiver;..\Src\uart_console;..\Src\kvm_c
                    -ontrol\km_sync;..\Src\hsur;..\Src\kvm_control\km_log;..\Src\kvm_control\km_api;..\Src\kvm_control\kvm_ir;..\Src\kvm_cont
                    -rol\kvm_rtc;..\Src\i2c;..\Src\kvm_control\kvm_multiview) STRING(FAR) DEFINE(RuntimeCodeAt0KH,MCU_TYPE_AX68004,KVM,HC_TIM
                    -EOUT=10000,VHID,HID_PARSER_CORE_KB,HID_PARSER_CORE_MS,API,NO_AUDIO,NO_MSC,NO_EDID,HUART_BAUD=HUART_115K,SYNC,CROSS_JUMP_
                    -MAP0,VPID_CHANGER,SYNC_KB_HOTKEY,SYNC_MS_HOTKEY,REPEAT_MODE=1,HSUART,MULTIVIEW) VARBANKING DEBUG PRINT(.\usbhc_regs.lst)
                    - TABS(2) OBJECT(.\usbhc_regs.obj)

line level    source

   1          /*
   2           *********************************************************************************
   3           *     Copyright (c) 2014   ASIX Electronic Corporation      All rights reserved.
   4           *
   5           *     This is unpublished proprietary source code of ASIX Electronic Corporation
   6           *
   7           *     The copyright notice above does not evidence any actual or intended
   8           *     publication of such source code.
   9           *********************************************************************************
  10           */
  11          /*================================================================================
  12           * Module Name : usbhc_regs.c
  13           * Purpose     :
  14           * Author      : Jack Wang
  15           * Date        :
  16           * Notes       :
  17           * no message
  18           *
  19           *================================================================================
  20           */
  21          
  22          /* INCLUDE FILE DECLARATIONS */
  23          #include  <string.h>
  24          #include  <stdio.h>
  25          #include  <stdlib.h>
  26          #include  "project_include.h"
  27          
  28          /* STATIC VARIABLE DECLARATIONS */ 
  29          /* LOCAL SUBPROGRAM DECLARATIONS */
  30          /* LOCAL SUBPROGRAM BODIES */
  31           
  32          /************************************************************************************************
  33          * Function Name  : USBHC_Write_Regs(U8_T hccir,U8_T *hcdr,U8_T len)
  34          * Description    : Write Regs
  35          * Input          : None.
  36          * Output         : None.
  37          * Return         : None.
  38          *************************************************************************************************/
  39          void USBHC_Write_Regs(U8_T hccir,U8_T *hcdr,U8_T len)
  40          {
  41   1        U8_T index;
  42   1        U8_T int2_bk;
C51 COMPILER V9.60.7.0   USBHC_REGS                                                        06/18/2026 10:50:19 PAGE 2   

  43   1      
  44   1        int2_bk = EINT2;
  45   1        EXTINT2_DISABLE;
  46   1      #if (SYSTEM_USBAUDIO_DEVICE_SUPPORT)
                EXTINT3_DISABLE;
              #endif //#if (SYSTEM_USBAUDIO_DEVICE_SUPPORT)
  49   1        for (index=0; index < len ;index++)
  50   1        {
  51   2          _USBHC_HCDR_SFR(hcdr[index]);
  52   2        }
  53   1        _USBHC_HCCIR_SFR(hccir);
  54   1      #if (SYSTEM_USBAUDIO_DEVICE_SUPPORT)
                EXTINT3_ENABLE;
              #endif
  57   1        EINT2 = int2_bk;
  58   1      }
  59          
  60          #if (USBHC_INIT_DEBUG_MODE)
              /************************************************************************************************
              * Function Name  : USBHC_Read_Regs(U8_T hccir,U8_T *hcdr,U8_T len)
              * Description    : Read Regs
              * Input          : None.
              * Output         : None.
              * Return         : None.
              *************************************************************************************************/
              void USBHC_Read_Regs(U8_T hccir,U8_T *hcdr,U8_T len)
              {
                U8_T  index;
                U8_T  int2_bk;
              
                int2_bk = EINT2;
                EXTINT2_DISABLE;
              #if (SYSTEM_USBAUDIO_DEVICE_SUPPORT)
                EXTINT3_DISABLE; /* disable USBDC interrupt */
              #endif //#if (SYSTEM_USBAUDIO_DEVICE_SUPPORT)
                _USBHC_HCCIR_SFR(hccir);
                for (index=0; index < len ;index++)
                {
                  _USBHC_HCDR_READ_SFR(hcdr[index]);
                }
                EINT2 = int2_bk;
              #if (SYSTEM_USBAUDIO_DEVICE_SUPPORT)
                EXTINT3_ENABLE;
              #endif //#if (SYSTEM_USBAUDIO_DEVICE_SUPPORT)
              }
              
              #if (USBHC_INIT_DEBUG_MODE)
              /************************************************************************************************
              * Function Name  : USBHC_Reg_Dump(U8_T hccir,U8_T len)
              * Description    : Read Regs
              * Input          : None.
              * Output         : None.
              * Return         : None.
              *************************************************************************************************/
              void USBHC_Reg_Dump(U8_T hccir,U8_T length)
              {
                U8_T  content[16],index;
              
                USBHC_Read_Regs(hccir,content,length);
                printf("HC_DUMP,Reg(0x%02x)=[",(U16_T)hccir);
                for (index=0; index < length ; index++)
                {
C51 COMPILER V9.60.7.0   USBHC_REGS                                                        06/18/2026 10:50:19 PAGE 3   

                  if (index <(length-1))
                    printf("%02x ",(U16_T)content[index]);
                  else
                    printf("%02x]\n\r",(U16_T)content[index]);
                }
              }
              #endif /* #if (USBHC_INIT_DEBUG_MODE) */
              #endif
 113          
 114          /* End of usbhc_regs.c */
 115          
 116          


MODULE INFORMATION:   STATIC OVERLAYABLE
   CODE SIZE        =     62    ----
   CONSTANT SIZE    =   ----    ----
   XDATA SIZE       =   ----       5
   PDATA SIZE       =   ----    ----
   DATA SIZE        =   ----    ----
   IDATA SIZE       =   ----    ----
   BIT SIZE         =   ----    ----
   EDATA SIZE       =   ----    ----
   HDATA SIZE       =   ----    ----
   XDATA CONST SIZE =   ----    ----
   FAR CONST SIZE   =   ----    ----
END OF MODULE INFORMATION.


C51 COMPILATION COMPLETE.  0 WARNING(S),  0 ERROR(S)
